<html>
<body>
<pre>
<h1>µVision Build Log</h1>
<h2>Project:</h2>
C:\Users\LC\Desktop\STM32F103ZºËÐÄ°åÅäÌ××ÊÁÏ\ÑùÀý³ÌÐò\¿âÒÆÖ²ÑùÀý\stm32 test\Project\1-led test\MDK-ARM\Project.uvproj
Project File Date:  09/28/2013

<h2>Output:</h2>
Build target 'STM3210E-EVAL'
compiling stm32f10x_it.c...
compiling main.c...
..\main.c(70): warning:  #69-D: integer conversion resulted in truncation
..\main.c:     GPIO_InitStructure.GPIO_Pin = 0XFFFFFFFF;
..\main.c:                                   ^
..\main.c(90): warning:  #69-D: integer conversion resulted in truncation
..\main.c:      GPIO_Write(GPIOA,0xFFFFFFFF);
..\main.c:                       ^
..\main.c(91): warning:  #69-D: integer conversion resulted in truncation
..\main.c:      GPIO_Write(GPIOB,0xFFFFFFFF);
..\main.c:                       ^
..\main.c(92): warning:  #69-D: integer conversion resulted in truncation
..\main.c:      GPIO_Write(GPIOC,0xFFFFFFFF);
..\main.c:                       ^
..\main.c(93): warning:  #69-D: integer conversion resulted in truncation
..\main.c:      GPIO_Write(GPIOD,0xFFFFFFFF);
..\main.c:                       ^
..\main.c(94): warning:  #69-D: integer conversion resulted in truncation
..\main.c:      GPIO_Write(GPIOE,0xFFFFFFFF);
..\main.c:                       ^
..\main.c(95): warning:  #69-D: integer conversion resulted in truncation
..\main.c:      GPIO_Write(GPIOF,0xFFFFFFFF);
..\main.c:                       ^
..\main.c(96): warning:  #69-D: integer conversion resulted in truncation
..\main.c:      GPIO_Write(GPIOG,0xFFFFFFFF);
..\main.c:                       ^
..\main.c: ..\main.c: 8 warnings, 0 errors
compiling stm32f10x_rcc.c...
compiling stm32f10x_gpio.c...
compiling misc.c...
compiling stm32f10x_exti.c...
compiling stm32f10x_spi.c...
compiling stm32f10x_fsmc.c...
compiling stm32f10x_usart.c...
compiling stm32f10x_sdio.c...
compiling stm32f10x_dma.c...
compiling stm32f10x_i2c.c...
compiling stm32f10x_adc.c...
compiling stm32f10x_bkp.c...
compiling stm32f10x_can.c...
compiling stm32f10x_cec.c...
compiling stm32f10x_crc.c...
compiling stm32f10x_dac.c...
compiling stm32f10x_dbgmcu.c...
compiling stm32f10x_flash.c...
compiling stm32f10x_iwdg.c...
compiling stm32f10x_pwr.c...
compiling stm32f10x_rtc.c...
compiling stm32f10x_tim.c...
compiling stm32f10x_wwdg.c...
compiling core_cm3.c...
compiling system_stm32f10x.c...
compiling stm32_eval.c...
compiling stm32_eval_i2c_tsensor.c...
compiling stm32_eval_sdio_sd.c...
compiling stm32_eval_spi_flash.c...
compiling stm3210e_eval_lcd.c...
compiling stm3210e_eval_fsmc_sram.c...
compiling stm3210e_eval_fsmc_nand.c...
compiling stm3210e_eval_fsmc_nor.c...
assembling startup_stm32f10x_hd.s...
linking...
Program Size: Code=880 RO-data=336 RW-data=4 ZI-data=1028  
FromELF: creating hex file...
".\STM3210E-EVAL\STM3210E-EVAL.axf" - 0 Error(s), 8 Warning(s).
