<html>
<body>
<pre>
<h1>礦ision Build Log</h1>
<h2>Project:</h2>
E:\王俊平资料\开发板CD盘\Alientek资料-V1.8B-2\ALIENTEK MiniSTM32开发板例程(库函数版本)\使用库函数版本\标准例程\ALIENTEK MINISTM32 实验2 按键输入(库)\KEY.uvproj
Project File Date:  12/05/2010

<h2>Output:</h2>
Build target 'FLASH'
compiling core_cm3.c...
compiling system_stm32f10x.c...
assembling startup_stm32f10x_cl.s...
compiling main.c...
compiling stm32f10x_it.c...
compiling eval.c...
compiling SysTickDelay.c...
compiling UART_INTERFACE.c...
compiling misc.c...
compiling stm32f10x_exti.c...
compiling stm32f10x_gpio.c...
compiling stm32f10x_rcc.c...
compiling stm32f10x_usart.c...
linking...
Program Size: Code=2100 RO-data=468 RW-data=44 ZI-data=1028  
FromELF: creating hex file...
".\Obj\KEY.axf" - 0 Error(s), 0 Warning(s).
Build target 'FLASH'
compiling core_cm3.c...
compiling system_stm32f10x.c...
assembling startup_stm32f10x_cl.s...
compiling main.c...
compiling stm32f10x_it.c...
compiling eval.c...
compiling SysTickDelay.c...
compiling UART_INTERFACE.c...
compiling misc.c...
compiling stm32f10x_exti.c...
compiling stm32f10x_gpio.c...
compiling stm32f10x_rcc.c...
compiling stm32f10x_usart.c...
linking...
Program Size: Code=2100 RO-data=468 RW-data=44 ZI-data=1028  
FromELF: creating hex file...
".\Obj\KEY.axf" - 0 Error(s), 0 Warning(s).
