<html>
<body>
<pre>
<h1>礦ision Build Log</h1>
<h2>Project:</h2>
X:\cp产品电路+PCB\1.生产中板子\1.Core-Board\MiniStm32开发板\DM9000  TFT转接板V5.0 120320\陆航MiniSTM32 V1.0 初级 (库函数)\project模版\Project_uV4.uvproj
Project File Date:  04/14/2013

<h2>Output:</h2>
Build target 'Target 1'
compiling main.c...
compiling stm32f10x_it.c...
compiling misc.c...
compiling stm32f10x_adc.c...
compiling stm32f10x_bkp.c...
compiling stm32f10x_can.c...
compiling stm32f10x_cec.c...
compiling stm32f10x_crc.c...
compiling stm32f10x_dac.c...
compiling stm32f10x_dbgmcu.c...
compiling stm32f10x_dma.c...
compiling stm32f10x_exti.c...
compiling stm32f10x_flash.c...
compiling stm32f10x_fsmc.c...
compiling stm32f10x_gpio.c...
compiling stm32f10x_i2c.c...
compiling stm32f10x_iwdg.c...
compiling stm32f10x_pwr.c...
compiling stm32f10x_rcc.c...
compiling stm32f10x_rtc.c...
compiling stm32f10x_sdio.c...
compiling stm32f10x_spi.c...
compiling stm32f10x_tim.c...
compiling stm32f10x_usart.c...
compiling stm32f10x_wwdg.c...
compiling core_cm3.c...
compiling system_stm32f10x.c...
assembling startup_stm32f10x_md.s...
linking...
Program Size: Code=868 RO-data=268 RW-data=20 ZI-data=1636  
".\Output\Obj\Project_uV4.axf" - 0 Error(s), 0 Warning(s).
