ARM Linker, RVCT4.0 [Build 728] [Standard]

==============================================================================

Section Cross References

    main.o(i.USART_Configuration) refers to stm32f10x_rcc.o(i.RCC_APB2PeriphClockCmd) for RCC_APB2PeriphClockCmd
    main.o(i.USART_Configuration) refers to stm32f10x_gpio.o(i.GPIO_Init) for GPIO_Init
    main.o(i.USART_Configuration) refers to stm32f10x_usart.o(i.USART_Init) for USART_Init
    main.o(i.USART_Configuration) refers to stm32f10x_usart.o(i.USART_ITConfig) for USART_ITConfig
    main.o(i.USART_Configuration) refers to stm32f10x_usart.o(i.USART_Cmd) for USART_Cmd
    main.o(i.USART_OUT) refers to stm32f10x_usart.o(i.USART_SendData) for USART_SendData
    main.o(i.USART_OUT) refers to stm32f10x_usart.o(i.USART_GetFlagStatus) for USART_GetFlagStatus
    main.o(i.main) refers to stm32f10x_rcc.o(i.RCC_APB2PeriphClockCmd) for RCC_APB2PeriphClockCmd
    main.o(i.main) refers to stm32f10x_gpio.o(i.GPIO_Init) for GPIO_Init
    main.o(i.main) refers to stm32f10x_gpio.o(i.GPIO_SetBits) for GPIO_SetBits
    main.o(i.main) refers to main.o(i.USART_Configuration) for USART_Configuration
    main.o(i.main) refers to ir01f_ic_ driver.o(i.IR01F_Init_Cfg) for IR01F_Init_Cfg
    main.o(i.main) refers to stm32f10x_gpio.o(i.GPIO_ReadInputDataBit) for GPIO_ReadInputDataBit
    main.o(i.main) refers to main.o(i.ID_Delay_ms) for ID_Delay_ms
    main.o(i.main) refers to ir01f_ic_ driver.o(i.IR_Learn_Start) for IR_Learn_Start
    main.o(i.main) refers to ir01f_ic_ driver.o(i.GetBUSYStatus) for GetBUSYStatus
    main.o(i.main) refers to ir01f_ic_ data_inout _driver.o(i.Get_Learn_Data) for Get_Learn_Data
    main.o(i.main) refers to main.o(i.USART_OUT) for USART_OUT
    main.o(i.main) refers to ir01f_ic_ driver.o(i.Send_IR_Data) for Send_IR_Data
    main.o(i.main) refers to main.o(.data) for MODE_Flag
    main.o(i.main) refers to main.o(.bss) for data_out
    system_stm32f10x.o(i.SetSysClock) refers to system_stm32f10x.o(i.SetSysClockTo72) for SetSysClockTo72
    system_stm32f10x.o(i.SystemCoreClockUpdate) refers to system_stm32f10x.o(.data) for SystemCoreClock
    system_stm32f10x.o(i.SystemInit) refers to system_stm32f10x.o(i.SetSysClock) for SetSysClock
    startup_stm32f10x_hd.o(RESET) refers to startup_stm32f10x_hd.o(STACK) for __initial_sp
    startup_stm32f10x_hd.o(RESET) refers to startup_stm32f10x_hd.o(.text) for Reset_Handler
    startup_stm32f10x_hd.o(RESET) refers to stm32f10x_it.o(i.NMI_Handler) for NMI_Handler
    startup_stm32f10x_hd.o(RESET) refers to stm32f10x_it.o(i.HardFault_Handler) for HardFault_Handler
    startup_stm32f10x_hd.o(RESET) refers to stm32f10x_it.o(i.MemManage_Handler) for MemManage_Handler
    startup_stm32f10x_hd.o(RESET) refers to stm32f10x_it.o(i.BusFault_Handler) for BusFault_Handler
    startup_stm32f10x_hd.o(RESET) refers to stm32f10x_it.o(i.UsageFault_Handler) for UsageFault_Handler
    startup_stm32f10x_hd.o(RESET) refers to stm32f10x_it.o(i.SVC_Handler) for SVC_Handler
    startup_stm32f10x_hd.o(RESET) refers to stm32f10x_it.o(i.DebugMon_Handler) for DebugMon_Handler
    startup_stm32f10x_hd.o(RESET) refers to stm32f10x_it.o(i.PendSV_Handler) for PendSV_Handler
    startup_stm32f10x_hd.o(RESET) refers to stm32f10x_it.o(i.SysTick_Handler) for SysTick_Handler
    startup_stm32f10x_hd.o(RESET) refers to stm32f10x_it.o(i.EXTI1_IRQHandler) for EXTI1_IRQHandler
    startup_stm32f10x_hd.o(RESET) refers to stm32f10x_it.o(i.USB_HP_CAN1_TX_IRQHandler) for USB_HP_CAN1_TX_IRQHandler
    startup_stm32f10x_hd.o(RESET) refers to stm32f10x_it.o(i.USB_LP_CAN1_RX0_IRQHandler) for USB_LP_CAN1_RX0_IRQHandler
    startup_stm32f10x_hd.o(RESET) refers to stm32f10x_it.o(i.SDIO_IRQHandler) for SDIO_IRQHandler
    startup_stm32f10x_hd.o(.text) refers to system_stm32f10x.o(i.SystemInit) for SystemInit
    startup_stm32f10x_hd.o(.text) refers to entry.o(.ARM.Collect$$$$00000000) for __main
    ir01f_ic_ data_inout _driver.o(i.All_Send_Data_Right_Move) refers to ir01f_ic_ data_inout _driver.o(.data) for cntx
    ir01f_ic_ data_inout _driver.o(i.Get_Learn_Data) refers to ir01f_ic_ data_inout _driver.o(i.get_remote_study_data) for get_remote_study_data
    ir01f_ic_ data_inout _driver.o(i.Get_Learn_Data) refers to ir01f_ic_ data_inout _driver.o(i.send_remote_study_data) for send_remote_study_data
    ir01f_ic_ data_inout _driver.o(i.Get_Learn_Data) refers to ir01f_ic_ data_inout _driver.o(.bss) for g_i2c_cmd_buffer
    ir01f_ic_ data_inout _driver.o(i.JudgeToggleBit) refers to ir01f_ic_ data_inout _driver.o(i.acmpbandc) for acmpbandc
    ir01f_ic_ data_inout _driver.o(i.JudgeToggleBit) refers to ir01f_ic_ data_inout _driver.o(.constdata) for code_format
    ir01f_ic_ data_inout _driver.o(i.JudgeToggleBit) refers to ir01f_ic_ data_inout _driver.o(.data) for cntx
    ir01f_ic_ data_inout _driver.o(i.Reload_Data_Buff) refers to ir01f_ic_ data_inout _driver.o(.data) for cntx
    ir01f_ic_ data_inout _driver.o(i.Some_Data_Right_Move1) refers to ir01f_ic_ data_inout _driver.o(.data) for cntx
    ir01f_ic_ data_inout _driver.o(i.changetogglebit) refers to ir01f_ic_ data_inout _driver.o(i.cmpaequbtog) for cmpaequbtog
    ir01f_ic_ data_inout _driver.o(i.changetogglebit) refers to ir01f_ic_ data_inout _driver.o(i.Some_Data_Right_Move1) for Some_Data_Right_Move1
    ir01f_ic_ data_inout _driver.o(i.changetogglebit) refers to ir01f_ic_ data_inout _driver.o(i.acmpbandc) for acmpbandc
    ir01f_ic_ data_inout _driver.o(i.changetogglebit) refers to ir01f_ic_ data_inout _driver.o(.constdata) for ToggleBit_Place
    ir01f_ic_ data_inout _driver.o(i.changetogglebit) refers to ir01f_ic_ data_inout _driver.o(.data) for cntx
    ir01f_ic_ data_inout _driver.o(i.changetogglebit) refers to ir01f_ic_ data_inout _driver.o(i.All_Send_Data_Right_Move) for All_Send_Data_Right_Move
    ir01f_ic_ data_inout _driver.o(i.changetogglebit) refers to ir01f_ic_ data_inout _driver.o(i.Reload_Data_Buff) for Reload_Data_Buff
    ir01f_ic_ data_inout _driver.o(i.compdata) refers to ir01f_ic_ data_inout _driver.o(i.Modifywave) for Modifywave
    ir01f_ic_ data_inout _driver.o(i.compdata) refers to ir01f_ic_ data_inout _driver.o(i.delfeng) for delfeng
    ir01f_ic_ data_inout _driver.o(i.compdata) refers to ir01f_ic_ data_inout _driver.o(i.modifywavem708) for modifywavem708
    ir01f_ic_ data_inout _driver.o(i.compdata) refers to ir01f_ic_ data_inout _driver.o(i.getfigure) for getfigure
    ir01f_ic_ data_inout _driver.o(i.get_remote_study_data) refers to ir01f_ic_ driver.o(i.readI2C) for readI2C
    ir01f_ic_ data_inout _driver.o(i.get_remote_study_data) refers to ir01f_ic_ data_inout _driver.o(i.compdata) for compdata
    ir01f_ic_ data_inout _driver.o(i.getfigure) refers to ir01f_ic_ data_inout _driver.o(i.judgesame) for judgesame
    ir01f_ic_ data_inout _driver.o(i.judgesame) refers to ir01f_ic_ data_inout _driver.o(i.cmpdata) for cmpdata
    ir01f_ic_ data_inout _driver.o(i.keytogglebit) refers to ir01f_ic_ data_inout _driver.o(i.JudgeToggleBit) for JudgeToggleBit
    ir01f_ic_ data_inout _driver.o(i.keytogglebit) refers to ir01f_ic_ data_inout _driver.o(i.changetogglebit) for changetogglebit
    ir01f_ic_ data_inout _driver.o(i.send_remote_study_data) refers to ir01f_ic_ data_inout _driver.o(i.keytogglebit) for keytogglebit
    ir01f_ic_ data_inout _driver.o(i.send_remote_study_data) refers to ir01f_ic_ data_inout _driver.o(.data) for g_toggle_bit
    ir01f_ic_ data_inout _driver.o(i.send_remote_study_data) refers to ir01f_ic_ data_inout _driver.o(.bss) for g_i2c_cmd_buffer
    ir01f_ic_ driver.o(i.GetACKSign) refers to ir01f_ic_ driver.o(i.SetSDAInput) for SetSDAInput
    ir01f_ic_ driver.o(i.GetACKSign) refers to ir01f_ic_ driver.o(i.DelayTime) for DelayTime
    ir01f_ic_ driver.o(i.GetACKSign) refers to ir01f_ic_ driver.o(i.SetSCLHigh) for SetSCLHigh
    ir01f_ic_ driver.o(i.GetACKSign) refers to ir01f_ic_ driver.o(i.GetDINStatus) for GetDINStatus
    ir01f_ic_ driver.o(i.GetACKSign) refers to ir01f_ic_ driver.o(i.SetSCLLow) for SetSCLLow
    ir01f_ic_ driver.o(i.GetACKStatus) refers to stm32f10x_gpio.o(i.GPIO_ReadInputDataBit) for GPIO_ReadInputDataBit
    ir01f_ic_ driver.o(i.GetBUSYStatus) refers to stm32f10x_gpio.o(i.GPIO_ReadInputDataBit) for GPIO_ReadInputDataBit
    ir01f_ic_ driver.o(i.GetDINStatus) refers to stm32f10x_gpio.o(i.GPIO_ReadInputDataBit) for GPIO_ReadInputDataBit
    ir01f_ic_ driver.o(i.I2CClose) refers to ir01f_ic_ driver.o(i.SetSDAOutput) for SetSDAOutput
    ir01f_ic_ driver.o(i.I2CClose) refers to ir01f_ic_ driver.o(i.SetSCLOutput) for SetSCLOutput
    ir01f_ic_ driver.o(i.I2CClose) refers to ir01f_ic_ driver.o(i.SetSCLHigh) for SetSCLHigh
    ir01f_ic_ driver.o(i.I2CClose) refers to ir01f_ic_ driver.o(i.SetSDAHigh) for SetSDAHigh
    ir01f_ic_ driver.o(i.I2COpen) refers to ir01f_ic_ driver.o(i.Set_SDA_IO) for Set_SDA_IO
    ir01f_ic_ driver.o(i.I2COpen) refers to ir01f_ic_ driver.o(i.Set_SCL_IO) for Set_SCL_IO
    ir01f_ic_ driver.o(i.I2COpen) refers to ir01f_ic_ driver.o(i.SetSDAOutput) for SetSDAOutput
    ir01f_ic_ driver.o(i.I2COpen) refers to ir01f_ic_ driver.o(i.SetSCLOutput) for SetSCLOutput
    ir01f_ic_ driver.o(i.I2COpen) refers to ir01f_ic_ driver.o(i.SetSCLHigh) for SetSCLHigh
    ir01f_ic_ driver.o(i.I2COpen) refers to ir01f_ic_ driver.o(i.SetSDAHigh) for SetSDAHigh
    ir01f_ic_ driver.o(i.I2CReadData) refers to ir01f_ic_ driver.o(i.SetSDAInput) for SetSDAInput
    ir01f_ic_ driver.o(i.I2CReadData) refers to ir01f_ic_ driver.o(i.SetSCLHigh) for SetSCLHigh
    ir01f_ic_ driver.o(i.I2CReadData) refers to ir01f_ic_ driver.o(i.DelayTime) for DelayTime
    ir01f_ic_ driver.o(i.I2CReadData) refers to ir01f_ic_ driver.o(i.GetDINStatus) for GetDINStatus
    ir01f_ic_ driver.o(i.I2CReadData) refers to ir01f_ic_ driver.o(i.SetSCLLow) for SetSCLLow
    ir01f_ic_ driver.o(i.I2CReadData) refers to ir01f_ic_ driver.o(i.SendACKSign) for SendACKSign
    ir01f_ic_ driver.o(i.I2CStart) refers to ir01f_ic_ driver.o(i.SetSDAOutput) for SetSDAOutput
    ir01f_ic_ driver.o(i.I2CStart) refers to ir01f_ic_ driver.o(i.SetSCLOutput) for SetSCLOutput
    ir01f_ic_ driver.o(i.I2CStart) refers to ir01f_ic_ driver.o(i.SetSCLHigh) for SetSCLHigh
    ir01f_ic_ driver.o(i.I2CStart) refers to ir01f_ic_ driver.o(i.SetSDAHigh) for SetSDAHigh
    ir01f_ic_ driver.o(i.I2CStart) refers to ir01f_ic_ driver.o(i.DelayTime) for DelayTime
    ir01f_ic_ driver.o(i.I2CStart) refers to ir01f_ic_ driver.o(i.SetSDALow) for SetSDALow
    ir01f_ic_ driver.o(i.I2CStart) refers to ir01f_ic_ driver.o(i.SetSCLLow) for SetSCLLow
    ir01f_ic_ driver.o(i.I2CStop) refers to ir01f_ic_ driver.o(i.SetSDAOutput) for SetSDAOutput
    ir01f_ic_ driver.o(i.I2CStop) refers to ir01f_ic_ driver.o(i.SetSCLOutput) for SetSCLOutput
    ir01f_ic_ driver.o(i.I2CStop) refers to ir01f_ic_ driver.o(i.SetSCLLow) for SetSCLLow
    ir01f_ic_ driver.o(i.I2CStop) refers to ir01f_ic_ driver.o(i.SetSDALow) for SetSDALow
    ir01f_ic_ driver.o(i.I2CStop) refers to ir01f_ic_ driver.o(i.DelayTime) for DelayTime
    ir01f_ic_ driver.o(i.I2CStop) refers to ir01f_ic_ driver.o(i.SetSCLHigh) for SetSCLHigh
    ir01f_ic_ driver.o(i.I2CStop) refers to ir01f_ic_ driver.o(i.SetSDAHigh) for SetSDAHigh
    ir01f_ic_ driver.o(i.I2CWriteData) refers to ir01f_ic_ driver.o(i.SetSDAOutput) for SetSDAOutput
    ir01f_ic_ driver.o(i.I2CWriteData) refers to ir01f_ic_ driver.o(i.SetSCLLow) for SetSCLLow
    ir01f_ic_ driver.o(i.I2CWriteData) refers to ir01f_ic_ driver.o(i.DelayTime) for DelayTime
    ir01f_ic_ driver.o(i.I2CWriteData) refers to ir01f_ic_ driver.o(i.SetSDAHigh) for SetSDAHigh
    ir01f_ic_ driver.o(i.I2CWriteData) refers to ir01f_ic_ driver.o(i.SetSDALow) for SetSDALow
    ir01f_ic_ driver.o(i.I2CWriteData) refers to ir01f_ic_ driver.o(i.SetSCLHigh) for SetSCLHigh
    ir01f_ic_ driver.o(i.I2CWriteData) refers to ir01f_ic_ driver.o(i.GetACKSign) for GetACKSign
    ir01f_ic_ driver.o(i.IR01F_Init_Cfg) refers to ir01f_ic_ driver.o(i.Set_SDA_IO) for Set_SDA_IO
    ir01f_ic_ driver.o(i.IR01F_Init_Cfg) refers to ir01f_ic_ driver.o(i.SetSDAHigh) for SetSDAHigh
    ir01f_ic_ driver.o(i.IR01F_Init_Cfg) refers to ir01f_ic_ driver.o(i.SetSDAOutput) for SetSDAOutput
    ir01f_ic_ driver.o(i.IR01F_Init_Cfg) refers to ir01f_ic_ driver.o(i.Set_SCL_IO) for Set_SCL_IO
    ir01f_ic_ driver.o(i.IR01F_Init_Cfg) refers to ir01f_ic_ driver.o(i.SetSCLHigh) for SetSCLHigh
    ir01f_ic_ driver.o(i.IR01F_Init_Cfg) refers to ir01f_ic_ driver.o(i.SetSCLOutput) for SetSCLOutput
    ir01f_ic_ driver.o(i.IR01F_Init_Cfg) refers to ir01f_ic_ driver.o(i.Set_BUSY_IO) for Set_BUSY_IO
    ir01f_ic_ driver.o(i.IR01F_Init_Cfg) refers to ir01f_ic_ driver.o(i.SetBUSYInput) for SetBUSYInput
    ir01f_ic_ driver.o(i.IR_Learn_Start) refers to ir01f_ic_ driver.o(i.I2COpen) for I2COpen
    ir01f_ic_ driver.o(i.IR_Learn_Start) refers to ir01f_ic_ driver.o(i.DelayTime) for DelayTime
    ir01f_ic_ driver.o(i.IR_Learn_Start) refers to ir01f_ic_ driver.o(i.SetSCLLow) for SetSCLLow
    ir01f_ic_ driver.o(i.IR_Learn_Start) refers to ir01f_ic_ driver.o(i.SetSCLHigh) for SetSCLHigh
    ir01f_ic_ driver.o(i.IR_Learn_Start) refers to ir01f_ic_ driver.o(i.RemoteDelayms) for RemoteDelayms
    ir01f_ic_ driver.o(i.IR_Learn_Start) refers to ir01f_ic_ driver.o(i.I2CStart) for I2CStart
    ir01f_ic_ driver.o(i.IR_Learn_Start) refers to ir01f_ic_ driver.o(i.I2CWriteData) for I2CWriteData
    ir01f_ic_ driver.o(i.IR_Learn_Start) refers to ir01f_ic_ driver.o(i.I2CStop) for I2CStop
    ir01f_ic_ driver.o(i.IR_Learn_Start) refers to ir01f_ic_ driver.o(i.I2CClose) for I2CClose
    ir01f_ic_ driver.o(i.SendACKSign) refers to ir01f_ic_ driver.o(i.SetSDAOutput) for SetSDAOutput
    ir01f_ic_ driver.o(i.SendACKSign) refers to ir01f_ic_ driver.o(i.DelayTime) for DelayTime
    ir01f_ic_ driver.o(i.SendACKSign) refers to ir01f_ic_ driver.o(i.SetSDALow) for SetSDALow
    ir01f_ic_ driver.o(i.SendACKSign) refers to ir01f_ic_ driver.o(i.SetSCLHigh) for SetSCLHigh
    ir01f_ic_ driver.o(i.SendACKSign) refers to ir01f_ic_ driver.o(i.SetSCLLow) for SetSCLLow
    ir01f_ic_ driver.o(i.Send_IR_Data) refers to ir01f_ic_ driver.o(i.I2COpen) for I2COpen
    ir01f_ic_ driver.o(i.Send_IR_Data) refers to ir01f_ic_ driver.o(i.DelayTime) for DelayTime
    ir01f_ic_ driver.o(i.Send_IR_Data) refers to ir01f_ic_ driver.o(i.SetSCLLow) for SetSCLLow
    ir01f_ic_ driver.o(i.Send_IR_Data) refers to ir01f_ic_ driver.o(i.SetSCLHigh) for SetSCLHigh
    ir01f_ic_ driver.o(i.Send_IR_Data) refers to ir01f_ic_ driver.o(i.RemoteDelayms) for RemoteDelayms
    ir01f_ic_ driver.o(i.Send_IR_Data) refers to ir01f_ic_ driver.o(i.I2CStart) for I2CStart
    ir01f_ic_ driver.o(i.Send_IR_Data) refers to ir01f_ic_ driver.o(i.I2CWriteData) for I2CWriteData
    ir01f_ic_ driver.o(i.Send_IR_Data) refers to ir01f_ic_ driver.o(i.I2CStop) for I2CStop
    ir01f_ic_ driver.o(i.Send_IR_Data) refers to ir01f_ic_ driver.o(i.I2CClose) for I2CClose
    ir01f_ic_ driver.o(i.SetBUSYHigh) refers to stm32f10x_gpio.o(i.GPIO_SetBits) for GPIO_SetBits
    ir01f_ic_ driver.o(i.SetBUSYInput) refers to stm32f10x_gpio.o(i.GPIO_Init) for GPIO_Init
    ir01f_ic_ driver.o(i.SetBUSYInput) refers to ir01f_ic_ driver.o(.data) for GPIO_InitStructure
    ir01f_ic_ driver.o(i.SetBUSYLow) refers to stm32f10x_gpio.o(i.GPIO_ResetBits) for GPIO_ResetBits
    ir01f_ic_ driver.o(i.SetBUSYOutput) refers to stm32f10x_gpio.o(i.GPIO_Init) for GPIO_Init
    ir01f_ic_ driver.o(i.SetBUSYOutput) refers to ir01f_ic_ driver.o(.data) for GPIO_InitStructure
    ir01f_ic_ driver.o(i.SetSCLHigh) refers to stm32f10x_gpio.o(i.GPIO_SetBits) for GPIO_SetBits
    ir01f_ic_ driver.o(i.SetSCLInput) refers to stm32f10x_gpio.o(i.GPIO_Init) for GPIO_Init
    ir01f_ic_ driver.o(i.SetSCLInput) refers to ir01f_ic_ driver.o(.data) for GPIO_InitStructure
    ir01f_ic_ driver.o(i.SetSCLLow) refers to stm32f10x_gpio.o(i.GPIO_ResetBits) for GPIO_ResetBits
    ir01f_ic_ driver.o(i.SetSCLOutput) refers to stm32f10x_gpio.o(i.GPIO_Init) for GPIO_Init
    ir01f_ic_ driver.o(i.SetSCLOutput) refers to ir01f_ic_ driver.o(.data) for GPIO_InitStructure
    ir01f_ic_ driver.o(i.SetSDAHigh) refers to stm32f10x_gpio.o(i.GPIO_SetBits) for GPIO_SetBits
    ir01f_ic_ driver.o(i.SetSDAInput) refers to stm32f10x_gpio.o(i.GPIO_Init) for GPIO_Init
    ir01f_ic_ driver.o(i.SetSDAInput) refers to ir01f_ic_ driver.o(.data) for GPIO_InitStructure
    ir01f_ic_ driver.o(i.SetSDALow) refers to stm32f10x_gpio.o(i.GPIO_ResetBits) for GPIO_ResetBits
    ir01f_ic_ driver.o(i.SetSDAOutput) refers to stm32f10x_gpio.o(i.GPIO_Init) for GPIO_Init
    ir01f_ic_ driver.o(i.SetSDAOutput) refers to ir01f_ic_ driver.o(.data) for GPIO_InitStructure
    ir01f_ic_ driver.o(i.Set_BUSY_IO) refers to stm32f10x_rcc.o(i.RCC_APB2PeriphClockCmd) for RCC_APB2PeriphClockCmd
    ir01f_ic_ driver.o(i.Set_BUSY_IO) refers to stm32f10x_gpio.o(i.GPIO_Init) for GPIO_Init
    ir01f_ic_ driver.o(i.Set_BUSY_IO) refers to stm32f10x_gpio.o(i.GPIO_SetBits) for GPIO_SetBits
    ir01f_ic_ driver.o(i.Set_BUSY_IO) refers to ir01f_ic_ driver.o(.data) for GPIO_InitStructure
    ir01f_ic_ driver.o(i.Set_SCL_IO) refers to stm32f10x_rcc.o(i.RCC_APB2PeriphClockCmd) for RCC_APB2PeriphClockCmd
    ir01f_ic_ driver.o(i.Set_SCL_IO) refers to stm32f10x_gpio.o(i.GPIO_Init) for GPIO_Init
    ir01f_ic_ driver.o(i.Set_SCL_IO) refers to stm32f10x_gpio.o(i.GPIO_SetBits) for GPIO_SetBits
    ir01f_ic_ driver.o(i.Set_SCL_IO) refers to ir01f_ic_ driver.o(.data) for GPIO_InitStructure
    ir01f_ic_ driver.o(i.Set_SDA_IO) refers to stm32f10x_rcc.o(i.RCC_APB2PeriphClockCmd) for RCC_APB2PeriphClockCmd
    ir01f_ic_ driver.o(i.Set_SDA_IO) refers to stm32f10x_gpio.o(i.GPIO_Init) for GPIO_Init
    ir01f_ic_ driver.o(i.Set_SDA_IO) refers to stm32f10x_gpio.o(i.GPIO_SetBits) for GPIO_SetBits
    ir01f_ic_ driver.o(i.Set_SDA_IO) refers to ir01f_ic_ driver.o(.data) for GPIO_InitStructure
    ir01f_ic_ driver.o(i.readI2C) refers to ir01f_ic_ driver.o(i.I2COpen) for I2COpen
    ir01f_ic_ driver.o(i.readI2C) refers to ir01f_ic_ driver.o(i.DelayTime) for DelayTime
    ir01f_ic_ driver.o(i.readI2C) refers to ir01f_ic_ driver.o(i.SetSCLLow) for SetSCLLow
    ir01f_ic_ driver.o(i.readI2C) refers to ir01f_ic_ driver.o(i.SetSCLHigh) for SetSCLHigh
    ir01f_ic_ driver.o(i.readI2C) refers to ir01f_ic_ driver.o(i.RemoteDelayms) for RemoteDelayms
    ir01f_ic_ driver.o(i.readI2C) refers to ir01f_ic_ driver.o(i.I2CStart) for I2CStart
    ir01f_ic_ driver.o(i.readI2C) refers to ir01f_ic_ driver.o(i.I2CWriteData) for I2CWriteData
    ir01f_ic_ driver.o(i.readI2C) refers to ir01f_ic_ driver.o(i.I2CReadData) for I2CReadData
    ir01f_ic_ driver.o(i.readI2C) refers to ir01f_ic_ driver.o(i.I2CStop) for I2CStop
    ir01f_ic_ driver.o(i.readI2C) refers to ir01f_ic_ driver.o(i.I2CClose) for I2CClose
    stm32f10x_gpio.o(i.GPIO_AFIODeInit) refers to stm32f10x_rcc.o(i.RCC_APB2PeriphResetCmd) for RCC_APB2PeriphResetCmd
    stm32f10x_gpio.o(i.GPIO_DeInit) refers to stm32f10x_rcc.o(i.RCC_APB2PeriphResetCmd) for RCC_APB2PeriphResetCmd
    stm32f10x_rcc.o(i.RCC_GetClocksFreq) refers to stm32f10x_rcc.o(.data) for .data
    stm32f10x_rcc.o(i.RCC_WaitForHSEStartUp) refers to stm32f10x_rcc.o(i.RCC_GetFlagStatus) for RCC_GetFlagStatus
    stm32f10x_usart.o(i.USART_DeInit) refers to stm32f10x_rcc.o(i.RCC_APB2PeriphResetCmd) for RCC_APB2PeriphResetCmd
    stm32f10x_usart.o(i.USART_DeInit) refers to stm32f10x_rcc.o(i.RCC_APB1PeriphResetCmd) for RCC_APB1PeriphResetCmd
    stm32f10x_usart.o(i.USART_Init) refers to stm32f10x_rcc.o(i.RCC_GetClocksFreq) for RCC_GetClocksFreq
    entry.o(.ARM.Collect$$$$00000000) refers (Special) to entry7.o(.ARM.Collect$$$$00000007) for _main_init
    entry.o(.ARM.Collect$$$$00000000) refers (Special) to entry5.o(.ARM.Collect$$$$00000004) for _main_scatterload
    entry.o(.ARM.Collect$$$$00000000) refers (Special) to entry2.o(.ARM.Collect$$$$00000001) for _main_stk
    entry2.o(.ARM.Collect$$$$00000001) refers to entry2.o(.ARM.Collect$$$$00002712) for __lit__00000000
    entry2.o(.ARM.Collect$$$$00002712) refers to startup_stm32f10x_hd.o(STACK) for __initial_sp
    entry2.o(__vectab_stack_and_reset_area) refers to startup_stm32f10x_hd.o(STACK) for __initial_sp
    entry2.o(__vectab_stack_and_reset_area) refers to entry.o(.ARM.Collect$$$$00000000) for __main
    entry5.o(.ARM.Collect$$$$00000004) refers to init.o(.text) for __scatterload
    entry7.o(.ARM.Collect$$$$00000007) refers to main.o(i.main) for main
    init.o(.text) refers to entry5.o(.ARM.Collect$$$$00000004) for __main_after_scatterload


==============================================================================

Removing Unused input sections from the image.

    Removing core_cm3.o(.emb_text), (32 bytes).
    Removing system_stm32f10x.o(i.SystemCoreClockUpdate), (164 bytes).
    Removing system_stm32f10x.o(.data), (20 bytes).
    Removing startup_stm32f10x_hd.o(HEAP), (512 bytes).
    Removing ir01f_ic_ driver.o(i.GetACKStatus), (16 bytes).
    Removing ir01f_ic_ driver.o(i.SetBUSYHigh), (16 bytes).
    Removing ir01f_ic_ driver.o(i.SetBUSYLow), (16 bytes).
    Removing ir01f_ic_ driver.o(i.SetBUSYOutput), (28 bytes).
    Removing ir01f_ic_ driver.o(i.SetSCLInput), (28 bytes).
    Removing misc.o(i.NVIC_Init), (132 bytes).
    Removing misc.o(i.NVIC_PriorityGroupConfig), (20 bytes).
    Removing misc.o(i.NVIC_SetVectorTable), (20 bytes).
    Removing misc.o(i.NVIC_SystemLPConfig), (44 bytes).
    Removing misc.o(i.SysTick_CLKSourceConfig), (40 bytes).
    Removing stm32f10x_gpio.o(i.GPIO_AFIODeInit), (20 bytes).
    Removing stm32f10x_gpio.o(i.GPIO_DeInit), (200 bytes).
    Removing stm32f10x_gpio.o(i.GPIO_ETH_MediaInterfaceConfig), (12 bytes).
    Removing stm32f10x_gpio.o(i.GPIO_EXTILineConfig), (60 bytes).
    Removing stm32f10x_gpio.o(i.GPIO_EventOutputCmd), (12 bytes).
    Removing stm32f10x_gpio.o(i.GPIO_EventOutputConfig), (28 bytes).
    Removing stm32f10x_gpio.o(i.GPIO_PinLockConfig), (18 bytes).
    Removing stm32f10x_gpio.o(i.GPIO_PinRemapConfig), (140 bytes).
    Removing stm32f10x_gpio.o(i.GPIO_ReadInputData), (8 bytes).
    Removing stm32f10x_gpio.o(i.GPIO_ReadOutputData), (8 bytes).
    Removing stm32f10x_gpio.o(i.GPIO_ReadOutputDataBit), (18 bytes).
    Removing stm32f10x_gpio.o(i.GPIO_StructInit), (16 bytes).
    Removing stm32f10x_gpio.o(i.GPIO_Write), (4 bytes).
    Removing stm32f10x_gpio.o(i.GPIO_WriteBit), (10 bytes).
    Removing stm32f10x_rcc.o(i.RCC_ADCCLKConfig), (20 bytes).
    Removing stm32f10x_rcc.o(i.RCC_AHBPeriphClockCmd), (32 bytes).
    Removing stm32f10x_rcc.o(i.RCC_APB1PeriphClockCmd), (32 bytes).
    Removing stm32f10x_rcc.o(i.RCC_APB1PeriphResetCmd), (32 bytes).
    Removing stm32f10x_rcc.o(i.RCC_APB2PeriphResetCmd), (32 bytes).
    Removing stm32f10x_rcc.o(i.RCC_AdjustHSICalibrationValue), (24 bytes).
    Removing stm32f10x_rcc.o(i.RCC_BackupResetCmd), (12 bytes).
    Removing stm32f10x_rcc.o(i.RCC_ClearFlag), (20 bytes).
    Removing stm32f10x_rcc.o(i.RCC_ClearITPendingBit), (12 bytes).
    Removing stm32f10x_rcc.o(i.RCC_ClockSecuritySystemCmd), (12 bytes).
    Removing stm32f10x_rcc.o(i.RCC_DeInit), (76 bytes).
    Removing stm32f10x_rcc.o(i.RCC_GetFlagStatus), (60 bytes).
    Removing stm32f10x_rcc.o(i.RCC_GetITStatus), (24 bytes).
    Removing stm32f10x_rcc.o(i.RCC_GetSYSCLKSource), (16 bytes).
    Removing stm32f10x_rcc.o(i.RCC_HCLKConfig), (20 bytes).
    Removing stm32f10x_rcc.o(i.RCC_HSEConfig), (76 bytes).
    Removing stm32f10x_rcc.o(i.RCC_HSICmd), (12 bytes).
    Removing stm32f10x_rcc.o(i.RCC_ITConfig), (36 bytes).
    Removing stm32f10x_rcc.o(i.RCC_LSEConfig), (52 bytes).
    Removing stm32f10x_rcc.o(i.RCC_LSICmd), (12 bytes).
    Removing stm32f10x_rcc.o(i.RCC_MCOConfig), (12 bytes).
    Removing stm32f10x_rcc.o(i.RCC_PCLK1Config), (20 bytes).
    Removing stm32f10x_rcc.o(i.RCC_PCLK2Config), (24 bytes).
    Removing stm32f10x_rcc.o(i.RCC_PLLCmd), (12 bytes).
    Removing stm32f10x_rcc.o(i.RCC_PLLConfig), (28 bytes).
    Removing stm32f10x_rcc.o(i.RCC_RTCCLKCmd), (12 bytes).
    Removing stm32f10x_rcc.o(i.RCC_RTCCLKConfig), (16 bytes).
    Removing stm32f10x_rcc.o(i.RCC_SYSCLKConfig), (20 bytes).
    Removing stm32f10x_rcc.o(i.RCC_USBCLKConfig), (12 bytes).
    Removing stm32f10x_rcc.o(i.RCC_WaitForHSEStartUp), (48 bytes).
    Removing stm32f10x_usart.o(i.USART_ClearFlag), (18 bytes).
    Removing stm32f10x_usart.o(i.USART_ClearITPendingBit), (30 bytes).
    Removing stm32f10x_usart.o(i.USART_ClockInit), (32 bytes).
    Removing stm32f10x_usart.o(i.USART_ClockStructInit), (12 bytes).
    Removing stm32f10x_usart.o(i.USART_DMACmd), (24 bytes).
    Removing stm32f10x_usart.o(i.USART_DeInit), (156 bytes).
    Removing stm32f10x_usart.o(i.USART_GetITStatus), (84 bytes).
    Removing stm32f10x_usart.o(i.USART_HalfDuplexCmd), (24 bytes).
    Removing stm32f10x_usart.o(i.USART_IrDACmd), (24 bytes).
    Removing stm32f10x_usart.o(i.USART_IrDAConfig), (18 bytes).
    Removing stm32f10x_usart.o(i.USART_LINBreakDetectLengthConfig), (18 bytes).
    Removing stm32f10x_usart.o(i.USART_LINCmd), (24 bytes).
    Removing stm32f10x_usart.o(i.USART_OneBitMethodCmd), (24 bytes).
    Removing stm32f10x_usart.o(i.USART_OverSampling8Cmd), (22 bytes).
    Removing stm32f10x_usart.o(i.USART_ReceiveData), (10 bytes).
    Removing stm32f10x_usart.o(i.USART_ReceiverWakeUpCmd), (24 bytes).
    Removing stm32f10x_usart.o(i.USART_SendBreak), (10 bytes).
    Removing stm32f10x_usart.o(i.USART_SetAddress), (18 bytes).
    Removing stm32f10x_usart.o(i.USART_SetGuardTime), (16 bytes).
    Removing stm32f10x_usart.o(i.USART_SetPrescaler), (16 bytes).
    Removing stm32f10x_usart.o(i.USART_SmartCardCmd), (24 bytes).
    Removing stm32f10x_usart.o(i.USART_SmartCardNACKCmd), (24 bytes).
    Removing stm32f10x_usart.o(i.USART_StructInit), (24 bytes).
    Removing stm32f10x_usart.o(i.USART_WakeUpConfig), (18 bytes).

82 unused section(s) (total 3152 bytes) removed from the image.

==============================================================================

Image Symbol Table

    Local Symbols

    Symbol Name                              Value     Ov Type        Size  Object(Section)

    ../../microlib/init/entry.s              0x00000000   Number         0  entry7.o ABSOLUTE
    ../../microlib/init/entry.s              0x00000000   Number         0  entry5.o ABSOLUTE
    ../../microlib/init/entry.s              0x00000000   Number         0  entry2.o ABSOLUTE
    ../../microlib/init/entry.s              0x00000000   Number         0  entry.o ABSOLUTE
    CM3\\core_cm3.c                          0x00000000   Number         0  core_cm3.o ABSOLUTE
    CM3\core_cm3.c                           0x00000000   Number         0  core_cm3.o ABSOLUTE
    CM3\system_stm32f10x.c                   0x00000000   Number         0  system_stm32f10x.o ABSOLUTE
    FWlib\SRC\misc.c                         0x00000000   Number         0  misc.o ABSOLUTE
    FWlib\SRC\stm32f10x_gpio.c               0x00000000   Number         0  stm32f10x_gpio.o ABSOLUTE
    FWlib\SRC\stm32f10x_rcc.c                0x00000000   Number         0  stm32f10x_rcc.o ABSOLUTE
    FWlib\SRC\stm32f10x_usart.c              0x00000000   Number         0  stm32f10x_usart.o ABSOLUTE
    IR01F_Drive\IR01F_IC_ Data_Inout _Driver.c 0x00000000   Number         0  ir01f_ic_ data_inout _driver.o ABSOLUTE
    IR01F_Drive\IR01F_IC_ Driver.c           0x00000000   Number         0  ir01f_ic_ driver.o ABSOLUTE
    dc.s                                     0x00000000   Number         0  dc.o ABSOLUTE
    handlers.s                               0x00000000   Number         0  handlers.o ABSOLUTE
    init.s                                   0x00000000   Number         0  init.o ABSOLUTE
    main.c                                   0x00000000   Number         0  main.o ABSOLUTE
    startup\startup_stm32f10x_hd.s           0x00000000   Number         0  startup_stm32f10x_hd.o ABSOLUTE
    stm32f10x_it.c                           0x00000000   Number         0  stm32f10x_it.o ABSOLUTE
    RESET                                    0x08000000   Section      304  startup_stm32f10x_hd.o(RESET)
    .ARM.Collect$$$$00000000                 0x08000130   Section        0  entry.o(.ARM.Collect$$$$00000000)
    .ARM.Collect$$$$00000001                 0x08000130   Section        4  entry2.o(.ARM.Collect$$$$00000001)
    .ARM.Collect$$$$00000004                 0x08000134   Section        4  entry5.o(.ARM.Collect$$$$00000004)
    .ARM.Collect$$$$00000007                 0x08000138   Section        8  entry7.o(.ARM.Collect$$$$00000007)
    .ARM.Collect$$$$00002712                 0x08000140   Section        4  entry2.o(.ARM.Collect$$$$00002712)
    __lit__00000000                          0x08000140   Data           4  entry2.o(.ARM.Collect$$$$00002712)
    .text                                    0x08000144   Section       36  startup_stm32f10x_hd.o(.text)
    .text                                    0x08000168   Section       36  init.o(.text)
    i.All_Send_Data_Right_Move               0x0800018c   Section        0  ir01f_ic_ data_inout _driver.o(i.All_Send_Data_Right_Move)
    i.BusFault_Handler                       0x080001fc   Section        0  stm32f10x_it.o(i.BusFault_Handler)
    i.DebugMon_Handler                       0x08000200   Section        0  stm32f10x_it.o(i.DebugMon_Handler)
    i.DelayTime                              0x08000202   Section        0  ir01f_ic_ driver.o(i.DelayTime)
    i.EXTI1_IRQHandler                       0x08000220   Section        0  stm32f10x_it.o(i.EXTI1_IRQHandler)
    i.GPIO_Init                              0x08000222   Section        0  stm32f10x_gpio.o(i.GPIO_Init)
    i.GPIO_ReadInputDataBit                  0x08000332   Section        0  stm32f10x_gpio.o(i.GPIO_ReadInputDataBit)
    i.GPIO_ResetBits                         0x08000344   Section        0  stm32f10x_gpio.o(i.GPIO_ResetBits)
    i.GPIO_SetBits                           0x08000348   Section        0  stm32f10x_gpio.o(i.GPIO_SetBits)
    i.GetACKSign                             0x0800034c   Section        0  ir01f_ic_ driver.o(i.GetACKSign)
    i.GetBUSYStatus                          0x080003c4   Section        0  ir01f_ic_ driver.o(i.GetBUSYStatus)
    i.GetDINStatus                           0x080003d4   Section        0  ir01f_ic_ driver.o(i.GetDINStatus)
    i.Get_Learn_Data                         0x080003e4   Section        0  ir01f_ic_ data_inout _driver.o(i.Get_Learn_Data)
    i.HardFault_Handler                      0x08000470   Section        0  stm32f10x_it.o(i.HardFault_Handler)
    i.I2CClose                               0x08000474   Section        0  ir01f_ic_ driver.o(i.I2CClose)
    i.I2COpen                                0x0800048a   Section        0  ir01f_ic_ driver.o(i.I2COpen)
    i.I2CReadData                            0x080004a8   Section        0  ir01f_ic_ driver.o(i.I2CReadData)
    i.I2CStart                               0x08000504   Section        0  ir01f_ic_ driver.o(i.I2CStart)
    i.I2CStop                                0x08000576   Section        0  ir01f_ic_ driver.o(i.I2CStop)
    i.I2CWriteData                           0x080005a6   Section        0  ir01f_ic_ driver.o(i.I2CWriteData)
    i.ID_Delay_ms                            0x080005fe   Section        0  main.o(i.ID_Delay_ms)
    i.IR01F_Init_Cfg                         0x0800061a   Section        0  ir01f_ic_ driver.o(i.IR01F_Init_Cfg)
    i.IR_Learn_Start                         0x0800063e   Section        0  ir01f_ic_ driver.o(i.IR_Learn_Start)
    i.JudgeToggleBit                         0x080006b0   Section        0  ir01f_ic_ data_inout _driver.o(i.JudgeToggleBit)
    i.MemManage_Handler                      0x08001100   Section        0  stm32f10x_it.o(i.MemManage_Handler)
    i.Modifywave                             0x08001104   Section        0  ir01f_ic_ data_inout _driver.o(i.Modifywave)
    i.NMI_Handler                            0x08001286   Section        0  stm32f10x_it.o(i.NMI_Handler)
    i.PendSV_Handler                         0x08001288   Section        0  stm32f10x_it.o(i.PendSV_Handler)
    i.RCC_APB2PeriphClockCmd                 0x0800128c   Section        0  stm32f10x_rcc.o(i.RCC_APB2PeriphClockCmd)
    i.RCC_GetClocksFreq                      0x080012ac   Section        0  stm32f10x_rcc.o(i.RCC_GetClocksFreq)
    i.Reload_Data_Buff                       0x08001380   Section        0  ir01f_ic_ data_inout _driver.o(i.Reload_Data_Buff)
    i.RemoteDelayms                          0x080013d8   Section        0  ir01f_ic_ driver.o(i.RemoteDelayms)
    i.SDIO_IRQHandler                        0x080013f8   Section        0  stm32f10x_it.o(i.SDIO_IRQHandler)
    i.SVC_Handler                            0x080013fa   Section        0  stm32f10x_it.o(i.SVC_Handler)
    i.SendACKSign                            0x080013fc   Section        0  ir01f_ic_ driver.o(i.SendACKSign)
    i.Send_IR_Data                           0x08001422   Section        0  ir01f_ic_ driver.o(i.Send_IR_Data)
    i.SetBUSYInput                           0x08001490   Section        0  ir01f_ic_ driver.o(i.SetBUSYInput)
    i.SetSCLHigh                             0x080014ac   Section        0  ir01f_ic_ driver.o(i.SetSCLHigh)
    i.SetSCLLow                              0x080014bc   Section        0  ir01f_ic_ driver.o(i.SetSCLLow)
    i.SetSCLOutput                           0x080014cc   Section        0  ir01f_ic_ driver.o(i.SetSCLOutput)
    i.SetSDAHigh                             0x080014e8   Section        0  ir01f_ic_ driver.o(i.SetSDAHigh)
    i.SetSDAInput                            0x080014f8   Section        0  ir01f_ic_ driver.o(i.SetSDAInput)
    i.SetSDALow                              0x08001514   Section        0  ir01f_ic_ driver.o(i.SetSDALow)
    i.SetSDAOutput                           0x08001524   Section        0  ir01f_ic_ driver.o(i.SetSDAOutput)
    i.SetSysClock                            0x08001540   Section        0  system_stm32f10x.o(i.SetSysClock)
    SetSysClock                              0x08001541   Thumb Code     8  system_stm32f10x.o(i.SetSysClock)
    i.SetSysClockTo72                        0x08001548   Section        0  system_stm32f10x.o(i.SetSysClockTo72)
    SetSysClockTo72                          0x08001549   Thumb Code   192  system_stm32f10x.o(i.SetSysClockTo72)
    i.Set_BUSY_IO                            0x08001610   Section        0  ir01f_ic_ driver.o(i.Set_BUSY_IO)
    i.Set_SCL_IO                             0x08001640   Section        0  ir01f_ic_ driver.o(i.Set_SCL_IO)
    i.Set_SDA_IO                             0x08001670   Section        0  ir01f_ic_ driver.o(i.Set_SDA_IO)
    i.Some_Data_Right_Move1                  0x080016a0   Section        0  ir01f_ic_ data_inout _driver.o(i.Some_Data_Right_Move1)
    i.SysTick_Handler                        0x08001704   Section        0  stm32f10x_it.o(i.SysTick_Handler)
    i.SystemInit                             0x08001708   Section        0  system_stm32f10x.o(i.SystemInit)
    i.USART_Cmd                              0x08001768   Section        0  stm32f10x_usart.o(i.USART_Cmd)
    i.USART_Configuration                    0x08001780   Section        0  main.o(i.USART_Configuration)
    i.USART_GetFlagStatus                    0x08001810   Section        0  stm32f10x_usart.o(i.USART_GetFlagStatus)
    i.USART_ITConfig                         0x0800182a   Section        0  stm32f10x_usart.o(i.USART_ITConfig)
    i.USART_Init                             0x08001874   Section        0  stm32f10x_usart.o(i.USART_Init)
    i.USART_OUT                              0x0800194c   Section        0  main.o(i.USART_OUT)
    i.USART_SendData                         0x0800197c   Section        0  stm32f10x_usart.o(i.USART_SendData)
    i.USB_HP_CAN1_TX_IRQHandler              0x08001984   Section        0  stm32f10x_it.o(i.USB_HP_CAN1_TX_IRQHandler)
    i.USB_LP_CAN1_RX0_IRQHandler             0x08001986   Section        0  stm32f10x_it.o(i.USB_LP_CAN1_RX0_IRQHandler)
    i.UsageFault_Handler                     0x08001988   Section        0  stm32f10x_it.o(i.UsageFault_Handler)
    i.__scatterload_copy                     0x0800198c   Section       14  handlers.o(i.__scatterload_copy)
    i.__scatterload_null                     0x0800199a   Section        2  handlers.o(i.__scatterload_null)
    i.__scatterload_zeroinit                 0x0800199c   Section       14  handlers.o(i.__scatterload_zeroinit)
    i.acmpbandc                              0x080019aa   Section        0  ir01f_ic_ data_inout _driver.o(i.acmpbandc)
    i.changetogglebit                        0x080019c4   Section        0  ir01f_ic_ data_inout _driver.o(i.changetogglebit)
    i.cmpaequbtog                            0x08002320   Section        0  ir01f_ic_ data_inout _driver.o(i.cmpaequbtog)
    i.cmpdata                                0x08002392   Section        0  ir01f_ic_ data_inout _driver.o(i.cmpdata)
    i.compdata                               0x08002408   Section        0  ir01f_ic_ data_inout _driver.o(i.compdata)
    i.delfeng                                0x08002466   Section        0  ir01f_ic_ data_inout _driver.o(i.delfeng)
    i.get_remote_study_data                  0x080025c2   Section        0  ir01f_ic_ data_inout _driver.o(i.get_remote_study_data)
    i.getfigure                              0x08002620   Section        0  ir01f_ic_ data_inout _driver.o(i.getfigure)
    i.judgesame                              0x08002916   Section        0  ir01f_ic_ data_inout _driver.o(i.judgesame)
    i.keytogglebit                           0x08002988   Section        0  ir01f_ic_ data_inout _driver.o(i.keytogglebit)
    i.main                                   0x080029c8   Section        0  main.o(i.main)
    i.modifywavem708                         0x08002a94   Section        0  ir01f_ic_ data_inout _driver.o(i.modifywavem708)
    i.readI2C                                0x08002c5c   Section        0  ir01f_ic_ driver.o(i.readI2C)
    i.send_remote_study_data                 0x08002d48   Section        0  ir01f_ic_ data_inout _driver.o(i.send_remote_study_data)
    .constdata                               0x08002de4   Section      719  ir01f_ic_ data_inout _driver.o(.constdata)
    .data                                    0x20000000   Section        1  main.o(.data)
    .data                                    0x20000004   Section       12  ir01f_ic_ data_inout _driver.o(.data)
    .data                                    0x20000010   Section        4  ir01f_ic_ driver.o(.data)
    .data                                    0x20000014   Section       20  stm32f10x_rcc.o(.data)
    APBAHBPrescTable                         0x20000014   Data          16  stm32f10x_rcc.o(.data)
    ADCPrescTable                            0x20000024   Data           4  stm32f10x_rcc.o(.data)
    .bss                                     0x20000028   Section      112  main.o(.bss)
    .bss                                     0x20000098   Section      112  ir01f_ic_ data_inout _driver.o(.bss)
    STACK                                    0x20000108   Section     1024  startup_stm32f10x_hd.o(STACK)

    Global Symbols

    Symbol Name                              Value     Ov Type        Size  Object(Section)

    BuildAttributes$$THM_ISAv4$P$D$K$B$S$PE$A:L22UL41UL21$X:L11$S22US41US21$IEEE1$IW$USESV6$~STKCKD$USESV7$~SHL$OSPACE$EBA8$MICROLIB$REQ8$PRES8$EABIv2 0x00000000   Number         0  anon$$obj.o ABSOLUTE
    __ARM_use_no_argv                        0x00000000   Number         0  main.o ABSOLUTE
    __decompress                              - Undefined Weak Reference
    __Vectors_Size                           0x00000130   Number         0  startup_stm32f10x_hd.o ABSOLUTE
    __Vectors                                0x08000000   Data           4  startup_stm32f10x_hd.o(RESET)
    __Vectors_End                            0x08000130   Data           0  startup_stm32f10x_hd.o(RESET)
    __main                                   0x08000131   Thumb Code     0  entry.o(.ARM.Collect$$$$00000000)
    _main_stk                                0x08000131   Thumb Code     0  entry2.o(.ARM.Collect$$$$00000001)
    _main_scatterload                        0x08000135   Thumb Code     0  entry5.o(.ARM.Collect$$$$00000004)
    __main_after_scatterload                 0x08000139   Thumb Code     0  entry5.o(.ARM.Collect$$$$00000004)
    _main_init                               0x08000139   Thumb Code     0  entry7.o(.ARM.Collect$$$$00000007)
    Reset_Handler                            0x08000145   Thumb Code     8  startup_stm32f10x_hd.o(.text)
    ADC1_2_IRQHandler                        0x0800015f   Thumb Code     0  startup_stm32f10x_hd.o(.text)
    ADC3_IRQHandler                          0x0800015f   Thumb Code     0  startup_stm32f10x_hd.o(.text)
    CAN1_RX1_IRQHandler                      0x0800015f   Thumb Code     0  startup_stm32f10x_hd.o(.text)
    CAN1_SCE_IRQHandler                      0x0800015f   Thumb Code     0  startup_stm32f10x_hd.o(.text)
    DMA1_Channel1_IRQHandler                 0x0800015f   Thumb Code     0  startup_stm32f10x_hd.o(.text)
    DMA1_Channel2_IRQHandler                 0x0800015f   Thumb Code     0  startup_stm32f10x_hd.o(.text)
    DMA1_Channel3_IRQHandler                 0x0800015f   Thumb Code     0  startup_stm32f10x_hd.o(.text)
    DMA1_Channel4_IRQHandler                 0x0800015f   Thumb Code     0  startup_stm32f10x_hd.o(.text)
    DMA1_Channel5_IRQHandler                 0x0800015f   Thumb Code     0  startup_stm32f10x_hd.o(.text)
    DMA1_Channel6_IRQHandler                 0x0800015f   Thumb Code     0  startup_stm32f10x_hd.o(.text)
    DMA1_Channel7_IRQHandler                 0x0800015f   Thumb Code     0  startup_stm32f10x_hd.o(.text)
    DMA2_Channel1_IRQHandler                 0x0800015f   Thumb Code     0  startup_stm32f10x_hd.o(.text)
    DMA2_Channel2_IRQHandler                 0x0800015f   Thumb Code     0  startup_stm32f10x_hd.o(.text)
    DMA2_Channel3_IRQHandler                 0x0800015f   Thumb Code     0  startup_stm32f10x_hd.o(.text)
    DMA2_Channel4_5_IRQHandler               0x0800015f   Thumb Code     0  startup_stm32f10x_hd.o(.text)
    EXTI0_IRQHandler                         0x0800015f   Thumb Code     0  startup_stm32f10x_hd.o(.text)
    EXTI15_10_IRQHandler                     0x0800015f   Thumb Code     0  startup_stm32f10x_hd.o(.text)
    EXTI2_IRQHandler                         0x0800015f   Thumb Code     0  startup_stm32f10x_hd.o(.text)
    EXTI3_IRQHandler                         0x0800015f   Thumb Code     0  startup_stm32f10x_hd.o(.text)
    EXTI4_IRQHandler                         0x0800015f   Thumb Code     0  startup_stm32f10x_hd.o(.text)
    EXTI9_5_IRQHandler                       0x0800015f   Thumb Code     0  startup_stm32f10x_hd.o(.text)
    FLASH_IRQHandler                         0x0800015f   Thumb Code     0  startup_stm32f10x_hd.o(.text)
    FSMC_IRQHandler                          0x0800015f   Thumb Code     0  startup_stm32f10x_hd.o(.text)
    I2C1_ER_IRQHandler                       0x0800015f   Thumb Code     0  startup_stm32f10x_hd.o(.text)
    I2C1_EV_IRQHandler                       0x0800015f   Thumb Code     0  startup_stm32f10x_hd.o(.text)
    I2C2_ER_IRQHandler                       0x0800015f   Thumb Code     0  startup_stm32f10x_hd.o(.text)
    I2C2_EV_IRQHandler                       0x0800015f   Thumb Code     0  startup_stm32f10x_hd.o(.text)
    PVD_IRQHandler                           0x0800015f   Thumb Code     0  startup_stm32f10x_hd.o(.text)
    RCC_IRQHandler                           0x0800015f   Thumb Code     0  startup_stm32f10x_hd.o(.text)
    RTCAlarm_IRQHandler                      0x0800015f   Thumb Code     0  startup_stm32f10x_hd.o(.text)
    RTC_IRQHandler                           0x0800015f   Thumb Code     0  startup_stm32f10x_hd.o(.text)
    SPI1_IRQHandler                          0x0800015f   Thumb Code     0  startup_stm32f10x_hd.o(.text)
    SPI2_IRQHandler                          0x0800015f   Thumb Code     0  startup_stm32f10x_hd.o(.text)
    SPI3_IRQHandler                          0x0800015f   Thumb Code     0  startup_stm32f10x_hd.o(.text)
    TAMPER_IRQHandler                        0x0800015f   Thumb Code     0  startup_stm32f10x_hd.o(.text)
    TIM1_BRK_IRQHandler                      0x0800015f   Thumb Code     0  startup_stm32f10x_hd.o(.text)
    TIM1_CC_IRQHandler                       0x0800015f   Thumb Code     0  startup_stm32f10x_hd.o(.text)
    TIM1_TRG_COM_IRQHandler                  0x0800015f   Thumb Code     0  startup_stm32f10x_hd.o(.text)
    TIM1_UP_IRQHandler                       0x0800015f   Thumb Code     0  startup_stm32f10x_hd.o(.text)
    TIM2_IRQHandler                          0x0800015f   Thumb Code     0  startup_stm32f10x_hd.o(.text)
    TIM3_IRQHandler                          0x0800015f   Thumb Code     0  startup_stm32f10x_hd.o(.text)
    TIM4_IRQHandler                          0x0800015f   Thumb Code     0  startup_stm32f10x_hd.o(.text)
    TIM5_IRQHandler                          0x0800015f   Thumb Code     0  startup_stm32f10x_hd.o(.text)
    TIM6_IRQHandler                          0x0800015f   Thumb Code     0  startup_stm32f10x_hd.o(.text)
    TIM7_IRQHandler                          0x0800015f   Thumb Code     0  startup_stm32f10x_hd.o(.text)
    TIM8_BRK_IRQHandler                      0x0800015f   Thumb Code     0  startup_stm32f10x_hd.o(.text)
    TIM8_CC_IRQHandler                       0x0800015f   Thumb Code     0  startup_stm32f10x_hd.o(.text)
    TIM8_TRG_COM_IRQHandler                  0x0800015f   Thumb Code     0  startup_stm32f10x_hd.o(.text)
    TIM8_UP_IRQHandler                       0x0800015f   Thumb Code     0  startup_stm32f10x_hd.o(.text)
    UART4_IRQHandler                         0x0800015f   Thumb Code     0  startup_stm32f10x_hd.o(.text)
    UART5_IRQHandler                         0x0800015f   Thumb Code     0  startup_stm32f10x_hd.o(.text)
    USART1_IRQHandler                        0x0800015f   Thumb Code     0  startup_stm32f10x_hd.o(.text)
    USART2_IRQHandler                        0x0800015f   Thumb Code     0  startup_stm32f10x_hd.o(.text)
    USART3_IRQHandler                        0x0800015f   Thumb Code     0  startup_stm32f10x_hd.o(.text)
    USBWakeUp_IRQHandler                     0x0800015f   Thumb Code     0  startup_stm32f10x_hd.o(.text)
    WWDG_IRQHandler                          0x0800015f   Thumb Code     0  startup_stm32f10x_hd.o(.text)
    __scatterload                            0x08000169   Thumb Code    28  init.o(.text)
    __scatterload_rt2                        0x08000169   Thumb Code     0  init.o(.text)
    All_Send_Data_Right_Move                 0x0800018d   Thumb Code   102  ir01f_ic_ data_inout _driver.o(i.All_Send_Data_Right_Move)
    BusFault_Handler                         0x080001fd   Thumb Code     4  stm32f10x_it.o(i.BusFault_Handler)
    DebugMon_Handler                         0x08000201   Thumb Code     2  stm32f10x_it.o(i.DebugMon_Handler)
    DelayTime                                0x08000203   Thumb Code    30  ir01f_ic_ driver.o(i.DelayTime)
    EXTI1_IRQHandler                         0x08000221   Thumb Code     2  stm32f10x_it.o(i.EXTI1_IRQHandler)
    GPIO_Init                                0x08000223   Thumb Code   272  stm32f10x_gpio.o(i.GPIO_Init)
    GPIO_ReadInputDataBit                    0x08000333   Thumb Code    18  stm32f10x_gpio.o(i.GPIO_ReadInputDataBit)
    GPIO_ResetBits                           0x08000345   Thumb Code     4  stm32f10x_gpio.o(i.GPIO_ResetBits)
    GPIO_SetBits                             0x08000349   Thumb Code     4  stm32f10x_gpio.o(i.GPIO_SetBits)
    GetACKSign                               0x0800034d   Thumb Code   120  ir01f_ic_ driver.o(i.GetACKSign)
    GetBUSYStatus                            0x080003c5   Thumb Code    12  ir01f_ic_ driver.o(i.GetBUSYStatus)
    GetDINStatus                             0x080003d5   Thumb Code    12  ir01f_ic_ driver.o(i.GetDINStatus)
    Get_Learn_Data                           0x080003e5   Thumb Code   136  ir01f_ic_ data_inout _driver.o(i.Get_Learn_Data)
    HardFault_Handler                        0x08000471   Thumb Code     4  stm32f10x_it.o(i.HardFault_Handler)
    I2CClose                                 0x08000475   Thumb Code    22  ir01f_ic_ driver.o(i.I2CClose)
    I2COpen                                  0x0800048b   Thumb Code    30  ir01f_ic_ driver.o(i.I2COpen)
    I2CReadData                              0x080004a9   Thumb Code    92  ir01f_ic_ driver.o(i.I2CReadData)
    I2CStart                                 0x08000505   Thumb Code   114  ir01f_ic_ driver.o(i.I2CStart)
    I2CStop                                  0x08000577   Thumb Code    48  ir01f_ic_ driver.o(i.I2CStop)
    I2CWriteData                             0x080005a7   Thumb Code    88  ir01f_ic_ driver.o(i.I2CWriteData)
    ID_Delay_ms                              0x080005ff   Thumb Code    28  main.o(i.ID_Delay_ms)
    IR01F_Init_Cfg                           0x0800061b   Thumb Code    36  ir01f_ic_ driver.o(i.IR01F_Init_Cfg)
    IR_Learn_Start                           0x0800063f   Thumb Code   112  ir01f_ic_ driver.o(i.IR_Learn_Start)
    JudgeToggleBit                           0x080006b1   Thumb Code  2632  ir01f_ic_ data_inout _driver.o(i.JudgeToggleBit)
    MemManage_Handler                        0x08001101   Thumb Code     4  stm32f10x_it.o(i.MemManage_Handler)
    Modifywave                               0x08001105   Thumb Code   386  ir01f_ic_ data_inout _driver.o(i.Modifywave)
    NMI_Handler                              0x08001287   Thumb Code     2  stm32f10x_it.o(i.NMI_Handler)
    PendSV_Handler                           0x08001289   Thumb Code     2  stm32f10x_it.o(i.PendSV_Handler)
    RCC_APB2PeriphClockCmd                   0x0800128d   Thumb Code    26  stm32f10x_rcc.o(i.RCC_APB2PeriphClockCmd)
    RCC_GetClocksFreq                        0x080012ad   Thumb Code   194  stm32f10x_rcc.o(i.RCC_GetClocksFreq)
    Reload_Data_Buff                         0x08001381   Thumb Code    82  ir01f_ic_ data_inout _driver.o(i.Reload_Data_Buff)
    RemoteDelayms                            0x080013d9   Thumb Code    32  ir01f_ic_ driver.o(i.RemoteDelayms)
    SDIO_IRQHandler                          0x080013f9   Thumb Code     2  stm32f10x_it.o(i.SDIO_IRQHandler)
    SVC_Handler                              0x080013fb   Thumb Code     2  stm32f10x_it.o(i.SVC_Handler)
    SendACKSign                              0x080013fd   Thumb Code    38  ir01f_ic_ driver.o(i.SendACKSign)
    Send_IR_Data                             0x08001423   Thumb Code   110  ir01f_ic_ driver.o(i.Send_IR_Data)
    SetBUSYInput                             0x08001491   Thumb Code    20  ir01f_ic_ driver.o(i.SetBUSYInput)
    SetSCLHigh                               0x080014ad   Thumb Code    12  ir01f_ic_ driver.o(i.SetSCLHigh)
    SetSCLLow                                0x080014bd   Thumb Code    12  ir01f_ic_ driver.o(i.SetSCLLow)
    SetSCLOutput                             0x080014cd   Thumb Code    20  ir01f_ic_ driver.o(i.SetSCLOutput)
    SetSDAHigh                               0x080014e9   Thumb Code    12  ir01f_ic_ driver.o(i.SetSDAHigh)
    SetSDAInput                              0x080014f9   Thumb Code    20  ir01f_ic_ driver.o(i.SetSDAInput)
    SetSDALow                                0x08001515   Thumb Code    12  ir01f_ic_ driver.o(i.SetSDALow)
    SetSDAOutput                             0x08001525   Thumb Code    20  ir01f_ic_ driver.o(i.SetSDAOutput)
    Set_BUSY_IO                              0x08001611   Thumb Code    40  ir01f_ic_ driver.o(i.Set_BUSY_IO)
    Set_SCL_IO                               0x08001641   Thumb Code    40  ir01f_ic_ driver.o(i.Set_SCL_IO)
    Set_SDA_IO                               0x08001671   Thumb Code    40  ir01f_ic_ driver.o(i.Set_SDA_IO)
    Some_Data_Right_Move1                    0x080016a1   Thumb Code    90  ir01f_ic_ data_inout _driver.o(i.Some_Data_Right_Move1)
    SysTick_Handler                          0x08001705   Thumb Code     2  stm32f10x_it.o(i.SysTick_Handler)
    SystemInit                               0x08001709   Thumb Code    78  system_stm32f10x.o(i.SystemInit)
    USART_Cmd                                0x08001769   Thumb Code    24  stm32f10x_usart.o(i.USART_Cmd)
    USART_Configuration                      0x08001781   Thumb Code   134  main.o(i.USART_Configuration)
    USART_GetFlagStatus                      0x08001811   Thumb Code    26  stm32f10x_usart.o(i.USART_GetFlagStatus)
    USART_ITConfig                           0x0800182b   Thumb Code    72  stm32f10x_usart.o(i.USART_ITConfig)
    USART_Init                               0x08001875   Thumb Code   210  stm32f10x_usart.o(i.USART_Init)
    USART_OUT                                0x0800194d   Thumb Code    48  main.o(i.USART_OUT)
    USART_SendData                           0x0800197d   Thumb Code     8  stm32f10x_usart.o(i.USART_SendData)
    USB_HP_CAN1_TX_IRQHandler                0x08001985   Thumb Code     2  stm32f10x_it.o(i.USB_HP_CAN1_TX_IRQHandler)
    USB_LP_CAN1_RX0_IRQHandler               0x08001987   Thumb Code     2  stm32f10x_it.o(i.USB_LP_CAN1_RX0_IRQHandler)
    UsageFault_Handler                       0x08001989   Thumb Code     4  stm32f10x_it.o(i.UsageFault_Handler)
    __scatterload_copy                       0x0800198d   Thumb Code    14  handlers.o(i.__scatterload_copy)
    __scatterload_null                       0x0800199b   Thumb Code     2  handlers.o(i.__scatterload_null)
    __scatterload_zeroinit                   0x0800199d   Thumb Code    14  handlers.o(i.__scatterload_zeroinit)
    acmpbandc                                0x080019ab   Thumb Code    26  ir01f_ic_ data_inout _driver.o(i.acmpbandc)
    changetogglebit                          0x080019c5   Thumb Code  2382  ir01f_ic_ data_inout _driver.o(i.changetogglebit)
    cmpaequbtog                              0x08002321   Thumb Code   114  ir01f_ic_ data_inout _driver.o(i.cmpaequbtog)
    cmpdata                                  0x08002393   Thumb Code   118  ir01f_ic_ data_inout _driver.o(i.cmpdata)
    compdata                                 0x08002409   Thumb Code    94  ir01f_ic_ data_inout _driver.o(i.compdata)
    delfeng                                  0x08002467   Thumb Code   348  ir01f_ic_ data_inout _driver.o(i.delfeng)
    get_remote_study_data                    0x080025c3   Thumb Code    94  ir01f_ic_ data_inout _driver.o(i.get_remote_study_data)
    getfigure                                0x08002621   Thumb Code   758  ir01f_ic_ data_inout _driver.o(i.getfigure)
    judgesame                                0x08002917   Thumb Code   114  ir01f_ic_ data_inout _driver.o(i.judgesame)
    keytogglebit                             0x08002989   Thumb Code    64  ir01f_ic_ data_inout _driver.o(i.keytogglebit)
    main                                     0x080029c9   Thumb Code   188  main.o(i.main)
    modifywavem708                           0x08002a95   Thumb Code   456  ir01f_ic_ data_inout _driver.o(i.modifywavem708)
    readI2C                                  0x08002c5d   Thumb Code   236  ir01f_ic_ driver.o(i.readI2C)
    send_remote_study_data                   0x08002d49   Thumb Code   146  ir01f_ic_ data_inout _driver.o(i.send_remote_study_data)
    STandantdata                             0x08002de4   Data          16  ir01f_ic_ data_inout _driver.o(.constdata)
    ToggleBit_Place                          0x08002df4   Data           7  ir01f_ic_ data_inout _driver.o(.constdata)
    code_format                              0x08002dfb   Data         696  ir01f_ic_ data_inout _driver.o(.constdata)
    Region$$Table$$Base                      0x080030b4   Number         0  anon$$obj.o(Region$$Table)
    Region$$Table$$Limit                     0x080030d4   Number         0  anon$$obj.o(Region$$Table)
    MODE_Flag                                0x20000000   Data           1  main.o(.data)
    g_toggle_bit                             0x20000004   Data           1  ir01f_ic_ data_inout _driver.o(.data)
    cnty                                     0x20000008   Data           4  ir01f_ic_ data_inout _driver.o(.data)
    cntx                                     0x2000000c   Data           4  ir01f_ic_ data_inout _driver.o(.data)
    GPIO_InitStructure                       0x20000010   Data           4  ir01f_ic_ driver.o(.data)
    data_out                                 0x20000028   Data         112  main.o(.bss)
    g_i2c_cmd_buffer                         0x20000098   Data         112  ir01f_ic_ data_inout _driver.o(.bss)
    __initial_sp                             0x20000508   Data           0  startup_stm32f10x_hd.o(STACK)



==============================================================================

Memory Map of the image

  Image Entry point : 0x08000131

  Load Region LR_IROM1 (Base: 0x08000000, Size: 0x000030fc, Max: 0x00040000, ABSOLUTE)

    Execution Region ER_IROM1 (Base: 0x08000000, Size: 0x000030d4, Max: 0x00040000, ABSOLUTE)

    Base Addr    Size         Type   Attr      Idx    E Section Name        Object

    0x08000000   0x00000130   Data   RO          166    RESET               startup_stm32f10x_hd.o
    0x08000130   0x00000000   Code   RO         1128  * .ARM.Collect$$$$00000000  entry.o(mc_w.l)
    0x08000130   0x00000004   Code   RO         1131    .ARM.Collect$$$$00000001  entry2.o(mc_w.l)
    0x08000134   0x00000004   Code   RO         1134    .ARM.Collect$$$$00000004  entry5.o(mc_w.l)
    0x08000138   0x00000008   Code   RO         1135    .ARM.Collect$$$$00000007  entry7.o(mc_w.l)
    0x08000140   0x00000004   Code   RO         1132    .ARM.Collect$$$$00002712  entry2.o(mc_w.l)
    0x08000144   0x00000024   Code   RO          167    .text               startup_stm32f10x_hd.o
    0x08000168   0x00000024   Code   RO         1136    .text               init.o(mc_w.l)
    0x0800018c   0x00000070   Code   RO          275    i.All_Send_Data_Right_Move  ir01f_ic_ data_inout _driver.o
    0x080001fc   0x00000004   Code   RO          171    i.BusFault_Handler  stm32f10x_it.o
    0x08000200   0x00000002   Code   RO          172    i.DebugMon_Handler  stm32f10x_it.o
    0x08000202   0x0000001e   Code   RO          394    i.DelayTime         ir01f_ic_ driver.o
    0x08000220   0x00000002   Code   RO          173    i.EXTI1_IRQHandler  stm32f10x_it.o
    0x08000222   0x00000110   Code   RO          637    i.GPIO_Init         stm32f10x_gpio.o
    0x08000332   0x00000012   Code   RO          641    i.GPIO_ReadInputDataBit  stm32f10x_gpio.o
    0x08000344   0x00000004   Code   RO          644    i.GPIO_ResetBits    stm32f10x_gpio.o
    0x08000348   0x00000004   Code   RO          645    i.GPIO_SetBits      stm32f10x_gpio.o
    0x0800034c   0x00000078   Code   RO          395    i.GetACKSign        ir01f_ic_ driver.o
    0x080003c4   0x00000010   Code   RO          397    i.GetBUSYStatus     ir01f_ic_ driver.o
    0x080003d4   0x00000010   Code   RO          398    i.GetDINStatus      ir01f_ic_ driver.o
    0x080003e4   0x0000008c   Code   RO          276    i.Get_Learn_Data    ir01f_ic_ data_inout _driver.o
    0x08000470   0x00000004   Code   RO          174    i.HardFault_Handler  stm32f10x_it.o
    0x08000474   0x00000016   Code   RO          399    i.I2CClose          ir01f_ic_ driver.o
    0x0800048a   0x0000001e   Code   RO          400    i.I2COpen           ir01f_ic_ driver.o
    0x080004a8   0x0000005c   Code   RO          401    i.I2CReadData       ir01f_ic_ driver.o
    0x08000504   0x00000072   Code   RO          402    i.I2CStart          ir01f_ic_ driver.o
    0x08000576   0x00000030   Code   RO          403    i.I2CStop           ir01f_ic_ driver.o
    0x080005a6   0x00000058   Code   RO          404    i.I2CWriteData      ir01f_ic_ driver.o
    0x080005fe   0x0000001c   Code   RO            1    i.ID_Delay_ms       main.o
    0x0800061a   0x00000024   Code   RO          405    i.IR01F_Init_Cfg    ir01f_ic_ driver.o
    0x0800063e   0x00000070   Code   RO          406    i.IR_Learn_Start    ir01f_ic_ driver.o
    0x080006ae   0x00000002   PAD
    0x080006b0   0x00000a50   Code   RO          277    i.JudgeToggleBit    ir01f_ic_ data_inout _driver.o
    0x08001100   0x00000004   Code   RO          175    i.MemManage_Handler  stm32f10x_it.o
    0x08001104   0x00000182   Code   RO          278    i.Modifywave        ir01f_ic_ data_inout _driver.o
    0x08001286   0x00000002   Code   RO          176    i.NMI_Handler       stm32f10x_it.o
    0x08001288   0x00000002   Code   RO          177    i.PendSV_Handler    stm32f10x_it.o
    0x0800128a   0x00000002   PAD
    0x0800128c   0x00000020   Code   RO          749    i.RCC_APB2PeriphClockCmd  stm32f10x_rcc.o
    0x080012ac   0x000000d4   Code   RO          757    i.RCC_GetClocksFreq  stm32f10x_rcc.o
    0x08001380   0x00000058   Code   RO          279    i.Reload_Data_Buff  ir01f_ic_ data_inout _driver.o
    0x080013d8   0x00000020   Code   RO          407    i.RemoteDelayms     ir01f_ic_ driver.o
    0x080013f8   0x00000002   Code   RO          178    i.SDIO_IRQHandler   stm32f10x_it.o
    0x080013fa   0x00000002   Code   RO          179    i.SVC_Handler       stm32f10x_it.o
    0x080013fc   0x00000026   Code   RO          408    i.SendACKSign       ir01f_ic_ driver.o
    0x08001422   0x0000006e   Code   RO          409    i.Send_IR_Data      ir01f_ic_ driver.o
    0x08001490   0x0000001c   Code   RO          411    i.SetBUSYInput      ir01f_ic_ driver.o
    0x080014ac   0x00000010   Code   RO          414    i.SetSCLHigh        ir01f_ic_ driver.o
    0x080014bc   0x00000010   Code   RO          416    i.SetSCLLow         ir01f_ic_ driver.o
    0x080014cc   0x0000001c   Code   RO          417    i.SetSCLOutput      ir01f_ic_ driver.o
    0x080014e8   0x00000010   Code   RO          418    i.SetSDAHigh        ir01f_ic_ driver.o
    0x080014f8   0x0000001c   Code   RO          419    i.SetSDAInput       ir01f_ic_ driver.o
    0x08001514   0x00000010   Code   RO          420    i.SetSDALow         ir01f_ic_ driver.o
    0x08001524   0x0000001c   Code   RO          421    i.SetSDAOutput      ir01f_ic_ driver.o
    0x08001540   0x00000008   Code   RO           99    i.SetSysClock       system_stm32f10x.o
    0x08001548   0x000000c8   Code   RO          100    i.SetSysClockTo72   system_stm32f10x.o
    0x08001610   0x00000030   Code   RO          422    i.Set_BUSY_IO       ir01f_ic_ driver.o
    0x08001640   0x00000030   Code   RO          423    i.Set_SCL_IO        ir01f_ic_ driver.o
    0x08001670   0x00000030   Code   RO          424    i.Set_SDA_IO        ir01f_ic_ driver.o
    0x080016a0   0x00000064   Code   RO          280    i.Some_Data_Right_Move1  ir01f_ic_ data_inout _driver.o
    0x08001704   0x00000002   Code   RO          180    i.SysTick_Handler   stm32f10x_it.o
    0x08001706   0x00000002   PAD
    0x08001708   0x00000060   Code   RO          102    i.SystemInit        system_stm32f10x.o
    0x08001768   0x00000018   Code   RO          949    i.USART_Cmd         stm32f10x_usart.o
    0x08001780   0x00000090   Code   RO            2    i.USART_Configuration  main.o
    0x08001810   0x0000001a   Code   RO          952    i.USART_GetFlagStatus  stm32f10x_usart.o
    0x0800182a   0x00000048   Code   RO          955    i.USART_ITConfig    stm32f10x_usart.o
    0x08001872   0x00000002   PAD
    0x08001874   0x000000d8   Code   RO          956    i.USART_Init        stm32f10x_usart.o
    0x0800194c   0x00000030   Code   RO            3    i.USART_OUT         main.o
    0x0800197c   0x00000008   Code   RO          966    i.USART_SendData    stm32f10x_usart.o
    0x08001984   0x00000002   Code   RO          181    i.USB_HP_CAN1_TX_IRQHandler  stm32f10x_it.o
    0x08001986   0x00000002   Code   RO          182    i.USB_LP_CAN1_RX0_IRQHandler  stm32f10x_it.o
    0x08001988   0x00000004   Code   RO          183    i.UsageFault_Handler  stm32f10x_it.o
    0x0800198c   0x0000000e   Code   RO         1140    i.__scatterload_copy  handlers.o(mc_w.l)
    0x0800199a   0x00000002   Code   RO         1141    i.__scatterload_null  handlers.o(mc_w.l)
    0x0800199c   0x0000000e   Code   RO         1142    i.__scatterload_zeroinit  handlers.o(mc_w.l)
    0x080019aa   0x0000001a   Code   RO          281    i.acmpbandc         ir01f_ic_ data_inout _driver.o
    0x080019c4   0x0000095c   Code   RO          282    i.changetogglebit   ir01f_ic_ data_inout _driver.o
    0x08002320   0x00000072   Code   RO          283    i.cmpaequbtog       ir01f_ic_ data_inout _driver.o
    0x08002392   0x00000076   Code   RO          284    i.cmpdata           ir01f_ic_ data_inout _driver.o
    0x08002408   0x0000005e   Code   RO          285    i.compdata          ir01f_ic_ data_inout _driver.o
    0x08002466   0x0000015c   Code   RO          286    i.delfeng           ir01f_ic_ data_inout _driver.o
    0x080025c2   0x0000005e   Code   RO          287    i.get_remote_study_data  ir01f_ic_ data_inout _driver.o
    0x08002620   0x000002f6   Code   RO          288    i.getfigure         ir01f_ic_ data_inout _driver.o
    0x08002916   0x00000072   Code   RO          289    i.judgesame         ir01f_ic_ data_inout _driver.o
    0x08002988   0x00000040   Code   RO          290    i.keytogglebit      ir01f_ic_ data_inout _driver.o
    0x080029c8   0x000000cc   Code   RO            4    i.main              main.o
    0x08002a94   0x000001c8   Code   RO          291    i.modifywavem708    ir01f_ic_ data_inout _driver.o
    0x08002c5c   0x000000ec   Code   RO          425    i.readI2C           ir01f_ic_ driver.o
    0x08002d48   0x0000009c   Code   RO          292    i.send_remote_study_data  ir01f_ic_ data_inout _driver.o
    0x08002de4   0x000002cf   Data   RO          294    .constdata          ir01f_ic_ data_inout _driver.o
    0x080030b3   0x00000001   PAD
    0x080030b4   0x00000020   Data   RO         1138    Region$$Table       anon$$obj.o


    Execution Region RW_IRAM1 (Base: 0x20000000, Size: 0x00000508, Max: 0x0000c000, ABSOLUTE)

    Base Addr    Size         Type   Attr      Idx    E Section Name        Object

    0x20000000   0x00000001   Data   RW            6    .data               main.o
    0x20000001   0x00000003   PAD
    0x20000004   0x0000000c   Data   RW          295    .data               ir01f_ic_ data_inout _driver.o
    0x20000010   0x00000004   Data   RW          426    .data               ir01f_ic_ driver.o
    0x20000014   0x00000014   Data   RW          777    .data               stm32f10x_rcc.o
    0x20000028   0x00000070   Zero   RW            5    .bss                main.o
    0x20000098   0x00000070   Zero   RW          293    .bss                ir01f_ic_ data_inout _driver.o
    0x20000108   0x00000400   Zero   RW          164    STACK               startup_stm32f10x_hd.o


==============================================================================

Image component sizes


      Code (inc. data)   RO Data    RW Data    ZI Data      Debug   Object Name

         0          0          0          0          0         20   core_cm3.o
      8204        106        719         12        112      24556   ir01f_ic_ data_inout _driver.o
      1460         80          0          4          0      17010   ir01f_ic_ driver.o
       424         26          0          1        112     224900   main.o
        36          8        304          0       1024        588   startup_stm32f10x_hd.o
       298          0          0          0          0       3864   stm32f10x_gpio.o
        34          0          0          0          0     209552   stm32f10x_it.o
       244         24          0         20          0       4049   stm32f10x_rcc.o
       346          6          0          0          0      11185   stm32f10x_usart.o
       304         26          0          0          0      19341   system_stm32f10x.o

    ----------------------------------------------------------------------
     11358        276       1056         40       1248     515065   Object Totals
         0          0         32          0          0          0   (incl. Generated)
         8          0          1          3          0          1   (incl. Padding)

    ----------------------------------------------------------------------

      Code (inc. data)   RO Data    RW Data    ZI Data      Debug   Library Member Name

         0          0          0          0          0          0   entry.o
         8          4          0          0          0          0   entry2.o
         4          0          0          0          0          0   entry5.o
         8          4          0          0          0          0   entry7.o
        30          0          0          0          0          0   handlers.o
        36          8          0          0          0         68   init.o

    ----------------------------------------------------------------------
        86         16          0          0          0         68   Library Totals
         0          0          0          0          0          0   (incl. Padding)

    ----------------------------------------------------------------------

      Code (inc. data)   RO Data    RW Data    ZI Data      Debug   Library Name

        86         16          0          0          0         68   mc_w.l

    ----------------------------------------------------------------------
        86         16          0          0          0         68   Library Totals

    ----------------------------------------------------------------------

==============================================================================


      Code (inc. data)   RO Data    RW Data    ZI Data      Debug   

     11444        292       1056         40       1248     511484   Grand Totals
     11444        292       1056         40       1248     511484   ELF Image Totals
     11444        292       1056         40          0          0   ROM Totals

==============================================================================

    Total RO  Size (Code + RO Data)                12500 (  12.21kB)
    Total RW  Size (RW Data + ZI Data)              1288 (   1.26kB)
    Total ROM Size (Code + RO Data + RW Data)      12540 (  12.25kB)

==============================================================================

