ARM Linker, 4.1 [Build 481] [Standard]

==============================================================================

Section Cross References

    stm32f10x.o(STACK) refers (Special) to heapauxi.o(.text) for __use_two_region_memory
    stm32f10x.o(HEAP) refers (Special) to heapauxi.o(.text) for __use_two_region_memory
    stm32f10x.o(RESET) refers (Special) to heapauxi.o(.text) for __use_two_region_memory
    stm32f10x.o(RESET) refers to stm32f10x.o(STACK) for __initial_sp
    stm32f10x.o(RESET) refers to stm32f10x.o(.text) for Reset_Handler
    stm32f10x.o(RESET) refers to wdg.o(.text) for WWDG_IRQHandler
    stm32f10x.o(RESET) refers to rtc.o(.text) for RTC_IRQHandler
    stm32f10x.o(RESET) refers to wkup.o(.text) for EXTI0_IRQHandler
    stm32f10x.o(RESET) refers to timer.o(.text) for TIM3_IRQHandler
    stm32f10x.o(.text) refers (Special) to heapauxi.o(.text) for __use_two_region_memory
    stm32f10x.o(.text) refers to __main.o(!!!main) for __main
    stm32f10x.o(.text) refers to stm32f10x.o(HEAP) for Heap_Mem
    stm32f10x.o(.text) refers to stm32f10x.o(STACK) for Stack_Mem
    test.o(.text) refers to sys.o(.text) for Stm32_Clock_Init
    test.o(.text) refers to delay.o(.text) for delay_init
    test.o(.text) refers to usart.o(.text) for uart_init
    test.o(.text) refers to led.o(.text) for LED_Init
    test.o(.text) refers to ili93xx.o(.text) for LCD_Init
    test.o(.text) refers to adc.o(.text) for Adc_Init
    test.o(.text) refers to fflt_clz.o(x$fpl$ffltu) for __aeabi_ui2f
    test.o(.text) refers to f2d.o(x$fpl$f2d) for __aeabi_f2d
    test.o(.text) refers to dmul.o(x$fpl$dmul) for __aeabi_dmul
    test.o(.text) refers to d2f.o(x$fpl$d2f) for __aeabi_d2f
    test.o(.text) refers to ffixu.o(x$fpl$ffixu) for __aeabi_f2uiz
    test.o(.text) refers to faddsub_clz.o(x$fpl$frsb) for __aeabi_frsub
    test.o(.text) refers to fmul.o(x$fpl$fmul) for __aeabi_fmul
    test.o(.text) refers to daddsub_clz.o(x$fpl$drsb) for __aeabi_drsub
    test.o(.text) refers to ddiv.o(x$fpl$ddiv) for __aeabi_ddiv
    test.o(.text) refers to daddsub_clz.o(x$fpl$dadd) for __aeabi_dadd
    test.o(.text) refers to ili93xx.o(.data) for POINT_COLOR
    delay.o(.text) refers to delay.o(.data) for fac_us
    sys.o(.text) refers to sys.o(.emb_text) for WFI_SET
    usart.o(.text) refers (Special) to use_no_semi_2.o(.text) for __use_no_semihosting
    usart.o(.text) refers to fflt_clz.o(x$fpl$ffltu) for __aeabi_ui2f
    usart.o(.text) refers to fdiv.o(x$fpl$fdiv) for __aeabi_fdiv
    usart.o(.text) refers to ffixu.o(x$fpl$ffixu) for __aeabi_f2uiz
    usart.o(.text) refers to faddsub_clz.o(x$fpl$frsb) for __aeabi_frsub
    usart.o(.text) refers to fmul.o(x$fpl$fmul) for __aeabi_fmul
    usart.o(.data) refers (Special) to use_no_semi_2.o(.text) for __use_no_semihosting
    key.o(.text) refers to sys.o(.text) for JTAG_Set
    key.o(.text) refers to delay.o(.text) for delay_ms
    key.o(.text) refers to key.o(.data) for key_up
    wdg.o(.text) refers to sys.o(.text) for MY_NVIC_Init
    wdg.o(.text) refers to wdg.o(.data) for WWDG_CNT
    timer.o(.text) refers to sys.o(.text) for MY_NVIC_Init
    ili93xx.o(.text) refers to _printf_percent.o(.ARM.Collect$$_printf_percent$$00000000) for _printf_percent
    ili93xx.o(.text) refers to _printf_x.o(.ARM.Collect$$_printf_percent$$0000000C) for _printf_x
    ili93xx.o(.text) refers to _printf_hex_int.o(.text) for _printf_longlong_hex
    ili93xx.o(.text) refers to delay.o(.text) for delay_us
    ili93xx.o(.text) refers to ili93xx.o(i.LCD_SetCursor) for LCD_SetCursor
    ili93xx.o(.text) refers to sys.o(.text) for JTAG_Set
    ili93xx.o(.text) refers to noretval__2printf.o(.text) for __2printf
    ili93xx.o(.text) refers to ili93xx.o(.data) for DeviceCode
    ili93xx.o(.text) refers to ili93xx.o(.constdata) for asc2_1206
    rtc.o(.text) refers to delay.o(.text) for delay_ms
    rtc.o(.text) refers to rtc.o(.constdata) for table_week
    rtc.o(.text) refers to rtc.o(.data) for daycnt
    rtc.o(.text) refers to rtc.o(.bss) for timer
    rtc.o(.text) refers to sys.o(.text) for MY_NVIC_Init
    wkup.o(.text) refers to sys.o(.text) for Sys_Standby
    wkup.o(.text) refers to delay.o(.text) for delay_ms
    adc.o(.text) refers to delay.o(.text) for delay_ms
    use_no_semi_2.o(.text) refers (Special) to use_no_semi.o(.text) for __use_no_semihosting_swi
    __2printf.o(.text) refers to _printf_char_file.o(.text) for _printf_char_file
    __2printf.o(.text) refers to usart.o(.data) for __stdout
    noretval__2printf.o(.text) refers to _printf_char_file.o(.text) for _printf_char_file
    noretval__2printf.o(.text) refers to usart.o(.data) for __stdout
    __printf.o(.text) refers to _printf_percent.o(.ARM.Collect$$_printf_percent$$00000000) for _printf_percent
    _printf_hex_ll.o(.text) refers to _printf_intcommon.o(.text) for _printf_int_common
    _printf_hex_ll.o(.text) refers to _printf_hex_ll.o(.constdata) for .constdata
    _printf_hex_int.o(.text) refers to _printf_intcommon.o(.text) for _printf_int_common
    _printf_hex_int.o(.text) refers to _printf_hex_int.o(.constdata) for .constdata
    _printf_hex_int_ll.o(.text) refers to _printf_intcommon.o(.text) for _printf_int_common
    _printf_hex_int_ll.o(.text) refers to _printf_hex_int_ll.o(.constdata) for .constdata
    _printf_hex_ptr.o(.text) refers to _printf_intcommon.o(.text) for _printf_int_common
    _printf_hex_ptr.o(.text) refers to _printf_hex_ptr.o(.constdata) for .constdata
    _printf_hex_int_ptr.o(.text) refers to _printf_intcommon.o(.text) for _printf_int_common
    _printf_hex_int_ptr.o(.text) refers to _printf_hex_int_ptr.o(.constdata) for .constdata
    _printf_hex_ll_ptr.o(.text) refers to _printf_intcommon.o(.text) for _printf_int_common
    _printf_hex_ll_ptr.o(.text) refers to _printf_hex_ll_ptr.o(.constdata) for .constdata
    _printf_hex_int_ll_ptr.o(.text) refers to _printf_intcommon.o(.text) for _printf_int_common
    _printf_hex_int_ll_ptr.o(.text) refers to _printf_hex_int_ll_ptr.o(.constdata) for .constdata
    __printf_flags.o(.text) refers to _printf_percent.o(.ARM.Collect$$_printf_percent$$00000000) for _printf_percent
    __printf_flags.o(.text) refers to __printf_flags.o(.constdata) for .constdata
    __printf_ss.o(.text) refers to _printf_percent.o(.ARM.Collect$$_printf_percent$$00000000) for _printf_percent
    __printf_flags_ss.o(.text) refers to _printf_percent.o(.ARM.Collect$$_printf_percent$$00000000) for _printf_percent
    __printf_flags_ss.o(.text) refers to __printf_flags_ss.o(.constdata) for .constdata
    __printf_wp.o(.text) refers to _printf_percent.o(.ARM.Collect$$_printf_percent$$00000000) for _printf_percent
    __printf_flags_wp.o(.text) refers to _printf_percent.o(.ARM.Collect$$_printf_percent$$00000000) for _printf_percent
    __printf_flags_wp.o(.text) refers to __printf_flags_wp.o(.constdata) for .constdata
    __printf_ss_wp.o(.text) refers to _printf_percent.o(.ARM.Collect$$_printf_percent$$00000000) for _printf_percent
    __printf_flags_ss_wp.o(.text) refers to _printf_percent.o(.ARM.Collect$$_printf_percent$$00000000) for _printf_percent
    __printf_flags_ss_wp.o(.text) refers to __printf_flags_ss_wp.o(.constdata) for .constdata
    _printf_x.o(.ARM.Collect$$_printf_percent$$0000000C) refers (Weak) to _printf_hex_int.o(.text) for _printf_int_hex
    _printf_percent.o(.ARM.Collect$$_printf_percent$$00000000) refers (Special) to _printf_percent_end.o(.ARM.Collect$$_printf_percent$$00000017) for _printf_percent_end
    __main.o(!!!main) refers to rtentry.o(.ARM.Collect$$rtentry$$00000000) for __rt_entry
    d2f.o(x$fpl$d2f) refers (Special) to usenofp.o(x$fpl$usenofp) for __I$use$fp
    d2f.o(x$fpl$d2f) refers to fretinf.o(x$fpl$fretinf) for __fpl_fretinf
    d2f.o(x$fpl$d2f) refers to dnaninf.o(x$fpl$dnaninf) for __fpl_dnaninf
    daddsub_clz.o(x$fpl$dadd) refers (Special) to usenofp.o(x$fpl$usenofp) for __I$use$fp
    daddsub_clz.o(x$fpl$dadd) refers to daddsub_clz.o(x$fpl$dsub) for _dsub1
    daddsub_clz.o(x$fpl$dadd) refers to dretinf.o(x$fpl$dretinf) for __fpl_dretinf
    daddsub_clz.o(x$fpl$dadd) refers to dnaninf.o(x$fpl$dnaninf) for __fpl_dnaninf
    daddsub_clz.o(x$fpl$drsb) refers (Special) to usenofp.o(x$fpl$usenofp) for __I$use$fp
    daddsub_clz.o(x$fpl$drsb) refers to daddsub_clz.o(x$fpl$dadd) for _dadd1
    daddsub_clz.o(x$fpl$drsb) refers to daddsub_clz.o(x$fpl$dsub) for _dsub1
    daddsub_clz.o(x$fpl$dsub) refers (Special) to usenofp.o(x$fpl$usenofp) for __I$use$fp
    daddsub_clz.o(x$fpl$dsub) refers to daddsub_clz.o(x$fpl$dadd) for _dadd1
    daddsub_clz.o(x$fpl$dsub) refers to dnaninf.o(x$fpl$dnaninf) for __fpl_dnaninf
    ddiv.o(x$fpl$drdiv) refers (Special) to usenofp.o(x$fpl$usenofp) for __I$use$fp
    ddiv.o(x$fpl$drdiv) refers to ddiv.o(x$fpl$ddiv) for ddiv_entry
    ddiv.o(x$fpl$ddiv) refers (Special) to usenofp.o(x$fpl$usenofp) for __I$use$fp
    ddiv.o(x$fpl$ddiv) refers to dretinf.o(x$fpl$dretinf) for __fpl_dretinf
    ddiv.o(x$fpl$ddiv) refers to dnaninf.o(x$fpl$dnaninf) for __fpl_dnaninf
    dmul.o(x$fpl$dmul) refers (Special) to usenofp.o(x$fpl$usenofp) for __I$use$fp
    dmul.o(x$fpl$dmul) refers to dretinf.o(x$fpl$dretinf) for __fpl_dretinf
    dmul.o(x$fpl$dmul) refers to dnaninf.o(x$fpl$dnaninf) for __fpl_dnaninf
    f2d.o(x$fpl$f2d) refers (Special) to usenofp.o(x$fpl$usenofp) for __I$use$fp
    f2d.o(x$fpl$f2d) refers to fnaninf.o(x$fpl$fnaninf) for __fpl_fnaninf
    f2d.o(x$fpl$f2d) refers to dretinf.o(x$fpl$dretinf) for __fpl_dretinf
    faddsub_clz.o(x$fpl$fadd) refers (Special) to usenofp.o(x$fpl$usenofp) for __I$use$fp
    faddsub_clz.o(x$fpl$fadd) refers to faddsub_clz.o(x$fpl$fsub) for _fsub1
    faddsub_clz.o(x$fpl$fadd) refers to fretinf.o(x$fpl$fretinf) for __fpl_fretinf
    faddsub_clz.o(x$fpl$fadd) refers to fnaninf.o(x$fpl$fnaninf) for __fpl_fnaninf
    faddsub_clz.o(x$fpl$frsb) refers (Special) to usenofp.o(x$fpl$usenofp) for __I$use$fp
    faddsub_clz.o(x$fpl$frsb) refers to faddsub_clz.o(x$fpl$fadd) for _fadd1
    faddsub_clz.o(x$fpl$frsb) refers to faddsub_clz.o(x$fpl$fsub) for _fsub1
    faddsub_clz.o(x$fpl$fsub) refers (Special) to usenofp.o(x$fpl$usenofp) for __I$use$fp
    faddsub_clz.o(x$fpl$fsub) refers to faddsub_clz.o(x$fpl$fadd) for _fadd1
    faddsub_clz.o(x$fpl$fsub) refers to fnaninf.o(x$fpl$fnaninf) for __fpl_fnaninf
    fdiv.o(x$fpl$frdiv) refers (Special) to usenofp.o(x$fpl$usenofp) for __I$use$fp
    fdiv.o(x$fpl$frdiv) refers to fdiv.o(x$fpl$fdiv) for _fdiv1
    fdiv.o(x$fpl$fdiv) refers (Special) to usenofp.o(x$fpl$usenofp) for __I$use$fp
    fdiv.o(x$fpl$fdiv) refers to fretinf.o(x$fpl$fretinf) for __fpl_fretinf
    fdiv.o(x$fpl$fdiv) refers to fnaninf.o(x$fpl$fnaninf) for __fpl_fnaninf
    ffixu.o(x$fpl$ffixu) refers (Special) to usenofp.o(x$fpl$usenofp) for __I$use$fp
    ffixu.o(x$fpl$ffixu) refers to fnaninf.o(x$fpl$fnaninf) for __fpl_fnaninf
    ffixu.o(x$fpl$ffixur) refers (Special) to usenofp.o(x$fpl$usenofp) for __I$use$fp
    ffixu.o(x$fpl$ffixur) refers to fnaninf.o(x$fpl$fnaninf) for __fpl_fnaninf
    fflt_clz.o(x$fpl$ffltu) refers (Special) to usenofp.o(x$fpl$usenofp) for __I$use$fp
    fflt_clz.o(x$fpl$fflt) refers (Special) to usenofp.o(x$fpl$usenofp) for __I$use$fp
    fflt_clz.o(x$fpl$ffltn) refers (Special) to usenofp.o(x$fpl$usenofp) for __I$use$fp
    fmul.o(x$fpl$fmul) refers (Special) to usenofp.o(x$fpl$usenofp) for __I$use$fp
    fmul.o(x$fpl$fmul) refers to fretinf.o(x$fpl$fretinf) for __fpl_fretinf
    fmul.o(x$fpl$fmul) refers to fnaninf.o(x$fpl$fnaninf) for __fpl_fnaninf
    rtentry.o(.ARM.Collect$$rtentry$$00000000) refers (Special) to rtentry2.o(.ARM.Collect$$rtentry$$0000000A) for __rt_entry_li
    rtentry.o(.ARM.Collect$$rtentry$$00000000) refers (Special) to rtentry2.o(.ARM.Collect$$rtentry$$0000000D) for __rt_entry_main
    rtentry.o(.ARM.Collect$$rtentry$$00000000) refers (Special) to rtentry2.o(.ARM.Collect$$rtentry$$0000000C) for __rt_entry_postli_1
    rtentry.o(.ARM.Collect$$rtentry$$00000000) refers (Special) to rtentry2.o(.ARM.Collect$$rtentry$$00000009) for __rt_entry_postsh_1
    rtentry.o(.ARM.Collect$$rtentry$$00000000) refers (Special) to rtentry2.o(.ARM.Collect$$rtentry$$00000002) for __rt_entry_presh_1
    rtentry.o(.ARM.Collect$$rtentry$$00000000) refers (Special) to rtentry4.o(.ARM.Collect$$rtentry$$00000004) for __rt_entry_sh
    rtentry.o(.ARM.exidx) refers (Special) to rtentry2.o(.ARM.Collect$$rtentry$$0000000A) for __rt_entry_li
    rtentry.o(.ARM.exidx) refers (Special) to rtentry2.o(.ARM.Collect$$rtentry$$0000000D) for __rt_entry_main
    rtentry.o(.ARM.exidx) refers (Special) to rtentry2.o(.ARM.Collect$$rtentry$$0000000C) for __rt_entry_postli_1
    rtentry.o(.ARM.exidx) refers (Special) to rtentry2.o(.ARM.Collect$$rtentry$$00000009) for __rt_entry_postsh_1
    rtentry.o(.ARM.exidx) refers (Special) to rtentry2.o(.ARM.Collect$$rtentry$$00000002) for __rt_entry_presh_1
    rtentry.o(.ARM.exidx) refers (Special) to rtentry4.o(.ARM.Collect$$rtentry$$00000004) for __rt_entry_sh
    rtentry.o(.ARM.exidx) refers to rtentry.o(.ARM.Collect$$rtentry$$00000000) for .ARM.Collect$$rtentry$$00000000
    _printf_char_file.o(.text) refers to _printf_char_common.o(.text) for _printf_char_common
    _printf_char_file.o(.text) refers to ferror.o(.text) for ferror
    _printf_char_file.o(.text) refers to usart.o(.text) for fputc
    dnaninf.o(x$fpl$dnaninf) refers (Special) to usenofp.o(x$fpl$usenofp) for __I$use$fp
    dretinf.o(x$fpl$dretinf) refers (Special) to usenofp.o(x$fpl$usenofp) for __I$use$fp
    fnaninf.o(x$fpl$fnaninf) refers (Special) to usenofp.o(x$fpl$usenofp) for __I$use$fp
    fretinf.o(x$fpl$fretinf) refers (Special) to usenofp.o(x$fpl$usenofp) for __I$use$fp
    rtentry2.o(.ARM.Collect$$rtentry$$00000008) refers to boardinit2.o(.text) for _platform_post_stackheap_init
    rtentry2.o(.ARM.Collect$$rtentry$$0000000A) refers to libinit.o(.ARM.Collect$$libinit$$00000000) for __rt_lib_init
    rtentry2.o(.ARM.Collect$$rtentry$$0000000B) refers to boardinit3.o(.text) for _platform_post_lib_init
    rtentry2.o(.ARM.Collect$$rtentry$$0000000D) refers to test.o(.text) for main
    rtentry2.o(.ARM.Collect$$rtentry$$0000000D) refers to exit.o(.text) for exit
    rtentry2.o(.ARM.exidx) refers to rtentry2.o(.ARM.Collect$$rtentry$$00000001) for .ARM.Collect$$rtentry$$00000001
    rtentry2.o(.ARM.exidx) refers to rtentry2.o(.ARM.Collect$$rtentry$$00000002) for .ARM.Collect$$rtentry$$00000002
    rtentry2.o(.ARM.exidx) refers to rtentry2.o(.ARM.Collect$$rtentry$$00000008) for .ARM.Collect$$rtentry$$00000008
    rtentry2.o(.ARM.exidx) refers to rtentry2.o(.ARM.Collect$$rtentry$$00000009) for .ARM.Collect$$rtentry$$00000009
    rtentry2.o(.ARM.exidx) refers to rtentry2.o(.ARM.Collect$$rtentry$$0000000A) for .ARM.Collect$$rtentry$$0000000A
    rtentry2.o(.ARM.exidx) refers to rtentry2.o(.ARM.Collect$$rtentry$$0000000B) for .ARM.Collect$$rtentry$$0000000B
    rtentry2.o(.ARM.exidx) refers to rtentry2.o(.ARM.Collect$$rtentry$$0000000C) for .ARM.Collect$$rtentry$$0000000C
    rtentry2.o(.ARM.exidx) refers to rtentry2.o(.ARM.Collect$$rtentry$$0000000D) for .ARM.Collect$$rtentry$$0000000D
    rtentry4.o(.ARM.Collect$$rtentry$$00000004) refers to sys_stackheap_outer.o(.text) for __user_setup_stackheap
    rtentry4.o(.ARM.exidx) refers to rtentry4.o(.ARM.Collect$$rtentry$$00000004) for .ARM.Collect$$rtentry$$00000004
    _printf_char_common.o(.text) refers to __printf.o(.text) for __printf
    sys_stackheap_outer.o(.text) refers to libspace.o(.text) for __user_perproc_libspace
    sys_stackheap_outer.o(.text) refers to stm32f10x.o(.text) for __user_initial_stackheap
    exit.o(.text) refers to rtexit.o(.ARM.Collect$$rtexit$$00000000) for __rt_exit
    libinit.o(.ARM.Collect$$libinit$$00000000) refers (Special) to libinit2.o(.ARM.Collect$$libinit$$0000002A) for __rt_lib_init_alloca_1
    libinit.o(.ARM.Collect$$libinit$$00000000) refers (Special) to libinit2.o(.ARM.Collect$$libinit$$00000028) for __rt_lib_init_argv_1
    libinit.o(.ARM.Collect$$libinit$$00000000) refers (Special) to libinit2.o(.ARM.Collect$$libinit$$00000017) for __rt_lib_init_atexit_1
    libinit.o(.ARM.Collect$$libinit$$00000000) refers (Special) to libinit2.o(.ARM.Collect$$libinit$$0000001D) for __rt_lib_init_clock_1
    libinit.o(.ARM.Collect$$libinit$$00000000) refers (Special) to libinit2.o(.ARM.Collect$$libinit$$0000002E) for __rt_lib_init_cpp_1
    libinit.o(.ARM.Collect$$libinit$$00000000) refers (Special) to libinit2.o(.ARM.Collect$$libinit$$0000002C) for __rt_lib_init_exceptions_1
    libinit.o(.ARM.Collect$$libinit$$00000000) refers (Special) to libinit2.o(.ARM.Collect$$libinit$$0000001B) for __rt_lib_init_fp_trap_1
    libinit.o(.ARM.Collect$$libinit$$00000000) refers (Special) to libinit2.o(.ARM.Collect$$libinit$$0000001F) for __rt_lib_init_getenv_1
    libinit.o(.ARM.Collect$$libinit$$00000000) refers (Special) to libinit2.o(.ARM.Collect$$libinit$$00000006) for __rt_lib_init_heap_1
    libinit.o(.ARM.Collect$$libinit$$00000000) refers (Special) to libinit2.o(.ARM.Collect$$libinit$$0000000D) for __rt_lib_init_lc_collate_1
    libinit.o(.ARM.Collect$$libinit$$00000000) refers (Special) to libinit2.o(.ARM.Collect$$libinit$$0000000F) for __rt_lib_init_lc_ctype_1
    libinit.o(.ARM.Collect$$libinit$$00000000) refers (Special) to libinit2.o(.ARM.Collect$$libinit$$00000011) for __rt_lib_init_lc_monetary_1
    libinit.o(.ARM.Collect$$libinit$$00000000) refers (Special) to libinit2.o(.ARM.Collect$$libinit$$00000013) for __rt_lib_init_lc_numeric_1
    libinit.o(.ARM.Collect$$libinit$$00000000) refers (Special) to libinit2.o(.ARM.Collect$$libinit$$00000015) for __rt_lib_init_lc_time_1
    libinit.o(.ARM.Collect$$libinit$$00000000) refers (Special) to libinit2.o(.ARM.Collect$$libinit$$0000000A) for __rt_lib_init_rand_1
    libinit.o(.ARM.Collect$$libinit$$00000000) refers (Special) to libinit2.o(.ARM.Collect$$libinit$$0000002F) for __rt_lib_init_return
    libinit.o(.ARM.Collect$$libinit$$00000000) refers (Special) to libinit2.o(.ARM.Collect$$libinit$$00000019) for __rt_lib_init_signal_1
    libinit.o(.ARM.Collect$$libinit$$00000000) refers (Special) to libinit2.o(.ARM.Collect$$libinit$$00000021) for __rt_lib_init_stdio_1
    libinit.o(.ARM.Collect$$libinit$$00000000) refers (Special) to libinit2.o(.ARM.Collect$$libinit$$00000008) for __rt_lib_init_user_alloc_1
    libinit.o(.ARM.Collect$$libinit$$00000000) refers to fpinit.o(x$fpl$fpinit) for _fp_init
    libspace.o(.text) refers to libspace.o(.bss) for __libspace_start
    rtexit.o(.ARM.Collect$$rtexit$$00000000) refers (Special) to rtexit2.o(.ARM.Collect$$rtexit$$00000004) for __rt_exit_exit
    rtexit.o(.ARM.Collect$$rtexit$$00000000) refers (Special) to rtexit2.o(.ARM.Collect$$rtexit$$00000003) for __rt_exit_ls
    rtexit.o(.ARM.Collect$$rtexit$$00000000) refers (Special) to rtexit2.o(.ARM.Collect$$rtexit$$00000002) for __rt_exit_prels_1
    rtexit.o(.ARM.exidx) refers (Special) to rtexit2.o(.ARM.Collect$$rtexit$$00000004) for __rt_exit_exit
    rtexit.o(.ARM.exidx) refers (Special) to rtexit2.o(.ARM.Collect$$rtexit$$00000003) for __rt_exit_ls
    rtexit.o(.ARM.exidx) refers (Special) to rtexit2.o(.ARM.Collect$$rtexit$$00000002) for __rt_exit_prels_1
    rtexit.o(.ARM.exidx) refers to rtexit.o(.ARM.Collect$$rtexit$$00000000) for .ARM.Collect$$rtexit$$00000000
    libinit2.o(.ARM.Collect$$libinit$$0000000C) refers to libinit2.o(.ARM.Collect$$libinit$$0000000B) for .ARM.Collect$$libinit$$0000000B
    libinit2.o(.ARM.Collect$$libinit$$0000000E) refers to libinit2.o(.ARM.Collect$$libinit$$0000000B) for .ARM.Collect$$libinit$$0000000B
    libinit2.o(.ARM.Collect$$libinit$$00000010) refers to libinit2.o(.ARM.Collect$$libinit$$0000000B) for .ARM.Collect$$libinit$$0000000B
    libinit2.o(.ARM.Collect$$libinit$$00000012) refers to libinit2.o(.ARM.Collect$$libinit$$0000000B) for .ARM.Collect$$libinit$$0000000B
    libinit2.o(.ARM.Collect$$libinit$$00000014) refers to libinit2.o(.ARM.Collect$$libinit$$0000000B) for .ARM.Collect$$libinit$$0000000B
    libinit2.o(.ARM.Collect$$libinit$$00000022) refers to argv_veneer.o(.emb_text) for __ARM_argv_veneer
    libinit2.o(.ARM.Collect$$libinit$$00000023) refers to argv_veneer.o(.emb_text) for __ARM_argv_veneer
    fpinit.o(x$fpl$fpinit) refers to rt_fp_status_addr_intlibspace.o(.text) for __rt_fp_status_addr
    rtexit2.o(.ARM.Collect$$rtexit$$00000003) refers to libshutdown.o(.ARM.Collect$$libshutdown$$00000000) for __rt_lib_shutdown
    rtexit2.o(.ARM.Collect$$rtexit$$00000004) refers to usart.o(.text) for _sys_exit
    rtexit2.o(.ARM.exidx) refers to rtexit2.o(.ARM.Collect$$rtexit$$00000001) for .ARM.Collect$$rtexit$$00000001
    rtexit2.o(.ARM.exidx) refers to rtexit2.o(.ARM.Collect$$rtexit$$00000002) for .ARM.Collect$$rtexit$$00000002
    rtexit2.o(.ARM.exidx) refers to rtexit2.o(.ARM.Collect$$rtexit$$00000003) for .ARM.Collect$$rtexit$$00000003
    rtexit2.o(.ARM.exidx) refers to rtexit2.o(.ARM.Collect$$rtexit$$00000004) for .ARM.Collect$$rtexit$$00000004
    rt_fp_status_addr.o(.text) refers to rt_fp_status_addr.o(.bss) for __rt_fp_status_addr_data
    rt_fp_status_addr_intlibspace.o(.text) refers to libspace.o(.bss) for __libspace_start
    argv_veneer.o(.emb_text) refers to no_argv.o(.text) for __ARM_get_argv
    _get_argv_nomalloc.o(.text) refers (Special) to hrguard.o(.text) for __heap_region$guard
    _get_argv_nomalloc.o(.text) refers to defsig_rtmem_outer.o(.text) for __rt_SIGRTMEM
    _get_argv_nomalloc.o(.text) refers to sys_command.o(.text) for _sys_command_string
    libshutdown.o(.ARM.Collect$$libshutdown$$00000000) refers (Special) to libshutdown2.o(.ARM.Collect$$libshutdown$$00000006) for __rt_lib_shutdown_fp_trap_1
    libshutdown.o(.ARM.Collect$$libshutdown$$00000000) refers (Special) to libshutdown2.o(.ARM.Collect$$libshutdown$$0000000E) for __rt_lib_shutdown_heap_1
    libshutdown.o(.ARM.Collect$$libshutdown$$00000000) refers (Special) to libshutdown2.o(.ARM.Collect$$libshutdown$$0000000F) for __rt_lib_shutdown_return
    libshutdown.o(.ARM.Collect$$libshutdown$$00000000) refers (Special) to libshutdown2.o(.ARM.Collect$$libshutdown$$00000009) for __rt_lib_shutdown_signal_1
    libshutdown.o(.ARM.Collect$$libshutdown$$00000000) refers (Special) to libshutdown2.o(.ARM.Collect$$libshutdown$$00000003) for __rt_lib_shutdown_stdio_1
    libshutdown.o(.ARM.Collect$$libshutdown$$00000000) refers (Special) to libshutdown2.o(.ARM.Collect$$libshutdown$$0000000B) for __rt_lib_shutdown_user_alloc_1
    sys_command.o(.text) refers (Special) to use_no_semi.o(.text) for __I$use$semihosting
    defsig_rtmem_outer.o(.text) refers to defsig_rtmem_inner.o(.text) for __rt_SIGRTMEM_inner
    defsig_rtmem_outer.o(.text) refers to defsig_exit.o(.text) for __sig_exit
    defsig_rtmem_formal.o(.text) refers to rt_raise.o(.text) for __rt_raise
    rt_raise.o(.text) refers to __raise.o(.text) for __raise
    rt_raise.o(.text) refers to usart.o(.text) for _sys_exit
    defsig_exit.o(.text) refers to usart.o(.text) for _sys_exit
    defsig_rtmem_inner.o(.text) refers to defsig_general.o(.text) for __default_signal_display
    __raise.o(.text) refers to defsig.o(CL$$defsig) for __default_signal_handler
    defsig_general.o(.text) refers to sys_wrch.o(.text) for _ttywrch
    sys_wrch.o(.text) refers (Special) to use_no_semi.o(.text) for __I$use$semihosting
    defsig.o(CL$$defsig) refers to defsig_rtmem_inner.o(.text) for __rt_SIGRTMEM_inner
    defsig_abrt_inner.o(.text) refers to defsig_general.o(.text) for __default_signal_display
    defsig_fpe_inner.o(.text) refers to defsig_general.o(.text) for __default_signal_display
    defsig_rtred_inner.o(.text) refers to defsig_general.o(.text) for __default_signal_display
    defsig_stak_inner.o(.text) refers to defsig_general.o(.text) for __default_signal_display
    defsig_pvfn_inner.o(.text) refers to defsig_general.o(.text) for __default_signal_display
    defsig_cppl_inner.o(.text) refers to defsig_general.o(.text) for __default_signal_display
    defsig_segv_inner.o(.text) refers to defsig_general.o(.text) for __default_signal_display
    defsig_other.o(.text) refers to defsig_general.o(.text) for __default_signal_display
    ili93xx.o(i.LCD_SetCursor) refers to ili93xx.o(.text) for LCD_WriteReg
    ili93xx.o(i.LCD_SetCursor) refers to ili93xx.o(.data) for DeviceCode


==============================================================================

Removing Unused input sections from the image.

    Removing key.o(.text), (276 bytes).
    Removing key.o(.data), (1 bytes).

2 unused section(s) (total 277 bytes) removed from the image.

==============================================================================

Image Symbol Table

    Local Symbols

    Symbol Name                              Value     Ov Type        Size  Object(Section)

    ../../angel/boardlib.s                   0x00000000   Number         0  boardshut.o ABSOLUTE
    ../../angel/boardlib.s                   0x00000000   Number         0  boardinit2.o ABSOLUTE
    ../../angel/boardlib.s                   0x00000000   Number         0  boardinit1.o ABSOLUTE
    ../../angel/boardlib.s                   0x00000000   Number         0  boardinit3.o ABSOLUTE
    ../../angel/handlers.s                   0x00000000   Number         0  __scatter_zi.o ABSOLUTE
    ../../angel/handlers.s                   0x00000000   Number         0  __scatter_copy.o ABSOLUTE
    ../../angel/kernel.s                     0x00000000   Number         0  rtentry4.o ABSOLUTE
    ../../angel/kernel.s                     0x00000000   Number         0  rtentry.o ABSOLUTE
    ../../angel/kernel.s                     0x00000000   Number         0  rtexit.o ABSOLUTE
    ../../angel/kernel.s                     0x00000000   Number         0  rtexit2.o ABSOLUTE
    ../../angel/kernel.s                     0x00000000   Number         0  rtentry2.o ABSOLUTE
    ../../angel/rt.s                         0x00000000   Number         0  rt_raise.o ABSOLUTE
    ../../angel/rt.s                         0x00000000   Number         0  rt_fp_status_addr_intlibspace.o ABSOLUTE
    ../../angel/rt.s                         0x00000000   Number         0  rt_fp_status_addr.o ABSOLUTE
    ../../angel/scatter.s                    0x00000000   Number         0  __scatter.o ABSOLUTE
    ../../angel/startup.s                    0x00000000   Number         0  __main.o ABSOLUTE
    ../../angel/sys.s                        0x00000000   Number         0  use_no_semi.o ABSOLUTE
    ../../angel/sys.s                        0x00000000   Number         0  use_no_semi_2.o ABSOLUTE
    ../../angel/sys.s                        0x00000000   Number         0  libspace.o ABSOLUTE
    ../../angel/sys.s                        0x00000000   Number         0  sys_stackheap_outer.o ABSOLUTE
    ../../angel/sysapp.c                     0x00000000   Number         0  sys_wrch.o ABSOLUTE
    ../../angel/sysapp.c                     0x00000000   Number         0  sys_command.o ABSOLUTE
    ../../armsys.c                           0x00000000   Number         0  _get_argv_nomalloc.o ABSOLUTE
    ../../armsys.c                           0x00000000   Number         0  no_argv.o ABSOLUTE
    ../../armsys.c                           0x00000000   Number         0  argv_veneer.o ABSOLUTE
    ../../armsys.c                           0x00000000   Number         0  argv_veneer.o ABSOLUTE
    ../../d2f.s                              0x00000000   Number         0  d2f.o ABSOLUTE
    ../../daddsub.s                          0x00000000   Number         0  daddsub_clz.o ABSOLUTE
    ../../ddiv.s                             0x00000000   Number         0  ddiv.o ABSOLUTE
    ../../dmul.s                             0x00000000   Number         0  dmul.o ABSOLUTE
    ../../dnaninf.s                          0x00000000   Number         0  dnaninf.o ABSOLUTE
    ../../dretinf.s                          0x00000000   Number         0  dretinf.o ABSOLUTE
    ../../f2d.s                              0x00000000   Number         0  f2d.o ABSOLUTE
    ../../faddsub.s                          0x00000000   Number         0  faddsub_clz.o ABSOLUTE
    ../../fdiv.s                             0x00000000   Number         0  fdiv.o ABSOLUTE
    ../../ffixu.s                            0x00000000   Number         0  ffixu.o ABSOLUTE
    ../../fflt.s                             0x00000000   Number         0  fflt_clz.o ABSOLUTE
    ../../fmul.s                             0x00000000   Number         0  fmul.o ABSOLUTE
    ../../fnaninf.s                          0x00000000   Number         0  fnaninf.o ABSOLUTE
    ../../fpinit.s                           0x00000000   Number         0  fpinit.o ABSOLUTE
    ../../fretinf.s                          0x00000000   Number         0  fretinf.o ABSOLUTE
    ../../heapalloc.c                        0x00000000   Number         0  hrguard.o ABSOLUTE
    ../../heapaux.c                          0x00000000   Number         0  heapauxi.o ABSOLUTE
    ../../libinit.s                          0x00000000   Number         0  libinit.o ABSOLUTE
    ../../libinit.s                          0x00000000   Number         0  libinit2.o ABSOLUTE
    ../../libinit.s                          0x00000000   Number         0  libshutdown2.o ABSOLUTE
    ../../libinit.s                          0x00000000   Number         0  libshutdown.o ABSOLUTE
    ../../printf.c                           0x00000000   Number         0  _printf_char_common.o ABSOLUTE
    ../../printf.c                           0x00000000   Number         0  _printf_char_file.o ABSOLUTE
    ../../printf.c                           0x00000000   Number         0  _printf_hex_int.o ABSOLUTE
    ../../printf.c                           0x00000000   Number         0  __2printf.o ABSOLUTE
    ../../printf.c                           0x00000000   Number         0  noretval__2printf.o ABSOLUTE
    ../../printf.c                           0x00000000   Number         0  __printf.o ABSOLUTE
    ../../printf.c                           0x00000000   Number         0  _printf_hex_ll.o ABSOLUTE
    ../../printf.c                           0x00000000   Number         0  __printf_wp.o ABSOLUTE
    ../../printf.c                           0x00000000   Number         0  _printf_hex_int_ll.o ABSOLUTE
    ../../printf.c                           0x00000000   Number         0  _printf_hex_ptr.o ABSOLUTE
    ../../printf.c                           0x00000000   Number         0  _printf_hex_int_ptr.o ABSOLUTE
    ../../printf.c                           0x00000000   Number         0  _printf_hex_ll_ptr.o ABSOLUTE
    ../../printf.c                           0x00000000   Number         0  _printf_hex_int_ll_ptr.o ABSOLUTE
    ../../printf.c                           0x00000000   Number         0  __printf_flags.o ABSOLUTE
    ../../printf.c                           0x00000000   Number         0  __printf_ss.o ABSOLUTE
    ../../printf.c                           0x00000000   Number         0  __printf_flags_ss.o ABSOLUTE
    ../../printf.c                           0x00000000   Number         0  __printf_flags_wp.o ABSOLUTE
    ../../printf.c                           0x00000000   Number         0  __printf_ss_wp.o ABSOLUTE
    ../../printf.c                           0x00000000   Number         0  __printf_flags_ss_wp.o ABSOLUTE
    ../../printf.c                           0x00000000   Number         0  _printf_intcommon.o ABSOLUTE
    ../../printf.c                           0x00000000   Number         0  __printf_nopercent.o ABSOLUTE
    ../../printf_percent.s                   0x00000000   Number         0  _printf_x.o ABSOLUTE
    ../../printf_percent.s                   0x00000000   Number         0  _printf_percent_end.o ABSOLUTE
    ../../printf_percent.s                   0x00000000   Number         0  _printf_percent.o ABSOLUTE
    ../../signal.c                           0x00000000   Number         0  defsig_other.o ABSOLUTE
    ../../signal.c                           0x00000000   Number         0  defsig_cppl_inner.o ABSOLUTE
    ../../signal.c                           0x00000000   Number         0  defsig_rtmem_outer.o ABSOLUTE
    ../../signal.c                           0x00000000   Number         0  defsig_exit.o ABSOLUTE
    ../../signal.c                           0x00000000   Number         0  defsig_rtmem_formal.o ABSOLUTE
    ../../signal.c                           0x00000000   Number         0  defsig_rtmem_inner.o ABSOLUTE
    ../../signal.c                           0x00000000   Number         0  __raise.o ABSOLUTE
    ../../signal.c                           0x00000000   Number         0  defsig_general.o ABSOLUTE
    ../../signal.c                           0x00000000   Number         0  defsig_segv_inner.o ABSOLUTE
    ../../signal.c                           0x00000000   Number         0  defsig_fpe_inner.o ABSOLUTE
    ../../signal.c                           0x00000000   Number         0  defsig_rtred_inner.o ABSOLUTE
    ../../signal.c                           0x00000000   Number         0  defsig_stak_inner.o ABSOLUTE
    ../../signal.c                           0x00000000   Number         0  defsig_pvfn_inner.o ABSOLUTE
    ../../signal.c                           0x00000000   Number         0  defsig_abrt_inner.o ABSOLUTE
    ../../signal.s                           0x00000000   Number         0  defsig.o ABSOLUTE
    ../../stdio.c                            0x00000000   Number         0  ferror.o ABSOLUTE
    ../../stdio.c                            0x00000000   Number         0  ferror_locked.o ABSOLUTE
    ../../stdlib.c                           0x00000000   Number         0  exit.o ABSOLUTE
    ../../usenofp.s                          0x00000000   Number         0  usenofp.o ABSOLUTE
    ..\HARDWARE\ADC\adc.c                    0x00000000   Number         0  adc.o ABSOLUTE
    ..\HARDWARE\KEY\key.c                    0x00000000   Number         0  key.o ABSOLUTE
    ..\HARDWARE\LCD\ILI93xx.c                0x00000000   Number         0  ili93xx.o ABSOLUTE
    ..\HARDWARE\LED\led.c                    0x00000000   Number         0  led.o ABSOLUTE
    ..\HARDWARE\RTC\rtc.c                    0x00000000   Number         0  rtc.o ABSOLUTE
    ..\HARDWARE\TIMER\timer.c                0x00000000   Number         0  timer.o ABSOLUTE
    ..\HARDWARE\WDG\wdg.c                    0x00000000   Number         0  wdg.o ABSOLUTE
    ..\HARDWARE\WKUP\wkup.c                  0x00000000   Number         0  wkup.o ABSOLUTE
    ..\SYSTEM\delay\delay.c                  0x00000000   Number         0  delay.o ABSOLUTE
    ..\SYSTEM\sys\sys.c                      0x00000000   Number         0  sys.o ABSOLUTE
    ..\SYSTEM\usart\usart.c                  0x00000000   Number         0  usart.o ABSOLUTE
    ..\\SYSTEM\\sys\\sys.c                   0x00000000   Number         0  sys.o ABSOLUTE
    STM32F10x.s                              0x00000000   Number         0  stm32f10x.o ABSOLUTE
    dc.s                                     0x00000000   Number         0  dc.o ABSOLUTE
    test.c                                   0x00000000   Number         0  test.o ABSOLUTE
    RESET                                    0x08000000   Section      236  stm32f10x.o(RESET)
    !!!main                                  0x080000ec   Section        8  __main.o(!!!main)
    !!!scatter                               0x080000f4   Section       52  __scatter.o(!!!scatter)
    !!handler_copy                           0x08000128   Section       26  __scatter_copy.o(!!handler_copy)
    !!handler_zi                             0x08000144   Section       28  __scatter_zi.o(!!handler_zi)
    .ARM.Collect$$_printf_percent$$00000000  0x08000160   Section        0  _printf_percent.o(.ARM.Collect$$_printf_percent$$00000000)
    .ARM.Collect$$_printf_percent$$0000000C  0x08000160   Section        6  _printf_x.o(.ARM.Collect$$_printf_percent$$0000000C)
    .ARM.Collect$$_printf_percent$$00000017  0x08000166   Section        4  _printf_percent_end.o(.ARM.Collect$$_printf_percent$$00000017)
    .ARM.Collect$$libinit$$00000000          0x0800016a   Section        6  libinit.o(.ARM.Collect$$libinit$$00000000)
    .ARM.Collect$$libinit$$00000006          0x08000170   Section        0  libinit2.o(.ARM.Collect$$libinit$$00000006)
    .ARM.Collect$$libinit$$00000008          0x08000170   Section        0  libinit2.o(.ARM.Collect$$libinit$$00000008)
    .ARM.Collect$$libinit$$0000000A          0x08000170   Section        0  libinit2.o(.ARM.Collect$$libinit$$0000000A)
    .ARM.Collect$$libinit$$0000000D          0x08000170   Section        0  libinit2.o(.ARM.Collect$$libinit$$0000000D)
    .ARM.Collect$$libinit$$0000000F          0x08000170   Section        0  libinit2.o(.ARM.Collect$$libinit$$0000000F)
    .ARM.Collect$$libinit$$00000011          0x08000170   Section        0  libinit2.o(.ARM.Collect$$libinit$$00000011)
    .ARM.Collect$$libinit$$00000013          0x08000170   Section        0  libinit2.o(.ARM.Collect$$libinit$$00000013)
    .ARM.Collect$$libinit$$00000015          0x08000170   Section        0  libinit2.o(.ARM.Collect$$libinit$$00000015)
    .ARM.Collect$$libinit$$00000017          0x08000170   Section        0  libinit2.o(.ARM.Collect$$libinit$$00000017)
    .ARM.Collect$$libinit$$00000019          0x08000170   Section        0  libinit2.o(.ARM.Collect$$libinit$$00000019)
    .ARM.Collect$$libinit$$0000001B          0x08000170   Section        0  libinit2.o(.ARM.Collect$$libinit$$0000001B)
    .ARM.Collect$$libinit$$0000001D          0x08000170   Section        0  libinit2.o(.ARM.Collect$$libinit$$0000001D)
    .ARM.Collect$$libinit$$0000001F          0x08000170   Section        0  libinit2.o(.ARM.Collect$$libinit$$0000001F)
    .ARM.Collect$$libinit$$00000021          0x08000170   Section        0  libinit2.o(.ARM.Collect$$libinit$$00000021)
    .ARM.Collect$$libinit$$00000028          0x08000170   Section        0  libinit2.o(.ARM.Collect$$libinit$$00000028)
    .ARM.Collect$$libinit$$0000002A          0x08000170   Section        0  libinit2.o(.ARM.Collect$$libinit$$0000002A)
    .ARM.Collect$$libinit$$0000002C          0x08000170   Section        0  libinit2.o(.ARM.Collect$$libinit$$0000002C)
    .ARM.Collect$$libinit$$0000002E          0x08000170   Section        0  libinit2.o(.ARM.Collect$$libinit$$0000002E)
    .ARM.Collect$$libinit$$0000002F          0x08000170   Section        2  libinit2.o(.ARM.Collect$$libinit$$0000002F)
    .ARM.Collect$$libshutdown$$00000000      0x08000172   Section        2  libshutdown.o(.ARM.Collect$$libshutdown$$00000000)
    .ARM.Collect$$libshutdown$$00000003      0x08000174   Section        0  libshutdown2.o(.ARM.Collect$$libshutdown$$00000003)
    .ARM.Collect$$libshutdown$$00000006      0x08000174   Section        0  libshutdown2.o(.ARM.Collect$$libshutdown$$00000006)
    .ARM.Collect$$libshutdown$$00000009      0x08000174   Section        0  libshutdown2.o(.ARM.Collect$$libshutdown$$00000009)
    .ARM.Collect$$libshutdown$$0000000B      0x08000174   Section        0  libshutdown2.o(.ARM.Collect$$libshutdown$$0000000B)
    .ARM.Collect$$libshutdown$$0000000E      0x08000174   Section        0  libshutdown2.o(.ARM.Collect$$libshutdown$$0000000E)
    .ARM.Collect$$libshutdown$$0000000F      0x08000174   Section        2  libshutdown2.o(.ARM.Collect$$libshutdown$$0000000F)
    .ARM.Collect$$rtentry$$00000000          0x08000176   Section        0  rtentry.o(.ARM.Collect$$rtentry$$00000000)
    .ARM.Collect$$rtentry$$00000002          0x08000176   Section        0  rtentry2.o(.ARM.Collect$$rtentry$$00000002)
    .ARM.Collect$$rtentry$$00000004          0x08000176   Section        6  rtentry4.o(.ARM.Collect$$rtentry$$00000004)
    .ARM.Collect$$rtentry$$00000009          0x0800017c   Section        0  rtentry2.o(.ARM.Collect$$rtentry$$00000009)
    .ARM.Collect$$rtentry$$0000000A          0x0800017c   Section        4  rtentry2.o(.ARM.Collect$$rtentry$$0000000A)
    .ARM.Collect$$rtentry$$0000000C          0x08000180   Section        0  rtentry2.o(.ARM.Collect$$rtentry$$0000000C)
    .ARM.Collect$$rtentry$$0000000D          0x08000180   Section        8  rtentry2.o(.ARM.Collect$$rtentry$$0000000D)
    .ARM.Collect$$rtexit$$00000000           0x08000188   Section        2  rtexit.o(.ARM.Collect$$rtexit$$00000000)
    .ARM.Collect$$rtexit$$00000002           0x0800018a   Section        0  rtexit2.o(.ARM.Collect$$rtexit$$00000002)
    .ARM.Collect$$rtexit$$00000003           0x0800018a   Section        4  rtexit2.o(.ARM.Collect$$rtexit$$00000003)
    .ARM.Collect$$rtexit$$00000004           0x0800018e   Section        6  rtexit2.o(.ARM.Collect$$rtexit$$00000004)
    .emb_text                                0x08000194   Section        2  sys.o(.emb_text)
    .text                                    0x08000198   Section       52  stm32f10x.o(.text)
    .text                                    0x080001cc   Section        0  test.o(.text)
    .text                                    0x080003fc   Section        0  delay.o(.text)
    .text                                    0x0800049c   Section        0  sys.o(.text)
    .text                                    0x080007a4   Section        0  usart.o(.text)
    .text                                    0x08000894   Section        0  led.o(.text)
    .text                                    0x08000914   Section        0  wdg.o(.text)
    .text                                    0x08000a34   Section        0  timer.o(.text)
    .text                                    0x08000b88   Section        0  ili93xx.o(.text)
    .text                                    0x08001f74   Section        0  rtc.o(.text)
    .text                                    0x08002518   Section        0  wkup.o(.text)
    .text                                    0x080025fc   Section        0  adc.o(.text)
    .text                                    0x08002818   Section        2  use_no_semi_2.o(.text)
    .text                                    0x0800281c   Section        0  noretval__2printf.o(.text)
    .text                                    0x08002834   Section        0  __printf.o(.text)
    .text                                    0x080028a0   Section        0  _printf_hex_int.o(.text)
    .text                                    0x080028fc   Section        0  heapauxi.o(.text)
    .text                                    0x08002902   Section        2  use_no_semi.o(.text)
    .text                                    0x08002904   Section        0  _printf_intcommon.o(.text)
    .text                                    0x080029b8   Section        0  _printf_char_file.o(.text)
    .text                                    0x080029dc   Section        0  _printf_char_common.o(.text)
    _printf_input_char                       0x080029dd   Thumb Code    10  _printf_char_common.o(.text)
    .text                                    0x08002a0c   Section        0  ferror.o(.text)
    .text                                    0x08002a14   Section       74  sys_stackheap_outer.o(.text)
    .text                                    0x08002a5e   Section        0  exit.o(.text)
    .text                                    0x08002a6c   Section        8  libspace.o(.text)
    .text                                    0x08002a74   Section       12  rt_fp_status_addr_intlibspace.o(.text)
    i.LCD_SetCursor                          0x08002a80   Section        0  ili93xx.o(i.LCD_SetCursor)
    x$fpl$d2f                                0x08002abc   Section       98  d2f.o(x$fpl$d2f)
    x$fpl$dadd                               0x08002b20   Section      332  daddsub_clz.o(x$fpl$dadd)
    _dadd1                                   0x08002b31   Thumb Code     0  daddsub_clz.o(x$fpl$dadd)
    x$fpl$ddiv                               0x08002c6c   Section      688  ddiv.o(x$fpl$ddiv)
    ddiv_entry                               0x08002c73   Thumb Code     0  ddiv.o(x$fpl$ddiv)
    x$fpl$dmul                               0x08002f1c   Section      340  dmul.o(x$fpl$dmul)
    x$fpl$dnaninf                            0x08003070   Section      156  dnaninf.o(x$fpl$dnaninf)
    x$fpl$dretinf                            0x0800310c   Section       12  dretinf.o(x$fpl$dretinf)
    x$fpl$drsb                               0x08003118   Section       22  daddsub_clz.o(x$fpl$drsb)
    x$fpl$dsub                               0x08003130   Section      468  daddsub_clz.o(x$fpl$dsub)
    _dsub1                                   0x08003141   Thumb Code     0  daddsub_clz.o(x$fpl$dsub)
    x$fpl$f2d                                0x08003304   Section       86  f2d.o(x$fpl$f2d)
    x$fpl$fadd                               0x0800335c   Section      196  faddsub_clz.o(x$fpl$fadd)
    _fadd1                                   0x0800336b   Thumb Code     0  faddsub_clz.o(x$fpl$fadd)
    x$fpl$fdiv                               0x08003420   Section      388  fdiv.o(x$fpl$fdiv)
    _fdiv1                                   0x08003421   Thumb Code     0  fdiv.o(x$fpl$fdiv)
    x$fpl$ffixu                              0x080035a4   Section       62  ffixu.o(x$fpl$ffixu)
    x$fpl$ffltu                              0x080035e4   Section       38  fflt_clz.o(x$fpl$ffltu)
    x$fpl$fmul                               0x0800360c   Section      258  fmul.o(x$fpl$fmul)
    x$fpl$fnaninf                            0x0800370e   Section      140  fnaninf.o(x$fpl$fnaninf)
    x$fpl$fpinit                             0x0800379a   Section       14  fpinit.o(x$fpl$fpinit)
    x$fpl$fretinf                            0x080037a8   Section       10  fretinf.o(x$fpl$fretinf)
    x$fpl$frsb                               0x080037b2   Section       20  faddsub_clz.o(x$fpl$frsb)
    x$fpl$fsub                               0x080037c8   Section      234  faddsub_clz.o(x$fpl$fsub)
    _fsub1                                   0x080037d7   Thumb Code     0  faddsub_clz.o(x$fpl$fsub)
    .constdata                               0x080038b2   Section     2660  ili93xx.o(.constdata)
    x$fpl$usenofp                            0x080038b2   Section        0  usenofp.o(x$fpl$usenofp)
    .constdata                               0x08004316   Section       60  rtc.o(.constdata)
    .constdata                               0x08004352   Section       40  _printf_hex_int.o(.constdata)
    uc_hextab                                0x08004352   Data          20  _printf_hex_int.o(.constdata)
    lc_hextab                                0x08004366   Data          20  _printf_hex_int.o(.constdata)
    .data                                    0x20000000   Section        4  delay.o(.data)
    fac_us                                   0x20000000   Data           1  delay.o(.data)
    fac_ms                                   0x20000002   Data           2  delay.o(.data)
    .data                                    0x20000004   Section        4  usart.o(.data)
    .data                                    0x20000008   Section        1  wdg.o(.data)
    .data                                    0x2000000a   Section        6  ili93xx.o(.data)
    .data                                    0x20000010   Section       12  rtc.o(.data)
    daycnt                                   0x20000010   Data           2  rtc.o(.data)
    .bss                                     0x2000001c   Section       10  rtc.o(.bss)
    .bss                                     0x20000028   Section       96  libspace.o(.bss)
    HEAP                                     0x20000088   Section        0  stm32f10x.o(HEAP)
    STACK                                    0x20000088   Section      512  stm32f10x.o(STACK)
    Heap_Mem                                 0x20000088   Data           0  stm32f10x.o(HEAP)
    Stack_Mem                                0x20000088   Data         512  stm32f10x.o(STACK)
    __initial_sp                             0x20000288   Data           0  stm32f10x.o(STACK)

    Global Symbols

    Symbol Name                              Value     Ov Type        Size  Object(Section)

    BuildAttributes$$THM_ISAv4$P$D$K$B$S$PE$A:L22UL41UL21$X:L11$S22US41US21$IEEE1$IW$USESV6$~STKCKD$USESV7$~SHL$OSPACE$ROPI$EBA8$UX$STANDARDLIB$REQ8$PRES8$EABIv2 0x00000000   Number         0  anon$$obj.o ABSOLUTE
    __ARM_use_no_argv                        0x00000000   Number         0  test.o ABSOLUTE
    __ARM_exceptions_init                     - Undefined Weak Reference
    __alloca_initialize                       - Undefined Weak Reference
    __cpp_initialize__aeabi_                  - Undefined Weak Reference
    __cxa_finalize                            - Undefined Weak Reference
    __rt_locale                               - Undefined Weak Reference
    __sigvec_lookup                           - Undefined Weak Reference
    _atexit_init                              - Undefined Weak Reference
    _call_atexit_fns                          - Undefined Weak Reference
    _clock_init                               - Undefined Weak Reference
    _fp_trap_init                             - Undefined Weak Reference
    _fp_trap_shutdown                         - Undefined Weak Reference
    _get_lc_collate                           - Undefined Weak Reference
    _get_lc_ctype                             - Undefined Weak Reference
    _get_lc_monetary                          - Undefined Weak Reference
    _get_lc_numeric                           - Undefined Weak Reference
    _get_lc_time                              - Undefined Weak Reference
    _getenv_init                              - Undefined Weak Reference
    _handle_redirection                       - Undefined Weak Reference
    _init_alloc                               - Undefined Weak Reference
    _init_user_alloc                          - Undefined Weak Reference
    _initio                                   - Undefined Weak Reference
    _mutex_acquire                            - Undefined Weak Reference
    _mutex_release                            - Undefined Weak Reference
    _printf_post_padding                      - Undefined Weak Reference
    _printf_pre_padding                       - Undefined Weak Reference
    _printf_truncate_unsigned                 - Undefined Weak Reference
    _rand_init                                - Undefined Weak Reference
    _signal_finish                            - Undefined Weak Reference
    _signal_init                              - Undefined Weak Reference
    _terminate_alloc                          - Undefined Weak Reference
    _terminate_user_alloc                     - Undefined Weak Reference
    _terminateio                              - Undefined Weak Reference
    __Vectors                                0x08000000   Data           4  stm32f10x.o(RESET)
    __main                                   0x080000ed   Thumb Code     8  __main.o(!!!main)
    __scatterload                            0x080000f5   Thumb Code     0  __scatter.o(!!!scatter)
    __scatterload_rt2                        0x080000f5   Thumb Code    44  __scatter.o(!!!scatter)
    __scatterload_rt2_thumb_only             0x080000f5   Thumb Code     0  __scatter.o(!!!scatter)
    __scatterload_null                       0x08000103   Thumb Code     0  __scatter.o(!!!scatter)
    __scatterload_copy                       0x08000129   Thumb Code    26  __scatter_copy.o(!!handler_copy)
    __scatterload_zeroinit                   0x08000145   Thumb Code    28  __scatter_zi.o(!!handler_zi)
    _printf_percent                          0x08000161   Thumb Code     0  _printf_percent.o(.ARM.Collect$$_printf_percent$$00000000)
    _printf_x                                0x08000161   Thumb Code     0  _printf_x.o(.ARM.Collect$$_printf_percent$$0000000C)
    _printf_percent_end                      0x08000167   Thumb Code     0  _printf_percent_end.o(.ARM.Collect$$_printf_percent$$00000017)
    __rt_lib_init                            0x0800016b   Thumb Code     0  libinit.o(.ARM.Collect$$libinit$$00000000)
    __rt_lib_init_alloca_1                   0x08000171   Thumb Code     0  libinit2.o(.ARM.Collect$$libinit$$0000002A)
    __rt_lib_init_argv_1                     0x08000171   Thumb Code     0  libinit2.o(.ARM.Collect$$libinit$$00000028)
    __rt_lib_init_atexit_1                   0x08000171   Thumb Code     0  libinit2.o(.ARM.Collect$$libinit$$00000017)
    __rt_lib_init_clock_1                    0x08000171   Thumb Code     0  libinit2.o(.ARM.Collect$$libinit$$0000001D)
    __rt_lib_init_cpp_1                      0x08000171   Thumb Code     0  libinit2.o(.ARM.Collect$$libinit$$0000002E)
    __rt_lib_init_exceptions_1               0x08000171   Thumb Code     0  libinit2.o(.ARM.Collect$$libinit$$0000002C)
    __rt_lib_init_fp_trap_1                  0x08000171   Thumb Code     0  libinit2.o(.ARM.Collect$$libinit$$0000001B)
    __rt_lib_init_getenv_1                   0x08000171   Thumb Code     0  libinit2.o(.ARM.Collect$$libinit$$0000001F)
    __rt_lib_init_heap_1                     0x08000171   Thumb Code     0  libinit2.o(.ARM.Collect$$libinit$$00000006)
    __rt_lib_init_lc_collate_1               0x08000171   Thumb Code     0  libinit2.o(.ARM.Collect$$libinit$$0000000D)
    __rt_lib_init_lc_ctype_1                 0x08000171   Thumb Code     0  libinit2.o(.ARM.Collect$$libinit$$0000000F)
    __rt_lib_init_lc_monetary_1              0x08000171   Thumb Code     0  libinit2.o(.ARM.Collect$$libinit$$00000011)
    __rt_lib_init_lc_numeric_1               0x08000171   Thumb Code     0  libinit2.o(.ARM.Collect$$libinit$$00000013)
    __rt_lib_init_lc_time_1                  0x08000171   Thumb Code     0  libinit2.o(.ARM.Collect$$libinit$$00000015)
    __rt_lib_init_rand_1                     0x08000171   Thumb Code     0  libinit2.o(.ARM.Collect$$libinit$$0000000A)
    __rt_lib_init_return                     0x08000171   Thumb Code     0  libinit2.o(.ARM.Collect$$libinit$$0000002F)
    __rt_lib_init_signal_1                   0x08000171   Thumb Code     0  libinit2.o(.ARM.Collect$$libinit$$00000019)
    __rt_lib_init_stdio_1                    0x08000171   Thumb Code     0  libinit2.o(.ARM.Collect$$libinit$$00000021)
    __rt_lib_init_user_alloc_1               0x08000171   Thumb Code     0  libinit2.o(.ARM.Collect$$libinit$$00000008)
    __rt_lib_shutdown                        0x08000173   Thumb Code     0  libshutdown.o(.ARM.Collect$$libshutdown$$00000000)
    __rt_lib_shutdown_fp_trap_1              0x08000175   Thumb Code     0  libshutdown2.o(.ARM.Collect$$libshutdown$$00000006)
    __rt_lib_shutdown_heap_1                 0x08000175   Thumb Code     0  libshutdown2.o(.ARM.Collect$$libshutdown$$0000000E)
    __rt_lib_shutdown_return                 0x08000175   Thumb Code     0  libshutdown2.o(.ARM.Collect$$libshutdown$$0000000F)
    __rt_lib_shutdown_signal_1               0x08000175   Thumb Code     0  libshutdown2.o(.ARM.Collect$$libshutdown$$00000009)
    __rt_lib_shutdown_stdio_1                0x08000175   Thumb Code     0  libshutdown2.o(.ARM.Collect$$libshutdown$$00000003)
    __rt_lib_shutdown_user_alloc_1           0x08000175   Thumb Code     0  libshutdown2.o(.ARM.Collect$$libshutdown$$0000000B)
    __rt_entry                               0x08000177   Thumb Code     0  rtentry.o(.ARM.Collect$$rtentry$$00000000)
    __rt_entry_presh_1                       0x08000177   Thumb Code     0  rtentry2.o(.ARM.Collect$$rtentry$$00000002)
    __rt_entry_sh                            0x08000177   Thumb Code     0  rtentry4.o(.ARM.Collect$$rtentry$$00000004)
    __rt_entry_li                            0x0800017d   Thumb Code     0  rtentry2.o(.ARM.Collect$$rtentry$$0000000A)
    __rt_entry_postsh_1                      0x0800017d   Thumb Code     0  rtentry2.o(.ARM.Collect$$rtentry$$00000009)
    __rt_entry_main                          0x08000181   Thumb Code     0  rtentry2.o(.ARM.Collect$$rtentry$$0000000D)
    __rt_entry_postli_1                      0x08000181   Thumb Code     0  rtentry2.o(.ARM.Collect$$rtentry$$0000000C)
    __rt_exit                                0x08000189   Thumb Code     0  rtexit.o(.ARM.Collect$$rtexit$$00000000)
    __rt_exit_ls                             0x0800018b   Thumb Code     0  rtexit2.o(.ARM.Collect$$rtexit$$00000003)
    __rt_exit_prels_1                        0x0800018b   Thumb Code     0  rtexit2.o(.ARM.Collect$$rtexit$$00000002)
    __rt_exit_exit                           0x0800018f   Thumb Code     0  rtexit2.o(.ARM.Collect$$rtexit$$00000004)
    WFI_SET                                  0x08000195   Thumb Code     2  sys.o(.emb_text)
    Reset_Handler                            0x08000199   Thumb Code     4  stm32f10x.o(.text)
    NMI_Handler                              0x0800019d   Thumb Code     2  stm32f10x.o(.text)
    HardFault_Handler                        0x0800019f   Thumb Code     2  stm32f10x.o(.text)
    MemManage_Handler                        0x080001a1   Thumb Code     2  stm32f10x.o(.text)
    BusFault_Handler                         0x080001a3   Thumb Code     2  stm32f10x.o(.text)
    UsageFault_Handler                       0x080001a5   Thumb Code     2  stm32f10x.o(.text)
    SVC_Handler                              0x080001a7   Thumb Code     2  stm32f10x.o(.text)
    DebugMon_Handler                         0x080001a9   Thumb Code     2  stm32f10x.o(.text)
    PendSV_Handler                           0x080001ab   Thumb Code     2  stm32f10x.o(.text)
    SysTick_Handler                          0x080001ad   Thumb Code     2  stm32f10x.o(.text)
    ADC_IRQHandler                           0x080001af   Thumb Code     0  stm32f10x.o(.text)
    CAN_RX1_IRQHandler                       0x080001af   Thumb Code     0  stm32f10x.o(.text)
    CAN_SCE_IRQHandler                       0x080001af   Thumb Code     0  stm32f10x.o(.text)
    DMAChannel1_IRQHandler                   0x080001af   Thumb Code     0  stm32f10x.o(.text)
    DMAChannel2_IRQHandler                   0x080001af   Thumb Code     0  stm32f10x.o(.text)
    DMAChannel3_IRQHandler                   0x080001af   Thumb Code     0  stm32f10x.o(.text)
    DMAChannel4_IRQHandler                   0x080001af   Thumb Code     0  stm32f10x.o(.text)
    DMAChannel5_IRQHandler                   0x080001af   Thumb Code     0  stm32f10x.o(.text)
    DMAChannel6_IRQHandler                   0x080001af   Thumb Code     0  stm32f10x.o(.text)
    DMAChannel7_IRQHandler                   0x080001af   Thumb Code     0  stm32f10x.o(.text)
    EXTI15_10_IRQHandler                     0x080001af   Thumb Code     0  stm32f10x.o(.text)
    EXTI1_IRQHandler                         0x080001af   Thumb Code     0  stm32f10x.o(.text)
    EXTI2_IRQHandler                         0x080001af   Thumb Code     0  stm32f10x.o(.text)
    EXTI3_IRQHandler                         0x080001af   Thumb Code     0  stm32f10x.o(.text)
    EXTI4_IRQHandler                         0x080001af   Thumb Code     0  stm32f10x.o(.text)
    EXTI9_5_IRQHandler                       0x080001af   Thumb Code     0  stm32f10x.o(.text)
    FLASH_IRQHandler                         0x080001af   Thumb Code     0  stm32f10x.o(.text)
    I2C1_ER_IRQHandler                       0x080001af   Thumb Code     0  stm32f10x.o(.text)
    I2C1_EV_IRQHandler                       0x080001af   Thumb Code     0  stm32f10x.o(.text)
    I2C2_ER_IRQHandler                       0x080001af   Thumb Code     0  stm32f10x.o(.text)
    I2C2_EV_IRQHandler                       0x080001af   Thumb Code     0  stm32f10x.o(.text)
    PVD_IRQHandler                           0x080001af   Thumb Code     0  stm32f10x.o(.text)
    RCC_IRQHandler                           0x080001af   Thumb Code     0  stm32f10x.o(.text)
    RTCAlarm_IRQHandler                      0x080001af   Thumb Code     0  stm32f10x.o(.text)
    SPI1_IRQHandler                          0x080001af   Thumb Code     0  stm32f10x.o(.text)
    SPI2_IRQHandler                          0x080001af   Thumb Code     0  stm32f10x.o(.text)
    TAMPER_IRQHandler                        0x080001af   Thumb Code     0  stm32f10x.o(.text)
    TIM1_BRK_IRQHandler                      0x080001af   Thumb Code     0  stm32f10x.o(.text)
    TIM1_CC_IRQHandler                       0x080001af   Thumb Code     0  stm32f10x.o(.text)
    TIM1_TRG_COM_IRQHandler                  0x080001af   Thumb Code     0  stm32f10x.o(.text)
    TIM1_UP_IRQHandler                       0x080001af   Thumb Code     0  stm32f10x.o(.text)
    TIM2_IRQHandler                          0x080001af   Thumb Code     0  stm32f10x.o(.text)
    TIM4_IRQHandler                          0x080001af   Thumb Code     0  stm32f10x.o(.text)
    USART1_IRQHandler                        0x080001af   Thumb Code     0  stm32f10x.o(.text)
    USART2_IRQHandler                        0x080001af   Thumb Code     0  stm32f10x.o(.text)
    USART3_IRQHandler                        0x080001af   Thumb Code     0  stm32f10x.o(.text)
    USBWakeUp_IRQHandler                     0x080001af   Thumb Code     0  stm32f10x.o(.text)
    USB_HP_CAN_TX_IRQHandler                 0x080001af   Thumb Code     0  stm32f10x.o(.text)
    USB_LP_CAN_RX0_IRQHandler                0x080001af   Thumb Code     0  stm32f10x.o(.text)
    __user_initial_stackheap                 0x080001b1   Thumb Code     0  stm32f10x.o(.text)
    main                                     0x080001cd   Thumb Code   414  test.o(.text)
    delay_init                               0x080003fd   Thumb Code    44  delay.o(.text)
    delay_ms                                 0x08000429   Thumb Code    54  delay.o(.text)
    delay_us                                 0x0800045f   Thumb Code    54  delay.o(.text)
    MY_NVIC_SetVectorTable                   0x0800049d   Thumb Code    12  sys.o(.text)
    MY_NVIC_PriorityGroupConfig              0x080004a9   Thumb Code    42  sys.o(.text)
    MY_NVIC_Init                             0x080004d3   Thumb Code   154  sys.o(.text)
    Ex_NVIC_Config                           0x0800056d   Thumb Code   160  sys.o(.text)
    MYRCC_DeInit                             0x0800060d   Thumb Code    90  sys.o(.text)
    Sys_Standby                              0x08000667   Thumb Code    68  sys.o(.text)
    Sys_Soft_Reset                           0x080006ab   Thumb Code    10  sys.o(.text)
    JTAG_Set                                 0x080006b5   Thumb Code    38  sys.o(.text)
    Stm32_Clock_Init                         0x080006db   Thumb Code   130  sys.o(.text)
    _sys_exit                                0x080007a5   Thumb Code     6  usart.o(.text)
    fputc                                    0x080007ab   Thumb Code    20  usart.o(.text)
    uart_init                                0x080007bf   Thumb Code   182  usart.o(.text)
    LED_Init                                 0x08000895   Thumb Code   110  led.o(.text)
    IWDG_Init                                0x08000915   Thumb Code    28  wdg.o(.text)
    IWDG_Feed                                0x08000931   Thumb Code    10  wdg.o(.text)
    WWDG_Init                                0x0800093b   Thumb Code   134  wdg.o(.text)
    WWDG_Set_Counter                         0x080009c1   Thumb Code    20  wdg.o(.text)
    WWDG_IRQHandler                          0x080009d5   Thumb Code    58  wdg.o(.text)
    TIM3_IRQHandler                          0x08000a35   Thumb Code    44  timer.o(.text)
    Timerx_Init                              0x08000a61   Thumb Code    96  timer.o(.text)
    PWM_Init                                 0x08000ac1   Thumb Code   168  timer.o(.text)
    LCD_WR_REG                               0x08000b89   Thumb Code    32  ili93xx.o(.text)
    LCD_WriteReg                             0x08000ba9   Thumb Code    44  ili93xx.o(.text)
    LCD_ReadReg                              0x08000bd5   Thumb Code   104  ili93xx.o(.text)
    LCD_WriteRAM_Prepare                     0x08000c3d   Thumb Code    10  ili93xx.o(.text)
    LCD_WriteRAM                             0x08000c47   Thumb Code    32  ili93xx.o(.text)
    LCD_BGR2RGB                              0x08000c67   Thumb Code    26  ili93xx.o(.text)
    LCD_ReadPoint                            0x08000c81   Thumb Code   176  ili93xx.o(.text)
    LCD_DisplayOn                            0x08000d31   Thumb Code    14  ili93xx.o(.text)
    LCD_DisplayOff                           0x08000d3f   Thumb Code    12  ili93xx.o(.text)
    LCD_DrawPoint                            0x08000d4b   Thumb Code    58  ili93xx.o(.text)
    LCD_Clear                                0x08000d85   Thumb Code    64  ili93xx.o(.text)
    LCD_Init                                 0x08000dc5   Thumb Code  3366  ili93xx.o(.text)
    LCD_Fill                                 0x08001aeb   Thumb Code   102  ili93xx.o(.text)
    LCD_DrawLine                             0x08001b51   Thumb Code   176  ili93xx.o(.text)
    LCD_DrawRectangle                        0x08001c01   Thumb Code    64  ili93xx.o(.text)
    Draw_Circle                              0x08001c41   Thumb Code   176  ili93xx.o(.text)
    LCD_ShowChar                             0x08001cf1   Thumb Code   268  ili93xx.o(.text)
    mypow                                    0x08001dfd   Thumb Code    22  ili93xx.o(.text)
    LCD_ShowNum                              0x08001e13   Thumb Code   152  ili93xx.o(.text)
    LCD_Show2Num                             0x08001eab   Thumb Code   126  ili93xx.o(.text)
    LCD_ShowString                           0x08001f29   Thumb Code    74  ili93xx.o(.text)
    RTC_Get_Week                             0x08001f75   Thumb Code   114  rtc.o(.text)
    Is_Leap_Year                             0x08001fe7   Thumb Code    58  rtc.o(.text)
    RTC_Get                                  0x08002021   Thumb Code   246  rtc.o(.text)
    RTC_Set                                  0x08002117   Thumb Code   244  rtc.o(.text)
    str_cmpx                                 0x0800220b   Thumb Code    36  rtc.o(.text)
    Auto_Time_Set                            0x0800222f   Thumb Code   256  rtc.o(.text)
    RTC_Init                                 0x0800232f   Thumb Code   400  rtc.o(.text)
    RTC_IRQHandler                           0x080024bf   Thumb Code    72  rtc.o(.text)
    Sys_Enter_Standby                        0x08002519   Thumb Code    20  wkup.o(.text)
    Check_WKUP                               0x0800252d   Thumb Code    72  wkup.o(.text)
    EXTI0_IRQHandler                         0x08002575   Thumb Code    20  wkup.o(.text)
    WKUP_Init                                0x08002589   Thumb Code    90  wkup.o(.text)
    Adc_Init                                 0x080025fd   Thumb Code   394  adc.o(.text)
    Get_Adc                                  0x08002787   Thumb Code    64  adc.o(.text)
    Get_Temp                                 0x080027c7   Thumb Code    42  adc.o(.text)
    __use_no_semihosting                     0x08002819   Thumb Code     2  use_no_semi_2.o(.text)
    __2printf                                0x0800281d   Thumb Code    20  noretval__2printf.o(.text)
    __printf                                 0x08002835   Thumb Code   106  __printf.o(.text)
    _printf_int_hex                          0x080028a1   Thumb Code    88  _printf_hex_int.o(.text)
    _printf_longlong_hex                     0x080028a1   Thumb Code     0  _printf_hex_int.o(.text)
    __use_two_region_memory                  0x080028fd   Thumb Code     2  heapauxi.o(.text)
    __rt_heap_escrow$2region                 0x080028ff   Thumb Code     2  heapauxi.o(.text)
    __rt_heap_expand$2region                 0x08002901   Thumb Code     2  heapauxi.o(.text)
    __I$use$semihosting                      0x08002903   Thumb Code     0  use_no_semi.o(.text)
    __use_no_semihosting_swi                 0x08002903   Thumb Code     2  use_no_semi.o(.text)
    _printf_int_common                       0x08002905   Thumb Code   180  _printf_intcommon.o(.text)
    _printf_char_file                        0x080029b9   Thumb Code    32  _printf_char_file.o(.text)
    _printf_char_common                      0x080029e7   Thumb Code    32  _printf_char_common.o(.text)
    ferror                                   0x08002a0d   Thumb Code     8  ferror.o(.text)
    __user_setup_stackheap                   0x08002a15   Thumb Code    74  sys_stackheap_outer.o(.text)
    exit                                     0x08002a5f   Thumb Code    12  exit.o(.text)
    __user_libspace                          0x08002a6d   Thumb Code     8  libspace.o(.text)
    __user_perproc_libspace                  0x08002a6d   Thumb Code     0  libspace.o(.text)
    __user_perthread_libspace                0x08002a6d   Thumb Code     0  libspace.o(.text)
    __rt_fp_status_addr                      0x08002a75   Thumb Code    12  rt_fp_status_addr_intlibspace.o(.text)
    LCD_SetCursor                            0x08002a81   Thumb Code    54  ili93xx.o(i.LCD_SetCursor)
    __aeabi_d2f                              0x08002abd   Thumb Code     0  d2f.o(x$fpl$d2f)
    _d2f                                     0x08002abd   Thumb Code    98  d2f.o(x$fpl$d2f)
    __aeabi_dadd                             0x08002b21   Thumb Code     0  daddsub_clz.o(x$fpl$dadd)
    _dadd                                    0x08002b21   Thumb Code   328  daddsub_clz.o(x$fpl$dadd)
    __aeabi_ddiv                             0x08002c6d   Thumb Code     0  ddiv.o(x$fpl$ddiv)
    _ddiv                                    0x08002c6d   Thumb Code   552  ddiv.o(x$fpl$ddiv)
    __aeabi_dmul                             0x08002f1d   Thumb Code     0  dmul.o(x$fpl$dmul)
    _dmul                                    0x08002f1d   Thumb Code   332  dmul.o(x$fpl$dmul)
    __fpl_dnaninf                            0x08003071   Thumb Code   156  dnaninf.o(x$fpl$dnaninf)
    __fpl_dretinf                            0x0800310d   Thumb Code    12  dretinf.o(x$fpl$dretinf)
    __aeabi_drsub                            0x08003119   Thumb Code     0  daddsub_clz.o(x$fpl$drsb)
    _drsb                                    0x08003119   Thumb Code    22  daddsub_clz.o(x$fpl$drsb)
    __aeabi_dsub                             0x08003131   Thumb Code     0  daddsub_clz.o(x$fpl$dsub)
    _dsub                                    0x08003131   Thumb Code   464  daddsub_clz.o(x$fpl$dsub)
    __aeabi_f2d                              0x08003305   Thumb Code     0  f2d.o(x$fpl$f2d)
    _f2d                                     0x08003305   Thumb Code    86  f2d.o(x$fpl$f2d)
    __aeabi_fadd                             0x0800335d   Thumb Code     0  faddsub_clz.o(x$fpl$fadd)
    _fadd                                    0x0800335d   Thumb Code   196  faddsub_clz.o(x$fpl$fadd)
    __aeabi_fdiv                             0x08003421   Thumb Code     0  fdiv.o(x$fpl$fdiv)
    _fdiv                                    0x08003421   Thumb Code   384  fdiv.o(x$fpl$fdiv)
    __aeabi_f2uiz                            0x080035a5   Thumb Code     0  ffixu.o(x$fpl$ffixu)
    _ffixu                                   0x080035a5   Thumb Code    62  ffixu.o(x$fpl$ffixu)
    __aeabi_ui2f                             0x080035e5   Thumb Code     0  fflt_clz.o(x$fpl$ffltu)
    _ffltu                                   0x080035e5   Thumb Code    38  fflt_clz.o(x$fpl$ffltu)
    __aeabi_fmul                             0x0800360d   Thumb Code     0  fmul.o(x$fpl$fmul)
    _fmul                                    0x0800360d   Thumb Code   258  fmul.o(x$fpl$fmul)
    __fpl_fnaninf                            0x0800370f   Thumb Code   140  fnaninf.o(x$fpl$fnaninf)
    _fp_init                                 0x0800379b   Thumb Code    14  fpinit.o(x$fpl$fpinit)
    __fplib_config_pureend_doubles           0x080037a7   Thumb Code     0  fpinit.o(x$fpl$fpinit)
    __fpl_fretinf                            0x080037a9   Thumb Code    10  fretinf.o(x$fpl$fretinf)
    __aeabi_frsub                            0x080037b3   Thumb Code     0  faddsub_clz.o(x$fpl$frsb)
    _frsb                                    0x080037b3   Thumb Code    20  faddsub_clz.o(x$fpl$frsb)
    __aeabi_fsub                             0x080037c9   Thumb Code     0  faddsub_clz.o(x$fpl$fsub)
    _fsub                                    0x080037c9   Thumb Code   234  faddsub_clz.o(x$fpl$fsub)
    __I$use$fp                               0x080038b3   Thumb Code     0  usenofp.o(x$fpl$usenofp)
    asc2_1206                                0x080038b2   Data        1140  ili93xx.o(.constdata)
    asc2_1608                                0x08003d26   Data        1520  ili93xx.o(.constdata)
    table_week                               0x08004316   Data          12  rtc.o(.constdata)
    mon_table                                0x08004322   Data          12  rtc.o(.constdata)
    Month_Tab                                0x0800432e   Data          36  rtc.o(.constdata)
    Region$$Table$$Base                      0x0800437c   Number         0  anon$$obj.o(Region$$Table)
    Region$$Table$$Limit                     0x0800439c   Number         0  anon$$obj.o(Region$$Table)
    __stdout                                 0x20000004   Data           4  usart.o(.data)
    WWDG_CNT                                 0x20000008   Data           1  wdg.o(.data)
    POINT_COLOR                              0x2000000a   Data           2  ili93xx.o(.data)
    BACK_COLOR                               0x2000000c   Data           2  ili93xx.o(.data)
    DeviceCode                               0x2000000e   Data           2  ili93xx.o(.data)
    COMPILED_DATE                            0x20000014   Data           4  rtc.o(.data)
    COMPILED_TIME                            0x20000018   Data           4  rtc.o(.data)
    timer                                    0x2000001c   Data          10  rtc.o(.bss)
    __libspace_start                         0x20000028   Data          96  libspace.o(.bss)
    __temporary_stack_top$libspace           0x20000088   Data           0  libspace.o(.bss)



==============================================================================

Memory Map of the image

  Image Entry point : 0x080000ed

  Load Region LR_IROM1 (Base: 0x08000000, Size: 0x000043b8, Max: 0x00040000, ABSOLUTE)

    Execution Region ER_IROM1 (Base: 0x08000000, Size: 0x0000439c, Max: 0x00040000, ABSOLUTE)

    Base Addr    Size         Type   Attr      Idx    E Section Name        Object

    0x08000000   0x000000ec   Data   RO            3    RESET               stm32f10x.o
    0x080000ec   0x00000008   Code   RO          386  * !!!main             c_w.l(__main.o)(c_w.l)
    0x080000f4   0x00000034   Code   RO          606    !!!scatter          c_w.l(__scatter.o)(c_w.l)
    0x08000128   0x0000001a   Code   RO          608    !!handler_copy      c_w.l(__scatter_copy.o)(c_w.l)
    0x08000142   0x00000002   PAD
    0x08000144   0x0000001c   Code   RO          610    !!handler_zi        c_w.l(__scatter_zi.o)(c_w.l)
    0x08000160   0x00000000   Code   RO          383    .ARM.Collect$$_printf_percent$$00000000  c_w.l(_printf_percent.o)(c_w.l)
    0x08000160   0x00000006   Code   RO          382    .ARM.Collect$$_printf_percent$$0000000C  c_w.l(_printf_x.o)(c_w.l)
    0x08000166   0x00000004   Code   RO          434    .ARM.Collect$$_printf_percent$$00000017  c_w.l(_printf_percent_end.o)(c_w.l)
    0x0800016a   0x00000006   Code   RO          480    .ARM.Collect$$libinit$$00000000  c_w.l(libinit.o)(c_w.l)
    0x08000170   0x00000000   Code   RO          488    .ARM.Collect$$libinit$$00000006  c_w.l(libinit2.o)(c_w.l)
    0x08000170   0x00000000   Code   RO          490    .ARM.Collect$$libinit$$00000008  c_w.l(libinit2.o)(c_w.l)
    0x08000170   0x00000000   Code   RO          492    .ARM.Collect$$libinit$$0000000A  c_w.l(libinit2.o)(c_w.l)
    0x08000170   0x00000000   Code   RO          495    .ARM.Collect$$libinit$$0000000D  c_w.l(libinit2.o)(c_w.l)
    0x08000170   0x00000000   Code   RO          497    .ARM.Collect$$libinit$$0000000F  c_w.l(libinit2.o)(c_w.l)
    0x08000170   0x00000000   Code   RO          499    .ARM.Collect$$libinit$$00000011  c_w.l(libinit2.o)(c_w.l)
    0x08000170   0x00000000   Code   RO          501    .ARM.Collect$$libinit$$00000013  c_w.l(libinit2.o)(c_w.l)
    0x08000170   0x00000000   Code   RO          503    .ARM.Collect$$libinit$$00000015  c_w.l(libinit2.o)(c_w.l)
    0x08000170   0x00000000   Code   RO          505    .ARM.Collect$$libinit$$00000017  c_w.l(libinit2.o)(c_w.l)
    0x08000170   0x00000000   Code   RO          507    .ARM.Collect$$libinit$$00000019  c_w.l(libinit2.o)(c_w.l)
    0x08000170   0x00000000   Code   RO          509    .ARM.Collect$$libinit$$0000001B  c_w.l(libinit2.o)(c_w.l)
    0x08000170   0x00000000   Code   RO          511    .ARM.Collect$$libinit$$0000001D  c_w.l(libinit2.o)(c_w.l)
    0x08000170   0x00000000   Code   RO          513    .ARM.Collect$$libinit$$0000001F  c_w.l(libinit2.o)(c_w.l)
    0x08000170   0x00000000   Code   RO          515    .ARM.Collect$$libinit$$00000021  c_w.l(libinit2.o)(c_w.l)
    0x08000170   0x00000000   Code   RO          519    .ARM.Collect$$libinit$$00000028  c_w.l(libinit2.o)(c_w.l)
    0x08000170   0x00000000   Code   RO          521    .ARM.Collect$$libinit$$0000002A  c_w.l(libinit2.o)(c_w.l)
    0x08000170   0x00000000   Code   RO          523    .ARM.Collect$$libinit$$0000002C  c_w.l(libinit2.o)(c_w.l)
    0x08000170   0x00000000   Code   RO          525    .ARM.Collect$$libinit$$0000002E  c_w.l(libinit2.o)(c_w.l)
    0x08000170   0x00000002   Code   RO          526    .ARM.Collect$$libinit$$0000002F  c_w.l(libinit2.o)(c_w.l)
    0x08000172   0x00000002   Code   RO          550    .ARM.Collect$$libshutdown$$00000000  c_w.l(libshutdown.o)(c_w.l)
    0x08000174   0x00000000   Code   RO          561    .ARM.Collect$$libshutdown$$00000003  c_w.l(libshutdown2.o)(c_w.l)
    0x08000174   0x00000000   Code   RO          564    .ARM.Collect$$libshutdown$$00000006  c_w.l(libshutdown2.o)(c_w.l)
    0x08000174   0x00000000   Code   RO          567    .ARM.Collect$$libshutdown$$00000009  c_w.l(libshutdown2.o)(c_w.l)
    0x08000174   0x00000000   Code   RO          569    .ARM.Collect$$libshutdown$$0000000B  c_w.l(libshutdown2.o)(c_w.l)
    0x08000174   0x00000000   Code   RO          572    .ARM.Collect$$libshutdown$$0000000E  c_w.l(libshutdown2.o)(c_w.l)
    0x08000174   0x00000002   Code   RO          573    .ARM.Collect$$libshutdown$$0000000F  c_w.l(libshutdown2.o)(c_w.l)
    0x08000176   0x00000000   Code   RO          428    .ARM.Collect$$rtentry$$00000000  c_w.l(rtentry.o)(c_w.l)
    0x08000176   0x00000000   Code   RO          445    .ARM.Collect$$rtentry$$00000002  c_w.l(rtentry2.o)(c_w.l)
    0x08000176   0x00000006   Code   RO          460    .ARM.Collect$$rtentry$$00000004  c_w.l(rtentry4.o)(c_w.l)
    0x0800017c   0x00000000   Code   RO          447    .ARM.Collect$$rtentry$$00000009  c_w.l(rtentry2.o)(c_w.l)
    0x0800017c   0x00000004   Code   RO          448    .ARM.Collect$$rtentry$$0000000A  c_w.l(rtentry2.o)(c_w.l)
    0x08000180   0x00000000   Code   RO          450    .ARM.Collect$$rtentry$$0000000C  c_w.l(rtentry2.o)(c_w.l)
    0x08000180   0x00000008   Code   RO          451    .ARM.Collect$$rtentry$$0000000D  c_w.l(rtentry2.o)(c_w.l)
    0x08000188   0x00000002   Code   RO          484    .ARM.Collect$$rtexit$$00000000  c_w.l(rtexit.o)(c_w.l)
    0x0800018a   0x00000000   Code   RO          530    .ARM.Collect$$rtexit$$00000002  c_w.l(rtexit2.o)(c_w.l)
    0x0800018a   0x00000004   Code   RO          531    .ARM.Collect$$rtexit$$00000003  c_w.l(rtexit2.o)(c_w.l)
    0x0800018e   0x00000006   Code   RO          532    .ARM.Collect$$rtexit$$00000004  c_w.l(rtexit2.o)(c_w.l)
    0x08000194   0x00000002   Code   RO          167    .emb_text           sys.o
    0x08000196   0x00000002   PAD
    0x08000198   0x00000034   Code   RO            4    .text               stm32f10x.o
    0x080001cc   0x00000230   Code   RO           10    .text               test.o
    0x080003fc   0x000000a0   Code   RO          153    .text               delay.o
    0x0800049c   0x00000308   Code   RO          168    .text               sys.o
    0x080007a4   0x000000f0   Code   RO          183    .text               usart.o
    0x08000894   0x00000080   Code   RO          202    .text               led.o
    0x08000914   0x00000120   Code   RO          227    .text               wdg.o
    0x08000a34   0x00000154   Code   RO          242    .text               timer.o
    0x08000b88   0x000013ea   Code   RO          254    .text               ili93xx.o
    0x08001f72   0x00000002   PAD
    0x08001f74   0x000005a4   Code   RO          289    .text               rtc.o
    0x08002518   0x000000e4   Code   RO          309    .text               wkup.o
    0x080025fc   0x0000021c   Code   RO          321    .text               adc.o
    0x08002818   0x00000002   Code   RO          335    .text               c_w.l(use_no_semi_2.o)(c_w.l)
    0x0800281a   0x00000002   PAD
    0x0800281c   0x00000018   Code   RO          339    .text               c_w.l(noretval__2printf.o)(c_w.l)
    0x08002834   0x0000006a   Code   RO          341    .text               c_w.l(__printf.o)(c_w.l)
    0x0800289e   0x00000002   PAD
    0x080028a0   0x0000005c   Code   RO          346    .text               c_w.l(_printf_hex_int.o)(c_w.l)
    0x080028fc   0x00000006   Code   RO          384    .text               c_w.l(heapauxi.o)(c_w.l)
    0x08002902   0x00000002   Code   RO          426    .text               c_w.l(use_no_semi.o)(c_w.l)
    0x08002904   0x000000b4   Code   RO          430    .text               c_w.l(_printf_intcommon.o)(c_w.l)
    0x080029b8   0x00000024   Code   RO          432    .text               c_w.l(_printf_char_file.o)(c_w.l)
    0x080029dc   0x00000030   Code   RO          462    .text               c_w.l(_printf_char_common.o)(c_w.l)
    0x08002a0c   0x00000008   Code   RO          464    .text               c_w.l(ferror.o)(c_w.l)
    0x08002a14   0x0000004a   Code   RO          468    .text               c_w.l(sys_stackheap_outer.o)(c_w.l)
    0x08002a5e   0x0000000c   Code   RO          472    .text               c_w.l(exit.o)(c_w.l)
    0x08002a6a   0x00000002   PAD
    0x08002a6c   0x00000008   Code   RO          481    .text               c_w.l(libspace.o)(c_w.l)
    0x08002a74   0x0000000c   Code   RO          540    .text               c_w.l(rt_fp_status_addr_intlibspace.o)(c_w.l)
    0x08002a80   0x0000003c   Code   RO          267    i.LCD_SetCursor     ili93xx.o
    0x08002abc   0x00000062   Code   RO          388    x$fpl$d2f           fz_ws.l(d2f.o)(fz_ws.l)
    0x08002b1e   0x00000002   PAD
    0x08002b20   0x0000014c   Code   RO          390    x$fpl$dadd          fz_ws.l(daddsub_clz.o)(fz_ws.l)
    0x08002c6c   0x000002b0   Code   RO          397    x$fpl$ddiv          fz_ws.l(ddiv.o)(fz_ws.l)
    0x08002f1c   0x00000154   Code   RO          400    x$fpl$dmul          fz_ws.l(dmul.o)(fz_ws.l)
    0x08003070   0x0000009c   Code   RO          435    x$fpl$dnaninf       fz_ws.l(dnaninf.o)(fz_ws.l)
    0x0800310c   0x0000000c   Code   RO          437    x$fpl$dretinf       fz_ws.l(dretinf.o)(fz_ws.l)
    0x08003118   0x00000016   Code   RO          391    x$fpl$drsb          fz_ws.l(daddsub_clz.o)(fz_ws.l)
    0x0800312e   0x00000002   PAD
    0x08003130   0x000001d4   Code   RO          392    x$fpl$dsub          fz_ws.l(daddsub_clz.o)(fz_ws.l)
    0x08003304   0x00000056   Code   RO          402    x$fpl$f2d           fz_ws.l(f2d.o)(fz_ws.l)
    0x0800335a   0x00000002   PAD
    0x0800335c   0x000000c4   Code   RO          404    x$fpl$fadd          fz_ws.l(faddsub_clz.o)(fz_ws.l)
    0x08003420   0x00000184   Code   RO          411    x$fpl$fdiv          fz_ws.l(fdiv.o)(fz_ws.l)
    0x080035a4   0x0000003e   Code   RO          414    x$fpl$ffixu         fz_ws.l(ffixu.o)(fz_ws.l)
    0x080035e2   0x00000002   PAD
    0x080035e4   0x00000026   Code   RO          418    x$fpl$ffltu         fz_ws.l(fflt_clz.o)(fz_ws.l)
    0x0800360a   0x00000002   PAD
    0x0800360c   0x00000102   Code   RO          424    x$fpl$fmul          fz_ws.l(fmul.o)(fz_ws.l)
    0x0800370e   0x0000008c   Code   RO          439    x$fpl$fnaninf       fz_ws.l(fnaninf.o)(fz_ws.l)
    0x0800379a   0x0000000e   Code   RO          527    x$fpl$fpinit        fz_ws.l(fpinit.o)(fz_ws.l)
    0x080037a8   0x0000000a   Code   RO          441    x$fpl$fretinf       fz_ws.l(fretinf.o)(fz_ws.l)
    0x080037b2   0x00000014   Code   RO          405    x$fpl$frsb          fz_ws.l(faddsub_clz.o)(fz_ws.l)
    0x080037c6   0x00000002   PAD
    0x080037c8   0x000000ea   Code   RO          406    x$fpl$fsub          fz_ws.l(faddsub_clz.o)(fz_ws.l)
    0x080038b2   0x00000000   Code   RO          443    x$fpl$usenofp       fz_ws.l(usenofp.o)(fz_ws.l)
    0x080038b2   0x00000a64   Data   RO          255    .constdata          ili93xx.o
    0x08004316   0x0000003c   Data   RO          291    .constdata          rtc.o
    0x08004352   0x00000028   Data   RO          347    .constdata          c_w.l(_printf_hex_int.o)(c_w.l)
    0x0800437a   0x00000002   PAD
    0x0800437c   0x00000020   Data   RO          604    Region$$Table       anon$$obj.o


    Execution Region RW_IRAM1 (Base: 0x20000000, Size: 0x00000288, Max: 0x0000c000, ABSOLUTE)

    Base Addr    Size         Type   Attr      Idx    E Section Name        Object

    0x20000000   0x00000004   Data   RW          154    .data               delay.o
    0x20000004   0x00000004   Data   RW          184    .data               usart.o
    0x20000008   0x00000001   Data   RW          228    .data               wdg.o
    0x20000009   0x00000001   PAD
    0x2000000a   0x00000006   Data   RW          256    .data               ili93xx.o
    0x20000010   0x0000000c   Data   RW          292    .data               rtc.o
    0x2000001c   0x0000000a   Zero   RW          290    .bss                rtc.o
    0x20000026   0x00000002   PAD
    0x20000028   0x00000060   Zero   RW          482    .bss                c_w.l(libspace.o)(c_w.l)
    0x20000088   0x00000000   Zero   RW            2    HEAP                stm32f10x.o
    0x20000088   0x00000200   Zero   RW            1    STACK               stm32f10x.o


==============================================================================

Image component sizes


      Code (inc. data)   RO Data    RW Data    ZI Data      Debug   Object Name

       540         40          0          0          0          0   adc.o
       160          8          0          4          0          0   delay.o
      5158         90       2660          6          0          0   ili93xx.o
       128         18          0          0          0          0   led.o
      1444         94         60         12         10          0   rtc.o
        52         18        236          0        512          0   stm32f10x.o
       778         72          0          0          0          0   sys.o
       560        146          0          0          0          0   test.o
       340         32          0          0          0          0   timer.o
       240         32          0          4          0          0   usart.o
       288         38          0          1          0          0   wdg.o
       228         26          0          0          0          0   wkup.o

    ----------------------------------------------------------------------
      9920        614       2988         28        524          0   Object Totals
         0          0         32          0          0          0   (incl. Generated)
         4          0          0          1          2          0   (incl. Padding)

    ----------------------------------------------------------------------

      Code (inc. data)   RO Data    RW Data    ZI Data      Debug   Library Member Name

         8          0          0          0          0          0   __main.o
       106          0          0          0          0          0   __printf.o
        52          8          0          0          0          0   __scatter.o
        26          0          0          0          0          0   __scatter_copy.o
        28          0          0          0          0          0   __scatter_zi.o
        48          6          0          0          0          0   _printf_char_common.o
        36          4          0          0          0          0   _printf_char_file.o
        92          4         40          0          0          0   _printf_hex_int.o
       180          0          0          0          0          0   _printf_intcommon.o
         0          0          0          0          0          0   _printf_percent.o
         4          0          0          0          0          0   _printf_percent_end.o
         6          0          0          0          0          0   _printf_x.o
        12          0          0          0          0          0   exit.o
         8          0          0          0          0          0   ferror.o
         6          0          0          0          0          0   heapauxi.o
         6          0          0          0          0          0   libinit.o
         2          0          0          0          0          0   libinit2.o
         2          0          0          0          0          0   libshutdown.o
         2          0          0          0          0          0   libshutdown2.o
         8          4          0          0         96          0   libspace.o
        24          4          0          0          0          0   noretval__2printf.o
        12          4          0          0          0          0   rt_fp_status_addr_intlibspace.o
         0          0          0          0          0          0   rtentry.o
        12          0          0          0          0          0   rtentry2.o
         6          0          0          0          0          0   rtentry4.o
         2          0          0          0          0          0   rtexit.o
        10          0          0          0          0          0   rtexit2.o
        74          0          0          0          0          0   sys_stackheap_outer.o
         2          0          0          0          0          0   use_no_semi.o
         2          0          0          0          0          0   use_no_semi_2.o
        98          4          0          0          0          0   d2f.o
       822         16          0          0          0          0   daddsub_clz.o
       688        140          0          0          0          0   ddiv.o
       340         12          0          0          0          0   dmul.o
       156          4          0          0          0          0   dnaninf.o
        12          0          0          0          0          0   dretinf.o
        86          4          0          0          0          0   f2d.o
       450          8          0          0          0          0   faddsub_clz.o
       388         76          0          0          0          0   fdiv.o
        62          4          0          0          0          0   ffixu.o
        38          0          0          0          0          0   fflt_clz.o
       258          4          0          0          0          0   fmul.o
       140          4          0          0          0          0   fnaninf.o
        14          0          0          0          0          0   fpinit.o
        10          0          0          0          0          0   fretinf.o
         0          0          0          0          0          0   usenofp.o

    ----------------------------------------------------------------------
      4358        310         42          0         96          0   Library Totals
        20          0          2          0          0          0   (incl. Padding)

    ----------------------------------------------------------------------

      Code (inc. data)   RO Data    RW Data    ZI Data      Debug   Library Name

       776         34         40          0         96       1228   c_w.l
      3562        276          0          0          0       1796   fz_ws.l

    ----------------------------------------------------------------------
      4358        310         42          0         96          0   Library Totals

    ----------------------------------------------------------------------

==============================================================================


      Code (inc. data)   RO Data    RW Data    ZI Data      Debug   

     14278        924       3030         28        620      31900   Grand Totals
     14278        924       3030         28        620      31900   ELF Image Totals
     14278        924       3030         28          0          0   ROM Totals

==============================================================================

    Total RO  Size (Code + RO Data)                17308 (  16.90kB)
    Total RW  Size (RW Data + ZI Data)               648 (   0.63kB)
    Total ROM Size (Code + RO Data + RW Data)      17336 (  16.93kB)

==============================================================================

