<html>
<body>
<pre>
<h1>礦ision Build Log</h1>
<h2>Project:</h2>
X:\~cp产品电路+PCB\1.生产中板子\1.Core-Board\STM32F030F4P6最小系统\stm32f030设计图-AD\共享程序\STM32F030串口\User\STM32F030Demo.uvproj
Project File Date:  07/20/2014

<h2>Output:</h2>
Build target 'Stm32f030demo'
compiling main.c...
compiling stm32f0xx_it.c...
compiling system_stm32f0xx.c...
assembling startup_stm32f0xx.s...
compiling led.c...
compiling USART1.c...
compiling USART1_API.c...
..\HARDWARE\USART1_API.c(36): warning:  #513-D: a value of type "int (*)(const char *restrict, ...)" cannot be assigned to an entity of type "void (*)(unsigned char *)"
    sKeyPross.UartPrintf = printf;
..\HARDWARE\USART1_API.c: 1 warning, 0 errors
compiling Key.c...
..\HARDWARE\Key.c(37): warning:  #1-D: last line of file ends without a newline
  }
..\HARDWARE\Key.c(37): warning:  #940-D: missing return statement at end of non-void function "GetKeyVal"
  }
..\HARDWARE\Key.c: 2 warnings, 0 errors
compiling delay.c...
compiling stm32f0xx_gpio.c...
compiling stm32f0xx_rcc.c...
compiling stm32f0xx_misc.c...
compiling stm32f0xx_usart.c...
linking...
Program Size: Code=5990 RO-data=242 RW-data=44 ZI-data=1636  
"..\OBJ\STM32F030Demo.axf" - 0 Error(s), 3 Warning(s).
...
..\OBJ\STM32F030Demo.axf: Error: L6218E: Undefined symbol GetKey (referred from main.o).
Not enough information to list image symbols.
Finished: 1 information, 0 warning and 1 error messages.
"..\OBJ\STM32F030Demo.axf" - 1 Error(s), 4 Warning(s).
Target not created
tion, 0 warning and 1 error messages.
"..\OBJ\STM32F030Demo.axf" - 1 Error(s), 5 Warning(s).
Target not created
