<html>
<body>
<pre>
<h1>礦ision Build Log</h1>
<h2>Project:</h2>
E:\王俊平资料\开发板CD盘\Alientek资料-V1.8B-2\ALIENTEK MiniSTM32开发板例程_B505\fengfan MiniSTM32开发板例程\ALIENTEK MINISTM32 实验7 定时器中断实验\USER\TEST.uvproj
Project File Date:  12/21/2011

<h2>Output:</h2>
Build target 'Target 1'
compiling test.c...
compiling delay.c...
compiling sys.c...
compiling usart.c...
compiling led.c...
compiling key.c...
compiling exti.c...
compiling wdg.c...
compiling timer.c...
linking...
Program Size: Code=3872 RO-data=268 RW-data=8 ZI-data=608  
FromELF: creating hex file...
"TEST.axf" - 0 Error(s), 0 Warning(s).
