<html>
<body>
<pre>
<h1>礦ision Build Log</h1>
<h2>Project:</h2>
E:\王俊平资料\开发板CD盘\Alientek资料-V1.8B-2\ALIENTEK MiniSTM32开发板例程_B505\fengfan MiniSTM32开发板例程\ALIENTEK MINISTM32 实验17 SPI实验\USER\TEST.uvproj
Project File Date:  12/29/2011

<h2>Output:</h2>
Build target 'Target 1'
compiling test.c...
compiling delay.c...
compiling sys.c...
compiling usart.c...
compiling led.c...
compiling key.c...
compiling wdg.c...
compiling timer.c...
compiling ILI93xx.c...
compiling rtc.c...
compiling wkup.c...
compiling adc.c...
compiling dma.c...
compiling 24cxx.c...
compiling myiic.c...
compiling spi.c...
compiling flash.c...
linking...
Program Size: Code=13206 RO-data=3050 RW-data=28 ZI-data=4716  
FromELF: creating hex file...
"TEST.axf" - 0 Error(s), 0 Warning(s).
