<html>
<body>
<pre>
<h1>礦ision Build Log</h1>
<h2>Project:</h2>
E:\王俊平资料\开发板CD盘\Alientek资料-V1.8B-2\ALIENTEK MiniSTM32开发板例程_B505\ALIENTEK MiniSTM32开发板例程\ALIENTEK MINISTM32 实验25 图片显示实验gai\USER\TEST.uvproj
Project File Date:  12/26/2011

<h2>Output:</h2>
Build target 'Target 1'
compiling test.c...
compiling usart.c...
compiling ILI93xx.c...
compiling rtc.c...
compiling MMC_SD.C...
compiling mouse.c...
compiling ps2.c...
compiling FAT.C...
compiling fontupd.c...
compiling untogb.c...
linking...
Program Size: Code=29034 RO-data=3586 RW-data=404 ZI-data=14044  
FromELF: creating hex file...
"TEST.axf" - 0 Error(s), 0 Warning(s).
Load "E:\\王俊平资料\\开发板CD盘\\Alientek资料-V1.8B-2\\ALIENTEK MiniSTM32开发板例程_B505\\ALIENTEK MiniSTM32开发板例程\\ALIENTEK MINISTM32 实验25 图片显示实验gai\\USER\\TEST.AXF" 
Set JLink Project File to "E:\王俊平资料\开发板CD盘\Alientek资料-V1.8B-2\ALIENTEK MiniSTM32开发板例程_B505\ALIENTEK MiniSTM32开发板例程\ALIENTEK MINISTM32 实验25 图片显示实验gai\USER\JLinkSettings.ini"
 
JLink info:
------------
DLL: V4.15n, compiled Jun 18 2010 19:55:09
Firmware: J-Link ARM V8 compiled Jul  1 2011 12:02:49
Hardware: V8.00
S/N : 20090626 
Feature(s) : RDI,FlashDL,FlashBP,JFlash,GDBFull 
 
* JLink Info: Found SWD-DP with ID 0x1BA01477
* JLink Info: TPIU fitted.
* JLink Info: ETM fitted.
* JLink Info:   FPUnit: 6 code (BP) slots and 2 literal slots
ROMTableAddr = 0xE00FF003
 
Target info:
------------
Device: STM32F103RC
VTarget = 3.313V
State of Pins: 
TCK: 0, TDI: 1, TDO: 1, TMS: 0, TRES: 1, TRST: 1
* JLink Info: Found SWD-DP with ID 0x1BA01477
* JLink Info: TPIU fitted.
* JLink Info: ETM fitted.
* JLink Info:   FPUnit: 6 code (BP) slots and 2 literal slots
Hardware-Breakpoints: 6
Software-Breakpoints: 2048
Watchpoints:          4
JTAG speed: 2000 kHz
 
Erase Done.
Programming Done.
Verify OK.
