<html>
<body>
<pre>
<h1>礦ision3 Build Log</h1>
<h2>Project:</h2>
C:\Jackson\电子技术\Alientek资料\ALIENTEK MiniSTM32开发板扩展例程\ALIENTEK MINISTM32 扩展实验1 自定义汉字显示实验\USER\TEST.uv2
Project File Date:  07/06/2010

<h2>Output:</h2>
Build target 'Target 1'
assembling STM32F10x.s...
compiling test.c...
compiling delay.c...
compiling sys.c...
compiling usart.c...
compiling led.c...
compiling key.c...
compiling exti.c...
compiling wdg.c...
compiling timer.c...
compiling ILI93xx.c...
compiling chinese.c...
linking...
Program Size: Code=10650 RO-data=3698 RW-data=16 ZI-data=608  
FromELF: creating hex file...
"TEST.axf" - 0 Error(s), 0 Warning(s).
Build target 'Target 1'
compiling chinese.c...
linking...
Program Size: Code=10670 RO-data=3698 RW-data=16 ZI-data=608  
FromELF: creating hex file...
"TEST.axf" - 0 Error(s), 0 Warning(s).
