<html>
<body>
<pre>
<h1>礦ision Build Log</h1>
<h2>Project:</h2>
E:\王俊平资料\开发板CD盘\Alientek资料-V1.8B-2\ALIENTEK MiniSTM32开发板例程(库函数版本)\使用库函数版本\标准例程\ALIENTEK MINISTM32 实验8 PWM输出实验(库)\TIM3PWM.uvproj
Project File Date:  12/05/2010

<h2>Output:</h2>
Build target 'FLASH'
compiling core_cm3.c...
compiling system_stm32f10x.c...
assembling startup_stm32f10x_cl.s...
compiling main.c...
compiling stm32f10x_it.c...
compiling eval.c...
compiling SysTickDelay.c...
compiling UART_INTERFACE.c...
compiling misc.c...
compiling stm32f10x_exti.c...
compiling stm32f10x_gpio.c...
compiling stm32f10x_rcc.c...
compiling stm32f10x_tim.c...
compiling stm32f10x_usart.c...
linking...
Program Size: Code=1624 RO-data=468 RW-data=40 ZI-data=1056  
FromELF: creating hex file...
".\Obj\TIM3PWM.axf" - 0 Error(s), 0 Warning(s).
Load "E:\\王俊平资料\\开发板CD盘\\Alientek资料-V1.8B-2\\ALIENTEK MiniSTM32开发板例程(库函数版本)\\使用库函数版本\\标准例程\\ALIENTEK MINISTM32 实验8 PWM输出实验(库)\\Obj\\TIM3PWM.AXF" 
Set JLink Project File to "E:\王俊平资料\开发板CD盘\Alientek资料-V1.8B-2\ALIENTEK MiniSTM32开发板例程(库函数版本)\使用库函数版本\标准例程\ALIENTEK MINISTM32 实验8 PWM输出实验(库)\JLinkSettings.ini"
 
JLink info:
------------
DLL: V4.15n, compiled Jun 18 2010 19:55:09
Firmware: J-Link ARM V8 compiled Jul  1 2011 12:02:49
Hardware: V8.00
S/N : 20090626 
Feature(s) : RDI,FlashDL,FlashBP,JFlash,GDBFull 
 
* JLink Info: Could not measure total IR len. TDO is constant high.
**JLink Warning: No matching core found.
* JLink Info: Could not measure total IR len. TDO is constant high.
* JLink Info: Could not measure total IR len. TDO is constant high.
* JLink Info: Resetting target using RESET pin
* JLink Info: Halting CPU core
**JLink Warning: Received 0 as core Id.
***JLink Error: Could not find supported CPU core on JTAG chain
Bad JTAG communication: Write to IR: Expected 0x1, got 0x7 (TAP Command : 2) @ Off 0x5.
Build target 'FLASH'
compiling core_cm3.c...
compiling system_stm32f10x.c...
assembling startup_stm32f10x_cl.s...
compiling main.c...
compiling stm32f10x_it.c...
compiling eval.c...
compiling SysTickDelay.c...
compiling UART_INTERFACE.c...
compiling misc.c...
compiling stm32f10x_exti.c...
compiling stm32f10x_gpio.c...
compiling stm32f10x_rcc.c...
compiling stm32f10x_tim.c...
compiling stm32f10x_usart.c...
linking...
Program Size: Code=1624 RO-data=468 RW-data=40 ZI-data=1056  
FromELF: creating hex file...
".\Obj\TIM3PWM.axf" - 0 Error(s), 0 Warning(s).
Load "E:\\王俊平资料\\开发板CD盘\\Alientek资料-V1.8B-2\\ALIENTEK MiniSTM32开发板例程(库函数版本)\\使用库函数版本\\标准例程\\ALIENTEK MINISTM32 实验8 PWM输出实验(库)\\Obj\\TIM3PWM.AXF" 
Set JLink Project File to "E:\王俊平资料\开发板CD盘\Alientek资料-V1.8B-2\ALIENTEK MiniSTM32开发板例程(库函数版本)\使用库函数版本\标准例程\ALIENTEK MINISTM32 实验8 PWM输出实验(库)\JLinkSettings.ini"
 
JLink info:
------------
DLL: V4.15n, compiled Jun 18 2010 19:55:09
Firmware: J-Link ARM V8 compiled Jul  1 2011 12:02:49
Hardware: V8.00
S/N : 20090626 
Feature(s) : RDI,FlashDL,FlashBP,JFlash,GDBFull 
 
* JLink Info: Could not measure total IR len. TDO is constant high.
**JLink Warning: No matching core found.
* JLink Info: Could not measure total IR len. TDO is constant high.
* JLink Info: Could not measure total IR len. TDO is constant high.
* JLink Info: Resetting target using RESET pin
* JLink Info: Halting CPU core
**JLink Warning: Received 0 as core Id.
***JLink Error: Could not find supported CPU core on JTAG chain
Bad JTAG communication: Write to IR: Expected 0x1, got 0x7 (TAP Command : 2) @ Off 0x5.
Build target 'FLASH'
compiling core_cm3.c...
compiling system_stm32f10x.c...
assembling startup_stm32f10x_cl.s...
compiling main.c...
compiling stm32f10x_it.c...
compiling eval.c...
compiling SysTickDelay.c...
compiling UART_INTERFACE.c...
compiling misc.c...
compiling stm32f10x_exti.c...
compiling stm32f10x_gpio.c...
compiling stm32f10x_rcc.c...
compiling stm32f10x_tim.c...
compiling stm32f10x_usart.c...
linking...
Program Size: Code=1624 RO-data=468 RW-data=40 ZI-data=1056  
FromELF: creating hex file...
".\Obj\TIM3PWM.axf" - 0 Error(s), 0 Warning(s).
Load "E:\\王俊平资料\\开发板CD盘\\Alientek资料-V1.8B-2\\ALIENTEK MiniSTM32开发板例程(库函数版本)\\使用库函数版本\\标准例程\\ALIENTEK MINISTM32 实验8 PWM输出实验(库)\\Obj\\TIM3PWM.AXF" 
Set JLink Project File to "E:\王俊平资料\开发板CD盘\Alientek资料-V1.8B-2\ALIENTEK MiniSTM32开发板例程(库函数版本)\使用库函数版本\标准例程\ALIENTEK MINISTM32 实验8 PWM输出实验(库)\JLinkSettings.ini"
 
JLink info:
------------
DLL: V4.15n, compiled Jun 18 2010 19:55:09
Firmware: J-Link ARM V8 compiled Jul  1 2011 12:02:49
Hardware: V8.00
S/N : 20090626 
Feature(s) : RDI,FlashDL,FlashBP,JFlash,GDBFull 
 
* JLink Info: Found SWD-DP with ID 0x1BA01477
* JLink Info: TPIU fitted.
* JLink Info: ETM fitted.
* JLink Info:   FPUnit: 6 code (BP) slots and 2 literal slots
ROMTableAddr = 0xE00FF003
 
Target info:
------------
Device: STM32F103RC
VTarget = 3.313V
State of Pins: 
TCK: 0, TDI: 1, TDO: 1, TMS: 0, TRES: 1, TRST: 1
* JLink Info: Found SWD-DP with ID 0x1BA01477
* JLink Info: TPIU fitted.
* JLink Info: ETM fitted.
* JLink Info:   FPUnit: 6 code (BP) slots and 2 literal slots
Hardware-Breakpoints: 6
Software-Breakpoints: 2048
Watchpoints:          4
JTAG speed: 2000 kHz
 
Erase Done.
Programming Done.
Verify OK.
