Build target 'Target 1'
compiling core_cm3.c...
compiling main.c...
main.c(2): warning:  #1-D: last line of file ends without a newline
compiling stm32f10x_it.c...
compiling system_stm32f10x.c...
compiling stm32f10x_gpio.c...
linking...
..\OBJ\TEST_LED.axf: Error: L6218E: Undefined symbol RCC_APB2PeriphResetCmd (referred from stm32f10x_gpio.o).
Target not created
Build target 'Target 1'
compiling main.c...
linking...
..\OBJ\TEST_LED.axf: Error: L6218E: Undefined symbol RCC_APB2PeriphResetCmd (referred from stm32f10x_gpio.o).
Target not created
Build target 'Target 1'
compiling stm32f10x_it.c...
compiling system_stm32f10x.c...
compiling stm32f10x_gpio.c...
linking...
..\OBJ\TEST_LED.axf: Error: L6218E: Undefined symbol RCC_APB2PeriphResetCmd (referred from stm32f10x_gpio.o).
Target not created
Rebuild target 'Target 1'
assembling startup_stm32f10x_hd.s...
compiling core_cm3.c...
compiling main.c...
compiling stm32f10x_it.c...
compiling system_stm32f10x.c...
compiling stm32f10x_gpio.c...
linking...
..\OBJ\TEST_LED.axf: Error: L6218E: Undefined symbol RCC_APB2PeriphResetCmd (referred from stm32f10x_gpio.o).
Target not created
Build target 'Target 1'
compiling misc.c...
compiling stm32f10x_adc.c...
compiling stm32f10x_bkp.c...
compiling stm32f10x_can.c...
compiling stm32f10x_cec.c...
compiling stm32f10x_crc.c...
compiling stm32f10x_dac.c...
compiling stm32f10x_dbgmcu.c...
compiling stm32f10x_dma.c...
compiling stm32f10x_exti.c...
compiling stm32f10x_flash.c...
compiling stm32f10x_fsmc.c...
compiling stm32f10x_i2c.c...
compiling stm32f10x_iwdg.c...
compiling stm32f10x_pwr.c...
compiling stm32f10x_rcc.c...
compiling stm32f10x_rtc.c...
compiling stm32f10x_sdio.c...
compiling stm32f10x_spi.c...
compiling stm32f10x_tim.c...
compiling stm32f10x_usart.c...
compiling stm32f10x_wwdg.c...
linking...
Program Size: Code=824 RO-data=336 RW-data=20 ZI-data=1636  
FromELF: creating hex file...
"..\OBJ\TEST_LED.axf" - 0 Error(s), 0 Warning(s).
Build target 'Target 1'
compiling core_cm3.c...
compiling main.c...
compiling stm32f10x_it.c...
compiling system_stm32f10x.c...
compiling stm32f10x_gpio.c...
compiling misc.c...
compiling stm32f10x_rcc.c...
compiling stm32f10x_usart.c...
compiling delay.c...
compiling sys.c...
compiling usart.c...
linking...
Program Size: Code=4168 RO-data=336 RW-data=48 ZI-data=1832  
FromELF: creating hex file...
"..\OBJ\TEST_LED.axf" - 0 Error(s), 0 Warning(s).
Build target 'Target 1'
compiling main.c...
main.c(48): warning:  #1-D: last line of file ends without a newline
linking...
Program Size: Code=4596 RO-data=336 RW-data=52 ZI-data=1836  
FromELF: creating hex file...
"..\OBJ\TEST_LED.axf" - 0 Error(s), 1 Warning(s).
Build target 'Target 1'
compiling main.c...
linking...
Program Size: Code=4596 RO-data=336 RW-data=52 ZI-data=1836  
FromELF: creating hex file...
"..\OBJ\TEST_LED.axf" - 0 Error(s), 0 Warning(s).
Build target 'Target 1'
compiling main.c...
linking...
Program Size: Code=4612 RO-data=336 RW-data=52 ZI-data=1836  
FromELF: creating hex file...
"..\OBJ\TEST_LED.axf" - 0 Error(s), 0 Warning(s).
Build target 'Target 1'
compiling main.c...
linking...
Program Size: Code=4612 RO-data=336 RW-data=52 ZI-data=1836  
FromELF: creating hex file...
"..\OBJ\TEST_LED.axf" - 0 Error(s), 0 Warning(s).
