ARM Linker, 4.1 [Build 481] [Standard]

==============================================================================

Section Cross References

    main.o(i.EXIT_Interrupt_Configuration) refers to stm32f10x_rcc.o(i.RCC_APB2PeriphClockCmd) for RCC_APB2PeriphClockCmd
    main.o(i.EXIT_Interrupt_Configuration) refers to main.o(i.NVIC_Configuration) for NVIC_Configuration
    main.o(i.EXIT_Interrupt_Configuration) refers to stm32f10x_gpio.o(i.GPIO_EXTILineConfig) for GPIO_EXTILineConfig
    main.o(i.EXIT_Interrupt_Configuration) refers to stm32f10x_exti.o(i.EXTI_Init) for EXTI_Init
    main.o(i.EXIT_Interrupt_Configuration) refers to stm32f10x_exti.o(i.EXTI_GenerateSWInterrupt) for EXTI_GenerateSWInterrupt
    main.o(i.EXIT_Interrupt_Configuration) refers to main.o(.data) for EXTI_InitStructure
    main.o(i.GPIO_Configuration) refers to stm32f10x_rcc.o(i.RCC_APB2PeriphClockCmd) for RCC_APB2PeriphClockCmd
    main.o(i.GPIO_Configuration) refers to stm32f10x_gpio.o(i.GPIO_Init) for GPIO_Init
    main.o(i.NVIC_Configuration) refers to misc.o(i.NVIC_SetVectorTable) for NVIC_SetVectorTable
    main.o(i.NVIC_Configuration) refers to misc.o(i.NVIC_PriorityGroupConfig) for NVIC_PriorityGroupConfig
    main.o(i.NVIC_Configuration) refers to misc.o(i.NVIC_Init) for NVIC_Init
    main.o(i.RTC_IRQHandler) refers to stm32f10x_rtc.o(i.RTC_GetITStatus) for RTC_GetITStatus
    main.o(i.RTC_IRQHandler) refers to stm32f10x_rtc.o(i.RTC_ClearITPendingBit) for RTC_ClearITPendingBit
    main.o(i.RTC_IRQHandler) refers to stm32f10x_gpio.o(i.GPIO_ResetBits) for GPIO_ResetBits
    main.o(i.RTC_IRQHandler) refers to stm32f10x_gpio.o(i.GPIO_SetBits) for GPIO_SetBits
    main.o(i.RTC_IRQHandler) refers to rtc_time.o(i.Time_Display) for Time_Display
    main.o(i.RTC_IRQHandler) refers to main.o(.data) for Display
    main.o(i.System_Setup) refers to system_stm32f10x.o(i.SystemInit) for SystemInit
    main.o(i.System_Setup) refers to main.o(i.GPIO_Configuration) for GPIO_Configuration
    main.o(i.System_Setup) refers to main.o(i.USART_Configuration) for USART_Configuration
    main.o(i.System_Setup) refers to printfa.o(i.__0printf) for __2printf
    main.o(i.System_Setup) refers to spi.o(i.SPI1_Init) for SPI1_Init
    main.o(i.USART_Configuration) refers to stm32f10x_rcc.o(i.RCC_APB2PeriphClockCmd) for RCC_APB2PeriphClockCmd
    main.o(i.USART_Configuration) refers to stm32f10x_gpio.o(i.GPIO_Init) for GPIO_Init
    main.o(i.USART_Configuration) refers to stm32f10x_usart.o(i.USART_Init) for USART_Init
    main.o(i.USART_Configuration) refers to stm32f10x_usart.o(i.USART_ITConfig) for USART_ITConfig
    main.o(i.USART_Configuration) refers to stm32f10x_usart.o(i.USART_Cmd) for USART_Cmd
    main.o(i.fputc) refers to stm32f10x_usart.o(i.USART_SendData) for USART_SendData
    main.o(i.fputc) refers to stm32f10x_usart.o(i.USART_GetFlagStatus) for USART_GetFlagStatus
    main.o(i.main) refers to main.o(i.System_Setup) for System_Setup
    main.o(i.main) refers to lwipentry.o(i.LwIP_Init) for LwIP_Init
    main.o(i.main) refers to ethernetif.o(i.ethernetif_input) for ethernetif_input
    main.o(i.main) refers to web_http.o(i.http_init) for http_init
    main.o(i.main) refers to tcp.o(i.tcp_tmr) for tcp_tmr
    main.o(i.main) refers to etharp.o(i.etharp_tmr) for etharp_tmr
    main.o(i.main) refers to lwipentry.o(.bss) for netif
    main.o(i.main) refers to main.o(.data) for Ethernetif_input
    stm32f10x_it.o(i.EXTI0_IRQHandler) refers to stm32f10x_exti.o(i.EXTI_GetITStatus) for EXTI_GetITStatus
    stm32f10x_it.o(i.EXTI0_IRQHandler) refers to stm32f10x_exti.o(i.EXTI_ClearITPendingBit) for EXTI_ClearITPendingBit
    stm32f10x_it.o(i.EXTI1_IRQHandler) refers to stm32f10x_exti.o(i.EXTI_GetITStatus) for EXTI_GetITStatus
    stm32f10x_it.o(i.EXTI1_IRQHandler) refers to stm32f10x_exti.o(i.EXTI_ClearITPendingBit) for EXTI_ClearITPendingBit
    stm32f10x_it.o(i.HardFault_Handler) refers to printfa.o(i.__0printf) for printf
    stm32f10x_it.o(i.SysTick_Handler) refers to stm32f10x_it.o(.data) for Count
    rtc_time.o(i.NVIC_Configuration) refers to misc.o(i.NVIC_PriorityGroupConfig) for NVIC_PriorityGroupConfig
    rtc_time.o(i.NVIC_Configuration) refers to misc.o(i.NVIC_Init) for NVIC_Init
    rtc_time.o(i.RTC_Configuration) refers to stm32f10x_rcc.o(i.RCC_APB1PeriphClockCmd) for RCC_APB1PeriphClockCmd
    rtc_time.o(i.RTC_Configuration) refers to stm32f10x_pwr.o(i.PWR_BackupAccessCmd) for PWR_BackupAccessCmd
    rtc_time.o(i.RTC_Configuration) refers to stm32f10x_bkp.o(i.BKP_DeInit) for BKP_DeInit
    rtc_time.o(i.RTC_Configuration) refers to stm32f10x_rcc.o(i.RCC_LSEConfig) for RCC_LSEConfig
    rtc_time.o(i.RTC_Configuration) refers to stm32f10x_rcc.o(i.RCC_GetFlagStatus) for RCC_GetFlagStatus
    rtc_time.o(i.RTC_Configuration) refers to stm32f10x_rcc.o(i.RCC_RTCCLKConfig) for RCC_RTCCLKConfig
    rtc_time.o(i.RTC_Configuration) refers to stm32f10x_rcc.o(i.RCC_RTCCLKCmd) for RCC_RTCCLKCmd
[...]
    .text                                    0x080005da   Section        0  dfixul.o(.text)
    .text                                    0x0800060c   Section       40  cdrcmple.o(.text)
    .text                                    0x08000634   Section       36  init.o(.text)
    .text                                    0x08000658   Section        0  llshl.o(.text)
    .text                                    0x08000676   Section        0  llushr.o(.text)
    .text                                    0x08000696   Section        0  llsshr.o(.text)
    .text                                    0x080006ba   Section        0  depilogue.o(.text)
    i.BusFault_Handler                       0x0800077c   Section        0  stm32f10x_it.o(i.BusFault_Handler)
    i.DebugMon_Handler                       0x08000780   Section        0  stm32f10x_it.o(i.DebugMon_Handler)
    i.EXTI0_IRQHandler                       0x08000784   Section        0  stm32f10x_it.o(i.EXTI0_IRQHandler)
    i.EXTI15_10_IRQHandler                   0x080007b0   Section        0  stm32f10x_it.o(i.EXTI15_10_IRQHandler)
    i.EXTI1_IRQHandler                       0x080007b4   Section        0  stm32f10x_it.o(i.EXTI1_IRQHandler)
    i.EXTI9_5_IRQHandler                     0x080007e0   Section        0  stm32f10x_it.o(i.EXTI9_5_IRQHandler)
    i.EXTI_ClearITPendingBit                 0x080007e4   Section        0  stm32f10x_exti.o(i.EXTI_ClearITPendingBit)
    i.EXTI_GetITStatus                       0x080007f0   Section        0  stm32f10x_exti.o(i.EXTI_GetITStatus)
    i.GPIO_Configuration                     0x0800081c   Section        0  main.o(i.GPIO_Configuration)
    i.GPIO_Init                              0x08000848   Section        0  stm32f10x_gpio.o(i.GPIO_Init)
    i.GPIO_ResetBits                         0x0800095a   Section        0  stm32f10x_gpio.o(i.GPIO_ResetBits)
    i.GPIO_SetBits                           0x0800095e   Section        0  stm32f10x_gpio.o(i.GPIO_SetBits)
    i.HardFault_Handler                      0x08000964   Section        0  stm32f10x_it.o(i.HardFault_Handler)
    i.LwIP_Init                              0x08000990   Section        0  lwipentry.o(i.LwIP_Init)
    i.MemManage_Handler                      0x08000a00   Section        0  stm32f10x_it.o(i.MemManage_Handler)
    i.NMI_Handler                            0x08000a04   Section        0  stm32f10x_it.o(i.NMI_Handler)
    i.PendSV_Handler                         0x08000a06   Section        0  stm32f10x_it.o(i.PendSV_Handler)
    i.RCC_APB2PeriphClockCmd                 0x08000a08   Section        0  stm32f10x_rcc.o(i.RCC_APB2PeriphClockCmd)
    i.RCC_GetClocksFreq                      0x08000a28   Section        0  stm32f10x_rcc.o(i.RCC_GetClocksFreq)
    i.RTC_ClearITPendingBit                  0x08000afc   Section        0  stm32f10x_rtc.o(i.RTC_ClearITPendingBit)
    i.RTC_GetCounter                         0x08000b1c   Section        0  stm32f10x_rtc.o(i.RTC_GetCounter)
    i.RTC_GetITStatus                        0x08000b38   Section        0  stm32f10x_rtc.o(i.RTC_GetITStatus)
    i.RTC_IRQHandler                         0x08000b64   Section        0  main.o(i.RTC_IRQHandler)
    i.SPI1_Init                              0x08000ba8   Section        0  spi.o(i.SPI1_Init)
    i.SPI1_ReadWrite                         0x08000c7c   Section        0  spi.o(i.SPI1_ReadWrite)
    i.SPI_Cmd                                0x08000cb4   Section        0  stm32f10x_spi.o(i.SPI_Cmd)
    i.SPI_I2S_GetFlagStatus                  0x08000ccc   Section        0  stm32f10x_spi.o(i.SPI_I2S_GetFlagStatus)
    i.SPI_I2S_ReceiveData                    0x08000cde   Section        0  stm32f10x_spi.o(i.SPI_I2S_ReceiveData)
    i.SPI_I2S_SendData                       0x08000ce4   Section        0  stm32f10x_spi.o(i.SPI_I2S_SendData)
    i.SPI_Init                               0x08000ce8   Section        0  stm32f10x_spi.o(i.SPI_Init)
    i.SVC_Handler                            0x08000d24   Section        0  stm32f10x_it.o(i.SVC_Handler)
    i.SetSysClock                            0x08000d26   Section        0  system_stm32f10x.o(i.SetSysClock)
    SetSysClock                              0x08000d27   Thumb Code     8  system_stm32f10x.o(i.SetSysClock)
    i.SetSysClockTo72                        0x08000d30   Section        0  system_stm32f10x.o(i.SetSysClockTo72)
    SetSysClockTo72                          0x08000d31   Thumb Code   192  system_stm32f10x.o(i.SetSysClockTo72)
    i.Set_MAC_Address                        0x08000df8   Section        0  ethernetif.o(i.Set_MAC_Address)
    i.SysTick_Handler                        0x08000e18   Section        0  stm32f10x_it.o(i.SysTick_Handler)
    i.SystemInit                             0x08000e4c   Section        0  system_stm32f10x.o(i.SystemInit)
    i.System_Setup                           0x08000eac   Section        0  main.o(i.System_Setup)
    System_Setup                             0x08000ead   Thumb Code    38  main.o(i.System_Setup)
    i.Time_ConvUnixToCalendar                0x08000ef4   Section        0  rtc_time.o(i.Time_ConvUnixToCalendar)
    i.Time_Display                           0x08000f14   Section        0  rtc_time.o(i.Time_Display)
    i.Time_GetCalendarTime                   0x08000f60   Section        0  rtc_time.o(i.Time_GetCalendarTime)
    i.USART_Cmd                              0x08000f82   Section        0  stm32f10x_usart.o(i.USART_Cmd)
    i.USART_Configuration                    0x08000f9c   Section        0  main.o(i.USART_Configuration)
    i.USART_GetFlagStatus                    0x08001028   Section        0  stm32f10x_usart.o(i.USART_GetFlagStatus)
    i.USART_ITConfig                         0x08001042   Section        0  stm32f10x_usart.o(i.USART_ITConfig)
    i.USART_Init                             0x0800108c   Section        0  stm32f10x_usart.o(i.USART_Init)
    i.USART_SendData                         0x08001164   Section        0  stm32f10x_usart.o(i.USART_SendData)
    i.UsageFault_Handler                     0x0800116c   Section        0  stm32f10x_it.o(i.UsageFault_Handler)
    i.__0printf                              0x08001170   Section        0  printfa.o(i.__0printf)
    i.__scatterload_copy                     0x08001190   Section       14  handlers.o(i.__scatterload_copy)
    i.__scatterload_null                     0x0800119e   Section        2  handlers.o(i.__scatterload_null)
    i.__scatterload_zeroinit                 0x080011a0   Section       14  handlers.o(i.__scatterload_zeroinit)
    i._fp_digits                             0x080011b0   Section        0  printfa.o(i._fp_digits)
    _fp_digits                               0x080011b1   Thumb Code   318  printfa.o(i._fp_digits)
    i._printf_core                           0x08001304   Section        0  printfa.o(i._printf_core)
    _printf_core                             0x08001305   Thumb Code  1734  printfa.o(i._printf_core)
    i._printf_post_padding                   0x080019d8   Section        0  printfa.o(i._printf_post_padding)
    _printf_post_padding                     0x080019d9   Thumb Code    38  printfa.o(i._printf_post_padding)
    i._printf_pre_padding                    0x080019fe   Section        0  printfa.o(i._printf_pre_padding)
    _printf_pre_padding                      0x080019ff   Thumb Code    46  printfa.o(i._printf_pre_padding)
    i.enc28j60Init                           0x08001a2c   Section        0  enc28j60.o(i.enc28j60Init)
    i.enc28j60PacketReceive                  0x08001b98   Section        0  enc28j60.o(i.enc28j60PacketReceive)
    i.enc28j60PacketSend                     0x08001c5c   Section        0  enc28j60.o(i.enc28j60PacketSend)
    i.enc28j60PhyWrite                       0x08001cc2   Section        0  enc28j60.o(i.enc28j60PhyWrite)
    i.enc28j60Read                           0x08001cf0   Section        0  enc28j60.o(i.enc28j60Read)
    i.enc28j60ReadBuffer                     0x08001d04   Section        0  enc28j60.o(i.enc28j60ReadBuffer)
    i.enc28j60ReadOp                         0x08001d48   Section        0  enc28j60.o(i.enc28j60ReadOp)
    i.enc28j60SetBank                        0x08001d94   Section        0  enc28j60.o(i.enc28j60SetBank)
    i.enc28j60Write                          0x08001dc8   Section        0  enc28j60.o(i.enc28j60Write)
    i.enc28j60WriteBuffer                    0x08001de0   Section        0  enc28j60.o(i.enc28j60WriteBuffer)
    i.enc28j60WriteOp                        0x08001e20   Section        0  enc28j60.o(i.enc28j60WriteOp)
    i.enc28j60clkout                         0x08001e64   Section        0  enc28j60.o(i.enc28j60clkout)
    i.etharp_arp_input                       0x08001e74   Section        0  etharp.o(i.etharp_arp_input)
    i.etharp_ip_input                        0x080020a8   Section        0  etharp.o(i.etharp_ip_input)
    i.etharp_output                          0x08002164   Section        0  etharp.o(i.etharp_output)
    i.etharp_query                           0x08002238   Section        0  etharp.o(i.etharp_query)
    i.etharp_raw                             0x080024e0   Section        0  etharp.o(i.etharp_raw)
    etharp_raw                               0x080024e1   Thumb Code   266  etharp.o(i.etharp_raw)
    i.etharp_request                         0x08002680   Section        0  etharp.o(i.etharp_request)
    i.etharp_send_ip                         0x080026b0   Section        0  etharp.o(i.etharp_send_ip)
    etharp_send_ip                           0x080026b1   Thumb Code    96  etharp.o(i.etharp_send_ip)
    i.etharp_tmr                             0x0800276c   Section        0  etharp.o(i.etharp_tmr)
    i.ethernet_input                         0x08002818   Section        0  etharp.o(i.ethernet_input)
    i.ethernetif_init                        0x08002934   Section        0  ethernetif.o(i.ethernetif_init)
    i.ethernetif_input                       0x080029a8   Section        0  ethernetif.o(i.ethernetif_input)
    i.ethernetif_output                      0x08002a08   Section        0  ethernetif.o(i.ethernetif_output)
    ethernetif_output                        0x08002a09   Thumb Code    20  ethernetif.o(i.ethernetif_output)
    i.find_entry                             0x08002a1c   Section        0  etharp.o(i.find_entry)
    find_entry                               0x08002a1d   Thumb Code   574  etharp.o(i.find_entry)
    i.fputc                                  0x08002cec   Section        0  main.o(i.fputc)
    i.free_etharp_q                          0x08002d10   Section        0  etharp.o(i.free_etharp_q)
    free_etharp_q                            0x08002d11   Thumb Code   100  etharp.o(i.free_etharp_q)
    i.htonl                                  0x08002df8   Section        0  inet.o(i.htonl)
    i.htons                                  0x08002e12   Section        0  inet.o(i.htons)
    i.http_accept                            0x08002e20   Section        0  web_http.o(i.http_accept)
    http_accept                              0x08002e21   Thumb Code    30  web_http.o(i.http_accept)
    i.http_init                              0x08002e44   Section        0  web_http.o(i.http_init)
    i.http_recv                              0x08002e74   Section        0  web_http.o(i.http_recv)
    http_recv                                0x08002e75   Thumb Code   204  web_http.o(i.http_recv)
    i.icmp_dest_unreach                      0x08002f68   Section        0  icmp.o(i.icmp_dest_unreach)
    i.icmp_input                             0x08002f7c   Section        0  icmp.o(i.icmp_input)
    i.icmp_send_response                     0x08003380   Section        0  icmp.o(i.icmp_send_response)
    icmp_send_response                       0x08003381   Thumb Code   172  icmp.o(i.icmp_send_response)
    i.icmp_time_exceeded                     0x080034b8   Section        0  icmp.o(i.icmp_time_exceeded)
    i.inet_chksum                            0x080034ca   Section        0  inet_chksum.o(i.inet_chksum)
    i.inet_chksum_pbuf                       0x080034de   Section        0  inet_chksum.o(i.inet_chksum_pbuf)
    i.inet_chksum_pseudo                     0x08003534   Section        0  inet_chksum.o(i.inet_chksum_pseudo)
    i.ip_addr_isbroadcast                    0x080035de   Section        0  ip_addr.o(i.ip_addr_isbroadcast)
    i.ip_frag                                0x0800362c   Section        0  ip_frag.o(i.ip_frag)
    i.ip_input                               0x0800378c   Section        0  ip.o(i.ip_input)
    i.ip_output                              0x08003a14   Section        0  ip.o(i.ip_output)
    i.ip_output_if                           0x08003a64   Section        0  ip.o(i.ip_output_if)
    i.ip_reass                               0x08003c38   Section        0  ip_frag.o(i.ip_reass)
    i.ip_reass_chain_frag_into_datagram_and_validate 0x08003e2c   Section        0  ip_frag.o(i.ip_reass_chain_frag_into_datagram_and_validate)
    ip_reass_chain_frag_into_datagram_and_validate 0x08003e2d   Thumb Code   496  ip_frag.o(i.ip_reass_chain_frag_into_datagram_and_validate)
    i.ip_reass_dequeue_datagram              0x08004138   Section        0  ip_frag.o(i.ip_reass_dequeue_datagram)
    ip_reass_dequeue_datagram                0x08004139   Thumb Code    60  ip_frag.o(i.ip_reass_dequeue_datagram)
    i.ip_reass_enqueue_new_datagram          0x080041f0   Section        0  ip_frag.o(i.ip_reass_enqueue_new_datagram)
    ip_reass_enqueue_new_datagram            0x080041f1   Thumb Code    96  ip_frag.o(i.ip_reass_enqueue_new_datagram)
    i.ip_reass_free_complete_datagram        0x08004258   Section        0  ip_frag.o(i.ip_reass_free_complete_datagram)
    ip_reass_free_complete_datagram          0x08004259   Thumb Code   202  ip_frag.o(i.ip_reass_free_complete_datagram)
    i.ip_reass_remove_oldest_datagram        0x080043c0   Section        0  ip_frag.o(i.ip_reass_remove_oldest_datagram)
    ip_reass_remove_oldest_datagram          0x080043c1   Thumb Code   118  ip_frag.o(i.ip_reass_remove_oldest_datagram)
    i.ip_route                               0x0800443c   Section        0  ip.o(i.ip_route)
    i.low_level_init                         0x080044a4   Section        0  ethernetif.o(i.low_level_init)
    low_level_init                           0x080044a5   Thumb Code    96  ethernetif.o(i.low_level_init)
    i.low_level_input                        0x08004508   Section        0  ethernetif.o(i.low_level_input)
    low_level_input                          0x08004509   Thumb Code   102  ethernetif.o(i.low_level_input)
    i.low_level_output                       0x0800457c   Section        0  ethernetif.o(i.low_level_output)
    low_level_output                         0x0800457d   Thumb Code    52  ethernetif.o(i.low_level_output)
    i.lwip_init                              0x080045b4   Section        0  init.o(i.lwip_init)
    i.lwip_sanity_check                      0x080045c4   Section        0  init.o(i.lwip_sanity_check)
    lwip_sanity_check                        0x080045c5   Thumb Code     2  init.o(i.lwip_sanity_check)
    i.lwip_standard_chksum                   0x080045c6   Section        0  inet_chksum.o(i.lwip_standard_chksum)
    lwip_standard_chksum                     0x080045c7   Thumb Code    74  inet_chksum.o(i.lwip_standard_chksum)
    i.main                                   0x08004610   Section        0  main.o(i.main)
    i.mem_free                               0x0800469c   Section        0  mem.o(i.mem_free)
    i.mem_init                               0x08004818   Section        0  mem.o(i.mem_init)
    i.mem_malloc                             0x08004888   Section        0  mem.o(i.mem_malloc)
    i.mem_realloc                            0x08004b6c   Section        0  mem.o(i.mem_realloc)
    i.memp_free                              0x08004d6c   Section        0  memp.o(i.memp_free)
    i.memp_init                              0x08004e40   Section        0  memp.o(i.memp_init)
    i.memp_malloc                            0x08004edc   Section        0  memp.o(i.memp_malloc)
    i.netif_add                              0x08005048   Section        0  netif.o(i.netif_add)
    i.netif_is_up                            0x08005254   Section        0  netif.o(i.netif_is_up)
    i.netif_set_addr                         0x08005260   Section        0  netif.o(i.netif_set_addr)
    i.netif_set_default                      0x08005288   Section        0  netif.o(i.netif_set_default)
    i.netif_set_gw                           0x080052e4   Section        0  netif.o(i.netif_set_gw)
    i.netif_set_ipaddr                       0x0800537c   Section        0  netif.o(i.netif_set_ipaddr)
    i.netif_set_netmask                      0x080054ec   Section        0  netif.o(i.netif_set_netmask)
    i.netif_set_up                           0x08005584   Section        0  netif.o(i.netif_set_up)
    i.ntohl                                  0x080055b0   Section        0  inet.o(i.ntohl)
    i.ntohs                                  0x080055bc   Section        0  inet.o(i.ntohs)
    i.pbuf_alloc                             0x080055c8   Section        0  pbuf.o(i.pbuf_alloc)
    i.pbuf_cat                               0x080059f8   Section        0  pbuf.o(i.pbuf_cat)
    i.pbuf_chain                             0x08005b40   Section        0  pbuf.o(i.pbuf_chain)
    i.pbuf_clen                              0x08005b5a   Section        0  pbuf.o(i.pbuf_clen)
    i.pbuf_copy                              0x08005b6c   Section        0  pbuf.o(i.pbuf_copy)
    i.pbuf_copy_partial                      0x08005d98   Section        0  pbuf.o(i.pbuf_copy_partial)
    i.pbuf_free                              0x08005ee8   Section        0  pbuf.o(i.pbuf_free)
    i.pbuf_header                            0x0800604c   Section        0  pbuf.o(i.pbuf_header)
    i.pbuf_realloc                           0x080061a4   Section        0  pbuf.o(i.pbuf_realloc)
    i.pbuf_ref                               0x0800636c   Section        0  pbuf.o(i.pbuf_ref)
    i.plug_holes                             0x08006378   Section        0  mem.o(i.plug_holes)
    plug_holes                               0x08006379   Thumb Code   218  mem.o(i.plug_holes)
    i.raw_input                              0x08006530   Section        0  raw.o(i.raw_input)
    i.tcp_abandon                            0x08006598   Section        0  tcp.o(i.tcp_abandon)
    i.tcp_accept                             0x08006638   Section        0  tcp.o(i.tcp_accept)
    i.tcp_accept_null                        0x0800663c   Section        0  tcp.o(i.tcp_accept_null)
    tcp_accept_null                          0x0800663d   Thumb Code     8  tcp.o(i.tcp_accept_null)
    i.tcp_alloc                              0x08006644   Section        0  tcp.o(i.tcp_alloc)
    i.tcp_bind                               0x0800673c   Section        0  tcp.o(i.tcp_bind)
    i.tcp_close                              0x080068c4   Section        0  tcp.o(i.tcp_close)
    i.tcp_eff_send_mss                       0x080069c0   Section        0  tcp.o(i.tcp_eff_send_mss)
    i.tcp_enqueue                            0x080069f0   Section        0  tcp_out.o(i.tcp_enqueue)
    i.tcp_fasttmr                            0x08007134   Section        0  tcp.o(i.tcp_fasttmr)
    i.tcp_input                              0x080071b4   Section        0  tcp_in.o(i.tcp_input)
    i.tcp_keepalive                          0x08007918   Section        0  tcp_out.o(i.tcp_keepalive)
    i.tcp_kill_prio                          0x08007a40   Section        0  tcp.o(i.tcp_kill_prio)
    tcp_kill_prio                            0x08007a41   Thumb Code    82  tcp.o(i.tcp_kill_prio)
    i.tcp_kill_timewait                      0x08007a9c   Section        0  tcp.o(i.tcp_kill_timewait)
    tcp_kill_timewait                        0x08007a9d   Thumb Code    56  tcp.o(i.tcp_kill_timewait)
    i.tcp_listen_input                       0x08007adc   Section        0  tcp_in.o(i.tcp_listen_input)
    tcp_listen_input                         0x08007add   Thumb Code   300  tcp_in.o(i.tcp_listen_input)
    i.tcp_listen_with_backlog                0x08007c28   Section        0  tcp.o(i.tcp_listen_with_backlog)
    i.tcp_new                                0x08007d84   Section        0  tcp.o(i.tcp_new)
    i.tcp_new_port                           0x08007d90   Section        0  tcp.o(i.tcp_new_port)
    tcp_new_port                             0x08007d91   Thumb Code   104  tcp.o(i.tcp_new_port)
    i.tcp_next_iss                           0x08007e08   Section        0  tcp.o(i.tcp_next_iss)
    i.tcp_output                             0x08007e24   Section        0  tcp_out.o(i.tcp_output)
    i.tcp_output_segment                     0x0800808c   Section        0  tcp_out.o(i.tcp_output_segment)
    tcp_output_segment                       0x0800808d   Thumb Code   234  tcp_out.o(i.tcp_output_segment)
    i.tcp_output_set_header                  0x08008184   Section        0  tcp_out.o(i.tcp_output_set_header)
    tcp_output_set_header                    0x08008185   Thumb Code   138  tcp_out.o(i.tcp_output_set_header)
    i.tcp_parseopt                           0x08008210   Section        0  tcp_in.o(i.tcp_parseopt)
    tcp_parseopt                             0x08008211   Thumb Code   198  tcp_in.o(i.tcp_parseopt)
    i.tcp_pcb_purge                          0x080082dc   Section        0  tcp.o(i.tcp_pcb_purge)
    i.tcp_pcb_remove                         0x0800832c   Section        0  tcp.o(i.tcp_pcb_remove)
    i.tcp_process                            0x08008478   Section        0  tcp_in.o(i.tcp_process)
    tcp_process                              0x08008479   Thumb Code  1644  tcp_in.o(i.tcp_process)
    i.tcp_receive                            0x08008afc   Section        0  tcp_in.o(i.tcp_receive)
    tcp_receive                              0x08008afd   Thumb Code  2118  tcp_in.o(i.tcp_receive)
    i.tcp_recv                               0x080093f4   Section        0  tcp.o(i.tcp_recv)
    i.tcp_recv_null                          0x080093fa   Section        0  tcp.o(i.tcp_recv_null)
    i.tcp_recved                             0x08009428   Section        0  tcp.o(i.tcp_recved)
    i.tcp_rexmit                             0x08009508   Section        0  tcp_out.o(i.tcp_rexmit)
    i.tcp_rexmit_fast                        0x08009558   Section        0  tcp_out.o(i.tcp_rexmit_fast)
    i.tcp_rexmit_rto                         0x080095d6   Section        0  tcp_out.o(i.tcp_rexmit_rto)
    i.tcp_rst                                0x08009610   Section        0  tcp_out.o(i.tcp_rst)
    i.tcp_seg_free                           0x0800978c   Section        0  tcp.o(i.tcp_seg_free)
    i.tcp_segs_free                          0x080097ac   Section        0  tcp.o(i.tcp_segs_free)
    i.tcp_send_ctrl                          0x080097ca   Section        0  tcp_out.o(i.tcp_send_ctrl)
    i.tcp_send_empty_ack                     0x080097e6   Section        0  tcp_out.o(i.tcp_send_empty_ack)
    i.tcp_setprio                            0x0800985e   Section        0  tcp.o(i.tcp_setprio)
    i.tcp_slowtmr                            0x08009864   Section        0  tcp.o(i.tcp_slowtmr)
    i.tcp_timewait_input                     0x08009df8   Section        0  tcp_in.o(i.tcp_timewait_input)
    tcp_timewait_input                       0x08009df9   Thumb Code   150  tcp_in.o(i.tcp_timewait_input)
    i.tcp_tmr                                0x08009eac   Section        0  tcp.o(i.tcp_tmr)
    i.tcp_update_rcv_ann_wnd                 0x08009ed0   Section        0  tcp.o(i.tcp_update_rcv_ann_wnd)
    i.tcp_write                              0x08009f18   Section        0  tcp_out.o(i.tcp_write)
    i.tcp_zero_window_probe                  0x08009f68   Section        0  tcp_out.o(i.tcp_zero_window_probe)
    i.udp_input                              0x0800a0e8   Section        0  udp.o(i.udp_input)
    i.update_arp_entry                       0x0800a3ec   Section        0  etharp.o(i.update_arp_entry)
    update_arp_entry                         0x0800a3ed   Thumb Code   274  etharp.o(i.update_arp_entry)
    .constdata                               0x0800a584   Section       36  memp.o(.constdata)
    memp_sizes                               0x0800a584   Data          18  memp.o(.constdata)
    memp_num                                 0x0800a596   Data          18  memp.o(.constdata)
    .constdata                               0x0800a5a8   Section       20  tcp.o(.constdata)
    .constdata                               0x0800a5bc   Section       81  tcp_out.o(.constdata)
    .constdata                               0x0800a60d   Section        8  ip_addr.o(.constdata)
    .constdata                               0x0800a618   Section       80  etharp.o(.constdata)
    .constdata                               0x0800a668   Section     2880  web_http.o(.constdata)
    http_BASIC_REALM                         0x0800abaa   Data         213  web_http.o(.constdata)
    http_html_hdr                            0x0800ac7f   Data          45  web_http.o(.constdata)
    indexdata                                0x0800acac   Data        1219  web_http.o(.constdata)
    TCP_TestData                             0x0800b16f   Data          57  web_http.o(.constdata)
    .constdata                               0x0800b1a8   Section       12  localtime_i.o(.constdata)
    monlen                                   0x0800b1a8   Data          12  localtime_i.o(.constdata)
    .conststring                             0x0800b1b4   Section      104  tcp.o(.conststring)
    .data                                    0x20000000   Section       28  main.o(.data)
    Time_Count                               0x20000000   Data           4  main.o(.data)
    TCP_Count                                0x20000004   Data           4  main.o(.data)
    Ethernetif_input                         0x20000008   Data           4  main.o(.data)
    Flag                                     0x2000000c   Data           4  main.o(.data)
    Display                                  0x20000010   Data           1  main.o(.data)
    .data                                    0x2000001c   Section        4  stm32f10x_it.o(.data)
    Count                                    0x2000001c   Data           4  stm32f10x_it.o(.data)
    .data                                    0x20000020   Section       20  stm32f10x_rcc.o(.data)
    APBAHBPrescTable                         0x20000020   Data          16  stm32f10x_rcc.o(.data)
    ADCPrescTable                            0x20000030   Data           4  stm32f10x_rcc.o(.data)
    .data                                    0x20000034   Section       13  mem.o(.data)
    ram                                      0x20000034   Data           4  mem.o(.data)
    ram_end                                  0x20000038   Data           4  mem.o(.data)
    lfree                                    0x2000003c   Data           4  mem.o(.data)
    mem_sem                                  0x20000040   Data           1  mem.o(.data)
    .data                                    0x20000044   Section       12  netif.o(.data)
    netifnum                                 0x20000044   Data           1  netif.o(.data)
    .data                                    0x20000050   Section       77  tcp.o(.data)
    port                                     0x2000007c   Data           2  tcp.o(.data)
    iss                                      0x20000080   Data           4  tcp.o(.data)
    tcp_timer                                0x2000009c   Data           1  tcp.o(.data)
    .data                                    0x200000a0   Section       32  tcp_in.o(.data)
    tcphdr                                   0x200000a0   Data           4  tcp_in.o(.data)
    iphdr                                    0x200000a4   Data           4  tcp_in.o(.data)
    seqno                                    0x200000a8   Data           4  tcp_in.o(.data)
    ackno                                    0x200000ac   Data           4  tcp_in.o(.data)
    flags                                    0x200000b0   Data           1  tcp_in.o(.data)
    tcplen                                   0x200000b2   Data           2  tcp_in.o(.data)
    recv_flags                               0x200000b4   Data           1  tcp_in.o(.data)
    recv_data                                0x200000b8   Data           4  tcp_in.o(.data)
    .data                                    0x200000c0   Section        4  udp.o(.data)
    .data                                    0x200000c4   Section        4  raw.o(.data)
    raw_pcbs                                 0x200000c4   Data           4  raw.o(.data)
    .data                                    0x200000c8   Section       12  ip.o(.data)
    ip_id                                    0x200000c8   Data           2  ip.o(.data)
    .data                                    0x200000d4   Section        6  ip_frag.o(.data)
    reassdatagrams                           0x200000d4   Data           4  ip_frag.o(.data)
    ip_reass_pbufcount                       0x200000d8   Data           2  ip_frag.o(.data)
    .data                                    0x200000da   Section        1  etharp.o(.data)
    etharp_cached_entry                      0x200000da   Data           1  etharp.o(.data)
    .data                                    0x200000dc   Section        4  enc28j60.o(.data)
    Enc28j60Bank                             0x200000dc   Data           1  enc28j60.o(.data)
    NextPacketPtr                            0x200000de   Data           2  enc28j60.o(.data)
    .data                                    0x200000e0   Section        6  ethernetif.o(.data)
    .data                                    0x200000e8   Section        8  web_http.o(.data)
    TxCount                                  0x200000e8   Data           4  web_http.o(.data)
    .data                                    0x200000f0   Section        4  stdout.o(.data)
    .bss                                     0x200000f4   Section     4116  mem.o(.bss)
    ram_heap                                 0x200000f4   Data        4116  mem.o(.bss)
    .bss                                     0x20001108   Section    18095  memp.o(.bss)
    memp_tab                                 0x20001108   Data          36  memp.o(.bss)
    memp_memory                              0x2000112c   Data       18059  memp.o(.bss)
    .bss                                     0x200057b8   Section      268  stats.o(.bss)
    .bss                                     0x200058c4   Section       20  tcp_in.o(.bss)
    inseg                                    0x200058c4   Data          20  tcp_in.o(.bss)
    .bss                                     0x200058d8   Section     1504  ip_frag.o(.bss)
    buf                                      0x200058d8   Data        1504  ip_frag.o(.bss)
    .bss                                     0x20005eb8   Section      200  etharp.o(.bss)
    arp_table                                0x20005eb8   Data         200  etharp.o(.bss)
    .bss                                     0x20005f80   Section     9081  ethernetif.o(.bss)
    .bss                                     0x200082fc   Section       96  lwipentry.o(.bss)
    .bss                                     0x2000835c   Section       44  localtime_w.o(.bss)
    _tms                                     0x2000835c   Data          44  localtime_w.o(.bss)
    STACK                                    0x20008388   Section     1024  startup_stm32f10x_hd.o(STACK)

    Global Symbols

    Symbol Name                              Value     Ov Type        Size  Object(Section)

    BuildAttributes$$THM_ISAv4$P$D$K$B$S$PE$A:L22UL41UL21$X:L11$S22US41US21$IEEE1$IW$USESV6$~STKCKD$USESV7$~SHL$OSPACE$ROPI$EBA8$MICROLIB$REQ8$PRES8$EABIv2 0x00000000   Number         0  anon$$obj.o ABSOLUTE
    __ARM_use_no_argv                        0x00000000   Number         0  main.o ABSOLUTE
    _printf_a                                0x00000000   Number         0  stubs.o ABSOLUTE
    _printf_c                                0x00000000   Number         0  stubs.o ABSOLUTE
    _printf_charcount                        0x00000000   Number         0  stubs.o ABSOLUTE
    _printf_d                                0x00000000   Number         0  stubs.o ABSOLUTE
    _printf_e                                0x00000000   Number         0  stubs.o ABSOLUTE
    _printf_f                                0x00000000   Number         0  stubs.o ABSOLUTE
    _printf_flags                            0x00000000   Number         0  stubs.o ABSOLUTE
    _printf_fp_dec                           0x00000000   Number         0  stubs.o ABSOLUTE
    _printf_fp_hex                           0x00000000   Number         0  stubs.o ABSOLUTE
    _printf_g                                0x00000000   Number         0  stubs.o ABSOLUTE
    _printf_i                                0x00000000   Number         0  stubs.o ABSOLUTE
    _printf_int_dec                          0x00000000   Number         0  stubs.o ABSOLUTE
    _printf_l                                0x00000000   Number         0  stubs.o ABSOLUTE
    _printf_lc                               0x00000000   Number         0  stubs.o ABSOLUTE
    _printf_ll                               0x00000000   Number         0  stubs.o ABSOLUTE
    _printf_lld                              0x00000000   Number         0  stubs.o ABSOLUTE
    _printf_lli                              0x00000000   Number         0  stubs.o ABSOLUTE
    _printf_llo                              0x00000000   Number         0  stubs.o ABSOLUTE
    _printf_llu                              0x00000000   Number         0  stubs.o ABSOLUTE
    _printf_llx                              0x00000000   Number         0  stubs.o ABSOLUTE
    _printf_longlong_dec                     0x00000000   Number         0  stubs.o ABSOLUTE
    _printf_longlong_hex                     0x00000000   Number         0  stubs.o ABSOLUTE
    _printf_longlong_oct                     0x00000000   Number         0  stubs.o ABSOLUTE
    _printf_ls                               0x00000000   Number         0  stubs.o ABSOLUTE
    _printf_mbtowc                           0x00000000   Number         0  stubs.o ABSOLUTE
    _printf_n                                0x00000000   Number         0  stubs.o ABSOLUTE
    _printf_o                                0x00000000   Number         0  stubs.o ABSOLUTE
    _printf_p                                0x00000000   Number         0  stubs.o ABSOLUTE
    _printf_percent                          0x00000000   Number         0  stubs.o ABSOLUTE
    _printf_pre_padding                      0x00000000   Number         0  stubs.o ABSOLUTE
    _printf_return_value                     0x00000000   Number         0  stubs.o ABSOLUTE
    _printf_s                                0x00000000   Number         0  stubs.o ABSOLUTE
    _printf_sizespec                         0x00000000   Number         0  stubs.o ABSOLUTE
    _printf_str                              0x00000000   Number         0  stubs.o ABSOLUTE
    _printf_truncate_signed                  0x00000000   Number         0  stubs.o ABSOLUTE
    _printf_truncate_unsigned                0x00000000   Number         0  stubs.o ABSOLUTE
    _printf_u                                0x00000000   Number         0  stubs.o ABSOLUTE
    _printf_wc                               0x00000000   Number         0  stubs.o ABSOLUTE
    _printf_wctomb                           0x00000000   Number         0  stubs.o ABSOLUTE
    _printf_widthprec                        0x00000000   Number         0  stubs.o ABSOLUTE
    _printf_x                                0x00000000   Number         0  stubs.o ABSOLUTE
    __decompress                              - Undefined Weak Reference
    __Vectors_Size                           0x00000130   Number         0  startup_stm32f10x_hd.o ABSOLUTE
    __Vectors                                0x08000000   Data           4  startup_stm32f10x_hd.o(RESET)
    __Vectors_End                            0x08000130   Data           0  startup_stm32f10x_hd.o(RESET)
    __main                                   0x08000131   Thumb Code     0  entry.o(.ARM.Collect$$$$00000000)
    _main_stk                                0x08000131   Thumb Code     0  entry2.o(.ARM.Collect$$$$00000001)
    _main_scatterload                        0x08000135   Thumb Code     0  entry5.o(.ARM.Collect$$$$00000004)
    __main_after_scatterload                 0x08000139   Thumb Code     0  entry5.o(.ARM.Collect$$$$00000004)
    _main_init                               0x08000139   Thumb Code     0  entry7.o(.ARM.Collect$$$$00000007)
    Reset_Handler                            0x08000145   Thumb Code     8  startup_stm32f10x_hd.o(.text)
    ADC1_2_IRQHandler                        0x0800015f   Thumb Code     0  startup_stm32f10x_hd.o(.text)
    ADC3_IRQHandler                          0x0800015f   Thumb Code     0  startup_stm32f10x_hd.o(.text)
    CAN1_RX1_IRQHandler                      0x0800015f   Thumb Code     0  startup_stm32f10x_hd.o(.text)
    CAN1_SCE_IRQHandler                      0x0800015f   Thumb Code     0  startup_stm32f10x_hd.o(.text)
    DMA1_Channel1_IRQHandler                 0x0800015f   Thumb Code     0  startup_stm32f10x_hd.o(.text)
    DMA1_Channel2_IRQHandler                 0x0800015f   Thumb Code     0  startup_stm32f10x_hd.o(.text)
    DMA1_Channel3_IRQHandler                 0x0800015f   Thumb Code     0  startup_stm32f10x_hd.o(.text)
    DMA1_Channel4_IRQHandler                 0x0800015f   Thumb Code     0  startup_stm32f10x_hd.o(.text)
    DMA1_Channel5_IRQHandler                 0x0800015f   Thumb Code     0  startup_stm32f10x_hd.o(.text)
    DMA1_Channel6_IRQHandler                 0x0800015f   Thumb Code     0  startup_stm32f10x_hd.o(.text)
    DMA1_Channel7_IRQHandler                 0x0800015f   Thumb Code     0  startup_stm32f10x_hd.o(.text)
    DMA2_Channel1_IRQHandler                 0x0800015f   Thumb Code     0  startup_stm32f10x_hd.o(.text)
    DMA2_Channel2_IRQHandler                 0x0800015f   Thumb Code     0  startup_stm32f10x_hd.o(.text)
    DMA2_Channel3_IRQHandler                 0x0800015f   Thumb Code     0  startup_stm32f10x_hd.o(.text)
    DMA2_Channel4_5_IRQHandler               0x0800015f   Thumb Code     0  startup_stm32f10x_hd.o(.text)
    EXTI2_IRQHandler                         0x0800015f   Thumb Code     0  startup_stm32f10x_hd.o(.text)
    EXTI3_IRQHandler                         0x0800015f   Thumb Code     0  startup_stm32f10x_hd.o(.text)
    EXTI4_IRQHandler                         0x0800015f   Thumb Code     0  startup_stm32f10x_hd.o(.text)
    FLASH_IRQHandler                         0x0800015f   Thumb Code     0  startup_stm32f10x_hd.o(.text)
    FSMC_IRQHandler                          0x0800015f   Thumb Code     0  startup_stm32f10x_hd.o(.text)
    I2C1_ER_IRQHandler                       0x0800015f   Thumb Code     0  startup_stm32f10x_hd.o(.text)
    I2C1_EV_IRQHandler                       0x0800015f   Thumb Code     0  startup_stm32f10x_hd.o(.text)
    I2C2_ER_IRQHandler                       0x0800015f   Thumb Code     0  startup_stm32f10x_hd.o(.text)
    I2C2_EV_IRQHandler                       0x0800015f   Thumb Code     0  startup_stm32f10x_hd.o(.text)
    PVD_IRQHandler                           0x0800015f   Thumb Code     0  startup_stm32f10x_hd.o(.text)
    RCC_IRQHandler                           0x0800015f   Thumb Code     0  startup_stm32f10x_hd.o(.text)
    RTCAlarm_IRQHandler                      0x0800015f   Thumb Code     0  startup_stm32f10x_hd.o(.text)
    SDIO_IRQHandler                          0x0800015f   Thumb Code     0  startup_stm32f10x_hd.o(.text)
    SPI1_IRQHandler                          0x0800015f   Thumb Code     0  startup_stm32f10x_hd.o(.text)
    SPI2_IRQHandler                          0x0800015f   Thumb Code     0  startup_stm32f10x_hd.o(.text)
    SPI3_IRQHandler                          0x0800015f   Thumb Code     0  startup_stm32f10x_hd.o(.text)
    TAMPER_IRQHandler                        0x0800015f   Thumb Code     0  startup_stm32f10x_hd.o(.text)
    TIM1_BRK_IRQHandler                      0x0800015f   Thumb Code     0  startup_stm32f10x_hd.o(.text)
    TIM1_CC_IRQHandler                       0x0800015f   Thumb Code     0  startup_stm32f10x_hd.o(.text)
    TIM1_TRG_COM_IRQHandler                  0x0800015f   Thumb Code     0  startup_stm32f10x_hd.o(.text)
    TIM1_UP_IRQHandler                       0x0800015f   Thumb Code     0  startup_stm32f10x_hd.o(.text)
    TIM2_IRQHandler                          0x0800015f   Thumb Code     0  startup_stm32f10x_hd.o(.text)
    TIM3_IRQHandler                          0x0800015f   Thumb Code     0  startup_stm32f10x_hd.o(.text)
    TIM4_IRQHandler                          0x0800015f   Thumb Code     0  startup_stm32f10x_hd.o(.text)
    TIM5_IRQHandler                          0x0800015f   Thumb Code     0  startup_stm32f10x_hd.o(.text)
    TIM6_IRQHandler                          0x0800015f   Thumb Code     0  startup_stm32f10x_hd.o(.text)
    TIM7_IRQHandler                          0x0800015f   Thumb Code     0  startup_stm32f10x_hd.o(.text)
    TIM8_BRK_IRQHandler                      0x0800015f   Thumb Code     0  startup_stm32f10x_hd.o(.text)
    TIM8_CC_IRQHandler                       0x0800015f   Thumb Code     0  startup_stm32f10x_hd.o(.text)
    TIM8_TRG_COM_IRQHandler                  0x0800015f   Thumb Code     0  startup_stm32f10x_hd.o(.text)
    TIM8_UP_IRQHandler                       0x0800015f   Thumb Code     0  startup_stm32f10x_hd.o(.text)
    UART4_IRQHandler                         0x0800015f   Thumb Code     0  startup_stm32f10x_hd.o(.text)
    UART5_IRQHandler                         0x0800015f   Thumb Code     0  startup_stm32f10x_hd.o(.text)
    USART1_IRQHandler                        0x0800015f   Thumb Code     0  startup_stm32f10x_hd.o(.text)
    USART2_IRQHandler                        0x0800015f   Thumb Code     0  startup_stm32f10x_hd.o(.text)
    USART3_IRQHandler                        0x0800015f   Thumb Code     0  startup_stm32f10x_hd.o(.text)
    USBWakeUp_IRQHandler                     0x0800015f   Thumb Code     0  startup_stm32f10x_hd.o(.text)
    USB_HP_CAN1_TX_IRQHandler                0x0800015f   Thumb Code     0  startup_stm32f10x_hd.o(.text)
    USB_LP_CAN1_RX0_IRQHandler               0x0800015f   Thumb Code     0  startup_stm32f10x_hd.o(.text)
    WWDG_IRQHandler                          0x0800015f   Thumb Code     0  startup_stm32f10x_hd.o(.text)
    __aeabi_memcpy                           0x08000169   Thumb Code    36  memcpya.o(.text)
    __aeabi_memcpy4                          0x08000169   Thumb Code     0  memcpya.o(.text)
    __aeabi_memcpy8                          0x08000169   Thumb Code     0  memcpya.o(.text)
    __aeabi_memset                           0x0800018d   Thumb Code    14  memseta.o(.text)
    __aeabi_memset4                          0x0800018d   Thumb Code     0  memseta.o(.text)
    __aeabi_memset8                          0x0800018d   Thumb Code     0  memseta.o(.text)
    __aeabi_memclr                           0x0800019b   Thumb Code     4  memseta.o(.text)
    __aeabi_memclr4                          0x0800019b   Thumb Code     0  memseta.o(.text)
    __aeabi_memclr8                          0x0800019b   Thumb Code     0  memseta.o(.text)
    _memset$wrapper                          0x0800019f   Thumb Code    20  memseta.o(.text)
    __aeabi_uidiv                            0x080001b3   Thumb Code     0  uidiv.o(.text)
    __aeabi_uidivmod                         0x080001b3   Thumb Code    44  uidiv.o(.text)
    __aeabi_uldivmod                         0x080001df   Thumb Code   102  uldiv.o(.text)
    localtime                                0x08000245   Thumb Code     6  localtime_w.o(.text)
    _localtime                               0x08000251   Thumb Code   122  localtime_i.o(.text)
    __I$use$fp                               0x080002d1   Thumb Code     0  iusefp.o(.text)
    __aeabi_dadd                             0x080002d1   Thumb Code   318  dadd.o(.text)
    __aeabi_dsub                             0x0800040f   Thumb Code     6  dadd.o(.text)
    __aeabi_drsub                            0x08000415   Thumb Code     6  dadd.o(.text)
    __aeabi_dmul                             0x0800041b   Thumb Code   226  dmul.o(.text)
    __aeabi_ddiv                             0x080004fd   Thumb Code   222  ddiv.o(.text)
    __aeabi_d2ulz                            0x080005db   Thumb Code    48  dfixul.o(.text)
    __aeabi_cdrcmple                         0x0800060d   Thumb Code    38  cdrcmple.o(.text)
    __scatterload                            0x08000635   Thumb Code    28  init.o(.text)
    __scatterload_rt2                        0x08000635   Thumb Code     0  init.o(.text)
    __aeabi_llsl                             0x08000659   Thumb Code    30  llshl.o(.text)
    _ll_shift_l                              0x08000659   Thumb Code     0  llshl.o(.text)
    __aeabi_llsr                             0x08000677   Thumb Code    32  llushr.o(.text)
    _ll_ushift_r                             0x08000677   Thumb Code     0  llushr.o(.text)
    __aeabi_lasr                             0x08000697   Thumb Code    36  llsshr.o(.text)
    _ll_sshift_r                             0x08000697   Thumb Code     0  llsshr.o(.text)
    _double_round                            0x080006bb   Thumb Code    26  depilogue.o(.text)
    _double_epilogue                         0x080006d5   Thumb Code   168  depilogue.o(.text)
    BusFault_Handler                         0x0800077d   Thumb Code     4  stm32f10x_it.o(i.BusFault_Handler)
    DebugMon_Handler                         0x08000781   Thumb Code     2  stm32f10x_it.o(i.DebugMon_Handler)
    EXTI0_IRQHandler                         0x08000785   Thumb Code    36  stm32f10x_it.o(i.EXTI0_IRQHandler)
    EXTI15_10_IRQHandler                     0x080007b1   Thumb Code     4  stm32f10x_it.o(i.EXTI15_10_IRQHandler)
    EXTI1_IRQHandler                         0x080007b5   Thumb Code    36  stm32f10x_it.o(i.EXTI1_IRQHandler)
    EXTI9_5_IRQHandler                       0x080007e1   Thumb Code     4  stm32f10x_it.o(i.EXTI9_5_IRQHandler)
    EXTI_ClearITPendingBit                   0x080007e5   Thumb Code     6  stm32f10x_exti.o(i.EXTI_ClearITPendingBit)
    EXTI_GetITStatus                         0x080007f1   Thumb Code    34  stm32f10x_exti.o(i.EXTI_GetITStatus)
    GPIO_Configuration                       0x0800081d   Thumb Code    38  main.o(i.GPIO_Configuration)
    GPIO_Init                                0x08000849   Thumb Code   274  stm32f10x_gpio.o(i.GPIO_Init)
    GPIO_ResetBits                           0x0800095b   Thumb Code     4  stm32f10x_gpio.o(i.GPIO_ResetBits)
    GPIO_SetBits                             0x0800095f   Thumb Code     4  stm32f10x_gpio.o(i.GPIO_SetBits)
    HardFault_Handler                        0x08000965   Thumb Code    10  stm32f10x_it.o(i.HardFault_Handler)
    LwIP_Init                                0x08000991   Thumb Code    88  lwipentry.o(i.LwIP_Init)
    MemManage_Handler                        0x08000a01   Thumb Code     4  stm32f10x_it.o(i.MemManage_Handler)
    NMI_Handler                              0x08000a05   Thumb Code     2  stm32f10x_it.o(i.NMI_Handler)
    PendSV_Handler                           0x08000a07   Thumb Code     2  stm32f10x_it.o(i.PendSV_Handler)
    RCC_APB2PeriphClockCmd                   0x08000a09   Thumb Code    26  stm32f10x_rcc.o(i.RCC_APB2PeriphClockCmd)
    RCC_GetClocksFreq                        0x08000a29   Thumb Code   192  stm32f10x_rcc.o(i.RCC_GetClocksFreq)
    RTC_ClearITPendingBit                    0x08000afd   Thumb Code    22  stm32f10x_rtc.o(i.RTC_ClearITPendingBit)
    RTC_GetCounter                           0x08000b1d   Thumb Code    18  stm32f10x_rtc.o(i.RTC_GetCounter)
    RTC_GetITStatus                          0x08000b39   Thumb Code    34  stm32f10x_rtc.o(i.RTC_GetITStatus)
    RTC_IRQHandler                           0x08000b65   Thumb Code    60  main.o(i.RTC_IRQHandler)
    SPI1_Init                                0x08000ba9   Thumb Code   194  spi.o(i.SPI1_Init)
    SPI1_ReadWrite                           0x08000c7d   Thumb Code    50  spi.o(i.SPI1_ReadWrite)
    SPI_Cmd                                  0x08000cb5   Thumb Code    24  stm32f10x_spi.o(i.SPI_Cmd)
    SPI_I2S_GetFlagStatus                    0x08000ccd   Thumb Code    18  stm32f10x_spi.o(i.SPI_I2S_GetFlagStatus)
    SPI_I2S_ReceiveData                      0x08000cdf   Thumb Code     6  stm32f10x_spi.o(i.SPI_I2S_ReceiveData)
    SPI_I2S_SendData                         0x08000ce5   Thumb Code     4  stm32f10x_spi.o(i.SPI_I2S_SendData)
    SPI_Init                                 0x08000ce9   Thumb Code    60  stm32f10x_spi.o(i.SPI_Init)
    SVC_Handler                              0x08000d25   Thumb Code     2  stm32f10x_it.o(i.SVC_Handler)
    Set_MAC_Address                          0x08000df9   Thumb Code    28  ethernetif.o(i.Set_MAC_Address)
    SysTick_Handler                          0x08000e19   Thumb Code    40  stm32f10x_it.o(i.SysTick_Handler)
    SystemInit                               0x08000e4d   Thumb Code    78  system_stm32f10x.o(i.SystemInit)
    Time_ConvUnixToCalendar                  0x08000ef5   Thumb Code    32  rtc_time.o(i.Time_ConvUnixToCalendar)
    Time_Display                             0x08000f15   Thumb Code    40  rtc_time.o(i.Time_Display)
    Time_GetCalendarTime                     0x08000f61   Thumb Code    34  rtc_time.o(i.Time_GetCalendarTime)
    USART_Cmd                                0x08000f83   Thumb Code    24  stm32f10x_usart.o(i.USART_Cmd)
    USART_Configuration                      0x08000f9d   Thumb Code   132  main.o(i.USART_Configuration)
    USART_GetFlagStatus                      0x08001029   Thumb Code    26  stm32f10x_usart.o(i.USART_GetFlagStatus)
    USART_ITConfig                           0x08001043   Thumb Code    74  stm32f10x_usart.o(i.USART_ITConfig)
    USART_Init                               0x0800108d   Thumb Code   210  stm32f10x_usart.o(i.USART_Init)
    USART_SendData                           0x08001165   Thumb Code     8  stm32f10x_usart.o(i.USART_SendData)
    UsageFault_Handler                       0x0800116d   Thumb Code     4  stm32f10x_it.o(i.UsageFault_Handler)
    __0printf                                0x08001171   Thumb Code    22  printfa.o(i.__0printf)
    __1printf                                0x08001171   Thumb Code     0  printfa.o(i.__0printf)
    __2printf                                0x08001171   Thumb Code     0  printfa.o(i.__0printf)
    __c89printf                              0x08001171   Thumb Code     0  printfa.o(i.__0printf)
    printf                                   0x08001171   Thumb Code     0  printfa.o(i.__0printf)
    __scatterload_copy                       0x08001191   Thumb Code    14  handlers.o(i.__scatterload_copy)
    __scatterload_null                       0x0800119f   Thumb Code     2  handlers.o(i.__scatterload_null)
    __scatterload_zeroinit                   0x080011a1   Thumb Code    14  handlers.o(i.__scatterload_zeroinit)
    enc28j60Init                             0x08001a2d   Thumb Code   354  enc28j60.o(i.enc28j60Init)
    enc28j60PacketReceive                    0x08001b99   Thumb Code   190  enc28j60.o(i.enc28j60PacketReceive)
    enc28j60PacketSend                       0x08001c5d   Thumb Code   102  enc28j60.o(i.enc28j60PacketSend)
    enc28j60PhyWrite                         0x08001cc3   Thumb Code    46  enc28j60.o(i.enc28j60PhyWrite)
    enc28j60Read                             0x08001cf1   Thumb Code    20  enc28j60.o(i.enc28j60Read)
    enc28j60ReadBuffer                       0x08001d05   Thumb Code    62  enc28j60.o(i.enc28j60ReadBuffer)
    enc28j60ReadOp                           0x08001d49   Thumb Code    72  enc28j60.o(i.enc28j60ReadOp)
    enc28j60SetBank                          0x08001d95   Thumb Code    48  enc28j60.o(i.enc28j60SetBank)
    enc28j60Write                            0x08001dc9   Thumb Code    24  enc28j60.o(i.enc28j60Write)
    enc28j60WriteBuffer                      0x08001de1   Thumb Code    58  enc28j60.o(i.enc28j60WriteBuffer)
    enc28j60WriteOp                          0x08001e21   Thumb Code    62  enc28j60.o(i.enc28j60WriteOp)
    enc28j60clkout                           0x08001e65   Thumb Code    16  enc28j60.o(i.enc28j60clkout)
    etharp_arp_input                         0x08001e75   Thumb Code   452  etharp.o(i.etharp_arp_input)
    etharp_ip_input                          0x080020a9   Thumb Code    82  etharp.o(i.etharp_ip_input)
    etharp_output                            0x08002165   Thumb Code   204  etharp.o(i.etharp_output)
    etharp_query                             0x08002239   Thumb Code   514  etharp.o(i.etharp_query)
    etharp_request                           0x08002681   Thumb Code    40  etharp.o(i.etharp_request)
    etharp_tmr                               0x0800276d   Thumb Code   166  etharp.o(i.etharp_tmr)
    ethernet_input                           0x08002819   Thumb Code   154  etharp.o(i.ethernet_input)
    ethernetif_init                          0x08002935   Thumb Code    72  ethernetif.o(i.ethernetif_init)
    ethernetif_input                         0x080029a9   Thumb Code    60  ethernetif.o(i.ethernetif_input)
    fputc                                    0x08002ced   Thumb Code    32  main.o(i.fputc)
    htonl                                    0x08002df9   Thumb Code    26  inet.o(i.htonl)
    htons                                    0x08002e13   Thumb Code    12  inet.o(i.htons)
    http_init                                0x08002e45   Thumb Code    40  web_http.o(i.http_init)
    icmp_dest_unreach                        0x08002f69   Thumb Code    18  icmp.o(i.icmp_dest_unreach)
    icmp_input                               0x08002f7d   Thumb Code   696  icmp.o(i.icmp_input)
    icmp_time_exceeded                       0x080034b9   Thumb Code    18  icmp.o(i.icmp_time_exceeded)
    inet_chksum                              0x080034cb   Thumb Code    20  inet_chksum.o(i.inet_chksum)
    inet_chksum_pbuf                         0x080034df   Thumb Code    86  inet_chksum.o(i.inet_chksum_pbuf)
    inet_chksum_pseudo                       0x08003535   Thumb Code   170  inet_chksum.o(i.inet_chksum_pseudo)
    ip_addr_isbroadcast                      0x080035df   Thumb Code    78  ip_addr.o(i.ip_addr_isbroadcast)
    ip_frag                                  0x0800362d   Thumb Code   344  ip_frag.o(i.ip_frag)
    ip_input                                 0x0800378d   Thumb Code   632  ip.o(i.ip_input)
    ip_output                                0x08003a15   Thumb Code    74  ip.o(i.ip_output)
    ip_output_if                             0x08003a65   Thumb Code   324  ip.o(i.ip_output_if)
    ip_reass                                 0x08003c39   Thumb Code   486  ip_frag.o(i.ip_reass)
    ip_route                                 0x0800443d   Thumb Code    90  ip.o(i.ip_route)
    lwip_init                                0x080045b5   Thumb Code    16  init.o(i.lwip_init)
    main                                     0x08004611   Thumb Code   116  main.o(i.main)
    mem_free                                 0x0800469d   Thumb Code   198  mem.o(i.mem_free)
    mem_init                                 0x08004819   Thumb Code    88  mem.o(i.mem_init)
    mem_malloc                               0x08004889   Thumb Code   478  mem.o(i.mem_malloc)
    mem_realloc                              0x08004b6d   Thumb Code   348  mem.o(i.mem_realloc)
    memp_free                                0x08004d6d   Thumb Code    86  memp.o(i.memp_free)
    memp_init                                0x08004e41   Thumb Code   136  memp.o(i.memp_init)
    memp_malloc                              0x08004edd   Thumb Code   202  memp.o(i.memp_malloc)
    netif_add                                0x08005049   Thumb Code   434  netif.o(i.netif_add)
    netif_is_up                              0x08005255   Thumb Code    12  netif.o(i.netif_is_up)
    netif_set_addr                           0x08005261   Thumb Code    40  netif.o(i.netif_set_addr)
    netif_set_default                        0x08005289   Thumb Code    48  netif.o(i.netif_set_default)
    netif_set_gw                             0x080052e5   Thumb Code    90  netif.o(i.netif_set_gw)
    netif_set_ipaddr                         0x0800537d   Thumb Code   212  netif.o(i.netif_set_ipaddr)
    netif_set_netmask                        0x080054ed   Thumb Code    90  netif.o(i.netif_set_netmask)
    netif_set_up                             0x08005585   Thumb Code    44  netif.o(i.netif_set_up)
    ntohl                                    0x080055b1   Thumb Code    12  inet.o(i.ntohl)
    ntohs                                    0x080055bd   Thumb Code    12  inet.o(i.ntohs)
    pbuf_alloc                               0x080055c9   Thumb Code   668  pbuf.o(i.pbuf_alloc)
    pbuf_cat                                 0x080059f9   Thumb Code   124  pbuf.o(i.pbuf_cat)
    pbuf_chain                               0x08005b41   Thumb Code    26  pbuf.o(i.pbuf_chain)
    pbuf_clen                                0x08005b5b   Thumb Code    18  pbuf.o(i.pbuf_clen)
    pbuf_copy                                0x08005b6d   Thumb Code   312  pbuf.o(i.pbuf_copy)
    pbuf_copy_partial                        0x08005d99   Thumb Code   182  pbuf.o(i.pbuf_copy_partial)
    pbuf_free                                0x08005ee9   Thumb Code   210  pbuf.o(i.pbuf_free)
    pbuf_header                              0x0800604d   Thumb Code   200  pbuf.o(i.pbuf_header)
    pbuf_realloc                             0x080061a5   Thumb Code   246  pbuf.o(i.pbuf_realloc)
    pbuf_ref                                 0x0800636d   Thumb Code    10  pbuf.o(i.pbuf_ref)
    raw_input                                0x08006531   Thumb Code   100  raw.o(i.raw_input)
    tcp_abandon                              0x08006599   Thumb Code   150  tcp.o(i.tcp_abandon)
    tcp_accept                               0x08006639   Thumb Code     4  tcp.o(i.tcp_accept)
    tcp_alloc                                0x08006645   Thumb Code   232  tcp.o(i.tcp_alloc)
    tcp_bind                                 0x0800673d   Thumb Code   250  tcp.o(i.tcp_bind)
    tcp_close                                0x080068c5   Thumb Code   234  tcp.o(i.tcp_close)
    tcp_eff_send_mss                         0x080069c1   Thumb Code    46  tcp.o(i.tcp_eff_send_mss)
    tcp_enqueue                              0x080069f1   Thumb Code  1770  tcp_out.o(i.tcp_enqueue)
    tcp_fasttmr                              0x08007135   Thumb Code   122  tcp.o(i.tcp_fasttmr)
    tcp_input                                0x080071b5   Thumb Code  1842  tcp_in.o(i.tcp_input)
    tcp_keepalive                            0x08007919   Thumb Code   154  tcp_out.o(i.tcp_keepalive)
    tcp_listen_with_backlog                  0x08007c29   Thumb Code   210  tcp.o(i.tcp_listen_with_backlog)
    tcp_new                                  0x08007d85   Thumb Code    10  tcp.o(i.tcp_new)
    tcp_next_iss                             0x08007e09   Thumb Code    20  tcp.o(i.tcp_next_iss)
    tcp_output                               0x08007e25   Thumb Code   498  tcp_out.o(i.tcp_output)
    tcp_pcb_purge                            0x080082dd   Thumb Code    78  tcp.o(i.tcp_pcb_purge)
    tcp_pcb_remove                           0x0800832d   Thumb Code   190  tcp.o(i.tcp_pcb_remove)
    tcp_recv                                 0x080093f5   Thumb Code     6  tcp.o(i.tcp_recv)
    tcp_recv_null                            0x080093fb   Thumb Code    46  tcp.o(i.tcp_recv_null)
    tcp_recved                               0x08009429   Thumb Code   104  tcp.o(i.tcp_recved)
    tcp_rexmit                               0x08009509   Thumb Code    80  tcp_out.o(i.tcp_rexmit)
    tcp_rexmit_fast                          0x08009559   Thumb Code   126  tcp_out.o(i.tcp_rexmit_fast)
    tcp_rexmit_rto                           0x080095d7   Thumb Code    58  tcp_out.o(i.tcp_rexmit_rto)
    tcp_rst                                  0x08009611   Thumb Code   238  tcp_out.o(i.tcp_rst)
    tcp_seg_free                             0x0800978d   Thumb Code    32  tcp.o(i.tcp_seg_free)
    tcp_segs_free                            0x080097ad   Thumb Code    30  tcp.o(i.tcp_segs_free)
    tcp_send_ctrl                            0x080097cb   Thumb Code    28  tcp_out.o(i.tcp_send_ctrl)
    tcp_send_empty_ack                       0x080097e7   Thumb Code   120  tcp_out.o(i.tcp_send_empty_ack)
    tcp_setprio                              0x0800985f   Thumb Code     4  tcp.o(i.tcp_setprio)
    tcp_slowtmr                              0x08009865   Thumb Code  1426  tcp.o(i.tcp_slowtmr)
    tcp_tmr                                  0x08009ead   Thumb Code    30  tcp.o(i.tcp_tmr)
    tcp_update_rcv_ann_wnd                   0x08009ed1   Thumb Code    72  tcp.o(i.tcp_update_rcv_ann_wnd)
    tcp_write                                0x08009f19   Thumb Code    78  tcp_out.o(i.tcp_write)
    tcp_zero_window_probe                    0x08009f69   Thumb Code   244  tcp_out.o(i.tcp_zero_window_probe)
    udp_input                                0x0800a0e9   Thumb Code   640  udp.o(i.udp_input)
    tcp_backoff                              0x0800a5a8   Data          13  tcp.o(.constdata)
    tcp_persist_backoff                      0x0800a5b5   Data           7  tcp.o(.constdata)
    ip_addr_any                              0x0800a60d   Data           4  ip_addr.o(.constdata)
    ip_addr_broadcast                        0x0800a611   Data           4  ip_addr.o(.constdata)
    ethbroadcast                             0x0800a618   Data           6  etharp.o(.constdata)
    ethzero                                  0x0800a61e   Data           6  etharp.o(.constdata)
    WebSide                                  0x0800a668   Data        1346  web_http.o(.constdata)
    Region$$Table$$Base                      0x0800b21c   Number         0  anon$$obj.o(Region$$Table)
    Region$$Table$$Limit                     0x0800b23c   Number         0  anon$$obj.o(Region$$Table)
    EXTI_InitStructure                       0x20000014   Data           8  main.o(.data)
    netif_list                               0x20000048   Data           4  netif.o(.data)
    netif_default                            0x2000004c   Data           4  netif.o(.data)
    tcp_state_str                            0x20000050   Data          44  tcp.o(.data)
    tcp_ticks                                0x20000084   Data           4  tcp.o(.data)
    tcp_bound_pcbs                           0x20000088   Data           4  tcp.o(.data)
    tcp_listen_pcbs                          0x2000008c   Data           4  tcp.o(.data)
    tcp_active_pcbs                          0x20000090   Data           4  tcp.o(.data)
    tcp_tw_pcbs                              0x20000094   Data           4  tcp.o(.data)
    tcp_tmp_pcb                              0x20000098   Data           4  tcp.o(.data)
    tcp_input_pcb                            0x200000bc   Data           4  tcp_in.o(.data)
    udp_pcbs                                 0x200000c0   Data           4  udp.o(.data)
    current_netif                            0x200000cc   Data           4  ip.o(.data)
    current_header                           0x200000d0   Data           4  ip.o(.data)
    MACaddr                                  0x200000e0   Data           6  ethernetif.o(.data)
    q                                        0x200000ec   Data           4  web_http.o(.data)
    __stdout                                 0x200000f0   Data           4  stdout.o(.data)
    lwip_stats                               0x200057b8   Data         268  stats.o(.bss)
    Data_Buf                                 0x20005f80   Data        6081  ethernetif.o(.bss)
    Tx_Data_Buf                              0x20007741   Data        3000  ethernetif.o(.bss)
    EMAC_if                                  0x200082fc   Data          48  lwipentry.o(.bss)
    netif                                    0x2000832c   Data          48  lwipentry.o(.bss)
    __initial_sp                             0x20008788   Data           0  startup_stm32f10x_hd.o(STACK)



==============================================================================

Memory Map of the image

  Image Entry point : 0x08000131

  Load Region LR_IROM1 (Base: 0x08000000, Size: 0x0000b330, Max: 0x00040000, ABSOLUTE)

    Execution Region ER_IROM1 (Base: 0x08000000, Size: 0x0000b23c, Max: 0x00040000, ABSOLUTE)

    Base Addr    Size         Type   Attr      Idx    E Section Name        Object

    0x08000000   0x00000130   Data   RO         3357    RESET               startup_stm32f10x_hd.o
    0x08000130   0x00000000   Code   RO         5213  * .ARM.Collect$$$$00000000  mc_w.l(entry.o)(mc_w.l)
    0x08000130   0x00000004   Code   RO         5492    .ARM.Collect$$$$00000001  mc_w.l(entry2.o)(mc_w.l)
    0x08000134   0x00000004   Code   RO         5495    .ARM.Collect$$$$00000004  mc_w.l(entry5.o)(mc_w.l)
    0x08000138   0x00000008   Code   RO         5496    .ARM.Collect$$$$00000007  mc_w.l(entry7.o)(mc_w.l)
    0x08000140   0x00000004   Code   RO         5493    .ARM.Collect$$$$00002712  mc_w.l(entry2.o)(mc_w.l)
    0x08000144   0x00000024   Code   RO         3358    .text               startup_stm32f10x_hd.o
    0x08000168   0x00000024   Code   RO         5223    .text               mc_w.l(memcpya.o)(mc_w.l)
    0x0800018c   0x00000026   Code   RO         5225    .text               mc_w.l(memseta.o)(mc_w.l)
    0x080001b2   0x0000002c   Code   RO         5498    .text               mc_w.l(uidiv.o)(mc_w.l)
    0x080001de   0x00000066   Code   RO         5500    .text               mc_w.l(uldiv.o)(mc_w.l)
    0x08000244   0x0000000c   Code   RO         5502    .text               mc_w.l(localtime_w.o)(mc_w.l)
    0x08000250   0x00000080   Code   RO         5505    .text               mc_w.l(localtime_i.o)(mc_w.l)
    0x080002d0   0x00000000   Code   RO         5508    .text               mc_w.l(iusefp.o)(mc_w.l)
    0x080002d0   0x0000014a   Code   RO         5509    .text               mf_w.l(dadd.o)(mf_w.l)
    0x0800041a   0x000000e2   Code   RO         5511    .text               mf_w.l(dmul.o)(mf_w.l)
    0x080004fc   0x000000de   Code   RO         5513    .text               mf_w.l(ddiv.o)(mf_w.l)
    0x080005da   0x00000030   Code   RO         5515    .text               mf_w.l(dfixul.o)(mf_w.l)
    0x0800060a   0x00000002   PAD
    0x0800060c   0x00000028   Code   RO         5517    .text               mf_w.l(cdrcmple.o)(mf_w.l)
    0x08000634   0x00000024   Code   RO         5519    .text               mc_w.l(init.o)(mc_w.l)
    0x08000658   0x0000001e   Code   RO         5521    .text               mc_w.l(llshl.o)(mc_w.l)
    0x08000676   0x00000020   Code   RO         5523    .text               mc_w.l(llushr.o)(mc_w.l)
    0x08000696   0x00000024   Code   RO         5525    .text               mc_w.l(llsshr.o)(mc_w.l)
    0x080006ba   0x000000c2   Code   RO         5527    .text               mf_w.l(depilogue.o)(mf_w.l)
    0x0800077c   0x00000004   Code   RO          170    i.BusFault_Handler  stm32f10x_it.o
    0x08000780   0x00000002   Code   RO          171    i.DebugMon_Handler  stm32f10x_it.o
    0x08000782   0x00000002   PAD
    0x08000784   0x0000002c   Code   RO          172    i.EXTI0_IRQHandler  stm32f10x_it.o
    0x080007b0   0x00000004   Code   RO          173    i.EXTI15_10_IRQHandler  stm32f10x_it.o
    0x080007b4   0x0000002c   Code   RO          174    i.EXTI1_IRQHandler  stm32f10x_it.o
    0x080007e0   0x00000004   Code   RO          175    i.EXTI9_5_IRQHandler  stm32f10x_it.o
    0x080007e4   0x0000000c   Code   RO         1914    i.EXTI_ClearITPendingBit  stm32f10x_exti.o
    0x080007f0   0x0000002c   Code   RO         1918    i.EXTI_GetITStatus  stm32f10x_exti.o
    0x0800081c   0x0000002c   Code   RO            2    i.GPIO_Configuration  main.o
    0x08000848   0x00000112   Code   RO          340    i.GPIO_Init         stm32f10x_gpio.o
    0x0800095a   0x00000004   Code   RO          347    i.GPIO_ResetBits    stm32f10x_gpio.o
    0x0800095e   0x00000004   Code   RO          348    i.GPIO_SetBits      stm32f10x_gpio.o
    0x08000962   0x00000002   PAD
    0x08000964   0x0000002c   Code   RO          176    i.HardFault_Handler  stm32f10x_it.o
    0x08000990   0x00000070   Code   RO         5119    i.LwIP_Init         lwipentry.o
    0x08000a00   0x00000004   Code   RO          177    i.MemManage_Handler  stm32f10x_it.o
    0x08000a04   0x00000002   Code   RO          178    i.NMI_Handler       stm32f10x_it.o
    0x08000a06   0x00000002   Code   RO          179    i.PendSV_Handler    stm32f10x_it.o
    0x08000a08   0x00000020   Code   RO          452    i.RCC_APB2PeriphClockCmd  stm32f10x_rcc.o
    0x08000a28   0x000000d4   Code   RO          460    i.RCC_GetClocksFreq  stm32f10x_rcc.o
    0x08000afc   0x00000020   Code   RO         1150    i.RTC_ClearITPendingBit  stm32f10x_rtc.o
    0x08000b1c   0x0000001c   Code   RO         1153    i.RTC_GetCounter    stm32f10x_rtc.o
    0x08000b38   0x0000002c   Code   RO         1156    i.RTC_GetITStatus   stm32f10x_rtc.o
    0x08000b64   0x00000044   Code   RO            4    i.RTC_IRQHandler    main.o
    0x08000ba8   0x000000d4   Code   RO         4732    i.SPI1_Init         spi.o
    0x08000c7c   0x00000038   Code   RO         4733    i.SPI1_ReadWrite    spi.o
    0x08000cb4   0x00000018   Code   RO          653    i.SPI_Cmd           stm32f10x_spi.o
    0x08000ccc   0x00000012   Code   RO          661    i.SPI_I2S_GetFlagStatus  stm32f10x_spi.o
    0x08000cde   0x00000006   Code   RO          664    i.SPI_I2S_ReceiveData  stm32f10x_spi.o
    0x08000ce4   0x00000004   Code   RO          665    i.SPI_I2S_SendData  stm32f10x_spi.o
    0x08000ce8   0x0000003c   Code   RO          666    i.SPI_Init          stm32f10x_spi.o
    0x08000d24   0x00000002   Code   RO          180    i.SVC_Handler       stm32f10x_it.o
    0x08000d26   0x00000008   Code   RO         3321    i.SetSysClock       system_stm32f10x.o
    0x08000d2e   0x00000002   PAD
    0x08000d30   0x000000c8   Code   RO         3322    i.SetSysClockTo72   system_stm32f10x.o
    0x08000df8   0x00000020   Code   RO         4860    i.Set_MAC_Address   ethernetif.o
    0x08000e18   0x00000034   Code   RO          181    i.SysTick_Handler   stm32f10x_it.o
    0x08000e4c   0x00000060   Code   RO         3324    i.SystemInit        system_stm32f10x.o
    0x08000eac   0x00000048   Code   RO            5    i.System_Setup      main.o
    0x08000ef4   0x00000020   Code   RO          262    i.Time_ConvUnixToCalendar  rtc_time.o
    0x08000f14   0x0000004c   Code   RO          263    i.Time_Display      rtc_time.o
    0x08000f60   0x00000022   Code   RO          264    i.Time_GetCalendarTime  rtc_time.o
    0x08000f82   0x00000018   Code   RO          799    i.USART_Cmd         stm32f10x_usart.o
    0x08000f9a   0x00000002   PAD
    0x08000f9c   0x0000008c   Code   RO            6    i.USART_Configuration  main.o
    0x08001028   0x0000001a   Code   RO          802    i.USART_GetFlagStatus  stm32f10x_usart.o
    0x08001042   0x0000004a   Code   RO          805    i.USART_ITConfig    stm32f10x_usart.o
    0x0800108c   0x000000d8   Code   RO          806    i.USART_Init        stm32f10x_usart.o
    0x08001164   0x00000008   Code   RO          816    i.USART_SendData    stm32f10x_usart.o
    0x0800116c   0x00000004   Code   RO          182    i.UsageFault_Handler  stm32f10x_it.o
    0x08001170   0x00000020   Code   RO         5464    i.__0printf         mc_w.l(printfa.o)(mc_w.l)
    0x08001190   0x0000000e   Code   RO         5531    i.__scatterload_copy  mc_w.l(handlers.o)(mc_w.l)
    0x0800119e   0x00000002   Code   RO         5532    i.__scatterload_null  mc_w.l(handlers.o)(mc_w.l)
    0x080011a0   0x0000000e   Code   RO         5533    i.__scatterload_zeroinit  mc_w.l(handlers.o)(mc_w.l)
    0x080011ae   0x00000002   PAD
    0x080011b0   0x00000154   Code   RO         5471    i._fp_digits        mc_w.l(printfa.o)(mc_w.l)
    0x08001304   0x000006d4   Code   RO         5472    i._printf_core      mc_w.l(printfa.o)(mc_w.l)
    0x080019d8   0x00000026   Code   RO         5473    i._printf_post_padding  mc_w.l(printfa.o)(mc_w.l)
    0x080019fe   0x0000002e   Code   RO         5474    i._printf_pre_padding  mc_w.l(printfa.o)(mc_w.l)
    0x08001a2c   0x0000016c   Code   RO         4765    i.enc28j60Init      enc28j60.o
    0x08001b98   0x000000c4   Code   RO         4766    i.enc28j60PacketReceive  enc28j60.o
    0x08001c5c   0x00000066   Code   RO         4767    i.enc28j60PacketSend  enc28j60.o
    0x08001cc2   0x0000002e   Code   RO         4768    i.enc28j60PhyWrite  enc28j60.o
    0x08001cf0   0x00000014   Code   RO         4769    i.enc28j60Read      enc28j60.o
    0x08001d04   0x00000044   Code   RO         4770    i.enc28j60ReadBuffer  enc28j60.o
    0x08001d48   0x0000004c   Code   RO         4771    i.enc28j60ReadOp    enc28j60.o
    0x08001d94   0x00000034   Code   RO         4772    i.enc28j60SetBank   enc28j60.o
    0x08001dc8   0x00000018   Code   RO         4773    i.enc28j60Write     enc28j60.o
    0x08001de0   0x00000040   Code   RO         4774    i.enc28j60WriteBuffer  enc28j60.o
    0x08001e20   0x00000044   Code   RO         4775    i.enc28j60WriteOp   enc28j60.o
    0x08001e64   0x00000010   Code   RO         4776    i.enc28j60clkout    enc28j60.o
    0x08001e74   0x00000234   Code   RO         4632    i.etharp_arp_input  etharp.o
    0x080020a8   0x000000bc   Code   RO         4634    i.etharp_ip_input   etharp.o
    0x08002164   0x000000d4   Code   RO         4635    i.etharp_output     etharp.o
    0x08002238   0x000002a8   Code   RO         4636    i.etharp_query      etharp.o
    0x080024e0   0x000001a0   Code   RO         4637    i.etharp_raw        etharp.o
    0x08002680   0x00000030   Code   RO         4638    i.etharp_request    etharp.o
    0x080026b0   0x000000bc   Code   RO         4639    i.etharp_send_ip    etharp.o
    0x0800276c   0x000000ac   Code   RO         4640    i.etharp_tmr        etharp.o
    0x08002818   0x0000011c   Code   RO         4641    i.ethernet_input    etharp.o
    0x08002934   0x00000074   Code   RO         4863    i.ethernetif_init   ethernetif.o
    0x080029a8   0x00000060   Code   RO         4864    i.ethernetif_input  ethernetif.o
    0x08002a08   0x00000014   Code   RO         4865    i.ethernetif_output  ethernetif.o
    0x08002a1c   0x000002d0   Code   RO         4642    i.find_entry        etharp.o
    0x08002cec   0x00000024   Code   RO            8    i.fputc             main.o
    0x08002d10   0x000000e8   Code   RO         4643    i.free_etharp_q     etharp.o
    0x08002df8   0x0000001a   Code   RO         4398    i.htonl             inet.o
    0x08002e12   0x0000000c   Code   RO         4399    i.htons             inet.o
    0x08002e1e   0x00000002   PAD
    0x08002e20   0x00000024   Code   RO         5173    i.http_accept       web_http.o
    0x08002e44   0x00000030   Code   RO         5174    i.http_init         web_http.o
    0x08002e74   0x000000f4   Code   RO         5175    i.http_recv         web_http.o
    0x08002f68   0x00000012   Code   RO         4363    i.icmp_dest_unreach  icmp.o
    0x08002f7a   0x00000002   PAD
    0x08002f7c   0x00000404   Code   RO         4364    i.icmp_input        icmp.o
    0x08003380   0x00000138   Code   RO         4365    i.icmp_send_response  icmp.o
    0x080034b8   0x00000012   Code   RO         4366    i.icmp_time_exceeded  icmp.o
    0x080034ca   0x00000014   Code   RO         4447    i.inet_chksum       inet_chksum.o
    0x080034de   0x00000056   Code   RO         4448    i.inet_chksum_pbuf  inet_chksum.o
    0x08003534   0x000000aa   Code   RO         4449    i.inet_chksum_pseudo  inet_chksum.o
    0x080035de   0x0000004e   Code   RO         4522    i.ip_addr_isbroadcast  ip_addr.o
    0x0800362c   0x00000160   Code   RO         4544    i.ip_frag           ip_frag.o
    0x0800378c   0x00000288   Code   RO         4483    i.ip_input          ip.o
    0x08003a14   0x00000050   Code   RO         4484    i.ip_output         ip.o
    0x08003a64   0x000001d4   Code   RO         4485    i.ip_output_if      ip.o
    0x08003c38   0x000001f4   Code   RO         4545    i.ip_reass          ip_frag.o
    0x08003e2c   0x0000030c   Code   RO         4546    i.ip_reass_chain_frag_into_datagram_and_validate  ip_frag.o
    0x08004138   0x000000b8   Code   RO         4547    i.ip_reass_dequeue_datagram  ip_frag.o
    0x080041f0   0x00000068   Code   RO         4548    i.ip_reass_enqueue_new_datagram  ip_frag.o
    0x08004258   0x00000168   Code   RO         4549    i.ip_reass_free_complete_datagram  ip_frag.o
    0x080043c0   0x0000007c   Code   RO         4550    i.ip_reass_remove_oldest_datagram  ip_frag.o
    0x0800443c   0x00000068   Code   RO         4486    i.ip_route          ip.o
    0x080044a4   0x00000064   Code   RO         4866    i.low_level_init    ethernetif.o
    0x08004508   0x00000074   Code   RO         4867    i.low_level_input   ethernetif.o
    0x0800457c   0x00000038   Code   RO         4868    i.low_level_output  ethernetif.o
    0x080045b4   0x00000010   Code   RO         3362    i.lwip_init         init.o
    0x080045c4   0x00000002   Code   RO         3363    i.lwip_sanity_check  init.o
    0x080045c6   0x0000004a   Code   RO         4450    i.lwip_standard_chksum  inet_chksum.o
    0x08004610   0x0000008c   Code   RO            9    i.main              main.o
    0x0800469c   0x0000017c   Code   RO         3453    i.mem_free          mem.o
    0x08004818   0x00000070   Code   RO         3454    i.mem_init          mem.o
    0x08004888   0x000002e4   Code   RO         3455    i.mem_malloc        mem.o
    0x08004b6c   0x00000200   Code   RO         3456    i.mem_realloc       mem.o
    0x08004d6c   0x000000d4   Code   RO         3499    i.memp_free         memp.o
    0x08004e40   0x0000009c   Code   RO         3500    i.memp_init         memp.o
    0x08004edc   0x0000016c   Code   RO         3501    i.memp_malloc       memp.o
    0x08005048   0x0000020c   Code   RO         3543    i.netif_add         netif.o
    0x08005254   0x0000000c   Code   RO         3545    i.netif_is_up       netif.o
    0x08005260   0x00000028   Code   RO         3547    i.netif_set_addr    netif.o
    0x08005288   0x0000005c   Code   RO         3548    i.netif_set_default  netif.o
    0x080052e4   0x00000098   Code   RO         3550    i.netif_set_gw      netif.o
    0x0800537c   0x00000170   Code   RO         3551    i.netif_set_ipaddr  netif.o
    0x080054ec   0x00000098   Code   RO         3552    i.netif_set_netmask  netif.o
    0x08005584   0x0000002c   Code   RO         3553    i.netif_set_up      netif.o
    0x080055b0   0x0000000c   Code   RO         4403    i.ntohl             inet.o
    0x080055bc   0x0000000c   Code   RO         4404    i.ntohs             inet.o
    0x080055c8   0x00000430   Code   RO         4061    i.pbuf_alloc        pbuf.o
    0x080059f8   0x00000148   Code   RO         4062    i.pbuf_cat          pbuf.o
    0x08005b40   0x0000001a   Code   RO         4063    i.pbuf_chain        pbuf.o
    0x08005b5a   0x00000012   Code   RO         4064    i.pbuf_clen         pbuf.o
    0x08005b6c   0x0000022c   Code   RO         4066    i.pbuf_copy         pbuf.o
    0x08005d98   0x00000150   Code   RO         4067    i.pbuf_copy_partial  pbuf.o
    0x08005ee8   0x00000164   Code   RO         4069    i.pbuf_free         pbuf.o
    0x0800604c   0x00000158   Code   RO         4070    i.pbuf_header       pbuf.o
    0x080061a4   0x000001c8   Code   RO         4071    i.pbuf_realloc      pbuf.o
    0x0800636c   0x0000000a   Code   RO         4072    i.pbuf_ref          pbuf.o
    0x08006376   0x00000002   PAD
    0x08006378   0x000001b8   Code   RO         3457    i.plug_holes        mem.o
    0x08006530   0x00000068   Code   RO         4147    i.raw_input         raw.o
    0x08006598   0x000000a0   Code   RO         3643    i.tcp_abandon       tcp.o
    0x08006638   0x00000004   Code   RO         3644    i.tcp_accept        tcp.o
    0x0800663c   0x00000008   Code   RO         3645    i.tcp_accept_null   tcp.o
    0x08006644   0x000000f8   Code   RO         3646    i.tcp_alloc         tcp.o
    0x0800673c   0x00000188   Code   RO         3648    i.tcp_bind          tcp.o
    0x080068c4   0x000000fc   Code   RO         3649    i.tcp_close         tcp.o
    0x080069c0   0x0000002e   Code   RO         3652    i.tcp_eff_send_mss  tcp.o
    0x080069ee   0x00000002   PAD
    0x080069f0   0x00000744   Code   RO         3891    i.tcp_enqueue       tcp_out.o
    0x08007134   0x00000080   Code   RO         3654    i.tcp_fasttmr       tcp.o
    0x080071b4   0x00000764   Code   RO         3840    i.tcp_input         tcp_in.o
    0x08007918   0x00000128   Code   RO         3892    i.tcp_keepalive     tcp_out.o
    0x08007a40   0x0000005c   Code   RO         3655    i.tcp_kill_prio     tcp.o
    0x08007a9c   0x00000040   Code   RO         3656    i.tcp_kill_timewait  tcp.o
    0x08007adc   0x0000014c   Code   RO         3841    i.tcp_listen_input  tcp_in.o
    0x08007c28   0x0000015c   Code   RO         3657    i.tcp_listen_with_backlog  tcp.o
    0x08007d84   0x0000000a   Code   RO         3658    i.tcp_new           tcp.o
    0x08007d8e   0x00000002   PAD
    0x08007d90   0x00000078   Code   RO         3659    i.tcp_new_port      tcp.o
    0x08007e08   0x0000001c   Code   RO         3660    i.tcp_next_iss      tcp.o
    0x08007e24   0x00000268   Code   RO         3893    i.tcp_output        tcp_out.o
    0x0800808c   0x000000f8   Code   RO         3894    i.tcp_output_segment  tcp_out.o
    0x08008184   0x0000008a   Code   RO         3895    i.tcp_output_set_header  tcp_out.o
    0x0800820e   0x00000002   PAD
    0x08008210   0x000000cc   Code   RO         3842    i.tcp_parseopt      tcp_in.o
    0x080082dc   0x0000004e   Code   RO         3661    i.tcp_pcb_purge     tcp.o
    0x0800832a   0x00000002   PAD
    0x0800832c   0x0000014c   Code   RO         3662    i.tcp_pcb_remove    tcp.o
    0x08008478   0x00000684   Code   RO         3843    i.tcp_process       tcp_in.o
    0x08008afc   0x000008f8   Code   RO         3844    i.tcp_receive       tcp_in.o
    0x080093f4   0x00000006   Code   RO         3664    i.tcp_recv          tcp.o
    0x080093fa   0x0000002e   Code   RO         3665    i.tcp_recv_null     tcp.o
    0x08009428   0x000000e0   Code   RO         3666    i.tcp_recved        tcp.o
    0x08009508   0x00000050   Code   RO         3896    i.tcp_rexmit        tcp_out.o
    0x08009558   0x0000007e   Code   RO         3897    i.tcp_rexmit_fast   tcp_out.o
    0x080095d6   0x0000003a   Code   RO         3898    i.tcp_rexmit_rto    tcp_out.o
    0x08009610   0x0000017c   Code   RO         3899    i.tcp_rst           tcp_out.o
    0x0800978c   0x00000020   Code   RO         3667    i.tcp_seg_free      tcp.o
    0x080097ac   0x0000001e   Code   RO         3668    i.tcp_segs_free     tcp.o
    0x080097ca   0x0000001c   Code   RO         3900    i.tcp_send_ctrl     tcp_out.o
    0x080097e6   0x00000078   Code   RO         3901    i.tcp_send_empty_ack  tcp_out.o
    0x0800985e   0x00000004   Code   RO         3670    i.tcp_setprio       tcp.o
    0x08009862   0x00000002   PAD
    0x08009864   0x00000592   Code   RO         3671    i.tcp_slowtmr       tcp.o
    0x08009df6   0x00000002   PAD
    0x08009df8   0x000000b4   Code   RO         3845    i.tcp_timewait_input  tcp_in.o
    0x08009eac   0x00000024   Code   RO         3672    i.tcp_tmr           tcp.o
    0x08009ed0   0x00000048   Code   RO         3673    i.tcp_update_rcv_ann_wnd  tcp.o
    0x08009f18   0x0000004e   Code   RO         3902    i.tcp_write         tcp_out.o
    0x08009f66   0x00000002   PAD
    0x08009f68   0x00000180   Code   RO         3903    i.tcp_zero_window_probe  tcp_out.o
    0x0800a0e8   0x00000304   Code   RO         3977    i.udp_input         udp.o
    0x0800a3ec   0x00000198   Code   RO         4644    i.update_arp_entry  etharp.o
    0x0800a584   0x00000024   Data   RO         3503    .constdata          memp.o
    0x0800a5a8   0x00000014   Data   RO         3674    .constdata          tcp.o
    0x0800a5bc   0x00000051   Data   RO         3904    .constdata          tcp_out.o
    0x0800a60d   0x00000008   Data   RO         4523    .constdata          ip_addr.o
    0x0800a615   0x00000003   PAD
    0x0800a618   0x00000050   Data   RO         4646    .constdata          etharp.o
    0x0800a668   0x00000b40   Data   RO         5176    .constdata          web_http.o
    0x0800b1a8   0x0000000c   Data   RO         5506    .constdata          mc_w.l(localtime_i.o)(mc_w.l)
    0x0800b1b4   0x00000068   Data   RO         3675    .conststring        tcp.o
    0x0800b21c   0x00000020   Data   RO         5529    Region$$Table       anon$$obj.o


    Execution Region RW_IRAM1 (Base: 0x20000000, Size: 0x00008788, Max: 0x0000c000, ABSOLUTE)

    Base Addr    Size         Type   Attr      Idx    E Section Name        Object

    0x20000000   0x0000001c   Data   RW           10    .data               main.o
    0x2000001c   0x00000004   Data   RW          183    .data               stm32f10x_it.o
    0x20000020   0x00000014   Data   RW          480    .data               stm32f10x_rcc.o
    0x20000034   0x0000000d   Data   RW         3459    .data               mem.o
    0x20000041   0x00000003   PAD
    0x20000044   0x0000000c   Data   RW         3554    .data               netif.o
    0x20000050   0x0000004d   Data   RW         3676    .data               tcp.o
    0x2000009d   0x00000003   PAD
    0x200000a0   0x00000020   Data   RW         3847    .data               tcp_in.o
    0x200000c0   0x00000004   Data   RW         3984    .data               udp.o
    0x200000c4   0x00000004   Data   RW         4153    .data               raw.o
    0x200000c8   0x0000000c   Data   RW         4487    .data               ip.o
    0x200000d4   0x00000006   Data   RW         4553    .data               ip_frag.o
    0x200000da   0x00000001   Data   RW         4647    .data               etharp.o
    0x200000db   0x00000001   PAD
    0x200000dc   0x00000004   Data   RW         4778    .data               enc28j60.o
    0x200000e0   0x00000006   Data   RW         4870    .data               ethernetif.o
    0x200000e6   0x00000002   PAD
    0x200000e8   0x00000008   Data   RW         5177    .data               web_http.o
    0x200000f0   0x00000004   Data   RW         5497    .data               mc_w.l(stdout.o)(mc_w.l)
    0x200000f4   0x00001014   Zero   RW         3458    .bss                mem.o
    0x20001108   0x000046af   Zero   RW         3502    .bss                memp.o
    0x200057b7   0x00000001   PAD
    0x200057b8   0x0000010c   Zero   RW         3625    .bss                stats.o
    0x200058c4   0x00000014   Zero   RW         3846    .bss                tcp_in.o
    0x200058d8   0x000005e0   Zero   RW         4552    .bss                ip_frag.o
    0x20005eb8   0x000000c8   Zero   RW         4645    .bss                etharp.o
    0x20005f80   0x00002379   Zero   RW         4869    .bss                ethernetif.o
    0x200082f9   0x00000003   PAD
    0x200082fc   0x00000060   Zero   RW         5120    .bss                lwipentry.o
    0x2000835c   0x0000002c   Zero   RW         5503    .bss                mc_w.l(localtime_w.o)(mc_w.l)
    0x20008388   0x00000400   Zero   RW         3355    STACK               startup_stm32f10x_hd.o


==============================================================================

Image component sizes


      Code (inc. data)   RO Data    RW Data    ZI Data      Debug   Object Name

         0          0          0          0          0          0   core_cm3.o
      1096         42          0          4          0          0   enc28j60.o
      4112       1190         80          1        200          0   etharp.o
       536        106          0          6       9081          0   ethernetif.o
      1376        472          0          0          0          0   icmp.o
        62          0          0          0          0          0   inet.o
       350          0          0          0          0          0   inet_chksum.o
        18          0          0          0          0          0   init.o
      1300        180          0         12          0          0   ip.o
        78          0          8          0          0          0   ip_addr.o
      2404        602          0          6       1504          0   ip_frag.o
       112         24          0          0         96          0   lwipentry.o
       500         84          0         28          0          0   main.o
      2184        854          0         13       4116          0   mem.o
       732        308         36          0      18095          0   memp.o
      1384        414          0         12          0          0   netif.o
      3502       1506          0          0          0          0   pbuf.o
       104          4          0          4          0          0   raw.o
       142         36          0          0          0          0   rtc_time.o
       268         24          0          0          0          0   spi.o
        36          8        304          0       1024          0   startup_stm32f10x_hd.o
         0          0          0          0        268          0   stats.o
        56         16          0          0          0          0   stm32f10x_exti.o
       282          0          0          0          0          0   stm32f10x_gpio.o
       212         62          0          4          0          0   stm32f10x_it.o
       244         26          0         20          0          0   stm32f10x_rcc.o
       104         30          0          0          0          0   stm32f10x_rtc.o
       112          0          0          0          0          0   stm32f10x_spi.o
       348          6          0          0          0          0   stm32f10x_usart.o
       304         26          0          0          0          0   system_stm32f10x.o
      4186       1108        124         77          0          0   tcp.o
      6572       1112          0         32         20          0   tcp_in.o
      4412       1008         81          0          0          0   tcp_out.o
       772        132          0          4          0          0   udp.o
       328         54       2880          8          0          0   web_http.o

    ----------------------------------------------------------------------
     38256       9434       3548        240      34408          0   Object Totals
         0          0         32          0          0          0   (incl. Generated)
        28          0          3          9          4          0   (incl. Padding)

    ----------------------------------------------------------------------

      Code (inc. data)   RO Data    RW Data    ZI Data      Debug   Library Member Name

         0          0          0          0          0          0   entry.o
         8          4          0          0          0          0   entry2.o
         4          0          0          0          0          0   entry5.o
         8          4          0          0          0          0   entry7.o
        30          0          0          0          0          0   handlers.o
        36          8          0          0          0          0   init.o
         0          0          0          0          0          0   iusefp.o
        30          0          0          0          0          0   llshl.o
        36          0          0          0          0          0   llsshr.o
        32          0          0          0          0          0   llushr.o
       128          6         12          0          0          0   localtime_i.o
        12          6          0          0         44          0   localtime_w.o
        36          0          0          0          0          0   memcpya.o
        38          0          0          0          0          0   memseta.o
      2204         92          0          0          0          0   printfa.o
         0          0          0          4          0          0   stdout.o
        44          0          0          0          0          0   uidiv.o
       102          0          0          0          0          0   uldiv.o
        40          2          0          0          0          0   cdrcmple.o
       330          0          0          0          0          0   dadd.o
       222          0          0          0          0          0   ddiv.o
       194          0          0          0          0          0   depilogue.o
        48          0          0          0          0          0   dfixul.o
       226          0          0          0          0          0   dmul.o

    ----------------------------------------------------------------------
      3812        122         12          4         44          0   Library Totals
         4          0          0          0          0          0   (incl. Padding)

    ----------------------------------------------------------------------

      Code (inc. data)   RO Data    RW Data    ZI Data      Debug   Library Name

      2748        120         12          4         44       1228   mc_w.l
      1060          2          0          0          0        664   mf_w.l

    ----------------------------------------------------------------------
      3812        122         12          4         44          0   Library Totals

    ----------------------------------------------------------------------

==============================================================================


      Code (inc. data)   RO Data    RW Data    ZI Data      Debug   

     42068       9556       3560        244      34452     463940   Grand Totals
     42068       9556       3560        244      34452     463940   ELF Image Totals
     42068       9556       3560        244          0          0   ROM Totals

==============================================================================

    Total RO  Size (Code + RO Data)                45628 (  44.56kB)
    Total RW  Size (RW Data + ZI Data)             34696 (  33.88kB)
    Total ROM Size (Code + RO Data + RW Data)      45872 (  44.80kB)

==============================================================================

