ARM Linker, 4.1 [Build 481] [Standard]

==============================================================================

Section Cross References

    system_stm32f10x.o(i.SetSysClock) refers to system_stm32f10x.o(i.SetSysClockTo72) for SetSysClockTo72
    system_stm32f10x.o(i.SystemInit) refers to system_stm32f10x.o(i.SetSysClock) for SetSysClock
    startup_stm32f10x_cl.o(RESET) refers to startup_stm32f10x_cl.o(STACK) for __initial_sp
    startup_stm32f10x_cl.o(RESET) refers to startup_stm32f10x_cl.o(.text) for Reset_Handler
    startup_stm32f10x_cl.o(RESET) refers to stm32f10x_it.o(i.NMI_Handler) for NMI_Handler
    startup_stm32f10x_cl.o(RESET) refers to stm32f10x_it.o(i.HardFault_Handler) for HardFault_Handler
    startup_stm32f10x_cl.o(RESET) refers to stm32f10x_it.o(i.MemManage_Handler) for MemManage_Handler
    startup_stm32f10x_cl.o(RESET) refers to stm32f10x_it.o(i.BusFault_Handler) for BusFault_Handler
    startup_stm32f10x_cl.o(RESET) refers to stm32f10x_it.o(i.UsageFault_Handler) for UsageFault_Handler
    startup_stm32f10x_cl.o(RESET) refers to stm32f10x_it.o(i.SVC_Handler) for SVC_Handler
    startup_stm32f10x_cl.o(RESET) refers to stm32f10x_it.o(i.DebugMon_Handler) for DebugMon_Handler
    startup_stm32f10x_cl.o(RESET) refers to stm32f10x_it.o(i.PendSV_Handler) for PendSV_Handler
    startup_stm32f10x_cl.o(RESET) refers to stm32f10x_it.o(i.SysTick_Handler) for SysTick_Handler
    startup_stm32f10x_cl.o(.text) refers to entry.o(.ARM.Collect$$$$00000000) for __main
    main.o(i.GPIO_Configuration) refers to eval.o(i.STM_EVAL_LEDInit) for STM_EVAL_LEDInit
    main.o(i.Init_All_Periph) refers to main.o(i.RCC_Configuration) for RCC_Configuration
    main.o(i.Init_All_Periph) refers to main.o(i.NVIC_Configuration) for NVIC_Configuration
    main.o(i.Init_All_Periph) refers to main.o(i.GPIO_Configuration) for GPIO_Configuration
    main.o(i.KEY_Scan) refers to eval.o(i.STM_EVAL_PBGetState) for STM_EVAL_PBGetState
    main.o(i.KEY_Scan) refers to systickdelay.o(i.delay_ms) for delay_ms
    main.o(i.KEY_Scan) refers to main.o(.data) for key_up
    main.o(i.NVIC_Configuration) refers to misc.o(i.NVIC_PriorityGroupConfig) for NVIC_PriorityGroupConfig
    main.o(i.NVIC_Configuration) refers to misc.o(i.NVIC_SetVectorTable) for NVIC_SetVectorTable
    main.o(i.RCC_Configuration) refers to system_stm32f10x.o(i.SystemInit) for SystemInit
    main.o(i.main) refers to main.o(i.Init_All_Periph) for Init_All_Periph
    main.o(i.main) refers to systickdelay.o(i.SysTick_Initaize) for SysTick_Initaize
    main.o(i.main) refers to eval.o(i.STM_EVAL_LEDOff) for STM_EVAL_LEDOff
    main.o(i.main) refers to stm32f10x_gpio.o(i.GPIO_PinRemapConfig) for GPIO_PinRemapConfig
    main.o(i.main) refers to eval.o(i.STM_EVAL_PBInit) for STM_EVAL_PBInit
    main.o(i.main) refers to main.o(i.KEY_Scan) for KEY_Scan
    main.o(i.main) refers to eval.o(i.STM_EVAL_LEDToggle) for STM_EVAL_LEDToggle
    eval.o(i.STM_EVAL_COMInit) refers to stm32f10x_rcc.o(i.RCC_APB2PeriphClockCmd) for RCC_APB2PeriphClockCmd
    eval.o(i.STM_EVAL_COMInit) refers to stm32f10x_rcc.o(i.RCC_APB1PeriphClockCmd) for RCC_APB1PeriphClockCmd
    eval.o(i.STM_EVAL_COMInit) refers to stm32f10x_gpio.o(i.GPIO_Init) for GPIO_Init
    eval.o(i.STM_EVAL_COMInit) refers to stm32f10x_usart.o(i.USART_Init) for USART_Init
    eval.o(i.STM_EVAL_COMInit) refers to stm32f10x_usart.o(i.USART_Cmd) for USART_Cmd
    eval.o(i.STM_EVAL_COMInit) refers to eval.o(.constdata) for COM_POR_CLK
    eval.o(i.STM_EVAL_COMInit) refers to eval.o(.data) for COM_PORT
    eval.o(i.STM_EVAL_LEDInit) refers to stm32f10x_rcc.o(i.RCC_APB2PeriphClockCmd) for RCC_APB2PeriphClockCmd
    eval.o(i.STM_EVAL_LEDInit) refers to stm32f10x_gpio.o(i.GPIO_Init) for GPIO_Init
    eval.o(i.STM_EVAL_LEDInit) refers to eval.o(.constdata) for GPIO_CLK
    eval.o(i.STM_EVAL_LEDInit) refers to eval.o(.data) for GPIO_PORT
    eval.o(i.STM_EVAL_LEDOff) refers to eval.o(.constdata) for GPIO_PIN
    eval.o(i.STM_EVAL_LEDOff) refers to eval.o(.data) for GPIO_PORT
    eval.o(i.STM_EVAL_LEDOn) refers to eval.o(.constdata) for GPIO_PIN
    eval.o(i.STM_EVAL_LEDOn) refers to eval.o(.data) for GPIO_PORT
    eval.o(i.STM_EVAL_LEDToggle) refers to eval.o(.data) for GPIO_PORT
    eval.o(i.STM_EVAL_LEDToggle) refers to eval.o(.constdata) for GPIO_PIN
    eval.o(i.STM_EVAL_PBGetState) refers to stm32f10x_gpio.o(i.GPIO_ReadInputDataBit) for GPIO_ReadInputDataBit
    eval.o(i.STM_EVAL_PBGetState) refers to eval.o(.constdata) for BUTTON_PIN
    eval.o(i.STM_EVAL_PBGetState) refers to eval.o(.data) for BUTTON_PORT
    eval.o(i.STM_EVAL_PBInit) refers to stm32f10x_rcc.o(i.RCC_APB2PeriphClockCmd) for RCC_APB2PeriphClockCmd
    eval.o(i.STM_EVAL_PBInit) refers to stm32f10x_gpio.o(i.GPIO_Init) for GPIO_Init
    eval.o(i.STM_EVAL_PBInit) refers to stm32f10x_gpio.o(i.GPIO_EXTILineConfig) for GPIO_EXTILineConfig
    eval.o(i.STM_EVAL_PBInit) refers to stm32f10x_exti.o(i.EXTI_Init) for EXTI_Init
    eval.o(i.STM_EVAL_PBInit) refers to misc.o(i.NVIC_Init) for NVIC_Init
    eval.o(i.STM_EVAL_PBInit) refers to eval.o(.constdata) for BUTTON_CLK
    eval.o(i.STM_EVAL_PBInit) refers to eval.o(.data) for BUTTON_PORT
    eval.o(i.STM_EVAL_SendChar) refers to stm32f10x_usart.o(i.USART_SendData) for USART_SendData
    eval.o(i.STM_EVAL_SendChar) refers to stm32f10x_usart.o(i.USART_GetFlagStatus) for USART_GetFlagStatus
    eval.o(i.STM_EVAL_SendChar) refers to eval.o(.data) for COM_USART
    eval.o(i.USART_RX_IntteruptEnable) refers to stm32f10x_usart.o(i.USART_ITConfig) for USART_ITConfig
    eval.o(i.USART_RX_IntteruptEnable) refers to eval.o(.data) for COM_USART
    systickdelay.o(i.SysTick_Initaize) refers to system_stm32f10x.o(.constdata) for SystemFrequency
    systickdelay.o(i.SysTick_Initaize) refers to systickdelay.o(.data) for fac_us
    systickdelay.o(i.delay_ms) refers to systickdelay.o(.data) for fac_ms
    systickdelay.o(i.delay_us) refers to systickdelay.o(.data) for fac_us
    uart_interface.o(i.USART_Configuration) refers to eval.o(i.STM_EVAL_COMInit) for STM_EVAL_COMInit
    uart_interface.o(i.fgetc) refers to stm32f10x_usart.o(i.USART_GetFlagStatus) for USART_GetFlagStatus
    uart_interface.o(i.fgetc) refers to stm32f10x_usart.o(i.USART_ReceiveData) for USART_ReceiveData
    uart_interface.o(i.fputc) refers to eval.o(i.STM_EVAL_SendChar) for STM_EVAL_SendChar
    stm32f10x_gpio.o(i.GPIO_AFIODeInit) refers to stm32f10x_rcc.o(i.RCC_APB2PeriphResetCmd) for RCC_APB2PeriphResetCmd
    stm32f10x_gpio.o(i.GPIO_DeInit) refers to stm32f10x_rcc.o(i.RCC_APB2PeriphResetCmd) for RCC_APB2PeriphResetCmd
    stm32f10x_rcc.o(i.RCC_GetClocksFreq) refers to stm32f10x_rcc.o(.data) for APBAHBPrescTable
    stm32f10x_rcc.o(i.RCC_WaitForHSEStartUp) refers to stm32f10x_rcc.o(i.RCC_GetFlagStatus) for RCC_GetFlagStatus
    stm32f10x_usart.o(i.USART_DeInit) refers to stm32f10x_rcc.o(i.RCC_APB2PeriphResetCmd) for RCC_APB2PeriphResetCmd
    stm32f10x_usart.o(i.USART_DeInit) refers to stm32f10x_rcc.o(i.RCC_APB1PeriphResetCmd) for RCC_APB1PeriphResetCmd
    stm32f10x_usart.o(i.USART_Init) refers to stm32f10x_rcc.o(i.RCC_GetClocksFreq) for RCC_GetClocksFreq
    entry.o(.ARM.Collect$$$$00000000) refers (Special) to entry7.o(.ARM.Collect$$$$00000007) for _main_init
    entry.o(.ARM.Collect$$$$00000000) refers (Special) to entry5.o(.ARM.Collect$$$$00000004) for _main_scatterload
    entry.o(.ARM.Collect$$$$00000000) refers (Special) to entry2.o(.ARM.Collect$$$$00000001) for _main_stk
    entry2.o(.ARM.Collect$$$$00000001) refers to entry2.o(.ARM.Collect$$$$00002712) for __lit__00000000
    entry2.o(.ARM.Collect$$$$00002712) refers to startup_stm32f10x_cl.o(STACK) for __initial_sp
    entry2.o(__vectab_stack_and_reset_area) refers to startup_stm32f10x_cl.o(STACK) for __initial_sp
    entry2.o(__vectab_stack_and_reset_area) refers to entry.o(.ARM.Collect$$$$00000000) for __main
    entry5.o(.ARM.Collect$$$$00000004) refers to init.o(.text) for __scatterload
    entry7.o(.ARM.Collect$$$$00000007) refers to main.o(i.main) for main
    init.o(.text) refers to entry5.o(.ARM.Collect$$$$00000004) for __main_after_scatterload


==============================================================================

Removing Unused input sections from the image.

    Removing core_cm3.o(.emb_text), (32 bytes).
    Removing startup_stm32f10x_cl.o(HEAP), (512 bytes).
    Removing main.o(i.Delay), (10 bytes).
    Removing eval.o(i.STM_EVAL_COMInit), (164 bytes).
    Removing eval.o(i.STM_EVAL_LEDOn), (24 bytes).
    Removing eval.o(i.STM_EVAL_SendChar), (44 bytes).
    Removing eval.o(i.USART_RX_IntteruptEnable), (28 bytes).
    Removing systickdelay.o(i.delay_us), (60 bytes).
    Removing uart_interface.o(i.USART_Configuration), (40 bytes).
    Removing uart_interface.o(i.fgetc), (26 bytes).
    Removing uart_interface.o(i.fputc), (18 bytes).
    Removing misc.o(i.NVIC_SystemLPConfig), (44 bytes).
    Removing misc.o(i.SysTick_CLKSourceConfig), (40 bytes).
    Removing stm32f10x_exti.o(i.EXTI_ClearFlag), (12 bytes).
    Removing stm32f10x_exti.o(i.EXTI_ClearITPendingBit), (12 bytes).
    Removing stm32f10x_exti.o(i.EXTI_DeInit), (52 bytes).
    Removing stm32f10x_exti.o(i.EXTI_GenerateSWInterrupt), (24 bytes).
    Removing stm32f10x_exti.o(i.EXTI_GetFlagStatus), (24 bytes).
    Removing stm32f10x_exti.o(i.EXTI_GetITStatus), (44 bytes).
    Removing stm32f10x_exti.o(i.EXTI_StructInit), (16 bytes).
    Removing stm32f10x_gpio.o(i.GPIO_AFIODeInit), (20 bytes).
    Removing stm32f10x_gpio.o(i.GPIO_DeInit), (200 bytes).
    Removing stm32f10x_gpio.o(i.GPIO_ETH_MediaInterfaceConfig), (12 bytes).
    Removing stm32f10x_gpio.o(i.GPIO_EventOutputCmd), (12 bytes).
    Removing stm32f10x_gpio.o(i.GPIO_EventOutputConfig), (32 bytes).
    Removing stm32f10x_gpio.o(i.GPIO_PinLockConfig), (18 bytes).
    Removing stm32f10x_gpio.o(i.GPIO_ReadInputData), (8 bytes).
    Removing stm32f10x_gpio.o(i.GPIO_ReadOutputData), (8 bytes).
    Removing stm32f10x_gpio.o(i.GPIO_ReadOutputDataBit), (18 bytes).
    Removing stm32f10x_gpio.o(i.GPIO_ResetBits), (4 bytes).
    Removing stm32f10x_gpio.o(i.GPIO_SetBits), (4 bytes).
    Removing stm32f10x_gpio.o(i.GPIO_StructInit), (16 bytes).
    Removing stm32f10x_gpio.o(i.GPIO_Write), (4 bytes).
    Removing stm32f10x_gpio.o(i.GPIO_WriteBit), (10 bytes).
    Removing stm32f10x_rcc.o(i.RCC_ADCCLKConfig), (24 bytes).
    Removing stm32f10x_rcc.o(i.RCC_AHBPeriphClockCmd), (32 bytes).
    Removing stm32f10x_rcc.o(i.RCC_APB1PeriphClockCmd), (32 bytes).
    Removing stm32f10x_rcc.o(i.RCC_APB1PeriphResetCmd), (32 bytes).
    Removing stm32f10x_rcc.o(i.RCC_APB2PeriphResetCmd), (32 bytes).
    Removing stm32f10x_rcc.o(i.RCC_AdjustHSICalibrationValue), (24 bytes).
    Removing stm32f10x_rcc.o(i.RCC_BackupResetCmd), (12 bytes).
    Removing stm32f10x_rcc.o(i.RCC_ClearFlag), (20 bytes).
    Removing stm32f10x_rcc.o(i.RCC_ClearITPendingBit), (12 bytes).
    Removing stm32f10x_rcc.o(i.RCC_ClockSecuritySystemCmd), (12 bytes).
    Removing stm32f10x_rcc.o(i.RCC_DeInit), (76 bytes).
    Removing stm32f10x_rcc.o(i.RCC_GetClocksFreq), (212 bytes).
    Removing stm32f10x_rcc.o(i.RCC_GetFlagStatus), (60 bytes).
    Removing stm32f10x_rcc.o(i.RCC_GetITStatus), (24 bytes).
    Removing stm32f10x_rcc.o(i.RCC_GetSYSCLKSource), (16 bytes).
    Removing stm32f10x_rcc.o(i.RCC_HCLKConfig), (24 bytes).
    Removing stm32f10x_rcc.o(i.RCC_HSEConfig), (76 bytes).
    Removing stm32f10x_rcc.o(i.RCC_HSICmd), (12 bytes).
    Removing stm32f10x_rcc.o(i.RCC_ITConfig), (36 bytes).
    Removing stm32f10x_rcc.o(i.RCC_LSEConfig), (52 bytes).
    Removing stm32f10x_rcc.o(i.RCC_LSICmd), (12 bytes).
    Removing stm32f10x_rcc.o(i.RCC_MCOConfig), (12 bytes).
    Removing stm32f10x_rcc.o(i.RCC_PCLK1Config), (24 bytes).
    Removing stm32f10x_rcc.o(i.RCC_PCLK2Config), (24 bytes).
    Removing stm32f10x_rcc.o(i.RCC_PLLCmd), (12 bytes).
    Removing stm32f10x_rcc.o(i.RCC_PLLConfig), (28 bytes).
    Removing stm32f10x_rcc.o(i.RCC_RTCCLKCmd), (12 bytes).
    Removing stm32f10x_rcc.o(i.RCC_RTCCLKConfig), (16 bytes).
    Removing stm32f10x_rcc.o(i.RCC_SYSCLKConfig), (24 bytes).
    Removing stm32f10x_rcc.o(i.RCC_USBCLKConfig), (12 bytes).
    Removing stm32f10x_rcc.o(i.RCC_WaitForHSEStartUp), (48 bytes).
    Removing stm32f10x_rcc.o(.data), (20 bytes).
    Removing stm32f10x_usart.o(i.USART_ClearFlag), (18 bytes).
    Removing stm32f10x_usart.o(i.USART_ClearITPendingBit), (30 bytes).
    Removing stm32f10x_usart.o(i.USART_ClockInit), (34 bytes).
    Removing stm32f10x_usart.o(i.USART_ClockStructInit), (12 bytes).
    Removing stm32f10x_usart.o(i.USART_Cmd), (24 bytes).
    Removing stm32f10x_usart.o(i.USART_DMACmd), (24 bytes).
    Removing stm32f10x_usart.o(i.USART_DeInit), (156 bytes).
    Removing stm32f10x_usart.o(i.USART_GetFlagStatus), (26 bytes).
    Removing stm32f10x_usart.o(i.USART_GetITStatus), (84 bytes).
    Removing stm32f10x_usart.o(i.USART_HalfDuplexCmd), (24 bytes).
    Removing stm32f10x_usart.o(i.USART_ITConfig), (74 bytes).
    Removing stm32f10x_usart.o(i.USART_Init), (160 bytes).
    Removing stm32f10x_usart.o(i.USART_IrDACmd), (24 bytes).
    Removing stm32f10x_usart.o(i.USART_IrDAConfig), (18 bytes).
    Removing stm32f10x_usart.o(i.USART_LINBreakDetectLengthConfig), (18 bytes).
    Removing stm32f10x_usart.o(i.USART_LINCmd), (24 bytes).
    Removing stm32f10x_usart.o(i.USART_ReceiveData), (10 bytes).
    Removing stm32f10x_usart.o(i.USART_ReceiverWakeUpCmd), (24 bytes).
    Removing stm32f10x_usart.o(i.USART_SendBreak), (10 bytes).
    Removing stm32f10x_usart.o(i.USART_SendData), (8 bytes).
    Removing stm32f10x_usart.o(i.USART_SetAddress), (18 bytes).
    Removing stm32f10x_usart.o(i.USART_SetGuardTime), (16 bytes).
    Removing stm32f10x_usart.o(i.USART_SetPrescaler), (16 bytes).
    Removing stm32f10x_usart.o(i.USART_SmartCardCmd), (24 bytes).
    Removing stm32f10x_usart.o(i.USART_SmartCardNACKCmd), (24 bytes).
    Removing stm32f10x_usart.o(i.USART_StructInit), (24 bytes).
    Removing stm32f10x_usart.o(i.USART_WakeUpConfig), (18 bytes).

93 unused section(s) (total 3598 bytes) removed from the image.

==============================================================================

Image Symbol Table

    Local Symbols

    Symbol Name                              Value     Ov Type        Size  Object(Section)

    ../../microlib/init/entry.s              0x00000000   Number         0  entry.o ABSOLUTE
    ../../microlib/init/entry.s              0x00000000   Number         0  entry2.o ABSOLUTE
    ../../microlib/init/entry.s              0x00000000   Number         0  entry5.o ABSOLUTE
    ../../microlib/init/entry.s              0x00000000   Number         0  entry7.o ABSOLUTE
    App\main.c                               0x00000000   Number         0  main.o ABSOLUTE
    App\stm32f10x_it.c                       0x00000000   Number         0  stm32f10x_it.o ABSOLUTE
    LIB\ALIENTEK_MiniSTM32_REVB0_HardWare_V1.1\SysTickDelay.c 0x00000000   Number         0  systickdelay.o ABSOLUTE
    LIB\ALIENTEK_MiniSTM32_REVB0_HardWare_V1.1\UART_INTERFACE.c 0x00000000   Number         0  uart_interface.o ABSOLUTE
    LIB\ALIENTEK_MiniSTM32_REVB0_HardWare_V1.1\eval.c 0x00000000   Number         0  eval.o ABSOLUTE
    LIB\CMSISV1.2.0\Core\CM3\core_cm3.c      0x00000000   Number         0  core_cm3.o ABSOLUTE
    LIB\CMSISV1.2.0\Core\CM3\startup\arm\startup_stm32f10x_cl.s 0x00000000   Number         0  startup_stm32f10x_cl.o ABSOLUTE
    LIB\CMSISV1.2.0\Core\CM3\system_stm32f10x.c 0x00000000   Number         0  system_stm32f10x.o ABSOLUTE
    LIB\STM32F10x_StdPeriph_DriverV3.1.1\src\misc.c 0x00000000   Number         0  misc.o ABSOLUTE
    LIB\STM32F10x_StdPeriph_DriverV3.1.1\src\stm32f10x_exti.c 0x00000000   Number         0  stm32f10x_exti.o ABSOLUTE
    LIB\STM32F10x_StdPeriph_DriverV3.1.1\src\stm32f10x_gpio.c 0x00000000   Number         0  stm32f10x_gpio.o ABSOLUTE
    LIB\STM32F10x_StdPeriph_DriverV3.1.1\src\stm32f10x_rcc.c 0x00000000   Number         0  stm32f10x_rcc.o ABSOLUTE
    LIB\STM32F10x_StdPeriph_DriverV3.1.1\src\stm32f10x_usart.c 0x00000000   Number         0  stm32f10x_usart.o ABSOLUTE
    LIB\\CMSISV1.2.0\\Core\\CM3\\core_cm3.c  0x00000000   Number         0  core_cm3.o ABSOLUTE
    dc.s                                     0x00000000   Number         0  dc.o ABSOLUTE
    handlers.s                               0x00000000   Number         0  handlers.o ABSOLUTE
    init.s                                   0x00000000   Number         0  init.o ABSOLUTE
    RESET                                    0x08000000   Section      336  startup_stm32f10x_cl.o(RESET)
    .ARM.Collect$$$$00000000                 0x08000150   Section        0  entry.o(.ARM.Collect$$$$00000000)
    .ARM.Collect$$$$00000001                 0x08000150   Section        4  entry2.o(.ARM.Collect$$$$00000001)
    .ARM.Collect$$$$00000004                 0x08000154   Section        4  entry5.o(.ARM.Collect$$$$00000004)
    .ARM.Collect$$$$00000007                 0x08000158   Section        8  entry7.o(.ARM.Collect$$$$00000007)
    .ARM.Collect$$$$00002712                 0x08000160   Section        4  entry2.o(.ARM.Collect$$$$00002712)
    __lit__00000000                          0x08000160   Data           4  entry2.o(.ARM.Collect$$$$00002712)
    .text                                    0x08000164   Section       28  startup_stm32f10x_cl.o(.text)
    .text                                    0x08000180   Section       36  init.o(.text)
    i.BusFault_Handler                       0x080001a4   Section        0  stm32f10x_it.o(i.BusFault_Handler)
    i.DebugMon_Handler                       0x080001a8   Section        0  stm32f10x_it.o(i.DebugMon_Handler)
    i.EXTI_Init                              0x080001ac   Section        0  stm32f10x_exti.o(i.EXTI_Init)
    i.GPIO_Configuration                     0x08000258   Section        0  main.o(i.GPIO_Configuration)
    i.GPIO_EXTILineConfig                    0x08000268   Section        0  stm32f10x_gpio.o(i.GPIO_EXTILineConfig)
    i.GPIO_Init                              0x080002a8   Section        0  stm32f10x_gpio.o(i.GPIO_Init)
    i.GPIO_PinRemapConfig                    0x080003bc   Section        0  stm32f10x_gpio.o(i.GPIO_PinRemapConfig)
    i.GPIO_ReadInputDataBit                  0x0800042c   Section        0  stm32f10x_gpio.o(i.GPIO_ReadInputDataBit)
    i.HardFault_Handler                      0x0800043e   Section        0  stm32f10x_it.o(i.HardFault_Handler)
    i.Init_All_Periph                        0x08000442   Section        0  main.o(i.Init_All_Periph)
    i.KEY_Scan                               0x08000454   Section        0  main.o(i.KEY_Scan)
    i.MemManage_Handler                      0x080004d0   Section        0  stm32f10x_it.o(i.MemManage_Handler)
    i.NMI_Handler                            0x080004d4   Section        0  stm32f10x_it.o(i.NMI_Handler)
    i.NVIC_Configuration                     0x080004d6   Section        0  main.o(i.NVIC_Configuration)
    i.NVIC_Init                              0x080004ec   Section        0  misc.o(i.NVIC_Init)
    i.NVIC_PriorityGroupConfig               0x08000570   Section        0  misc.o(i.NVIC_PriorityGroupConfig)
    i.NVIC_SetVectorTable                    0x08000584   Section        0  misc.o(i.NVIC_SetVectorTable)
    i.PendSV_Handler                         0x08000598   Section        0  stm32f10x_it.o(i.PendSV_Handler)
    i.RCC_APB2PeriphClockCmd                 0x0800059c   Section        0  stm32f10x_rcc.o(i.RCC_APB2PeriphClockCmd)
    i.RCC_Configuration                      0x080005bc   Section        0  main.o(i.RCC_Configuration)
    i.STM_EVAL_LEDInit                       0x080005c4   Section        0  eval.o(i.STM_EVAL_LEDInit)
    i.STM_EVAL_LEDOff                        0x08000604   Section        0  eval.o(i.STM_EVAL_LEDOff)
    i.STM_EVAL_LEDToggle                     0x0800061c   Section        0  eval.o(i.STM_EVAL_LEDToggle)
    i.STM_EVAL_PBGetState                    0x08000640   Section        0  eval.o(i.STM_EVAL_PBGetState)
    i.STM_EVAL_PBInit                        0x08000660   Section        0  eval.o(i.STM_EVAL_PBInit)
    i.SVC_Handler                            0x08000730   Section        0  stm32f10x_it.o(i.SVC_Handler)
    i.SetSysClock                            0x08000732   Section        0  system_stm32f10x.o(i.SetSysClock)
    SetSysClock                              0x08000733   Thumb Code     8  system_stm32f10x.o(i.SetSysClock)
    i.SetSysClockTo72                        0x0800073c   Section        0  system_stm32f10x.o(i.SetSysClockTo72)
    SetSysClockTo72                          0x0800073d   Thumb Code   198  system_stm32f10x.o(i.SetSysClockTo72)
    i.SysTick_Handler                        0x0800080c   Section        0  stm32f10x_it.o(i.SysTick_Handler)
    i.SysTick_Initaize                       0x08000810   Section        0  systickdelay.o(i.SysTick_Initaize)
    i.SystemInit                             0x08000854   Section        0  system_stm32f10x.o(i.SystemInit)
    i.UsageFault_Handler                     0x080008a8   Section        0  stm32f10x_it.o(i.UsageFault_Handler)
    i.__scatterload_copy                     0x080008ac   Section       14  handlers.o(i.__scatterload_copy)
    i.__scatterload_null                     0x080008ba   Section        2  handlers.o(i.__scatterload_null)
    i.__scatterload_zeroinit                 0x080008bc   Section       14  handlers.o(i.__scatterload_zeroinit)
    i.delay_ms                               0x080008cc   Section        0  systickdelay.o(i.delay_ms)
    i.main                                   0x08000910   Section        0  main.o(i.main)
    .constdata                               0x08000984   Section       20  system_stm32f10x.o(.constdata)
    .constdata                               0x08000998   Section       80  eval.o(.constdata)
    .data                                    0x20000000   Section        1  main.o(.data)
    key_up                                   0x20000000   Data           1  main.o(.data)
    .data                                    0x20000004   Section       36  eval.o(.data)
    .data                                    0x20000028   Section        4  systickdelay.o(.data)
    fac_us                                   0x20000028   Data           1  systickdelay.o(.data)
    fac_ms                                   0x2000002a   Data           2  systickdelay.o(.data)
    STACK                                    0x20000030   Section     1024  startup_stm32f10x_cl.o(STACK)

    Global Symbols

    Symbol Name                              Value     Ov Type        Size  Object(Section)

    BuildAttributes$$THM_ISAv4$P$D$K$B$S$PE$A:L22UL41UL21$X:L11$S22US41US21$IEEE1$IW$USESV6$~STKCKD$USESV7$~SHL$OSPACE$EBA8$MICROLIB$REQ8$PRES8$EABIv2 0x00000000   Number         0  anon$$obj.o ABSOLUTE
    __ARM_use_no_argv                        0x00000000   Number         0  main.o ABSOLUTE
    __decompress                              - Undefined Weak Reference
    __Vectors_Size                           0x00000150   Number         0  startup_stm32f10x_cl.o ABSOLUTE
    __Vectors                                0x08000000   Data           4  startup_stm32f10x_cl.o(RESET)
    __Vectors_End                            0x08000150   Data           0  startup_stm32f10x_cl.o(RESET)
    __main                                   0x08000151   Thumb Code     0  entry.o(.ARM.Collect$$$$00000000)
    _main_stk                                0x08000151   Thumb Code     0  entry2.o(.ARM.Collect$$$$00000001)
    _main_scatterload                        0x08000155   Thumb Code     0  entry5.o(.ARM.Collect$$$$00000004)
    __main_after_scatterload                 0x08000159   Thumb Code     0  entry5.o(.ARM.Collect$$$$00000004)
    _main_init                               0x08000159   Thumb Code     0  entry7.o(.ARM.Collect$$$$00000007)
    Reset_Handler                            0x08000165   Thumb Code     4  startup_stm32f10x_cl.o(.text)
    ADC1_2_IRQHandler                        0x0800017b   Thumb Code     0  startup_stm32f10x_cl.o(.text)
    CAN1_RX0_IRQHandler                      0x0800017b   Thumb Code     0  startup_stm32f10x_cl.o(.text)
    CAN1_RX1_IRQHandler                      0x0800017b   Thumb Code     0  startup_stm32f10x_cl.o(.text)
    CAN1_SCE_IRQHandler                      0x0800017b   Thumb Code     0  startup_stm32f10x_cl.o(.text)
    CAN1_TX_IRQHandler                       0x0800017b   Thumb Code     0  startup_stm32f10x_cl.o(.text)
    CAN2_RX0_IRQHandler                      0x0800017b   Thumb Code     0  startup_stm32f10x_cl.o(.text)
    CAN2_RX1_IRQHandler                      0x0800017b   Thumb Code     0  startup_stm32f10x_cl.o(.text)
    CAN2_SCE_IRQHandler                      0x0800017b   Thumb Code     0  startup_stm32f10x_cl.o(.text)
    CAN2_TX_IRQHandler                       0x0800017b   Thumb Code     0  startup_stm32f10x_cl.o(.text)
    DMA1_Channel1_IRQHandler                 0x0800017b   Thumb Code     0  startup_stm32f10x_cl.o(.text)
    DMA1_Channel2_IRQHandler                 0x0800017b   Thumb Code     0  startup_stm32f10x_cl.o(.text)
    DMA1_Channel3_IRQHandler                 0x0800017b   Thumb Code     0  startup_stm32f10x_cl.o(.text)
    DMA1_Channel4_IRQHandler                 0x0800017b   Thumb Code     0  startup_stm32f10x_cl.o(.text)
    DMA1_Channel5_IRQHandler                 0x0800017b   Thumb Code     0  startup_stm32f10x_cl.o(.text)
    DMA1_Channel6_IRQHandler                 0x0800017b   Thumb Code     0  startup_stm32f10x_cl.o(.text)
    DMA1_Channel7_IRQHandler                 0x0800017b   Thumb Code     0  startup_stm32f10x_cl.o(.text)
    DMA2_Channel1_IRQHandler                 0x0800017b   Thumb Code     0  startup_stm32f10x_cl.o(.text)
    DMA2_Channel2_IRQHandler                 0x0800017b   Thumb Code     0  startup_stm32f10x_cl.o(.text)
    DMA2_Channel3_IRQHandler                 0x0800017b   Thumb Code     0  startup_stm32f10x_cl.o(.text)
    DMA2_Channel4_IRQHandler                 0x0800017b   Thumb Code     0  startup_stm32f10x_cl.o(.text)
    DMA2_Channel5_IRQHandler                 0x0800017b   Thumb Code     0  startup_stm32f10x_cl.o(.text)
    ETH_IRQHandler                           0x0800017b   Thumb Code     0  startup_stm32f10x_cl.o(.text)
    ETH_WKUP_IRQHandler                      0x0800017b   Thumb Code     0  startup_stm32f10x_cl.o(.text)
    EXTI0_IRQHandler                         0x0800017b   Thumb Code     0  startup_stm32f10x_cl.o(.text)
    EXTI15_10_IRQHandler                     0x0800017b   Thumb Code     0  startup_stm32f10x_cl.o(.text)
    EXTI1_IRQHandler                         0x0800017b   Thumb Code     0  startup_stm32f10x_cl.o(.text)
    EXTI2_IRQHandler                         0x0800017b   Thumb Code     0  startup_stm32f10x_cl.o(.text)
    EXTI3_IRQHandler                         0x0800017b   Thumb Code     0  startup_stm32f10x_cl.o(.text)
    EXTI4_IRQHandler                         0x0800017b   Thumb Code     0  startup_stm32f10x_cl.o(.text)
    EXTI9_5_IRQHandler                       0x0800017b   Thumb Code     0  startup_stm32f10x_cl.o(.text)
    FLASH_IRQHandler                         0x0800017b   Thumb Code     0  startup_stm32f10x_cl.o(.text)
    I2C1_ER_IRQHandler                       0x0800017b   Thumb Code     0  startup_stm32f10x_cl.o(.text)
    I2C1_EV_IRQHandler                       0x0800017b   Thumb Code     0  startup_stm32f10x_cl.o(.text)
    I2C2_ER_IRQHandler                       0x0800017b   Thumb Code     0  startup_stm32f10x_cl.o(.text)
    I2C2_EV_IRQHandler                       0x0800017b   Thumb Code     0  startup_stm32f10x_cl.o(.text)
    OTG_FS_IRQHandler                        0x0800017b   Thumb Code     0  startup_stm32f10x_cl.o(.text)
    OTG_FS_WKUP_IRQHandler                   0x0800017b   Thumb Code     0  startup_stm32f10x_cl.o(.text)
    PVD_IRQHandler                           0x0800017b   Thumb Code     0  startup_stm32f10x_cl.o(.text)
    RCC_IRQHandler                           0x0800017b   Thumb Code     0  startup_stm32f10x_cl.o(.text)
    RTCAlarm_IRQHandler                      0x0800017b   Thumb Code     0  startup_stm32f10x_cl.o(.text)
    RTC_IRQHandler                           0x0800017b   Thumb Code     0  startup_stm32f10x_cl.o(.text)
    SPI1_IRQHandler                          0x0800017b   Thumb Code     0  startup_stm32f10x_cl.o(.text)
    SPI2_IRQHandler                          0x0800017b   Thumb Code     0  startup_stm32f10x_cl.o(.text)
    SPI3_IRQHandler                          0x0800017b   Thumb Code     0  startup_stm32f10x_cl.o(.text)
    TAMPER_IRQHandler                        0x0800017b   Thumb Code     0  startup_stm32f10x_cl.o(.text)
    TIM1_BRK_IRQHandler                      0x0800017b   Thumb Code     0  startup_stm32f10x_cl.o(.text)
    TIM1_CC_IRQHandler                       0x0800017b   Thumb Code     0  startup_stm32f10x_cl.o(.text)
    TIM1_TRG_COM_IRQHandler                  0x0800017b   Thumb Code     0  startup_stm32f10x_cl.o(.text)
    TIM1_UP_IRQHandler                       0x0800017b   Thumb Code     0  startup_stm32f10x_cl.o(.text)
    TIM2_IRQHandler                          0x0800017b   Thumb Code     0  startup_stm32f10x_cl.o(.text)
    TIM3_IRQHandler                          0x0800017b   Thumb Code     0  startup_stm32f10x_cl.o(.text)
    TIM4_IRQHandler                          0x0800017b   Thumb Code     0  startup_stm32f10x_cl.o(.text)
    TIM5_IRQHandler                          0x0800017b   Thumb Code     0  startup_stm32f10x_cl.o(.text)
    TIM6_IRQHandler                          0x0800017b   Thumb Code     0  startup_stm32f10x_cl.o(.text)
    TIM7_IRQHandler                          0x0800017b   Thumb Code     0  startup_stm32f10x_cl.o(.text)
    UART4_IRQHandler                         0x0800017b   Thumb Code     0  startup_stm32f10x_cl.o(.text)
    UART5_IRQHandler                         0x0800017b   Thumb Code     0  startup_stm32f10x_cl.o(.text)
    USART1_IRQHandler                        0x0800017b   Thumb Code     0  startup_stm32f10x_cl.o(.text)
    USART2_IRQHandler                        0x0800017b   Thumb Code     0  startup_stm32f10x_cl.o(.text)
    USART3_IRQHandler                        0x0800017b   Thumb Code     0  startup_stm32f10x_cl.o(.text)
    WWDG_IRQHandler                          0x0800017b   Thumb Code     0  startup_stm32f10x_cl.o(.text)
    __scatterload                            0x08000181   Thumb Code    28  init.o(.text)
    __scatterload_rt2                        0x08000181   Thumb Code     0  init.o(.text)
    BusFault_Handler                         0x080001a5   Thumb Code     4  stm32f10x_it.o(i.BusFault_Handler)
    DebugMon_Handler                         0x080001a9   Thumb Code     2  stm32f10x_it.o(i.DebugMon_Handler)
    EXTI_Init                                0x080001ad   Thumb Code   160  stm32f10x_exti.o(i.EXTI_Init)
    GPIO_Configuration                       0x08000259   Thumb Code    16  main.o(i.GPIO_Configuration)
    GPIO_EXTILineConfig                      0x08000269   Thumb Code    60  stm32f10x_gpio.o(i.GPIO_EXTILineConfig)
    GPIO_Init                                0x080002a9   Thumb Code   274  stm32f10x_gpio.o(i.GPIO_Init)
    GPIO_PinRemapConfig                      0x080003bd   Thumb Code   106  stm32f10x_gpio.o(i.GPIO_PinRemapConfig)
    GPIO_ReadInputDataBit                    0x0800042d   Thumb Code    18  stm32f10x_gpio.o(i.GPIO_ReadInputDataBit)
    HardFault_Handler                        0x0800043f   Thumb Code     4  stm32f10x_it.o(i.HardFault_Handler)
    Init_All_Periph                          0x08000443   Thumb Code    16  main.o(i.Init_All_Periph)
    KEY_Scan                                 0x08000455   Thumb Code   118  main.o(i.KEY_Scan)
    MemManage_Handler                        0x080004d1   Thumb Code     4  stm32f10x_it.o(i.MemManage_Handler)
    NMI_Handler                              0x080004d5   Thumb Code     2  stm32f10x_it.o(i.NMI_Handler)
    NVIC_Configuration                       0x080004d7   Thumb Code    22  main.o(i.NVIC_Configuration)
    NVIC_Init                                0x080004ed   Thumb Code   118  misc.o(i.NVIC_Init)
    NVIC_PriorityGroupConfig                 0x08000571   Thumb Code    10  misc.o(i.NVIC_PriorityGroupConfig)
    NVIC_SetVectorTable                      0x08000585   Thumb Code    12  misc.o(i.NVIC_SetVectorTable)
    PendSV_Handler                           0x08000599   Thumb Code     2  stm32f10x_it.o(i.PendSV_Handler)
    RCC_APB2PeriphClockCmd                   0x0800059d   Thumb Code    26  stm32f10x_rcc.o(i.RCC_APB2PeriphClockCmd)
    RCC_Configuration                        0x080005bd   Thumb Code     8  main.o(i.RCC_Configuration)
    STM_EVAL_LEDInit                         0x080005c5   Thumb Code    52  eval.o(i.STM_EVAL_LEDInit)
    STM_EVAL_LEDOff                          0x08000605   Thumb Code    16  eval.o(i.STM_EVAL_LEDOff)
    STM_EVAL_LEDToggle                       0x0800061d   Thumb Code    26  eval.o(i.STM_EVAL_LEDToggle)
    STM_EVAL_PBGetState                      0x08000641   Thumb Code    22  eval.o(i.STM_EVAL_PBGetState)
    STM_EVAL_PBInit                          0x08000661   Thumb Code   180  eval.o(i.STM_EVAL_PBInit)
    SVC_Handler                              0x08000731   Thumb Code     2  stm32f10x_it.o(i.SVC_Handler)
    SysTick_Handler                          0x0800080d   Thumb Code     2  stm32f10x_it.o(i.SysTick_Handler)
    SysTick_Initaize                         0x08000811   Thumb Code    50  systickdelay.o(i.SysTick_Initaize)
    SystemInit                               0x08000855   Thumb Code    70  system_stm32f10x.o(i.SystemInit)
    UsageFault_Handler                       0x080008a9   Thumb Code     4  stm32f10x_it.o(i.UsageFault_Handler)
    __scatterload_copy                       0x080008ad   Thumb Code    14  handlers.o(i.__scatterload_copy)
    __scatterload_null                       0x080008bb   Thumb Code     2  handlers.o(i.__scatterload_null)
    __scatterload_zeroinit                   0x080008bd   Thumb Code    14  handlers.o(i.__scatterload_zeroinit)
    delay_ms                                 0x080008cd   Thumb Code    64  systickdelay.o(i.delay_ms)
    main                                     0x08000911   Thumb Code   110  main.o(i.main)
    SystemFrequency                          0x08000984   Data           4  system_stm32f10x.o(.constdata)
    SystemFrequency_SysClk                   0x08000988   Data           4  system_stm32f10x.o(.constdata)
    SystemFrequency_AHBClk                   0x0800098c   Data           4  system_stm32f10x.o(.constdata)
    SystemFrequency_APB1Clk                  0x08000990   Data           4  system_stm32f10x.o(.constdata)
    SystemFrequency_APB2Clk                  0x08000994   Data           4  system_stm32f10x.o(.constdata)
    GPIO_PIN                                 0x08000998   Data           4  eval.o(.constdata)
    GPIO_CLK                                 0x0800099c   Data           8  eval.o(.constdata)
    BUTTON_PIN                               0x080009a4   Data           6  eval.o(.constdata)
    BUTTON_CLK                               0x080009ac   Data          12  eval.o(.constdata)
    BUTTON_EXTI_LINE                         0x080009b8   Data           6  eval.o(.constdata)
    BUTTON_PORT_SOURCE                       0x080009be   Data           6  eval.o(.constdata)
    BUTTON_PIN_SOURCE                        0x080009c4   Data           6  eval.o(.constdata)
    BUTTON_IRQn                              0x080009ca   Data           6  eval.o(.constdata)
    COM_USART_CLK                            0x080009d0   Data           8  eval.o(.constdata)
    COM_POR_CLK                              0x080009d8   Data           8  eval.o(.constdata)
    COM_TX_PIN                               0x080009e0   Data           4  eval.o(.constdata)
    COM_RX_PIN                               0x080009e4   Data           4  eval.o(.constdata)
    Region$$Table$$Base                      0x080009e8   Number         0  anon$$obj.o(Region$$Table)
    Region$$Table$$Limit                     0x08000a08   Number         0  anon$$obj.o(Region$$Table)
    GPIO_PORT                                0x20000004   Data           8  eval.o(.data)
    BUTTON_PORT                              0x2000000c   Data          12  eval.o(.data)
    COM_USART                                0x20000018   Data           8  eval.o(.data)
    COM_PORT                                 0x20000020   Data           8  eval.o(.data)
    __initial_sp                             0x20000430   Data           0  startup_stm32f10x_cl.o(STACK)



==============================================================================

Memory Map of the image

  Image Entry point : 0x08000151

  Load Region LR_IROM1 (Base: 0x08000000, Size: 0x00000a34, Max: 0x00020000, ABSOLUTE)

    Execution Region ER_IROM1 (Base: 0x08000000, Size: 0x00000a08, Max: 0x00020000, ABSOLUTE)

    Base Addr    Size         Type   Attr      Idx    E Section Name        Object

    0x08000000   0x00000150   Data   RO          116    RESET               startup_stm32f10x_cl.o
    0x08000150   0x00000000   Code   RO          969  * .ARM.Collect$$$$00000000  mc_w.l(entry.o)(mc_w.l)
    0x08000150   0x00000004   Code   RO          972    .ARM.Collect$$$$00000001  mc_w.l(entry2.o)(mc_w.l)
    0x08000154   0x00000004   Code   RO          975    .ARM.Collect$$$$00000004  mc_w.l(entry5.o)(mc_w.l)
    0x08000158   0x00000008   Code   RO          976    .ARM.Collect$$$$00000007  mc_w.l(entry7.o)(mc_w.l)
    0x08000160   0x00000004   Code   RO          973    .ARM.Collect$$$$00002712  mc_w.l(entry2.o)(mc_w.l)
    0x08000164   0x0000001c   Code   RO          117    .text               startup_stm32f10x_cl.o
    0x08000180   0x00000024   Code   RO          977    .text               mc_w.l(init.o)(mc_w.l)
    0x080001a4   0x00000004   Code   RO          205    i.BusFault_Handler  stm32f10x_it.o
    0x080001a8   0x00000002   Code   RO          206    i.DebugMon_Handler  stm32f10x_it.o
    0x080001aa   0x00000002   PAD
    0x080001ac   0x000000ac   Code   RO          439    i.EXTI_Init         stm32f10x_exti.o
    0x08000258   0x00000010   Code   RO          122    i.GPIO_Configuration  main.o
    0x08000268   0x00000040   Code   RO          490    i.GPIO_EXTILineConfig  stm32f10x_gpio.o
    0x080002a8   0x00000112   Code   RO          493    i.GPIO_Init         stm32f10x_gpio.o
    0x080003ba   0x00000002   PAD
    0x080003bc   0x00000070   Code   RO          495    i.GPIO_PinRemapConfig  stm32f10x_gpio.o
    0x0800042c   0x00000012   Code   RO          497    i.GPIO_ReadInputDataBit  stm32f10x_gpio.o
    0x0800043e   0x00000004   Code   RO          207    i.HardFault_Handler  stm32f10x_it.o
    0x08000442   0x00000010   Code   RO          123    i.Init_All_Periph   main.o
    0x08000452   0x00000002   PAD
    0x08000454   0x0000007c   Code   RO          124    i.KEY_Scan          main.o
    0x080004d0   0x00000004   Code   RO          208    i.MemManage_Handler  stm32f10x_it.o
    0x080004d4   0x00000002   Code   RO          209    i.NMI_Handler       stm32f10x_it.o
    0x080004d6   0x00000016   Code   RO          125    i.NVIC_Configuration  main.o
    0x080004ec   0x00000084   Code   RO          397    i.NVIC_Init         misc.o
    0x08000570   0x00000014   Code   RO          398    i.NVIC_PriorityGroupConfig  misc.o
    0x08000584   0x00000014   Code   RO          399    i.NVIC_SetVectorTable  misc.o
    0x08000598   0x00000002   Code   RO          210    i.PendSV_Handler    stm32f10x_it.o
    0x0800059a   0x00000002   PAD
    0x0800059c   0x00000020   Code   RO          605    i.RCC_APB2PeriphClockCmd  stm32f10x_rcc.o
    0x080005bc   0x00000008   Code   RO          126    i.RCC_Configuration  main.o
    0x080005c4   0x00000040   Code   RO          269    i.STM_EVAL_LEDInit  eval.o
    0x08000604   0x00000018   Code   RO          270    i.STM_EVAL_LEDOff   eval.o
    0x0800061c   0x00000024   Code   RO          272    i.STM_EVAL_LEDToggle  eval.o
    0x08000640   0x00000020   Code   RO          273    i.STM_EVAL_PBGetState  eval.o
    0x08000660   0x000000d0   Code   RO          274    i.STM_EVAL_PBInit   eval.o
    0x08000730   0x00000002   Code   RO          211    i.SVC_Handler       stm32f10x_it.o
    0x08000732   0x00000008   Code   RO           17    i.SetSysClock       system_stm32f10x.o
    0x0800073a   0x00000002   PAD
    0x0800073c   0x000000d0   Code   RO           18    i.SetSysClockTo72   system_stm32f10x.o
    0x0800080c   0x00000002   Code   RO          212    i.SysTick_Handler   stm32f10x_it.o
    0x0800080e   0x00000002   PAD
    0x08000810   0x00000044   Code   RO          338    i.SysTick_Initaize  systickdelay.o
    0x08000854   0x00000054   Code   RO           19    i.SystemInit        system_stm32f10x.o
    0x080008a8   0x00000004   Code   RO          213    i.UsageFault_Handler  stm32f10x_it.o
    0x080008ac   0x0000000e   Code   RO          981    i.__scatterload_copy  mc_w.l(handlers.o)(mc_w.l)
    0x080008ba   0x00000002   Code   RO          982    i.__scatterload_null  mc_w.l(handlers.o)(mc_w.l)
    0x080008bc   0x0000000e   Code   RO          983    i.__scatterload_zeroinit  mc_w.l(handlers.o)(mc_w.l)
    0x080008ca   0x00000002   PAD
    0x080008cc   0x00000044   Code   RO          339    i.delay_ms          systickdelay.o
    0x08000910   0x00000074   Code   RO          127    i.main              main.o
    0x08000984   0x00000014   Data   RO           20    .constdata          system_stm32f10x.o
    0x08000998   0x00000050   Data   RO          277    .constdata          eval.o
    0x080009e8   0x00000020   Data   RO          979    Region$$Table       anon$$obj.o


    Execution Region RW_IRAM1 (Base: 0x20000000, Size: 0x00000430, Max: 0x00005000, ABSOLUTE)

    Base Addr    Size         Type   Attr      Idx    E Section Name        Object

    0x20000000   0x00000001   Data   RW          128    .data               main.o
    0x20000001   0x00000003   PAD
    0x20000004   0x00000024   Data   RW          278    .data               eval.o
    0x20000028   0x00000004   Data   RW          341    .data               systickdelay.o
    0x2000002c   0x00000004   PAD
    0x20000030   0x00000400   Zero   RW          114    STACK               startup_stm32f10x_cl.o


==============================================================================

Image component sizes


      Code (inc. data)   RO Data    RW Data    ZI Data      Debug   Object Name

         0          0          0          0          0          0   core_cm3.o
       364         68         80         36          0          0   eval.o
       302         12          0          1          0          0   main.o
       172         32          0          0          0          0   misc.o
        28          4        336          0       1024          0   startup_stm32f10x_cl.o
       172         12          0          0          0          0   stm32f10x_exti.o
       468         10          0          0          0          0   stm32f10x_gpio.o
        26          0          0          0          0          0   stm32f10x_it.o
        32          6          0          0          0          0   stm32f10x_rcc.o
       300         24         20          0          0          0   system_stm32f10x.o
       136         22          0          4          0          0   systickdelay.o

    ----------------------------------------------------------------------
      2012        190        468         44       1028          0   Object Totals
         0          0         32          0          0          0   (incl. Generated)
        12          0          0          3          4          0   (incl. Padding)

    ----------------------------------------------------------------------

      Code (inc. data)   RO Data    RW Data    ZI Data      Debug   Library Member Name

         0          0          0          0          0          0   entry.o
         8          4          0          0          0          0   entry2.o
         4          0          0          0          0          0   entry5.o
         8          4          0          0          0          0   entry7.o
        30          0          0          0          0          0   handlers.o
        36          8          0          0          0          0   init.o

    ----------------------------------------------------------------------
        88         16          0          0          0          0   Library Totals
         2          0          0          0          0          0   (incl. Padding)

    ----------------------------------------------------------------------

      Code (inc. data)   RO Data    RW Data    ZI Data      Debug   Library Name

        86         16          0          0          0         68   mc_w.l

    ----------------------------------------------------------------------
        88         16          0          0          0          0   Library Totals

    ----------------------------------------------------------------------

==============================================================================


      Code (inc. data)   RO Data    RW Data    ZI Data      Debug   

      2100        206        468         44       1028     245196   Grand Totals
      2100        206        468         44       1028     245196   ELF Image Totals
      2100        206        468         44          0          0   ROM Totals

==============================================================================

    Total RO  Size (Code + RO Data)                 2568 (   2.51kB)
    Total RW  Size (RW Data + ZI Data)              1072 (   1.05kB)
    Total ROM Size (Code + RO Data + RW Data)       2612 (   2.55kB)

==============================================================================

