<html>
<body>
<pre>
<h1>礦ision Build Log</h1>
<h2>Project:</h2>
C:\Users\shifang\Desktop\mystm32 test\Project\2-PWM\MDK-ARM\Project.uvproj
Project File Date:  08/30/2013

<h2>Output:</h2>
Build target '德飞莱'
linking...
Program Size: Code=1484 RO-data=340 RW-data=32 ZI-data=1056  
FromELF: creating hex file...
".\德飞莱\德飞莱.axf" - 0 Error(s), 0 Warning(s).
Build target '德飞莱'
linking...
Program Size: Code=1484 RO-data=340 RW-data=32 ZI-data=1056  
FromELF: creating hex file...
".\德飞莱\流水灯.axf" - 0 Error(s), 0 Warning(s).
Build target '德飞莱'
linking...
Program Size: Code=1484 RO-data=340 RW-data=32 ZI-data=1056  
FromELF: creating hex file...
".\德飞莱\流水灯.axf" - 0 Error(s), 0 Warning(s).
