ARM Linker, RVCT4.0 [Build 524] for uVision [Evaluation]

==============================================================================

Section Cross References

    stm32f10x.o(RESET) refers to stm32f10x.o(STACK) for __initial_sp
    stm32f10x.o(RESET) refers to stm32f10x.o(.text) for Reset_Handler
    stm32f10x.o(RESET) refers to os_cpu_a.o(.text) for PendSV_Handler
    stm32f10x.o(RESET) refers to test.o(.text) for SysTick_Handler
    stm32f10x.o(.text) refers to entry.o(.ARM.Collect$$$$00000000) for __main
    test.o(.text) refers to os_time.o(.text) for OSTimeDlyHMSM
    test.o(.text) refers to os_cpu_a.o(.text) for OS_ENTER_CRITICAL
    test.o(.text) refers to os_task.o(.text) for OSTaskCreate
    test.o(.text) refers to sys.o(.text) for MY_NVIC_Init
    test.o(.text) refers to delay.o(.text) for delay_init
    test.o(.text) refers to usart.o(.text) for uart_init
    test.o(.text) refers to led.o(.text) for LED_Init
    test.o(.text) refers to os_core.o(.text) for OSInit
    test.o(.text) refers to test.o(.bss) for TASK_LED_STK
    test.o(.text) refers to os_core.o(.data) for OSIntNesting
    delay.o(.text) refers to delay.o(.data) for .data
    sys.o(.text) refers to sys.o(.emb_text) for WFI_SET
    usart.o(.text) refers to ffltui.o(.text) for __aeabi_ui2f
    usart.o(.text) refers to fdiv.o(.text) for __aeabi_fdiv
    usart.o(.text) refers to ffixui.o(.text) for __aeabi_f2uiz
    usart.o(.text) refers to fadd.o(.text) for __aeabi_frsub
    usart.o(.text) refers to fmul.o(.text) for __aeabi_fmul
    key.o(.text) refers to sys.o(.text) for JTAG_Set
    key.o(.text) refers to delay.o(.text) for delay_ms
    key.o(.text) refers to key.o(.data) for .data
    os_core.o(.text) refers to os_time.o(.text) for OSTimeDly
    os_core.o(.text) refers to os_cpu_a.o(.text) for OS_ENTER_CRITICAL
    os_core.o(.text) refers to os_cpu_c.o(.text) for OSTaskStatHook
    os_core.o(.text) refers to os_task.o(.text) for OSTaskCreateExt
    os_core.o(.text) refers to os_flag.o(.text) for OS_FlagInit
    os_core.o(.text) refers to os_mem.o(.text) for OS_MemInit
    os_core.o(.text) refers to os_q.o(.text) for OS_QInit
    os_core.o(.text) refers to os_core.o(.data) for OSStatRdy
    os_core.o(.text) refers to os_core.o(.bss) for OSTaskStatStk
    os_core.o(.text) refers to os_core.o(.constdata) for OSUnMapTbl
    os_flag.o(.text) refers to os_cpu_a.o(.text) for OS_ENTER_CRITICAL
    os_flag.o(.text) refers to os_core.o(.text) for OS_Sched
    os_flag.o(.text) refers to os_core.o(.data) for OSIntNesting
    os_flag.o(.text) refers to os_core.o(.bss) for OSFlagTbl
    os_mbox.o(.text) refers to os_cpu_a.o(.text) for OS_ENTER_CRITICAL
    os_mbox.o(.text) refers to os_core.o(.text) for OS_EventWaitListInit
    os_mbox.o(.text) refers to os_core.o(.data) for OSIntNesting
    os_mem.o(.text) refers to os_cpu_a.o(.text) for OS_ENTER_CRITICAL
    os_mem.o(.text) refers to os_core.o(.data) for OSMemFreeList
    os_mem.o(.text) refers to os_core.o(.bss) for OSMemTbl
    os_mutex.o(.text) refers to os_cpu_a.o(.text) for OS_ENTER_CRITICAL
    os_mutex.o(.text) refers to os_core.o(.text) for OS_EventWaitListInit
    os_mutex.o(.text) refers to os_core.o(.data) for OSIntNesting
    os_mutex.o(.text) refers to os_core.o(.bss) for OSTCBPrioTbl
    os_mutex.o(.text) refers to os_core.o(.constdata) for OSMapTbl
    os_q.o(.text) refers to os_cpu_a.o(.text) for OS_ENTER_CRITICAL
    os_q.o(.text) refers to os_core.o(.text) for OS_EventWaitListInit
    os_q.o(.text) refers to os_core.o(.data) for OSIntNesting
    os_q.o(.text) refers to os_core.o(.bss) for OSQTbl
    os_sem.o(.text) refers to os_cpu_a.o(.text) for OS_ENTER_CRITICAL
    os_sem.o(.text) refers to os_core.o(.text) for OS_EventWaitListInit
    os_sem.o(.text) refers to os_core.o(.data) for OSIntNesting
    os_task.o(.text) refers to os_cpu_a.o(.text) for OS_ENTER_CRITICAL
    os_task.o(.text) refers to os_core.o(.text) for OS_Sched
    os_task.o(.text) refers to os_cpu_c.o(.text) for OSTaskStkInit
    os_task.o(.text) refers to memseta.o(.text) for __aeabi_memclr4
    os_task.o(.text) refers to os_flag.o(.text) for OS_FlagUnlink
    os_task.o(.text) refers to os_core.o(.bss) for OSTCBPrioTbl
    os_task.o(.text) refers to os_core.o(.constdata) for OSMapTbl
    os_task.o(.text) refers to os_core.o(.data) for OSTCBCur
    os_task.o(.text) refers to memcpya.o(.text) for __aeabi_memcpy4
    os_time.o(.text) refers to os_cpu_a.o(.text) for OS_ENTER_CRITICAL
    os_time.o(.text) refers to os_core.o(.text) for OS_Sched
    os_time.o(.text) refers to os_core.o(.data) for OSTCBCur
    os_time.o(.text) refers to os_core.o(.bss) for OSTCBPrioTbl
    os_cpu_a.o(.text) refers to os_cpu_c.o(.data) for OSInterrputSum
    os_cpu_a.o(.text) refers to os_core.o(.data) for OSRunning
    os_cpu_a.o(.text) refers to os_cpu_c.o(.text) for OSTaskSwHook
    entry.o(.ARM.Collect$$$$00000000) refers (Special) to entry7.o(.ARM.Collect$$$$00000007) for _main_init
    entry.o(.ARM.Collect$$$$00000000) refers (Special) to entry5.o(.ARM.Collect$$$$00000004) for _main_scatterload
    entry.o(.ARM.Collect$$$$00000000) refers (Special) to entry2.o(.ARM.Collect$$$$00000001) for _main_stk
    fadd.o(.text) refers (Special) to iusefp.o(.text) for __I$use$fp
    fadd.o(.text) refers to fepilogue.o(.text) for _float_epilogue
    fmul.o(.text) refers (Special) to iusefp.o(.text) for __I$use$fp
    fdiv.o(.text) refers (Special) to iusefp.o(.text) for __I$use$fp
    fdiv.o(.text) refers to fepilogue.o(.text) for _float_epilogue
    ffltui.o(.text) refers (Special) to iusefp.o(.text) for __I$use$fp
    ffltui.o(.text) refers to fepilogue.o(.text) for _float_epilogue
    ffixui.o(.text) refers (Special) to iusefp.o(.text) for __I$use$fp
    entry2.o(.ARM.Collect$$$$00000001) refers to entry2.o(.ARM.Collect$$$$00002712) for __lit__00000000
    entry2.o(.ARM.Collect$$$$00002712) refers to stm32f10x.o(STACK) for __initial_sp
    entry2.o(__vectab_stack_and_reset_area) refers to stm32f10x.o(STACK) for __initial_sp
    entry2.o(__vectab_stack_and_reset_area) refers to entry.o(.ARM.Collect$$$$00000000) for __main
    entry5.o(.ARM.Collect$$$$00000004) refers to init.o(.text) for __scatterload
    entry7.o(.ARM.Collect$$$$00000007) refers to test.o(.text) for main
    init.o(.text) refers to entry5.o(.ARM.Collect$$$$00000004) for __main_after_scatterload


==============================================================================

Removing Unused input sections from the image.

    Removing stm32f10x.o(HEAP), (0 bytes).
    Removing usart.o(.data), (4 bytes).
    Removing key.o(.text), (276 bytes).
    Removing key.o(.data), (1 bytes).
    Removing os_mbox.o(.text), (724 bytes).
    Removing os_mutex.o(.text), (1340 bytes).
    Removing os_sem.o(.text), (604 bytes).

7 unused section(s) (total 2949 bytes) removed from the image.

==============================================================================

Image Symbol Table

    Local Symbols

    Symbol Name                              Value     Ov Type        Size  Object(Section)

    ../../microlib/fpadd.c                   0x00000000   Number         0  fadd.o ABSOLUTE
    ../../microlib/fpdiv.c                   0x00000000   Number         0  fdiv.o ABSOLUTE
    ../../microlib/fpepilogue.c              0x00000000   Number         0  fepilogue.o ABSOLUTE
    ../../microlib/fpfix.c                   0x00000000   Number         0  ffixui.o ABSOLUTE
    ../../microlib/fpflt.c                   0x00000000   Number         0  ffltui.o ABSOLUTE
    ../../microlib/fpmul.c                   0x00000000   Number         0  fmul.o ABSOLUTE
    ../../microlib/init/entry.s              0x00000000   Number         0  entry2.o ABSOLUTE
    ../../microlib/init/entry.s              0x00000000   Number         0  entry7.o ABSOLUTE
    ../../microlib/init/entry.s              0x00000000   Number         0  entry.o ABSOLUTE
    ../../microlib/init/entry.s              0x00000000   Number         0  entry5.o ABSOLUTE
    ../../microlib/string/memcpy.c           0x00000000   Number         0  memcpyb.o ABSOLUTE
    ../../microlib/string/memcpy.c           0x00000000   Number         0  memcpya.o ABSOLUTE
    ../../microlib/string/memset.c           0x00000000   Number         0  memseta.o ABSOLUTE
    ../../microlib/stubs.s                   0x00000000   Number         0  useno.o ABSOLUTE
    ../../microlib/stubs.s                   0x00000000   Number         0  iusefp.o ABSOLUTE
    ..\HARDWARE\KEY\key.c                    0x00000000   Number         0  key.o ABSOLUTE
    ..\HARDWARE\LED\led.c                    0x00000000   Number         0  led.o ABSOLUTE
    ..\SYSTEM\delay\delay.c                  0x00000000   Number         0  delay.o ABSOLUTE
    ..\SYSTEM\sys\sys.c                      0x00000000   Number         0  sys.o ABSOLUTE
    ..\SYSTEM\usart\usart.c                  0x00000000   Number         0  usart.o ABSOLUTE
    ..\UCOSII\CORE\OS_CORE.C                 0x00000000   Number         0  os_core.o ABSOLUTE
    ..\UCOSII\CORE\OS_FLAG.C                 0x00000000   Number         0  os_flag.o ABSOLUTE
    ..\UCOSII\CORE\OS_MBOX.C                 0x00000000   Number         0  os_mbox.o ABSOLUTE
    ..\UCOSII\CORE\OS_MEM.C                  0x00000000   Number         0  os_mem.o ABSOLUTE
    ..\UCOSII\CORE\OS_MUTEX.C                0x00000000   Number         0  os_mutex.o ABSOLUTE
    ..\UCOSII\CORE\OS_Q.C                    0x00000000   Number         0  os_q.o ABSOLUTE
    ..\UCOSII\CORE\OS_SEM.C                  0x00000000   Number         0  os_sem.o ABSOLUTE
    ..\UCOSII\CORE\OS_TASK.C                 0x00000000   Number         0  os_task.o ABSOLUTE
    ..\UCOSII\CORE\OS_TIME.C                 0x00000000   Number         0  os_time.o ABSOLUTE
    ..\UCOSII\PORT\os_cpu_a.asm              0x00000000   Number         0  os_cpu_a.o ABSOLUTE
    ..\UCOSII\PORT\os_cpu_c.c                0x00000000   Number         0  os_cpu_c.o ABSOLUTE
    ..\\SYSTEM\\sys\\sys.c                   0x00000000   Number         0  sys.o ABSOLUTE
    STM32F10x.s                              0x00000000   Number         0  stm32f10x.o ABSOLUTE
    dc.s                                     0x00000000   Number         0  dc.o ABSOLUTE
    handlers.s                               0x00000000   Number         0  handlers.o ABSOLUTE
    init.s                                   0x00000000   Number         0  init.o ABSOLUTE
    test.c                                   0x00000000   Number         0  test.o ABSOLUTE
    RESET                                    0x08000000   Section      236  stm32f10x.o(RESET)
    .ARM.Collect$$$$00000000                 0x080000ec   Section        0  entry.o(.ARM.Collect$$$$00000000)
    .ARM.Collect$$$$00000001                 0x080000ec   Section        4  entry2.o(.ARM.Collect$$$$00000001)
    .ARM.Collect$$$$00000004                 0x080000f0   Section        4  entry5.o(.ARM.Collect$$$$00000004)
    .ARM.Collect$$$$00000007                 0x080000f4   Section        8  entry7.o(.ARM.Collect$$$$00000007)
    .ARM.Collect$$$$00002712                 0x080000fc   Section        4  entry2.o(.ARM.Collect$$$$00002712)
    __lit__00000000                          0x080000fc   Data           4  entry2.o(.ARM.Collect$$$$00002712)
    .emb_text                                0x08000100   Section        2  sys.o(.emb_text)
    .text                                    0x08000104   Section       28  stm32f10x.o(.text)
    .text                                    0x08000120   Section      300  test.o(.text)
    .text                                    0x0800024c   Section      156  delay.o(.text)
    .text                                    0x080002e8   Section      716  sys.o(.text)
    .text                                    0x080005b4   Section      216  usart.o(.text)
    .text                                    0x0800068c   Section      128  led.o(.text)
    .text                                    0x0800070c   Section     1864  os_core.o(.text)
    OS_InitTaskStat                          0x08000787   Thumb Code    48  os_core.o(.text)
    OS_InitTaskIdle                          0x080007d5   Thumb Code    48  os_core.o(.text)
    OS_InitEventList                         0x08000805   Thumb Code    44  os_core.o(.text)
    OS_InitTCBList                           0x08000831   Thumb Code    64  os_core.o(.text)
    OS_InitRdyList                           0x08000871   Thumb Code    46  os_core.o(.text)
    OS_InitMisc                              0x0800089f   Thumb Code    44  os_core.o(.text)
    .text                                    0x08000e54   Section     1676  os_flag.o(.text)
    OS_FlagTaskRdy                           0x08000fcb   Thumb Code    78  os_flag.o(.text)
    OS_FlagBlock                             0x080010cd   Thumb Code   124  os_flag.o(.text)
    .text                                    0x080014e0   Section      396  os_mem.o(.text)
    .text                                    0x0800166c   Section     1216  os_q.o(.text)
    .text                                    0x08001b2c   Section     1536  os_task.o(.text)
    .text                                    0x0800212c   Section      396  os_time.o(.text)
    .text                                    0x080022b8   Section      178  os_cpu_c.o(.text)
    .text                                    0x0800236c   Section      220  os_cpu_a.o(.text)
    .text                                    0x08002448   Section       36  memcpya.o(.text)
    .text                                    0x0800246c   Section       38  memseta.o(.text)
    .text                                    0x08002492   Section      168  fadd.o(.text)
    _float_addcore                           0x08002493   Thumb Code   122  fadd.o(.text)
    .text                                    0x0800253a   Section      102  fmul.o(.text)
    .text                                    0x080025a0   Section      108  fdiv.o(.text)
    .text                                    0x0800260c   Section       10  ffltui.o(.text)
    .text                                    0x08002616   Section       40  ffixui.o(.text)
    .text                                    0x0800263e   Section        0  iusefp.o(.text)
    .text                                    0x0800263e   Section       92  fepilogue.o(.text)
    .text                                    0x0800269c   Section       36  init.o(.text)
    i.__scatterload_copy                     0x080026c0   Section       14  handlers.o(i.__scatterload_copy)
    i.__scatterload_null                     0x080026ce   Section        2  handlers.o(i.__scatterload_null)
    i.__scatterload_zeroinit                 0x080026d0   Section       14  handlers.o(i.__scatterload_zeroinit)
    .constdata                               0x080026de   Section      264  os_core.o(.constdata)
    .data                                    0x20000000   Section        4  delay.o(.data)
    fac_us                                   0x20000000   Data           1  delay.o(.data)
    fac_ms                                   0x20000002   Data           2  delay.o(.data)
    .data                                    0x20000004   Section       68  os_core.o(.data)
    .data                                    0x20000048   Section        4  os_cpu_c.o(.data)
    .bss                                     0x2000004c   Section     1024  test.o(.bss)
    .bss                                     0x2000044c   Section     5056  os_core.o(.bss)
    STACK                                    0x20001810   Section      512  stm32f10x.o(STACK)

    Global Symbols

    Symbol Name                              Value     Ov Type        Size  Object(Section)

    BuildAttributes$$THM_ISAv4$P$D$K$B$S$PE$A:L22UL41UL21$X:L11$S22US41US21$IEEE1$IW$USESV6$~STKCKD$USESV7$~SHL$OSPACE$ROPI$EBA8$MICROLIB$REQ8$PRES8$EABIv2 0x00000000   Number         0  anon$$obj.o ABSOLUTE
    __ARM_use_no_argv                        0x00000000   Number         0  test.o ABSOLUTE
    __use_no_errno                           0x00000000   Number         0  useno.o ABSOLUTE
    __use_no_exception_handling              0x00000000   Number         0  useno.o ABSOLUTE
    __use_no_fp                              0x00000000   Number         0  useno.o ABSOLUTE
    __use_no_heap                            0x00000000   Number         0  useno.o ABSOLUTE
    __use_no_heap_region                     0x00000000   Number         0  useno.o ABSOLUTE
    __use_no_semihosting                     0x00000000   Number         0  useno.o ABSOLUTE
    __use_no_semihosting_swi                 0x00000000   Number         0  useno.o ABSOLUTE
    __use_no_signal_handling                 0x00000000   Number         0  useno.o ABSOLUTE
    __decompress                              - Undefined Weak Reference
    __Vectors                                0x08000000   Data           4  stm32f10x.o(RESET)
    __main                                   0x080000ed   Thumb Code     0  entry.o(.ARM.Collect$$$$00000000)
    _main_stk                                0x080000ed   Thumb Code     0  entry2.o(.ARM.Collect$$$$00000001)
    _main_scatterload                        0x080000f1   Thumb Code     0  entry5.o(.ARM.Collect$$$$00000004)
    __main_after_scatterload                 0x080000f5   Thumb Code     0  entry5.o(.ARM.Collect$$$$00000004)
    _main_init                               0x080000f5   Thumb Code     0  entry7.o(.ARM.Collect$$$$00000007)
    WFI_SET                                  0x08000101   Thumb Code     2  sys.o(.emb_text)
    Reset_Handler                            0x08000105   Thumb Code     4  stm32f10x.o(.text)
    NMI_Handler                              0x08000109   Thumb Code     2  stm32f10x.o(.text)
    HardFault_Handler                        0x0800010b   Thumb Code     2  stm32f10x.o(.text)
    MemManage_Handler                        0x0800010d   Thumb Code     2  stm32f10x.o(.text)
    BusFault_Handler                         0x0800010f   Thumb Code     2  stm32f10x.o(.text)
    UsageFault_Handler                       0x08000111   Thumb Code     2  stm32f10x.o(.text)
    SVC_Handler                              0x08000113   Thumb Code     2  stm32f10x.o(.text)
    DebugMon_Handler                         0x08000115   Thumb Code     2  stm32f10x.o(.text)
    ADC_IRQHandler                           0x0800011b   Thumb Code     0  stm32f10x.o(.text)
    CAN_RX1_IRQHandler                       0x0800011b   Thumb Code     0  stm32f10x.o(.text)
    CAN_SCE_IRQHandler                       0x0800011b   Thumb Code     0  stm32f10x.o(.text)
    DMAChannel1_IRQHandler                   0x0800011b   Thumb Code     0  stm32f10x.o(.text)
    DMAChannel2_IRQHandler                   0x0800011b   Thumb Code     0  stm32f10x.o(.text)
    DMAChannel3_IRQHandler                   0x0800011b   Thumb Code     0  stm32f10x.o(.text)
    DMAChannel4_IRQHandler                   0x0800011b   Thumb Code     0  stm32f10x.o(.text)
    DMAChannel5_IRQHandler                   0x0800011b   Thumb Code     0  stm32f10x.o(.text)
    DMAChannel6_IRQHandler                   0x0800011b   Thumb Code     0  stm32f10x.o(.text)
    DMAChannel7_IRQHandler                   0x0800011b   Thumb Code     0  stm32f10x.o(.text)
    EXTI0_IRQHandler                         0x0800011b   Thumb Code     0  stm32f10x.o(.text)
    EXTI15_10_IRQHandler                     0x0800011b   Thumb Code     0  stm32f10x.o(.text)
    EXTI1_IRQHandler                         0x0800011b   Thumb Code     0  stm32f10x.o(.text)
    EXTI2_IRQHandler                         0x0800011b   Thumb Code     0  stm32f10x.o(.text)
    EXTI3_IRQHandler                         0x0800011b   Thumb Code     0  stm32f10x.o(.text)
    EXTI4_IRQHandler                         0x0800011b   Thumb Code     0  stm32f10x.o(.text)
    EXTI9_5_IRQHandler                       0x0800011b   Thumb Code     0  stm32f10x.o(.text)
    FLASH_IRQHandler                         0x0800011b   Thumb Code     0  stm32f10x.o(.text)
    I2C1_ER_IRQHandler                       0x0800011b   Thumb Code     0  stm32f10x.o(.text)
    I2C1_EV_IRQHandler                       0x0800011b   Thumb Code     0  stm32f10x.o(.text)
    I2C2_ER_IRQHandler                       0x0800011b   Thumb Code     0  stm32f10x.o(.text)
    I2C2_EV_IRQHandler                       0x0800011b   Thumb Code     0  stm32f10x.o(.text)
    PVD_IRQHandler                           0x0800011b   Thumb Code     0  stm32f10x.o(.text)
    RCC_IRQHandler                           0x0800011b   Thumb Code     0  stm32f10x.o(.text)
    RTCAlarm_IRQHandler                      0x0800011b   Thumb Code     0  stm32f10x.o(.text)
    RTC_IRQHandler                           0x0800011b   Thumb Code     0  stm32f10x.o(.text)
    SPI1_IRQHandler                          0x0800011b   Thumb Code     0  stm32f10x.o(.text)
    SPI2_IRQHandler                          0x0800011b   Thumb Code     0  stm32f10x.o(.text)
    TAMPER_IRQHandler                        0x0800011b   Thumb Code     0  stm32f10x.o(.text)
    TIM1_BRK_IRQHandler                      0x0800011b   Thumb Code     0  stm32f10x.o(.text)
    TIM1_CC_IRQHandler                       0x0800011b   Thumb Code     0  stm32f10x.o(.text)
    TIM1_TRG_COM_IRQHandler                  0x0800011b   Thumb Code     0  stm32f10x.o(.text)
    TIM1_UP_IRQHandler                       0x0800011b   Thumb Code     0  stm32f10x.o(.text)
    TIM2_IRQHandler                          0x0800011b   Thumb Code     0  stm32f10x.o(.text)
    TIM3_IRQHandler                          0x0800011b   Thumb Code     0  stm32f10x.o(.text)
    TIM4_IRQHandler                          0x0800011b   Thumb Code     0  stm32f10x.o(.text)
    USART1_IRQHandler                        0x0800011b   Thumb Code     0  stm32f10x.o(.text)
    USART2_IRQHandler                        0x0800011b   Thumb Code     0  stm32f10x.o(.text)
    USART3_IRQHandler                        0x0800011b   Thumb Code     0  stm32f10x.o(.text)
    USBWakeUp_IRQHandler                     0x0800011b   Thumb Code     0  stm32f10x.o(.text)
    USB_HP_CAN_TX_IRQHandler                 0x0800011b   Thumb Code     0  stm32f10x.o(.text)
    USB_LP_CAN_RX0_IRQHandler                0x0800011b   Thumb Code     0  stm32f10x.o(.text)
    WWDG_IRQHandler                          0x0800011b   Thumb Code     0  stm32f10x.o(.text)
    TaskLed1                                 0x08000121   Thumb Code    34  test.o(.text)
    TaskLed                                  0x08000143   Thumb Code    36  test.o(.text)
    TaskStart                                0x08000167   Thumb Code    50  test.o(.text)
    SysTick_Configuration                    0x08000199   Thumb Code    64  test.o(.text)
    main                                     0x080001d9   Thumb Code    58  test.o(.text)
    SysTick_Handler                          0x08000213   Thumb Code    30  test.o(.text)
    delay_init                               0x0800024d   Thumb Code    46  delay.o(.text)
    delay_ms                                 0x0800027b   Thumb Code    54  delay.o(.text)
    delay_us                                 0x080002b1   Thumb Code    52  delay.o(.text)
    MY_NVIC_SetVectorTable                   0x080002e9   Thumb Code    12  sys.o(.text)
    MY_NVIC_PriorityGroupConfig              0x080002f5   Thumb Code    36  sys.o(.text)
    MY_NVIC_Init                             0x08000319   Thumb Code   124  sys.o(.text)
    Ex_NVIC_Config                           0x08000395   Thumb Code   148  sys.o(.text)
    MYRCC_DeInit                             0x08000429   Thumb Code    90  sys.o(.text)
    Sys_Standby                              0x08000483   Thumb Code    70  sys.o(.text)
    Sys_Soft_Reset                           0x080004c9   Thumb Code    12  sys.o(.text)
    JTAG_Set                                 0x080004d5   Thumb Code    44  sys.o(.text)
    Stm32_Clock_Init                         0x08000501   Thumb Code   130  sys.o(.text)
    _sys_exit                                0x080005b5   Thumb Code     6  usart.o(.text)
    fputc                                    0x080005bb   Thumb Code    22  usart.o(.text)
    uart_init                                0x080005d1   Thumb Code   162  usart.o(.text)
    LED_Init                                 0x0800068d   Thumb Code   110  led.o(.text)
    OS_TaskStat                              0x0800070d   Thumb Code   122  os_core.o(.text)
    OS_TaskIdle                              0x080007b7   Thumb Code    30  os_core.o(.text)
    OSInit                                   0x080008cb   Thumb Code    48  os_core.o(.text)
    OSIntEnter                               0x080008fb   Thumb Code    28  os_core.o(.text)
    OSIntExit                                0x08000917   Thumb Code   124  os_core.o(.text)
    OSSchedLock                              0x08000993   Thumb Code    38  os_core.o(.text)
    OS_Sched                                 0x080009b9   Thumb Code    88  os_core.o(.text)
    OSSchedUnlock                            0x08000a11   Thumb Code    66  os_core.o(.text)
    OSStart                                  0x08000a53   Thumb Code    68  os_core.o(.text)
    OSStatInit                               0x08000a97   Thumb Code    54  os_core.o(.text)
    OSTimeTick                               0x08000acd   Thumb Code   234  os_core.o(.text)
    OSVersion                                0x08000bb7   Thumb Code     4  os_core.o(.text)
    OS_Dummy                                 0x08000bbb   Thumb Code     2  os_core.o(.text)
    OS_EventTaskRdy                          0x08000bbd   Thumb Code   176  os_core.o(.text)
    OS_EventTaskWait                         0x08000c6d   Thumb Code   114  os_core.o(.text)
    OS_EventTO                               0x08000cdf   Thumb Code    72  os_core.o(.text)
    OS_EventWaitListInit                     0x08000d27   Thumb Code    18  os_core.o(.text)
    OS_TCBInit                               0x08000d39   Thumb Code   250  os_core.o(.text)
    OSFlagAccept                             0x08000e55   Thumb Code   268  os_flag.o(.text)
    OSFlagCreate                             0x08000f61   Thumb Code    72  os_flag.o(.text)
    OS_FlagUnlink                            0x08000fa9   Thumb Code    34  os_flag.o(.text)
    OSFlagDel                                0x08001019   Thumb Code   180  os_flag.o(.text)
    OSFlagPend                               0x08001149   Thumb Code   532  os_flag.o(.text)
    OSFlagPost                               0x0800135d   Thumb Code   288  os_flag.o(.text)
    OSFlagQuery                              0x0800147d   Thumb Code    48  os_flag.o(.text)
    OS_FlagInit                              0x080014ad   Thumb Code    42  os_flag.o(.text)
    OSMemCreate                              0x080014e1   Thumb Code   152  os_mem.o(.text)
    OSMemGet                                 0x08001579   Thumb Code    60  os_mem.o(.text)
    OSMemPut                                 0x080015b5   Thumb Code    58  os_mem.o(.text)
    OSMemQuery                               0x080015ef   Thumb Code    58  os_mem.o(.text)
    OS_MemInit                               0x08001629   Thumb Code    60  os_mem.o(.text)
    OSQAccept                                0x0800166d   Thumb Code    70  os_q.o(.text)
    OSQCreate                                0x080016b3   Thumb Code   128  os_q.o(.text)
    OSQDel                                   0x08001733   Thumb Code   208  os_q.o(.text)
    OSQFlush                                 0x08001803   Thumb Code    46  os_q.o(.text)
    OSQPend                                  0x08001831   Thumb Code   214  os_q.o(.text)
    OSQPost                                  0x08001907   Thumb Code   110  os_q.o(.text)
    OSQPostFront                             0x08001975   Thumb Code   112  os_q.o(.text)
    OSQPostOpt                               0x080019e5   Thumb Code   172  os_q.o(.text)
    OSQQuery                                 0x08001a91   Thumb Code   110  os_q.o(.text)
    OS_QInit                                 0x08001aff   Thumb Code    38  os_q.o(.text)
    OSTaskChangePrio                         0x08001b2d   Thumb Code   314  os_task.o(.text)
    OSTaskCreate                             0x08001c67   Thumb Code   148  os_task.o(.text)
    OSTaskCreateExt                          0x08001cfb   Thumb Code   188  os_task.o(.text)
    OSTaskDel                                0x08001db7   Thumb Code   294  os_task.o(.text)
    OSTaskDelReq                             0x08001edd   Thumb Code   128  os_task.o(.text)
    OSTaskResume                             0x08001f5d   Thumb Code   118  os_task.o(.text)
    OSTaskStkChk                             0x08001fd3   Thumb Code   120  os_task.o(.text)
    OSTaskSuspend                            0x0800204b   Thumb Code   142  os_task.o(.text)
    OSTaskQuery                              0x080020d9   Thumb Code    68  os_task.o(.text)
    OSTimeDly                                0x0800212d   Thumb Code    82  os_time.o(.text)
    OSTimeDlyHMSM                            0x0800217f   Thumb Code   150  os_time.o(.text)
    OSTimeDlyResume                          0x08002215   Thumb Code   108  os_time.o(.text)
    OSTimeGet                                0x08002281   Thumb Code    18  os_time.o(.text)
    OSTimeSet                                0x08002293   Thumb Code    18  os_time.o(.text)
    OSTaskStkInit                            0x080022b9   Thumb Code   154  os_cpu_c.o(.text)
    OSInitHookBegin                          0x08002353   Thumb Code     2  os_cpu_c.o(.text)
    OSInitHookEnd                            0x08002355   Thumb Code     2  os_cpu_c.o(.text)
    OSTaskCreateHook                         0x08002357   Thumb Code     4  os_cpu_c.o(.text)
    OSTaskDelHook                            0x0800235b   Thumb Code     4  os_cpu_c.o(.text)
    OSTaskSwHook                             0x0800235f   Thumb Code     2  os_cpu_c.o(.text)
    OSTaskStatHook                           0x08002361   Thumb Code     2  os_cpu_c.o(.text)
    OSTCBInitHook                            0x08002363   Thumb Code     4  os_cpu_c.o(.text)
    OSTimeTickHook                           0x08002367   Thumb Code     2  os_cpu_c.o(.text)
    OSTaskIdleHook                           0x08002369   Thumb Code     2  os_cpu_c.o(.text)
    OS_ENTER_CRITICAL                        0x0800236d   Thumb Code     0  os_cpu_a.o(.text)
    OS_EXIT_CRITICAL                         0x0800237f   Thumb Code     0  os_cpu_a.o(.text)
    OSStartHighRdy                           0x0800239b   Thumb Code     0  os_cpu_a.o(.text)
    OSCtxSw                                  0x080023bd   Thumb Code     0  os_cpu_a.o(.text)
    OSIntCtxSw                               0x080023cb   Thumb Code     0  os_cpu_a.o(.text)
    PendSV_Handler                           0x080023db   Thumb Code     0  os_cpu_a.o(.text)
    ItDisAll                                 0x0800241d   Thumb Code     0  os_cpu_a.o(.text)
    __aeabi_memcpy                           0x08002449   Thumb Code    36  memcpya.o(.text)
    __aeabi_memcpy4                          0x08002449   Thumb Code     0  memcpya.o(.text)
    __aeabi_memcpy8                          0x08002449   Thumb Code     0  memcpya.o(.text)
    __aeabi_memset                           0x0800246d   Thumb Code    14  memseta.o(.text)
    __aeabi_memset4                          0x0800246d   Thumb Code     0  memseta.o(.text)
    __aeabi_memset8                          0x0800246d   Thumb Code     0  memseta.o(.text)
    __aeabi_memclr                           0x0800247b   Thumb Code     4  memseta.o(.text)
    __aeabi_memclr4                          0x0800247b   Thumb Code     0  memseta.o(.text)
    __aeabi_memclr8                          0x0800247b   Thumb Code     0  memseta.o(.text)
    _memset$wrapper                          0x0800247f   Thumb Code    20  memseta.o(.text)
    __aeabi_fadd                             0x0800250d   Thumb Code    14  fadd.o(.text)
    __aeabi_fsub                             0x0800251b   Thumb Code    14  fadd.o(.text)
    __aeabi_frsub                            0x08002529   Thumb Code    18  fadd.o(.text)
    __aeabi_fmul                             0x0800253b   Thumb Code   102  fmul.o(.text)
    __aeabi_fdiv                             0x080025a1   Thumb Code   108  fdiv.o(.text)
    __aeabi_ui2f                             0x0800260d   Thumb Code    10  ffltui.o(.text)
    __aeabi_f2uiz                            0x08002617   Thumb Code    40  ffixui.o(.text)
    __I$use$fp                               0x0800263f   Thumb Code     0  iusefp.o(.text)
    _float_round                             0x0800263f   Thumb Code    18  fepilogue.o(.text)
    _float_epilogue                          0x08002651   Thumb Code    74  fepilogue.o(.text)
    __scatterload                            0x0800269d   Thumb Code    28  init.o(.text)
    __scatterload_rt2                        0x0800269d   Thumb Code     0  init.o(.text)
    __scatterload_copy                       0x080026c1   Thumb Code    14  handlers.o(i.__scatterload_copy)
    __scatterload_null                       0x080026cf   Thumb Code     2  handlers.o(i.__scatterload_null)
    __scatterload_zeroinit                   0x080026d1   Thumb Code    14  handlers.o(i.__scatterload_zeroinit)
    OSMapTbl                                 0x080026de   Data           8  os_core.o(.constdata)
    OSUnMapTbl                               0x080026e6   Data         256  os_core.o(.constdata)
    Region$$Table$$Base                      0x080027e8   Number         0  anon$$obj.o(Region$$Table)
    Region$$Table$$Limit                     0x08002808   Number         0  anon$$obj.o(Region$$Table)
    OSCtxSwCtr                               0x20000004   Data           4  os_core.o(.data)
    OSEventFreeList                          0x20000008   Data           4  os_core.o(.data)
    OSFlagFreeList                           0x2000000c   Data           4  os_core.o(.data)
    OSCPUUsage                               0x20000010   Data           1  os_core.o(.data)
    OSIdleCtrMax                             0x20000014   Data           4  os_core.o(.data)
    OSIdleCtrRun                             0x20000018   Data           4  os_core.o(.data)
    OSStatRdy                                0x2000001c   Data           1  os_core.o(.data)
    OSIntNesting                             0x2000001d   Data           1  os_core.o(.data)
    OSIntExitY                               0x2000001e   Data           1  os_core.o(.data)
    OSLockNesting                            0x2000001f   Data           1  os_core.o(.data)
    OSPrioCur                                0x20000020   Data           1  os_core.o(.data)
    OSPrioHighRdy                            0x20000021   Data           1  os_core.o(.data)
    OSRdyGrp                                 0x20000022   Data           1  os_core.o(.data)
    OSRdyTbl                                 0x20000023   Data           2  os_core.o(.data)
    OSRunning                                0x20000025   Data           1  os_core.o(.data)
    OSTaskCtr                                0x20000026   Data           1  os_core.o(.data)
    OSIdleCtr                                0x20000028   Data           4  os_core.o(.data)
    OSTCBCur                                 0x2000002c   Data           4  os_core.o(.data)
    OSTCBFreeList                            0x20000030   Data           4  os_core.o(.data)
    OSTCBHighRdy                             0x20000034   Data           4  os_core.o(.data)
    OSTCBList                                0x20000038   Data           4  os_core.o(.data)
    OSMemFreeList                            0x2000003c   Data           4  os_core.o(.data)
    OSQFreeList                              0x20000040   Data           4  os_core.o(.data)
    OSTime                                   0x20000044   Data           4  os_core.o(.data)
    OSInterrputSum                           0x20000048   Data           4  os_cpu_c.o(.data)
    TASK_LED1_STK                            0x2000004c   Data         256  test.o(.bss)
    TASK_LED_STK                             0x2000014c   Data         256  test.o(.bss)
    TASK_START_STK                           0x2000024c   Data         512  test.o(.bss)
    OSEventTbl                               0x2000044c   Data          24  os_core.o(.bss)
    OSFlagTbl                                0x20000464   Data          60  os_core.o(.bss)
    OSTaskStatStk                            0x200004a0   Data        2048  os_core.o(.bss)
    OSTaskIdleStk                            0x20000ca0   Data        2048  os_core.o(.bss)
    OSTCBPrioTbl                             0x200014a0   Data          52  os_core.o(.bss)
    OSTCBTbl                                 0x200014d4   Data         676  os_core.o(.bss)
    OSMemTbl                                 0x20001778   Data         100  os_core.o(.bss)
    OSQTbl                                   0x200017dc   Data          48  os_core.o(.bss)
    __initial_sp                             0x20001a10   Data           0  stm32f10x.o(STACK)



==============================================================================

Memory Map of the image

  Image Entry point : 0x080000ed

  Load Region LR_IROM1 (Base: 0x08000000, Size: 0x00002854, Max: 0x00020000, ABSOLUTE)

    Execution Region ER_IROM1 (Base: 0x08000000, Size: 0x00002808, Max: 0x00020000, ABSOLUTE)

    Base Addr    Size         Type   Attr      Idx    E Section Name        Object

    0x08000000   0x000000ec   Data   RO            3    RESET               stm32f10x.o
    0x080000ec   0x00000000   Code   RO          372  * .ARM.Collect$$$$00000000  entry.o(mc_w.l)
    0x080000ec   0x00000004   Code   RO          391    .ARM.Collect$$$$00000001  entry2.o(mc_w.l)
    0x080000f0   0x00000004   Code   RO          394    .ARM.Collect$$$$00000004  entry5.o(mc_w.l)
    0x080000f4   0x00000008   Code   RO          395    .ARM.Collect$$$$00000007  entry7.o(mc_w.l)
    0x080000fc   0x00000004   Code   RO          392    .ARM.Collect$$$$00002712  entry2.o(mc_w.l)
    0x08000100   0x00000002   Code   RO          171    .emb_text           sys.o
    0x08000102   0x00000002   PAD
    0x08000104   0x0000001c   Code   RO            4    .text               stm32f10x.o
    0x08000120   0x0000012c   Code   RO           10    .text               test.o
    0x0800024c   0x0000009c   Code   RO          157    .text               delay.o
    0x080002e8   0x000002cc   Code   RO          172    .text               sys.o
    0x080005b4   0x000000d8   Code   RO          187    .text               usart.o
    0x0800068c   0x00000080   Code   RO          206    .text               led.o
    0x0800070c   0x00000748   Code   RO          231    .text               os_core.o
    0x08000e54   0x0000068c   Code   RO          251    .text               os_flag.o
    0x080014e0   0x0000018c   Code   RO          275    .text               os_mem.o
    0x0800166c   0x000004c0   Code   RO          299    .text               os_q.o
    0x08001b2c   0x00000600   Code   RO          323    .text               os_task.o
    0x0800212c   0x0000018c   Code   RO          335    .text               os_time.o
    0x080022b8   0x000000b2   Code   RO          347    .text               os_cpu_c.o
    0x0800236a   0x00000002   PAD
    0x0800236c   0x000000dc   Code   RO          369    .text               os_cpu_a.o
    0x08002448   0x00000024   Code   RO          375    .text               memcpya.o(mc_w.l)
    0x0800246c   0x00000026   Code   RO          377    .text               memseta.o(mc_w.l)
    0x08002492   0x000000a8   Code   RO          381    .text               fadd.o(mf_w.l)
    0x0800253a   0x00000066   Code   RO          383    .text               fmul.o(mf_w.l)
    0x080025a0   0x0000006c   Code   RO          385    .text               fdiv.o(mf_w.l)
    0x0800260c   0x0000000a   Code   RO          387    .text               ffltui.o(mf_w.l)
    0x08002616   0x00000028   Code   RO          389    .text               ffixui.o(mf_w.l)
    0x0800263e   0x00000000   Code   RO          396    .text               iusefp.o(mc_w.l)
    0x0800263e   0x0000005c   Code   RO          397    .text               fepilogue.o(mf_w.l)
    0x0800269a   0x00000002   PAD
    0x0800269c   0x00000024   Code   RO          399    .text               init.o(mc_w.l)
    0x080026c0   0x0000000e   Code   RO          403    i.__scatterload_copy  handlers.o(mc_w.l)
    0x080026ce   0x00000002   Code   RO          404    i.__scatterload_null  handlers.o(mc_w.l)
    0x080026d0   0x0000000e   Code   RO          405    i.__scatterload_zeroinit  handlers.o(mc_w.l)
    0x080026de   0x00000108   Data   RO          233    .constdata          os_core.o
    0x080027e6   0x00000002   PAD
    0x080027e8   0x00000020   Data   RO          401    Region$$Table       anon$$obj.o


    Execution Region RW_IRAM1 (Base: 0x20000000, Size: 0x00001a10, Max: 0x00005000, ABSOLUTE)

    Base Addr    Size         Type   Attr      Idx    E Section Name        Object

    0x20000000   0x00000004   Data   RW          158    .data               delay.o
    0x20000004   0x00000044   Data   RW          234    .data               os_core.o
    0x20000048   0x00000004   Data   RW          348    .data               os_cpu_c.o
    0x2000004c   0x00000400   Zero   RW           11    .bss                test.o
    0x2000044c   0x000013c0   Zero   RW          232    .bss                os_core.o
    0x2000180c   0x00000004   PAD
    0x20001810   0x00000200   Zero   RW            1    STACK               stm32f10x.o


==============================================================================

Image component sizes


      Code (inc. data)   RO Data    RW Data    ZI Data      Debug   Object Name

       156          4          0          4          0       1107   delay.o
       128         18          0          0          0        491   led.o
      1864        142        264         68       5056      11753   os_core.o
       220         40          0          0          0        372   os_cpu_a.o
       178          0          0          4          0       8781   os_cpu_c.o
      1676         30          0          0          0       5458   os_flag.o
       396          8          0          0          0       2422   os_mem.o
      1216         24          0          0          0       4576   os_q.o
      1536         60          0          0          0       4967   os_task.o
       396         20          0          0          0       1766   os_time.o
        28          4        236          0        512        520   stm32f10x.o
       718         50          0          0          0       2803   sys.o
       300         28          0          0       1024      12584   test.o
       216         26          0          0          0       2587   usart.o

    ----------------------------------------------------------------------
      9032        454        534         76       6596      60187   Object Totals
         0          0         32          0          0          0   (incl. Generated)
         4          0          2          0          4          1   (incl. Padding)

    ----------------------------------------------------------------------

      Code (inc. data)   RO Data    RW Data    ZI Data      Debug   Library Member Name

         0          0          0          0          0          0   entry.o
         8          4          0          0          0          0   entry2.o
         4          0          0          0          0          0   entry5.o
         8          4          0          0          0          0   entry7.o
       168          0          0          0          0        144   fadd.o
       108          0          0          0          0         96   fdiv.o
        92          0          0          0          0        152   fepilogue.o
        40          0          0          0          0         68   ffixui.o
        10          0          0          0          0         68   ffltui.o
       102          0          0          0          0         76   fmul.o
        30          0          0          0          0          0   handlers.o
        36          8          0          0          0         68   init.o
         0          0          0          0          0          0   iusefp.o
        36          0          0          0          0         68   memcpya.o
        38          0          0          0          0        108   memseta.o

    ----------------------------------------------------------------------
       682         16          0          0          0        848   Library Totals
         2          0          0          0          0          0   (incl. Padding)

    ----------------------------------------------------------------------

      Code (inc. data)   RO Data    RW Data    ZI Data      Debug   Library Name

       160         16          0          0          0        244   mc_w.l
       520          0          0          0          0        604   mf_w.l

    ----------------------------------------------------------------------
       682         16          0          0          0        848   Library Totals

    ----------------------------------------------------------------------

==============================================================================


      Code (inc. data)   RO Data    RW Data    ZI Data      Debug   

      9714        470        534         76       6596      59836   Grand Totals
      9714        470        534         76       6596      59836   ELF Image Totals
      9714        470        534         76          0          0   ROM Totals

==============================================================================

    Total RO  Size (Code + RO Data)                10248 (  10.01kB)
    Total RW  Size (RW Data + ZI Data)              6672 (   6.52kB)
    Total ROM Size (Code + RO Data + RW Data)      10324 (  10.08kB)

==============================================================================

