<html>
<body>
<pre>
<h1>礦ision Build Log</h1>
<h2>Tool Versions:</h2>
IDE-Version: μVision V5.21.1.0
Copyright (C) 2016 ARM Ltd and ARM Germany GmbH. All rights reserved.
License Information: LC TECH, LCTECH, LIC=R4HY8-37G91-68PFC-73DQZ-6GJ9F-VE7IG
 
Tool Versions:
Toolchain:       MDK-ARM Professional  Version: 5.21a
Toolchain Path:  C:\Keil_v5\ARM\ARMCC\Bin
C Compiler:      Armcc.exe V5.06 update 3 (build 300)
Assembler:       Armasm.exe V5.06 update 3 (build 300)
Linker/Locator:  ArmLink.exe V5.06 update 3 (build 300)
Library Manager: ArmAr.exe V5.06 update 3 (build 300)
Hex Converter:   FromElf.exe V5.06 update 3 (build 300)
CPU DLL:         SARMCM3.DLL V5.21a
Dialog DLL:      DCM.DLL V1.13.8.0
Target DLL:      STLink\ST-LINKIII-KEIL_SWO.dll V2.0.18.0
Dialog DLL:      TCM.DLL V1.14.14.0
 
<h2>Project:</h2>
E:\工作文件\桌面文件备份\文件\生产相关\产品测试&生产（仅内部用）\小袁整理\STM32F767开发板\出厂测试\STM32F767_Test\Project\RVMDK（uv5）\STM32F767_Test.uvprojx
Project File Date:  04/06/2018

<h2>Output:</h2>
*** Using Compiler 'V5.06 update 3 (build 300)', folder: 'C:\Keil_v5\ARM\ARMCC\Bin'
Rebuild target 'STM32F767_Test'
assembling startup_stm32f767xx.s...
compiling stm32f7xx_hal_adc.c...
compiling system_stm32f7xx.c...
compiling stm32f7xx_hal.c...
compiling stm32f7xx_hal_adc_ex.c...
compiling stm32f7xx_hal_can.c...
compiling stm32f7xx_hal_cec.c...
compiling stm32f7xx_hal_cortex.c...
compiling stm32f7xx_hal_crc_ex.c...
compiling stm32f7xx_hal_crc.c...
compiling stm32f7xx_hal_cryp.c...
compiling stm32f7xx_hal_cryp_ex.c...
compiling stm32f7xx_hal_dac.c...
compiling stm32f7xx_hal_dac_ex.c...
compiling stm32f7xx_hal_dcmi.c...
compiling stm32f7xx_hal_dcmi_ex.c...
compiling stm32f7xx_hal_dma.c...
compiling stm32f7xx_hal_dma_ex.c...
compiling stm32f7xx_hal_dma2d.c...
compiling stm32f7xx_hal_eth.c...
compiling stm32f7xx_hal_flash.c...
compiling stm32f7xx_hal_flash_ex.c...
compiling stm32f7xx_hal_gpio.c...
compiling stm32f7xx_hal_hash.c...
compiling stm32f7xx_hal_hash_ex.c...
compiling stm32f7xx_hal_hcd.c...
compiling stm32f7xx_hal_i2c.c...
compiling stm32f7xx_hal_i2c_ex.c...
compiling stm32f7xx_hal_i2s.c...
compiling stm32f7xx_hal_irda.c...
compiling stm32f7xx_hal_iwdg.c...
compiling stm32f7xx_hal_lptim.c...
compiling stm32f7xx_hal_ltdc.c...
compiling stm32f7xx_hal_msp_template.c...
compiling stm32f7xx_hal_nand.c...
compiling stm32f7xx_hal_nor.c...
compiling stm32f7xx_hal_pcd.c...
compiling stm32f7xx_hal_pcd_ex.c...
compiling stm32f7xx_hal_pwr.c...
compiling stm32f7xx_hal_pwr_ex.c...
compiling stm32f7xx_hal_qspi.c...
compiling stm32f7xx_hal_rcc.c...
compiling stm32f7xx_hal_rcc_ex.c...
compiling stm32f7xx_hal_rng.c...
compiling stm32f7xx_hal_rtc_ex.c...
compiling stm32f7xx_hal_rtc.c...
compiling stm32f7xx_hal_sai.c...
compiling stm32f7xx_hal_sai_ex.c...
compiling stm32f7xx_hal_sd.c...
compiling stm32f7xx_hal_sdram.c...
compiling stm32f7xx_hal_smartcard.c...
compiling stm32f7xx_hal_smartcard_ex.c...
compiling stm32f7xx_hal_spdifrx.c...
compiling stm32f7xx_hal_spi.c...
compiling stm32f7xx_hal_sram.c...
compiling stm32f7xx_hal_tim.c...
compiling stm32f7xx_hal_tim_ex.c...
compiling stm32f7xx_hal_uart.c...
compiling stm32f7xx_hal_usart.c...
compiling stm32f7xx_hal_wwdg.c...
compiling stm32f7xx_ll_fmc.c...
compiling stm32f7xx_ll_sdmmc.c...
compiling stm32f7xx_ll_usb.c...
compiling main.c...
compiling stm32f7xx_it.c...
compiling bsp_qspi_flash.c...
compiling bsp_key.c...
compiling bsp_led.c...
compiling bsp_sdram.c...
compiling bsp_debug_usart.c...
linking...
Program Size: Code=13724 RO-data=628 RW-data=104 ZI-data=41348  
FromELF: creating hex file...
"..\..\Output\STM32F767_Test.axf" - 0 Error(s), 0 Warning(s).

<h2>Collection of Component include folders:</h2>
  E:\工作文件\桌面文件备份\文件\生产相关\产品测试&生产（仅内部用）\小袁整理\STM32F767开发板\出厂测试\STM32F767_Test\Project\RVMDK（uv5）\RTE
  C:\Keil_v5\ARM\PACK\Keil\STM32F7xx_DFP\2.7.0\Drivers\CMSIS\Device\ST\STM32F7xx\Include

<h2>Collection of Component Files used:</h2>
Build Time Elapsed:  00:12:36
</pre>
</body>
</html>
