<html>
<body>
<pre>
<h1>µVision Build Log</h1>
<h2>Project:</h2>
C:\Documents and Settings\xiaojia.LENOVO-B9B16E97\×ÀÃæ\ÐéÄâ´®¿Ú\USBLib\demos\Virtual_COM_Port\project\RVMDK\VirtualCOMPort.uvproj
Project File Date:  06/24/2011

<h2>Output:</h2>
Build target 'BOOT_FLASH'
compiling hw_config.c...
compiling main.c...
compiling stm32f10x_it.c...
compiling usb_desc.c...
compiling usb_istr.c...
compiling usb_prop.c...
compiling usb_pwr.c...
compiling usb_endp.c...
compiling usb_core.c...
compiling usb_init.c...
compiling usb_int.c...
compiling usb_mem.c...
compiling usb_regs.c...
linking...
Program Size: Code=6260 RO-data=488 RW-data=256 ZI-data=1144  
FromELF: creating hex file...
".\Obj\VirtualCOMPort.axf" - 0 Error(s), 0 Warning(s).
Load "C:\\Documents and Settings\\xiaojia.LENOVO-B9B16E97\\×ÀÃæ\\ÐéÄâ´®¿Ú\\USBLib\\demos\\Virtual_COM_Port\\project\\RVMDK\\Obj\\VirtualCOMPort.AXF" 
Load "C:\\Documents and Settings\\xiaojia.LENOVO-B9B16E97\\×ÀÃæ\\ÐéÄâ´®¿Ú\\USBLib\\demos\\Virtual_COM_Port\\project\\RVMDK\\Obj\\VirtualCOMPort.AXF" 
Set JLink Project File to "C:\Documents and Settings\xiaojia.LENOVO-B9B16E97\×ÀÃæ\ÐéÄâ´®¿Ú\USBLib\demos\Virtual_COM_Port\project\RVMDK\JLinkSettings.ini"
 
JLink info:
------------
DLL: V4.15n, compiled Jun 18 2010 19:55:09
Firmware: J-Link ARM V7 compiled Jun 30 2009 11:05:27
Hardware: V7.00
S/N : 20090110 
Feature(s) : RDI, FlashBP, FlashDL, JFlash, GDBFull 
 
* JLink Info: Found SWD-DP with ID 0x1BA01477
* JLink Info: TPIU fitted.
* JLink Info: ETM fitted.
* JLink Info:   FPUnit: 6 code (BP) slots and 2 literal slots
ROMTableAddr = 0xE00FF003
 
Target info:
------------
Device: STM32F103VE
VTarget = 3.235V
State of Pins: 
TCK: 0, TDI: 1, TDO: 1, TMS: 0, TRES: 1, TRST: 1
* JLink Info: Found SWD-DP with ID 0x1BA01477
* JLink Info: TPIU fitted.
* JLink Info: ETM fitted.
* JLink Info:   FPUnit: 6 code (BP) slots and 2 literal slots
Hardware-Breakpoints: 6
Software-Breakpoints: 2048
Watchpoints:          4
JTAG speed: 9600 kHz
 
Erase Done.
Programming Done.
* JLink Info: Found SWD-DP with ID 0x1BA01477
* JLink Info: TPIU fitted.
* JLink Info: ETM fitted.
* JLink Info:   FPUnit: 6 code (BP) slots and 2 literal slots
Application running ...
Load "C:\\Documents and Settings\\xiaojia.LENOVO-B9B16E97\\×ÀÃæ\\ÐéÄâ´®¿Ú\\USBLib\\demos\\Virtual_COM_Port\\project\\RVMDK\\Obj\\VirtualCOMPort.AXF" 
Set JLink Project File to "C:\Documents and Settings\xiaojia.LENOVO-B9B16E97\×ÀÃæ\ÐéÄâ´®¿Ú\USBLib\demos\Virtual_COM_Port\project\RVMDK\JLinkSettings.ini"
 
JLink info:
------------
DLL: V4.15n, compiled Jun 18 2010 19:55:09
Firmware: J-Link ARM V7 compiled Jun 30 2009 11:05:27
Hardware: V7.00
S/N : 20090110 
Feature(s) : RDI, FlashBP, FlashDL, JFlash, GDBFull 
 
* JLink Info: Found SWD-DP with ID 0x1BA01477
* JLink Info: TPIU fitted.
* JLink Info: ETM fitted.
* JLink Info:   FPUnit: 6 code (BP) slots and 2 literal slots
ROMTableAddr = 0xE00FF003
 
Target info:
------------
Device: STM32F103VE
VTarget = 3.235V
State of Pins: 
TCK: 0, TDI: 1, TDO: 1, TMS: 0, TRES: 1, TRST: 1
* JLink Info: Found SWD-DP with ID 0x1BA01477
* JLink Info: TPIU fitted.
* JLink Info: ETM fitted.
* JLink Info:   FPUnit: 6 code (BP) slots and 2 literal slots
Hardware-Breakpoints: 6
Software-Breakpoints: 2048
Watchpoints:          4
JTAG speed: 9600 kHz
 
Erase Done.
Programming Done.
* JLink Info: Found SWD-DP with ID 0x1BA01477
* JLink Info: TPIU fitted.
* JLink Info: ETM fitted.
* JLink Info:   FPUnit: 6 code (BP) slots and 2 literal slots
Application running ...
