<!doctype html public "-//w3c//dtd html 4.0 transitional//en">
<html><head>
<title>Static Call Graph - [E:\王俊平资料\开发板CD盘\Alientek资料-V1.8B-2\ALIENTEK MiniSTM32开发板例程_B505\ALIENTEK MiniSTM32开发板例程\ALIENTEK MINISTM32 实验28 综合测试实验\USER\TEST.axf]</title></head>
<body><HR>
<H1>Static Call Graph for image E:\王俊平资料\开发板CD盘\Alientek资料-V1.8B-2\ALIENTEK MiniSTM32开发板例程_B505\ALIENTEK MiniSTM32开发板例程\ALIENTEK MINISTM32 实验28 综合测试实验\USER\TEST.axf</H1><HR>
<BR><P>#&#060CALLGRAPH&#062# ARM Linker, RVCT3.1 [Build 939]: Last Updated: Mon May 21 10:39:42 2012
<BR><P>
<H3>Maximum Stack Usage =        680 bytes + Unknown(Functions without stacksize, Cycles, Untraceable Function Pointers)</H3><H3>
Call chain for Maximum Stack Depth:</H3>
__main &rArr; __rt_entry &rArr; main &rArr; Pic_Viewer &rArr; File_Browse &rArr; Show_File &rArr; AI_LoadPicFile &rArr; Decode &rArr; IQtIZzMCUComponent &rArr; IQtIZzBlock &rArr; Fast_IDCT &rArr; idctrow
<P>
<H3>
Functions with no stack information
</H3><UL>
 <LI><a href="#[f8fab0]">__user_initial_stackheap</a>
</UL>
</UL>
<P>
<H3>
Mutually Recursive functions
</H3> <LI><a href="#[f8f948]">NMI_Handler</a>&nbsp;&nbsp;&nbsp;&rArr;&nbsp;&nbsp;&nbsp;<a href="#[f8f948]">NMI_Handler</a><BR>
 <LI><a href="#[f8f900]">HardFault_Handler</a>&nbsp;&nbsp;&nbsp;&rArr;&nbsp;&nbsp;&nbsp;<a href="#[f8f900]">HardFault_Handler</a><BR>
 <LI><a href="#[f8f8b8]">MemManage_Handler</a>&nbsp;&nbsp;&nbsp;&rArr;&nbsp;&nbsp;&nbsp;<a href="#[f8f8b8]">MemManage_Handler</a><BR>
 <LI><a href="#[f8f870]">BusFault_Handler</a>&nbsp;&nbsp;&nbsp;&rArr;&nbsp;&nbsp;&nbsp;<a href="#[f8f870]">BusFault_Handler</a><BR>
 <LI><a href="#[f8f828]">UsageFault_Handler</a>&nbsp;&nbsp;&nbsp;&rArr;&nbsp;&nbsp;&nbsp;<a href="#[f8f828]">UsageFault_Handler</a><BR>
 <LI><a href="#[f8f7e0]">SVC_Handler</a>&nbsp;&nbsp;&nbsp;&rArr;&nbsp;&nbsp;&nbsp;<a href="#[f8f7e0]">SVC_Handler</a><BR>
 <LI><a href="#[f8f798]">DebugMon_Handler</a>&nbsp;&nbsp;&nbsp;&rArr;&nbsp;&nbsp;&nbsp;<a href="#[f8f798]">DebugMon_Handler</a><BR>
 <LI><a href="#[f8f750]">PendSV_Handler</a>&nbsp;&nbsp;&nbsp;&rArr;&nbsp;&nbsp;&nbsp;<a href="#[f8f750]">PendSV_Handler</a><BR>
 <LI><a href="#[f8f708]">SysTick_Handler</a>&nbsp;&nbsp;&nbsp;&rArr;&nbsp;&nbsp;&nbsp;<a href="#[f8f708]">SysTick_Handler</a><BR>
 <LI><a href="#[f8f6c0]">ADC_IRQHandler</a>&nbsp;&nbsp;&nbsp;&rArr;&nbsp;&nbsp;&nbsp;<a href="#[f8f6c0]">ADC_IRQHandler</a><BR>
</UL>
<P>
<H3>
Function Pointers
</H3><UL>
 <LI><a href="#[11ddd30]">Set_Cursor</a>
 <LI><a href="#[11dddc0]">Clear_Cursor</a>
 <LI><a href="#[11ddd78]">Cursor_Draw</a>
 <LI><a href="#[fcfc98]">EP1_IN_Callback</a>
 <LI><a href="#[ff8c68]">NOP_Process</a>
 <LI><a href="#[ff8c68]">NOP_Process</a>
 <LI><a href="#[ff8c68]">NOP_Process</a>
 <LI><a href="#[ff8c68]">NOP_Process</a>
 <LI><a href="#[ff8c68]">NOP_Process</a>
 <LI><a href="#[ff8c68]">NOP_Process</a>
 <LI><a href="#[ff8c68]">NOP_Process</a>
 <LI><a href="#[fcfc50]">EP2_OUT_Callback</a>
 <LI><a href="#[ff8c68]">NOP_Process</a>
 <LI><a href="#[ff8c68]">NOP_Process</a>
 <LI><a href="#[ff8c68]">NOP_Process</a>
 <LI><a href="#[ff8c68]">NOP_Process</a>
 <LI><a href="#[ff8c68]">NOP_Process</a>
 <LI><a href="#[fc9448]">MASS_init</a>
 <LI><a href="#[fc9520]">MASS_Reset</a>
 <LI><a href="#[fc94d8]">MASS_Status_In</a>
 <LI><a href="#[fc9490]">MASS_Status_Out</a>
 <LI><a href="#[fc96d0]">MASS_Data_Setup</a>
 <LI><a href="#[fc9568]">MASS_NoData_Setup</a>
 <LI><a href="#[fc95b0]">MASS_Get_Interface_Setting</a>
 <LI><a href="#[fc9640]">MASS_GetDeviceDescriptor</a>
 <LI><a href="#[fc9688]">MASS_GetConfigDescriptor</a>
 <LI><a href="#[fc95f8]">MASS_GetStringDescriptor</a>
 <LI><a href="#[ff8c68]">NOP_Process</a>
 <LI><a href="#[fc93b8]">Mass_Storage_SetConfiguration</a>
 <LI><a href="#[ff8c68]">NOP_Process</a>
 <LI><a href="#[ff8c68]">NOP_Process</a>
 <LI><a href="#[ff8c68]">NOP_Process</a>
 <LI><a href="#[fc9400]">Mass_Storage_ClearFeature</a>
 <LI><a href="#[ff8c68]">NOP_Process</a>
 <LI><a href="#[ff8c68]">NOP_Process</a>
 <LI><a href="#[fc9370]">Mass_Storage_SetDeviceAddress</a>
 <LI><a href="#[f8f990]">Reset_Handler</a>
 <LI><a href="#[f8f948]">NMI_Handler</a>
 <LI><a href="#[f8f900]">HardFault_Handler</a>
 <LI><a href="#[f8f8b8]">MemManage_Handler</a>
 <LI><a href="#[f8f870]">BusFault_Handler</a>
 <LI><a href="#[f8f828]">UsageFault_Handler</a>
 <LI><a href="#[f8f7e0]">SVC_Handler</a>
 <LI><a href="#[f8f798]">DebugMon_Handler</a>
 <LI><a href="#[f8f750]">PendSV_Handler</a>
 <LI><a href="#[f8f708]">SysTick_Handler</a>
 <LI><a href="#[f8eaf0]">WWDG_IRQHandler</a>
 <LI><a href="#[f8f090]">PVD_IRQHandler</a>
 <LI><a href="#[f8eee0]">TAMPER_IRQHandler</a>
 <LI><a href="#[f8efb8]">RTC_IRQHandler</a>
 <LI><a href="#[f8f1f8]">FLASH_IRQHandler</a>
 <LI><a href="#[f8f048]">RCC_IRQHandler</a>
 <LI><a href="#[f8f3f0]">EXTI0_IRQHandler</a>
 <LI><a href="#[f8f360]">EXTI1_IRQHandler</a>
 <LI><a href="#[f8f318]">EXTI2_IRQHandler</a>
 <LI><a href="#[f8f2d0]">EXTI3_IRQHandler</a>
 <LI><a href="#[f8f288]">EXTI4_IRQHandler</a>
 <LI><a href="#[f8f5e8]">DMAChannel1_IRQHandler</a>
 <LI><a href="#[f8f5a0]">DMAChannel2_IRQHandler</a>
 <LI><a href="#[f8f558]">DMAChannel3_IRQHandler</a>
 <LI><a href="#[f8f510]">DMAChannel4_IRQHandler</a>
 <LI><a href="#[f8f4c8]">DMAChannel5_IRQHandler</a>
 <LI><a href="#[f8f480]">DMAChannel6_IRQHandler</a>
 <LI><a href="#[f8f438]">DMAChannel7_IRQHandler</a>
 <LI><a href="#[f8f6c0]">ADC_IRQHandler</a>
 <LI><a href="#[f8eb80]">USB_HP_CAN_TX_IRQHandler</a>
 <LI><a href="#[f8eb38]">USB_LP_CAN_RX0_IRQHandler</a>
 <LI><a href="#[f8f678]">CAN_RX1_IRQHandler</a>
 <LI><a href="#[f8f630]">CAN_SCE_IRQHandler</a>
 <LI><a href="#[f8f240]">EXTI9_5_IRQHandler</a>
 <LI><a href="#[f8ee98]">TIM1_BRK_IRQHandler</a>
 <LI><a href="#[f8edc0]">TIM1_UP_IRQHandler</a>
 <LI><a href="#[f8ee08]">TIM1_TRG_COM_IRQHandler</a>
 <LI><a href="#[f8ee50]">TIM1_CC_IRQHandler</a>
 <LI><a href="#[f8ed78]">TIM2_IRQHandler</a>
 <LI><a href="#[f8ed30]">TIM3_IRQHandler</a>
 <LI><a href="#[f8ece8]">TIM4_IRQHandler</a>
 <LI><a href="#[f8f168]">I2C1_EV_IRQHandler</a>
 <LI><a href="#[f8f1b0]">I2C1_ER_IRQHandler</a>
 <LI><a href="#[f8f0d8]">I2C2_EV_IRQHandler</a>
 <LI><a href="#[f8f120]">I2C2_ER_IRQHandler</a>
 <LI><a href="#[f8ef70]">SPI1_IRQHandler</a>
 <LI><a href="#[f8ef28]">SPI2_IRQHandler</a>
 <LI><a href="#[f8eca0]">USART1_IRQHandler</a>
 <LI><a href="#[f8ec58]">USART2_IRQHandler</a>
 <LI><a href="#[f8ec10]">USART3_IRQHandler</a>
 <LI><a href="#[f8f3a8]">EXTI15_10_IRQHandler</a>
 <LI><a href="#[f8f000]">RTCAlarm_IRQHandler</a>
 <LI><a href="#[f8ebc8]">USBWakeUp_IRQHandler</a>
 <LI><a href="#[12d2f98]">__main</a>
 <LI><a href="#[10155d0]">fputc</a>
 <LI><a href="#[12cbaf8]">_printf_outstr_char</a>
 <LI><a href="#[12cb988]">_printf_input_char</a>
 <LI><a href="#[ff89e0]">Standard_GetStatus</a>
 <LI><a href="#[ff8ab8]">Standard_GetConfiguration</a>
 <LI><a href="#[ff8a28]">Standard_GetInterface</a>
 <LI><a href="#[fc9718]">Get_Max_Lun</a>
 <LI><a href="#[11ddd30]">Set_Cursor</a>
 <LI><a href="#[11dddc0]">Clear_Cursor</a>
 <LI><a href="#[11ddd78]">Cursor_Draw</a>
 <LI><a href="#[fcfc98]">EP1_IN_Callback</a>
 <LI><a href="#[ff8c68]">NOP_Process</a>
 <LI><a href="#[ff8c68]">NOP_Process</a>
 <LI><a href="#[ff8c68]">NOP_Process</a>
 <LI><a href="#[ff8c68]">NOP_Process</a>
 <LI><a href="#[ff8c68]">NOP_Process</a>
 <LI><a href="#[ff8c68]">NOP_Process</a>
 <LI><a href="#[ff8c68]">NOP_Process</a>
 <LI><a href="#[fcfc50]">EP2_OUT_Callback</a>
 <LI><a href="#[ff8c68]">NOP_Process</a>
 <LI><a href="#[ff8c68]">NOP_Process</a>
 <LI><a href="#[ff8c68]">NOP_Process</a>
 <LI><a href="#[ff8c68]">NOP_Process</a>
 <LI><a href="#[ff8c68]">NOP_Process</a>
 <LI><a href="#[fc9448]">MASS_init</a>
 <LI><a href="#[fc9520]">MASS_Reset</a>
 <LI><a href="#[fc94d8]">MASS_Status_In</a>
 <LI><a href="#[fc9490]">MASS_Status_Out</a>
 <LI><a href="#[fc96d0]">MASS_Data_Setup</a>
 <LI><a href="#[fc9568]">MASS_NoData_Setup</a>
 <LI><a href="#[fc95b0]">MASS_Get_Interface_Setting</a>
 <LI><a href="#[fc9640]">MASS_GetDeviceDescriptor</a>
 <LI><a href="#[fc9688]">MASS_GetConfigDescriptor</a>
 <LI><a href="#[fc95f8]">MASS_GetStringDescriptor</a>
 <LI><a href="#[ff8c68]">NOP_Process</a>
 <LI><a href="#[fc93b8]">Mass_Storage_SetConfiguration</a>
 <LI><a href="#[ff8c68]">NOP_Process</a>
 <LI><a href="#[ff8c68]">NOP_Process</a>
 <LI><a href="#[ff8c68]">NOP_Process</a>
 <LI><a href="#[fc9400]">Mass_Storage_ClearFeature</a>
 <LI><a href="#[ff8c68]">NOP_Process</a>
 <LI><a href="#[ff8c68]">NOP_Process</a>
 <LI><a href="#[fc9370]">Mass_Storage_SetDeviceAddress</a>
</UL>
<P>
<H3>
Global Symbols
</H3>
<P><STRONG><a name="[12d2f98]"></a>__main</STRONG> (Thumb, 8 bytes, Stack size 0 bytes, __main.o(!!!main))
<BR><BR>[Stack]<UL><LI>Max Depth = 680 + Unknown Stack Size
<LI>Call Chain = __main &rArr; __rt_entry &rArr; main &rArr; Pic_Viewer &rArr; File_Browse &rArr; Show_File &rArr; AI_LoadPicFile &rArr; Decode &rArr; IQtIZzMCUComponent &rArr; IQtIZzBlock &rArr; Fast_IDCT &rArr; idctrow
</UL>
<BR>[Calls]<UL><LI><a href="#[12cea18]">&gt;&gt;</a>&nbsp;&nbsp;&nbsp;__rt_entry
</UL>

<P><STRONG><a name="[1348f30]"></a>__scatterload</STRONG> (Thumb, 0 bytes, Stack size unknown bytes, __scatter.o(!!!scatter), UNUSED)

<P><STRONG><a name="[1348ee8]"></a>__scatterload_rt2</STRONG> (Thumb, 44 bytes, Stack size unknown bytes, __scatter.o(!!!scatter), UNUSED)
<BR><BR>[Calls]<UL><LI><a href="#[12cea18]">&gt;&gt;</a>&nbsp;&nbsp;&nbsp;__rt_entry
</UL>

<P><STRONG><a name="[1348ea0]"></a>__scatterload_rt2_thumb_only</STRONG> (Thumb, 0 bytes, Stack size unknown bytes, __scatter.o(!!!scatter), UNUSED)

<P><STRONG><a name="[1348e58]"></a>__scatterload_null</STRONG> (Thumb, 0 bytes, Stack size unknown bytes, __scatter.o(!!!scatter), UNUSED)

<P><STRONG><a name="[1349140]"></a>__decompress</STRONG> (Thumb, 90 bytes, Stack size unknown bytes, __dczerorl2.o(!!dczerorl2), UNUSED)

<P><STRONG><a name="[13490f8]"></a>__decompress1</STRONG> (Thumb, 0 bytes, Stack size unknown bytes, __dczerorl2.o(!!dczerorl2), UNUSED)

<P><STRONG><a name="[1348c18]"></a>__scatterload_zeroinit</STRONG> (Thumb, 28 bytes, Stack size unknown bytes, __scatter_zi.o(!!handler_zi), UNUSED)

<P><STRONG><a name="[101a050]"></a>WFI_SET</STRONG> (Thumb, 2 bytes, Stack size 0 bytes, sys.o(.emb_text), UNUSED)
<BR><BR>[Called By]<UL><LI><a href="#[1018ce8]">&gt;&gt;</a>&nbsp;&nbsp;&nbsp;Sys_Standby
</UL>

<P><STRONG><a name="[12cb300]"></a>__ARM_argv_veneer</STRONG> (Thumb, 4 bytes, Stack size 0 bytes, lib_init.o(.emb_text))
<BR><BR>[Calls]<UL><LI><a href="#[12c97e8]">&gt;&gt;</a>&nbsp;&nbsp;&nbsp;__ARM_get_argv
</UL>
<BR>[Called By]<UL><LI><a href="#[12cb270]">&gt;&gt;</a>&nbsp;&nbsp;&nbsp;__rt_lib_init
</UL>

<P><STRONG><a name="[f8f990]"></a>Reset_Handler</STRONG> (Thumb, 4 bytes, Stack size 0 bytes, stm32f10x.o(.text))
<BR>[Address Reference Count : 1]<UL><LI> stm32f10x.o(RESET)
</UL>
<P><STRONG><a name="[f8f948]"></a>NMI_Handler</STRONG> (Thumb, 2 bytes, Stack size 0 bytes, stm32f10x.o(.text))
<BR><BR>[Calls]<UL><LI><a href="#[f8f948]">&gt;&gt;</a>&nbsp;&nbsp;&nbsp;NMI_Handler
</UL>
<BR>[Called By]<UL><LI><a href="#[f8f948]">&gt;&gt;</a>&nbsp;&nbsp;&nbsp;NMI_Handler
</UL>
<BR>[Address Reference Count : 1]<UL><LI> stm32f10x.o(RESET)
</UL>
<P><STRONG><a name="[f8f900]"></a>HardFault_Handler</STRONG> (Thumb, 2 bytes, Stack size 0 bytes, stm32f10x.o(.text))
<BR><BR>[Calls]<UL><LI><a href="#[f8f900]">&gt;&gt;</a>&nbsp;&nbsp;&nbsp;HardFault_Handler
</UL>
<BR>[Called By]<UL><LI><a href="#[f8f900]">&gt;&gt;</a>&nbsp;&nbsp;&nbsp;HardFault_Handler
</UL>
<BR>[Address Reference Count : 1]<UL><LI> stm32f10x.o(RESET)
</UL>
<P><STRONG><a name="[f8f8b8]"></a>MemManage_Handler</STRONG> (Thumb, 2 bytes, Stack size 0 bytes, stm32f10x.o(.text))
<BR><BR>[Calls]<UL><LI><a href="#[f8f8b8]">&gt;&gt;</a>&nbsp;&nbsp;&nbsp;MemManage_Handler
</UL>
<BR>[Called By]<UL><LI><a href="#[f8f8b8]">&gt;&gt;</a>&nbsp;&nbsp;&nbsp;MemManage_Handler
</UL>
<BR>[Address Reference Count : 1]<UL><LI> stm32f10x.o(RESET)
</UL>
<P><STRONG><a name="[f8f870]"></a>BusFault_Handler</STRONG> (Thumb, 2 bytes, Stack size 0 bytes, stm32f10x.o(.text))
<BR><BR>[Calls]<UL><LI><a href="#[f8f870]">&gt;&gt;</a>&nbsp;&nbsp;&nbsp;BusFault_Handler
</UL>
<BR>[Called By]<UL><LI><a href="#[f8f870]">&gt;&gt;</a>&nbsp;&nbsp;&nbsp;BusFault_Handler
</UL>
<BR>[Address Reference Count : 1]<UL><LI> stm32f10x.o(RESET)
</UL>
<P><STRONG><a name="[f8f828]"></a>UsageFault_Handler</STRONG> (Thumb, 2 bytes, Stack size 0 bytes, stm32f10x.o(.text))
<BR><BR>[Calls]<UL><LI><a href="#[f8f828]">&gt;&gt;</a>&nbsp;&nbsp;&nbsp;UsageFault_Handler
</UL>
<BR>[Called By]<UL><LI><a href="#[f8f828]">&gt;&gt;</a>&nbsp;&nbsp;&nbsp;UsageFault_Handler
</UL>
<BR>[Address Reference Count : 1]<UL><LI> stm32f10x.o(RESET)
</UL>
<P><STRONG><a name="[f8f7e0]"></a>SVC_Handler</STRONG> (Thumb, 2 bytes, Stack size 0 bytes, stm32f10x.o(.text))
<BR><BR>[Calls]<UL><LI><a href="#[f8f7e0]">&gt;&gt;</a>&nbsp;&nbsp;&nbsp;SVC_Handler
</UL>
<BR>[Called By]<UL><LI><a href="#[f8f7e0]">&gt;&gt;</a>&nbsp;&nbsp;&nbsp;SVC_Handler
</UL>
<BR>[Address Reference Count : 1]<UL><LI> stm32f10x.o(RESET)
</UL>
<P><STRONG><a name="[f8f798]"></a>DebugMon_Handler</STRONG> (Thumb, 2 bytes, Stack size 0 bytes, stm32f10x.o(.text))
<BR><BR>[Calls]<UL><LI><a href="#[f8f798]">&gt;&gt;</a>&nbsp;&nbsp;&nbsp;DebugMon_Handler
</UL>
<BR>[Called By]<UL><LI><a href="#[f8f798]">&gt;&gt;</a>&nbsp;&nbsp;&nbsp;DebugMon_Handler
</UL>
<BR>[Address Reference Count : 1]<UL><LI> stm32f10x.o(RESET)
</UL>
<P><STRONG><a name="[f8f750]"></a>PendSV_Handler</STRONG> (Thumb, 2 bytes, Stack size 0 bytes, stm32f10x.o(.text))
<BR><BR>[Calls]<UL><LI><a href="#[f8f750]">&gt;&gt;</a>&nbsp;&nbsp;&nbsp;PendSV_Handler
</UL>
<BR>[Called By]<UL><LI><a href="#[f8f750]">&gt;&gt;</a>&nbsp;&nbsp;&nbsp;PendSV_Handler
</UL>
<BR>[Address Reference Count : 1]<UL><LI> stm32f10x.o(RESET)
</UL>
<P><STRONG><a name="[f8f708]"></a>SysTick_Handler</STRONG> (Thumb, 2 bytes, Stack size 0 bytes, stm32f10x.o(.text))
<BR><BR>[Calls]<UL><LI><a href="#[f8f708]">&gt;&gt;</a>&nbsp;&nbsp;&nbsp;SysTick_Handler
</UL>
<BR>[Called By]<UL><LI><a href="#[f8f708]">&gt;&gt;</a>&nbsp;&nbsp;&nbsp;SysTick_Handler
</UL>
<BR>[Address Reference Count : 1]<UL><LI> stm32f10x.o(RESET)
</UL>
<P><STRONG><a name="[f8f6c0]"></a>ADC_IRQHandler</STRONG> (Thumb, 0 bytes, Stack size 0 bytes, stm32f10x.o(.text))
<BR><BR>[Calls]<UL><LI><a href="#[f8f6c0]">&gt;&gt;</a>&nbsp;&nbsp;&nbsp;ADC_IRQHandler
</UL>
<BR>[Called By]<UL><LI><a href="#[f8f6c0]">&gt;&gt;</a>&nbsp;&nbsp;&nbsp;ADC_IRQHandler
</UL>
<BR>[Address Reference Count : 1]<UL><LI> stm32f10x.o(RESET)
</UL>
<P><STRONG><a name="[f8f678]"></a>CAN_RX1_IRQHandler</STRONG> (Thumb, 0 bytes, Stack size 0 bytes, stm32f10x.o(.text))
<BR>[Address Reference Count : 1]<UL><LI> stm32f10x.o(RESET)
</UL>
<P><STRONG><a name="[f8f630]"></a>CAN_SCE_IRQHandler</STRONG> (Thumb, 0 bytes, Stack size 0 bytes, stm32f10x.o(.text))
<BR>[Address Reference Count : 1]<UL><LI> stm32f10x.o(RESET)
</UL>
<P><STRONG><a name="[f8f5e8]"></a>DMAChannel1_IRQHandler</STRONG> (Thumb, 0 bytes, Stack size 0 bytes, stm32f10x.o(.text))
<BR>[Address Reference Count : 1]<UL><LI> stm32f10x.o(RESET)
</UL>
<P><STRONG><a name="[f8f5a0]"></a>DMAChannel2_IRQHandler</STRONG> (Thumb, 0 bytes, Stack size 0 bytes, stm32f10x.o(.text))
<BR>[Address Reference Count : 1]<UL><LI> stm32f10x.o(RESET)
</UL>
<P><STRONG><a name="[f8f558]"></a>DMAChannel3_IRQHandler</STRONG> (Thumb, 0 bytes, Stack size 0 bytes, stm32f10x.o(.text))
<BR>[Address Reference Count : 1]<UL><LI> stm32f10x.o(RESET)
</UL>
<P><STRONG><a name="[f8f510]"></a>DMAChannel4_IRQHandler</STRONG> (Thumb, 0 bytes, Stack size 0 bytes, stm32f10x.o(.text))
<BR>[Address Reference Count : 1]<UL><LI> stm32f10x.o(RESET)
</UL>
<P><STRONG><a name="[f8f4c8]"></a>DMAChannel5_IRQHandler</STRONG> (Thumb, 0 bytes, Stack size 0 bytes, stm32f10x.o(.text))
<BR>[Address Reference Count : 1]<UL><LI> stm32f10x.o(RESET)
</UL>
<P><STRONG><a name="[f8f480]"></a>DMAChannel6_IRQHandler</STRONG> (Thumb, 0 bytes, Stack size 0 bytes, stm32f10x.o(.text))
<BR>[Address Reference Count : 1]<UL><LI> stm32f10x.o(RESET)
</UL>
<P><STRONG><a name="[f8f438]"></a>DMAChannel7_IRQHandler</STRONG> (Thumb, 0 bytes, Stack size 0 bytes, stm32f10x.o(.text))
<BR>[Address Reference Count : 1]<UL><LI> stm32f10x.o(RESET)
</UL>
<P><STRONG><a name="[f8f318]"></a>EXTI2_IRQHandler</STRONG> (Thumb, 0 bytes, Stack size 0 bytes, stm32f10x.o(.text))
<BR>[Address Reference Count : 1]<UL><LI> stm32f10x.o(RESET)
</UL>
<P><STRONG><a name="[f8f2d0]"></a>EXTI3_IRQHandler</STRONG> (Thumb, 0 bytes, Stack size 0 bytes, stm32f10x.o(.text))
<BR>[Address Reference Count : 1]<UL><LI> stm32f10x.o(RESET)
</UL>
<P><STRONG><a name="[f8f288]"></a>EXTI4_IRQHandler</STRONG> (Thumb, 0 bytes, Stack size 0 bytes, stm32f10x.o(.text))
<BR>[Address Reference Count : 1]<UL><LI> stm32f10x.o(RESET)
</UL>
<P><STRONG><a name="[f8f240]"></a>EXTI9_5_IRQHandler</STRONG> (Thumb, 0 bytes, Stack size 0 bytes, stm32f10x.o(.text))
<BR>[Address Reference Count : 1]<UL><LI> stm32f10x.o(RESET)
</UL>
<P><STRONG><a name="[f8f1f8]"></a>FLASH_IRQHandler</STRONG> (Thumb, 0 bytes, Stack size 0 bytes, stm32f10x.o(.text))
<BR>[Address Reference Count : 1]<UL><LI> stm32f10x.o(RESET)
</UL>
<P><STRONG><a name="[f8f1b0]"></a>I2C1_ER_IRQHandler</STRONG> (Thumb, 0 bytes, Stack size 0 bytes, stm32f10x.o(.text))
<BR>[Address Reference Count : 1]<UL><LI> stm32f10x.o(RESET)
</UL>
<P><STRONG><a name="[f8f168]"></a>I2C1_EV_IRQHandler</STRONG> (Thumb, 0 bytes, Stack size 0 bytes, stm32f10x.o(.text))
<BR>[Address Reference Count : 1]<UL><LI> stm32f10x.o(RESET)
</UL>
<P><STRONG><a name="[f8f120]"></a>I2C2_ER_IRQHandler</STRONG> (Thumb, 0 bytes, Stack size 0 bytes, stm32f10x.o(.text))
<BR>[Address Reference Count : 1]<UL><LI> stm32f10x.o(RESET)
</UL>
<P><STRONG><a name="[f8f0d8]"></a>I2C2_EV_IRQHandler</STRONG> (Thumb, 0 bytes, Stack size 0 bytes, stm32f10x.o(.text))
<BR>[Address Reference Count : 1]<UL><LI> stm32f10x.o(RESET)
</UL>
<P><STRONG><a name="[f8f090]"></a>PVD_IRQHandler</STRONG> (Thumb, 0 bytes, Stack size 0 bytes, stm32f10x.o(.text))
<BR>[Address Reference Count : 1]<UL><LI> stm32f10x.o(RESET)
</UL>
<P><STRONG><a name="[f8f048]"></a>RCC_IRQHandler</STRONG> (Thumb, 0 bytes, Stack size 0 bytes, stm32f10x.o(.text))
<BR>[Address Reference Count : 1]<UL><LI> stm32f10x.o(RESET)
</UL>
<P><STRONG><a name="[f8f000]"></a>RTCAlarm_IRQHandler</STRONG> (Thumb, 0 bytes, Stack size 0 bytes, stm32f10x.o(.text))
<BR>[Address Reference Count : 1]<UL><LI> stm32f10x.o(RESET)
</UL>
<P><STRONG><a name="[f8ef70]"></a>SPI1_IRQHandler</STRONG> (Thumb, 0 bytes, Stack size 0 bytes, stm32f10x.o(.text))
<BR>[Address Reference Count : 1]<UL><LI> stm32f10x.o(RESET)
</UL>
<P><STRONG><a name="[f8ef28]"></a>SPI2_IRQHandler</STRONG> (Thumb, 0 bytes, Stack size 0 bytes, stm32f10x.o(.text))
<BR>[Address Reference Count : 1]<UL><LI> stm32f10x.o(RESET)
</UL>
<P><STRONG><a name="[f8eee0]"></a>TAMPER_IRQHandler</STRONG> (Thumb, 0 bytes, Stack size 0 bytes, stm32f10x.o(.text))
<BR>[Address Reference Count : 1]<UL><LI> stm32f10x.o(RESET)
</UL>
<P><STRONG><a name="[f8ee98]"></a>TIM1_BRK_IRQHandler</STRONG> (Thumb, 0 bytes, Stack size 0 bytes, stm32f10x.o(.text))
<BR>[Address Reference Count : 1]<UL><LI> stm32f10x.o(RESET)
</UL>
<P><STRONG><a name="[f8ee50]"></a>TIM1_CC_IRQHandler</STRONG> (Thumb, 0 bytes, Stack size 0 bytes, stm32f10x.o(.text))
<BR>[Address Reference Count : 1]<UL><LI> stm32f10x.o(RESET)
</UL>
<P><STRONG><a name="[f8ee08]"></a>TIM1_TRG_COM_IRQHandler</STRONG> (Thumb, 0 bytes, Stack size 0 bytes, stm32f10x.o(.text))
<BR>[Address Reference Count : 1]<UL><LI> stm32f10x.o(RESET)
</UL>
<P><STRONG><a name="[f8edc0]"></a>TIM1_UP_IRQHandler</STRONG> (Thumb, 0 bytes, Stack size 0 bytes, stm32f10x.o(.text))
<BR>[Address Reference Count : 1]<UL><LI> stm32f10x.o(RESET)
</UL>
<P><STRONG><a name="[f8ed78]"></a>TIM2_IRQHandler</STRONG> (Thumb, 0 bytes, Stack size 0 bytes, stm32f10x.o(.text))
<BR>[Address Reference Count : 1]<UL><LI> stm32f10x.o(RESET)
</UL>
<P><STRONG><a name="[f8ece8]"></a>TIM4_IRQHandler</STRONG> (Thumb, 0 bytes, Stack size 0 bytes, stm32f10x.o(.text))
<BR>[Address Reference Count : 1]<UL><LI> stm32f10x.o(RESET)
</UL>
<P><STRONG><a name="[f8eca0]"></a>USART1_IRQHandler</STRONG> (Thumb, 0 bytes, Stack size 0 bytes, stm32f10x.o(.text))
<BR>[Address Reference Count : 1]<UL><LI> stm32f10x.o(RESET)
</UL>
<P><STRONG><a name="[f8ec58]"></a>USART2_IRQHandler</STRONG> (Thumb, 0 bytes, Stack size 0 bytes, stm32f10x.o(.text))
<BR>[Address Reference Count : 1]<UL><LI> stm32f10x.o(RESET)
</UL>
<P><STRONG><a name="[f8ec10]"></a>USART3_IRQHandler</STRONG> (Thumb, 0 bytes, Stack size 0 bytes, stm32f10x.o(.text))
<BR>[Address Reference Count : 1]<UL><LI> stm32f10x.o(RESET)
</UL>
<P><STRONG><a name="[f8ebc8]"></a>USBWakeUp_IRQHandler</STRONG> (Thumb, 0 bytes, Stack size 0 bytes, stm32f10x.o(.text))
<BR>[Address Reference Count : 1]<UL><LI> stm32f10x.o(RESET)
</UL>
<P><STRONG><a name="[f8fab0]"></a>__user_initial_stackheap</STRONG> (Thumb, 0 bytes, Stack size unknown bytes, stm32f10x.o(.text))
<BR><BR>[Called By]<UL><LI><a href="#[12ce2a0]">&gt;&gt;</a>&nbsp;&nbsp;&nbsp;__user_setup_stackheap
</UL>

<P><STRONG><a name="[12d46b8]"></a>__use_no_semihosting</STRONG> (Thumb, 2 bytes, Stack size 0 bytes, use_no_semi_2.o(.text), UNUSED)

<P><STRONG><a name="[12d4470]"></a>__printf</STRONG> (Thumb, 734 bytes, Stack size 56 bytes, __printf.o(.text), UNUSED)
<BR><BR>[Calls]<UL><LI><a href="#[12d3e70]">&gt;&gt;</a>&nbsp;&nbsp;&nbsp;_printf_longlong_hex
<LI><a href="#[12d40c8]">&gt;&gt;</a>&nbsp;&nbsp;&nbsp;_printf_wctomb (Weak Reference)
<LI><a href="#[12d4110]">&gt;&gt;</a>&nbsp;&nbsp;&nbsp;_printf_wc (Weak Reference)
<LI><a href="#[12d4158]">&gt;&gt;</a>&nbsp;&nbsp;&nbsp;_printf_str (Weak Reference)
<LI><a href="#[12d41a0]">&gt;&gt;</a>&nbsp;&nbsp;&nbsp;_printf_mbtowc (Weak Reference)
<LI><a href="#[12d41e8]">&gt;&gt;</a>&nbsp;&nbsp;&nbsp;_printf_longlong_oct (Weak Reference)
<LI><a href="#[12d4230]">&gt;&gt;</a>&nbsp;&nbsp;&nbsp;_printf_longlong_dec (Weak Reference)
<LI><a href="#[12d4278]">&gt;&gt;</a>&nbsp;&nbsp;&nbsp;_printf_int_dec (Weak Reference)
<LI><a href="#[12d42c0]">&gt;&gt;</a>&nbsp;&nbsp;&nbsp;_printf_fp_hex (Weak Reference)
<LI><a href="#[12d4308]">&gt;&gt;</a>&nbsp;&nbsp;&nbsp;_printf_fp_dec (Weak Reference)
<LI><a href="#[12d4350]">&gt;&gt;</a>&nbsp;&nbsp;&nbsp;_printf_charcount (Weak Reference)
</UL>
<BR>[Called By]<UL><LI><a href="#[12cd870]">&gt;&gt;</a>&nbsp;&nbsp;&nbsp;_printf_char_common
</UL>

<P><STRONG><a name="[12d4428]"></a>_printf_return_value</STRONG> (Thumb, 2 bytes, Stack size 0 bytes, __printf.o(.text), UNUSED)

<P><STRONG><a name="[12d43e0]"></a>_printf_percent</STRONG> (Thumb, 2 bytes, Stack size 0 bytes, __printf.o(.text), UNUSED)

<P><STRONG><a name="[12d4398]"></a>_printf_sizespec</STRONG> (Thumb, 2 bytes, Stack size 0 bytes, __printf.o(.text), UNUSED)

<P><STRONG><a name="[12d3e70]"></a>_printf_longlong_hex</STRONG> (Thumb, 188 bytes, Stack size 72 bytes, _printf_longlong_hex.o(.text), UNUSED)
<BR><BR>[Calls]<UL><LI><a href="#[12cda78]">&gt;&gt;</a>&nbsp;&nbsp;&nbsp;_printf_int_common
<LI><a href="#[12d3de0]">&gt;&gt;</a>&nbsp;&nbsp;&nbsp;_printf_truncate_unsigned (Weak Reference)
</UL>
<BR>[Called By]<UL><LI><a href="#[12d4470]">&gt;&gt;</a>&nbsp;&nbsp;&nbsp;__printf
</UL>

<P><STRONG><a name="[12d3c60]"></a>__0printf</STRONG> (Thumb, 42 bytes, Stack size 24 bytes, __0printf.o(.text), UNUSED)
<BR><BR>[Calls]<UL><LI><a href="#[12cd628]">&gt;&gt;</a>&nbsp;&nbsp;&nbsp;ferror
<LI><a href="#[12cd870]">&gt;&gt;</a>&nbsp;&nbsp;&nbsp;_printf_char_common
</UL>

<P><STRONG><a name="[12d3c18]"></a>__1printf</STRONG> (Thumb, 0 bytes, Stack size 24 bytes, __0printf.o(.text))
<BR><BR>[Stack]<UL><LI>Max Depth = 24<LI>Call Chain = __1printf
</UL>
<BR>[Called By]<UL><LI><a href="#[f873e0]">&gt;&gt;</a>&nbsp;&nbsp;&nbsp;LCD_Init
</UL>

<P><STRONG><a name="[12d3818]"></a>srand</STRONG> (Thumb, 40 bytes, Stack size 12 bytes, rand.o(.text))
<BR><BR>[Stack]<UL><LI>Max Depth = 12<LI>Call Chain = srand
</UL>
<BR>[Called By]<UL><LI><a href="#[119bac0]">&gt;&gt;</a>&nbsp;&nbsp;&nbsp;PT_Map_Init
<LI><a href="#[12d37d0]">&gt;&gt;</a>&nbsp;&nbsp;&nbsp;_rand_init
</UL>

<P><STRONG><a name="[12d37d0]"></a>_rand_init</STRONG> (Thumb, 4 bytes, Stack size 0 bytes, rand.o(.text))
<BR><BR>[Stack]<UL><LI>Max Depth = 12<LI>Call Chain = _rand_init &rArr; srand
</UL>
<BR>[Calls]<UL><LI><a href="#[12d3818]">&gt;&gt;</a>&nbsp;&nbsp;&nbsp;srand
</UL>
<BR>[Called By]<UL><LI><a href="#[12cb270]">&gt;&gt;</a>&nbsp;&nbsp;&nbsp;__rt_lib_init
</UL>

<P><STRONG><a name="[12d3788]"></a>rand</STRONG> (Thumb, 58 bytes, Stack size 12 bytes, rand.o(.text))
<BR><BR>[Stack]<UL><LI>Max Depth = 12<LI>Call Chain = rand
</UL>
<BR>[Called By]<UL><LI><a href="#[119bac0]">&gt;&gt;</a>&nbsp;&nbsp;&nbsp;PT_Map_Init
</UL>

<P><STRONG><a name="[12d3530]"></a>__aeabi_memcpy4</STRONG> (Thumb, 0 bytes, Stack size 8 bytes, rt_memcpy_w.o(.text))
<BR><BR>[Stack]<UL><LI>Max Depth = 8<LI>Call Chain = __aeabi_memcpy4
</UL>
<BR>[Called By]<UL><LI><a href="#[1112aa8]">&gt;&gt;</a>&nbsp;&nbsp;&nbsp;F_Search
</UL>

<P><STRONG><a name="[12d34e8]"></a>__aeabi_memcpy8</STRONG> (Thumb, 0 bytes, Stack size 8 bytes, rt_memcpy_w.o(.text), UNUSED)

<P><STRONG><a name="[12d34a0]"></a>__rt_memcpy_w</STRONG> (Thumb, 106 bytes, Stack size 8 bytes, rt_memcpy_w.o(.text), UNUSED)

<P><STRONG><a name="[12d3458]"></a>_memcpy_lastbytes_aligned</STRONG> (Thumb, 0 bytes, Stack size unknown bytes, rt_memcpy_w.o(.text), UNUSED)

<P><STRONG><a name="[12d3268]"></a>__use_two_region_memory</STRONG> (Thumb, 2 bytes, Stack size 0 bytes, stkheap2.o(.text), UNUSED)

<P><STRONG><a name="[12d3220]"></a>__rt_stackheap_init</STRONG> (Thumb, 24 bytes, Stack size 16 bytes, stkheap2.o(.text))
<BR><BR>[Stack]<UL><LI>Max Depth = 24 + Unknown Stack Size
<LI>Call Chain = __rt_stackheap_init &rArr; __user_setup_stackheap
</UL>
<BR>[Calls]<UL><LI><a href="#[12cde40]">&gt;&gt;</a>&nbsp;&nbsp;&nbsp;__rt_stackheap_storage
<LI><a href="#[12ce2a0]">&gt;&gt;</a>&nbsp;&nbsp;&nbsp;__user_setup_stackheap
</UL>
<BR>[Called By]<UL><LI><a href="#[12cea18]">&gt;&gt;</a>&nbsp;&nbsp;&nbsp;__rt_entry
</UL>

<P><STRONG><a name="[12d31d8]"></a>__rt_heap_extend</STRONG> (Thumb, 12 bytes, Stack size 8 bytes, stkheap2.o(.text), UNUSED)
<BR><BR>[Calls]<UL><LI><a href="#[12d3100]">&gt;&gt;</a>&nbsp;&nbsp;&nbsp;__user_heap_extend (Weak Reference)
</UL>

<P><STRONG><a name="[12cea18]"></a>__rt_entry</STRONG> (Thumb, 36 bytes, Stack size 16 bytes, kernel.o(.text))
<BR><BR>[Stack]<UL><LI>Max Depth = 680 + Unknown Stack Size
<LI>Call Chain = __rt_entry &rArr; main &rArr; Pic_Viewer &rArr; File_Browse &rArr; Show_File &rArr; AI_LoadPicFile &rArr; Decode &rArr; IQtIZzMCUComponent &rArr; IQtIZzBlock &rArr; Fast_IDCT &rArr; idctrow
</UL>
<BR>[Calls]<UL><LI><a href="#[f87788]">&gt;&gt;</a>&nbsp;&nbsp;&nbsp;main
<LI><a href="#[12ca6f8]">&gt;&gt;</a>&nbsp;&nbsp;&nbsp;_platform_post_lib_init
<LI><a href="#[12ca868]">&gt;&gt;</a>&nbsp;&nbsp;&nbsp;_platform_post_stackheap_init
<LI><a href="#[12cb270]">&gt;&gt;</a>&nbsp;&nbsp;&nbsp;__rt_lib_init
<LI><a href="#[12cb820]">&gt;&gt;</a>&nbsp;&nbsp;&nbsp;exit
<LI><a href="#[12d3220]">&gt;&gt;</a>&nbsp;&nbsp;&nbsp;__rt_stackheap_init
</UL>
<BR>[Called By]<UL><LI><a href="#[12d2f98]">&gt;&gt;</a>&nbsp;&nbsp;&nbsp;__main
<LI><a href="#[1348ee8]">&gt;&gt;</a>&nbsp;&nbsp;&nbsp;__scatterload_rt2
</UL>

<P><STRONG><a name="[12ce9d0]"></a>__rt_exit</STRONG> (Thumb, 18 bytes, Stack size 8 bytes, kernel.o(.text))
<BR><BR>[Stack]<UL><LI>Max Depth = 16<LI>Call Chain = __rt_exit &rArr; __rt_lib_shutdown
</UL>
<BR>[Calls]<UL><LI><a href="#[12cb228]">&gt;&gt;</a>&nbsp;&nbsp;&nbsp;__rt_lib_shutdown
<LI><a href="#[12ce988]">&gt;&gt;</a>&nbsp;&nbsp;&nbsp;__rt_abort
</UL>
<BR>[Called By]<UL><LI><a href="#[12cb820]">&gt;&gt;</a>&nbsp;&nbsp;&nbsp;exit
</UL>

<P><STRONG><a name="[12ce988]"></a>__rt_abort</STRONG> (Thumb, 8 bytes, Stack size 0 bytes, kernel.o(.text))
<BR><BR>[Calls]<UL><LI><a href="#[1015618]">&gt;&gt;</a>&nbsp;&nbsp;&nbsp;_sys_exit
</UL>
<BR>[Called By]<UL><LI><a href="#[12ce9d0]">&gt;&gt;</a>&nbsp;&nbsp;&nbsp;__rt_exit
</UL>

<P><STRONG><a name="[12ce458]"></a>__I_use_semihosting</STRONG> (Thumb, 0 bytes, Stack size 0 bytes, use_no_semi.o(.text), UNUSED)

<P><STRONG><a name="[12ce410]"></a>__use_no_semihosting_swi</STRONG> (Thumb, 2 bytes, Stack size 0 bytes, use_no_semi.o(.text), UNUSED)

<P><STRONG><a name="[12ce2a0]"></a>__user_setup_stackheap</STRONG> (Thumb, 74 bytes, Stack size 8 bytes, sys_stackheap_outer.o(.text))
<BR><BR>[Stack]<UL><LI>Max Depth = 8 + Unknown Stack Size
<LI>Call Chain = __user_setup_stackheap
</UL>
<BR>[Calls]<UL><LI><a href="#[f8fab0]">&gt;&gt;</a>&nbsp;&nbsp;&nbsp;__user_initial_stackheap
<LI><a href="#[12cc0b0]">&gt;&gt;</a>&nbsp;&nbsp;&nbsp;__user_perproc_libspace
</UL>
<BR>[Called By]<UL><LI><a href="#[12d3220]">&gt;&gt;</a>&nbsp;&nbsp;&nbsp;__rt_stackheap_init
</UL>

<P><STRONG><a name="[12cde40]"></a>__rt_stackheap_storage</STRONG> (Thumb, 6 bytes, Stack size 0 bytes, rt_stackheap_storage_intlibspace.o(.text))
<BR><BR>[Called By]<UL><LI><a href="#[12d3220]">&gt;&gt;</a>&nbsp;&nbsp;&nbsp;__rt_stackheap_init
</UL>

<P><STRONG><a name="[12cdc88]"></a>__read_errno</STRONG> (Thumb, 10 bytes, Stack size 8 bytes, _rserrno.o(.text), UNUSED)
<BR><BR>[Calls]<UL><LI><a href="#[12cbcb0]">&gt;&gt;</a>&nbsp;&nbsp;&nbsp;__aeabi_errno_addr
</UL>

<P><STRONG><a name="[12cdc40]"></a>__set_errno</STRONG> (Thumb, 12 bytes, Stack size 8 bytes, _rserrno.o(.text))
<BR><BR>[Stack]<UL><LI>Max Depth = 8<LI>Call Chain = __set_errno
</UL>
<BR>[Calls]<UL><LI><a href="#[12cbcb0]">&gt;&gt;</a>&nbsp;&nbsp;&nbsp;__aeabi_errno_addr
</UL>
<BR>[Called By]<UL><LI><a href="#[12ced80]">&gt;&gt;</a>&nbsp;&nbsp;&nbsp;sqrt
</UL>

<P><STRONG><a name="[12cda78]"></a>_printf_int_common</STRONG> (Thumb, 162 bytes, Stack size 32 bytes, _printf_intcommon.o(.text), UNUSED)
<BR><BR>[Calls]<UL><LI><a href="#[12cd9e8]">&gt;&gt;</a>&nbsp;&nbsp;&nbsp;_printf_pre_padding (Weak Reference)
<LI><a href="#[12cda30]">&gt;&gt;</a>&nbsp;&nbsp;&nbsp;_printf_post_padding (Weak Reference)
</UL>
<BR>[Called By]<UL><LI><a href="#[12d3e70]">&gt;&gt;</a>&nbsp;&nbsp;&nbsp;_printf_longlong_hex
</UL>

<P><STRONG><a name="[12cd870]"></a>_printf_char_common</STRONG> (Thumb, 42 bytes, Stack size 88 bytes, _printf_char_common.o(.text), UNUSED)
<BR><BR>[Calls]<UL><LI><a href="#[12d4470]">&gt;&gt;</a>&nbsp;&nbsp;&nbsp;__printf
</UL>
<BR>[Called By]<UL><LI><a href="#[12d3c60]">&gt;&gt;</a>&nbsp;&nbsp;&nbsp;__0printf
</UL>

<P><STRONG><a name="[12cd628]"></a>ferror</STRONG> (Thumb, 30 bytes, Stack size 16 bytes, ferror.o(.text), UNUSED)
<BR><BR>[Calls]<UL><LI><a href="#[12cd598]">&gt;&gt;</a>&nbsp;&nbsp;&nbsp;_mutex_release (Weak Reference)
<LI><a href="#[12cd5e0]">&gt;&gt;</a>&nbsp;&nbsp;&nbsp;_mutex_acquire (Weak Reference)
</UL>
<BR>[Called By]<UL><LI><a href="#[12d3c60]">&gt;&gt;</a>&nbsp;&nbsp;&nbsp;__0printf
</UL>

<P><STRONG><a name="[12cc0f8]"></a>__user_libspace</STRONG> (Thumb, 4 bytes, Stack size 0 bytes, libspace.o(.text), UNUSED)

<P><STRONG><a name="[12cc0b0]"></a>__user_perproc_libspace</STRONG> (Thumb, 0 bytes, Stack size 0 bytes, libspace.o(.text))
<BR><BR>[Called By]<UL><LI><a href="#[12ce2a0]">&gt;&gt;</a>&nbsp;&nbsp;&nbsp;__user_setup_stackheap
</UL>

<P><STRONG><a name="[12cc068]"></a>__user_perthread_libspace</STRONG> (Thumb, 0 bytes, Stack size 0 bytes, libspace.o(.text), UNUSED)

<P><STRONG><a name="[12cbcb0]"></a>__aeabi_errno_addr</STRONG> (Thumb, 6 bytes, Stack size 0 bytes, rt_errno_addr_intlibspace.o(.text))
<BR><BR>[Called By]<UL><LI><a href="#[12cdc40]">&gt;&gt;</a>&nbsp;&nbsp;&nbsp;__set_errno
<LI><a href="#[12cdc88]">&gt;&gt;</a>&nbsp;&nbsp;&nbsp;__read_errno
</UL>

<P><STRONG><a name="[12cbc68]"></a>__rt_errno_addr_intlibspace</STRONG> (Thumb, 0 bytes, Stack size 0 bytes, rt_errno_addr_intlibspace.o(.text), UNUSED)

<P><STRONG><a name="[12cbaf8]"></a>_printf_outstr_char</STRONG> (Thumb, 26 bytes, Stack size 16 bytes, _printf_outstr_char.o(.text))
<BR><BR>[Stack]<UL><LI>Max Depth = 16<LI>Call Chain = _printf_outstr_char
</UL>
<BR>[Address Reference Count : 1]<UL><LI> _printf_char_common.o(.text)
</UL>
<P><STRONG><a name="[12cb988]"></a>_printf_input_char</STRONG> (Thumb, 10 bytes, Stack size 0 bytes, _printf_input_char.o(.text))
<BR>[Address Reference Count : 1]<UL><LI> _printf_char_common.o(.text)
</UL>
<P><STRONG><a name="[12cb820]"></a>exit</STRONG> (Thumb, 12 bytes, Stack size 0 bytes, exit.o(.text))
<BR><BR>[Stack]<UL><LI>Max Depth = 16<LI>Call Chain = exit &rArr; __rt_exit &rArr; __rt_lib_shutdown
</UL>
<BR>[Calls]<UL><LI><a href="#[12cb790]">&gt;&gt;</a>&nbsp;&nbsp;&nbsp;_call_atexit_fns (Weak Reference)
<LI><a href="#[12ce9d0]">&gt;&gt;</a>&nbsp;&nbsp;&nbsp;__rt_exit
</UL>
<BR>[Called By]<UL><LI><a href="#[12cea18]">&gt;&gt;</a>&nbsp;&nbsp;&nbsp;__rt_entry
</UL>

<P><STRONG><a name="[12cb270]"></a>__rt_lib_init</STRONG> (Thumb, 174 bytes, Stack size 40 bytes, lib_init.o(.text))
<BR><BR>[Stack]<UL><LI>Max Depth = 52<LI>Call Chain = __rt_lib_init &rArr; _rand_init &rArr; srand
</UL>
<BR>[Calls]<UL><LI><a href="#[12c9680]">&gt;&gt;</a>&nbsp;&nbsp;&nbsp;_fp_init
<LI><a href="#[12c9e60]">&gt;&gt;</a>&nbsp;&nbsp;&nbsp;__rt_locale
<LI><a href="#[12cac40]">&gt;&gt;</a>&nbsp;&nbsp;&nbsp;_signal_init (Weak Reference)
<LI><a href="#[12cacd0]">&gt;&gt;</a>&nbsp;&nbsp;&nbsp;_initio (Weak Reference)
<LI><a href="#[12cad18]">&gt;&gt;</a>&nbsp;&nbsp;&nbsp;_init_user_alloc (Weak Reference)
<LI><a href="#[12cad60]">&gt;&gt;</a>&nbsp;&nbsp;&nbsp;_init_alloc (Weak Reference)
<LI><a href="#[12cada8]">&gt;&gt;</a>&nbsp;&nbsp;&nbsp;_getenv_init (Weak Reference)
<LI><a href="#[12cadf0]">&gt;&gt;</a>&nbsp;&nbsp;&nbsp;_get_lc_time (Weak Reference)
<LI><a href="#[12cae38]">&gt;&gt;</a>&nbsp;&nbsp;&nbsp;_get_lc_numeric (Weak Reference)
<LI><a href="#[12cae80]">&gt;&gt;</a>&nbsp;&nbsp;&nbsp;_get_lc_monetary (Weak Reference)
<LI><a href="#[12caec8]">&gt;&gt;</a>&nbsp;&nbsp;&nbsp;_get_lc_ctype (Weak Reference)
<LI><a href="#[12caf10]">&gt;&gt;</a>&nbsp;&nbsp;&nbsp;_get_lc_collate (Weak Reference)
<LI><a href="#[12caf58]">&gt;&gt;</a>&nbsp;&nbsp;&nbsp;_fp_trap_init (Weak Reference)
<LI><a href="#[12cafa0]">&gt;&gt;</a>&nbsp;&nbsp;&nbsp;_clock_init (Weak Reference)
<LI><a href="#[12cafe8]">&gt;&gt;</a>&nbsp;&nbsp;&nbsp;_atexit_init (Weak Reference)
<LI><a href="#[12cb078]">&gt;&gt;</a>&nbsp;&nbsp;&nbsp;__cpp_initialize__aeabi_ (Weak Reference)
<LI><a href="#[12cb0c0]">&gt;&gt;</a>&nbsp;&nbsp;&nbsp;__alloca_initialize (Weak Reference)
<LI><a href="#[12cb108]">&gt;&gt;</a>&nbsp;&nbsp;&nbsp;__Heap_DescSize (Weak Reference)
<LI><a href="#[12cb150]">&gt;&gt;</a>&nbsp;&nbsp;&nbsp;__ARM_exceptions_init (Weak Reference)
<LI><a href="#[12cb300]">&gt;&gt;</a>&nbsp;&nbsp;&nbsp;__ARM_argv_veneer
<LI><a href="#[12d37d0]">&gt;&gt;</a>&nbsp;&nbsp;&nbsp;_rand_init
</UL>
<BR>[Called By]<UL><LI><a href="#[12cea18]">&gt;&gt;</a>&nbsp;&nbsp;&nbsp;__rt_entry
</UL>

<P><STRONG><a name="[12cb228]"></a>__rt_lib_shutdown</STRONG> (Thumb, 18 bytes, Stack size 8 bytes, lib_init.o(.text))
<BR><BR>[Stack]<UL><LI>Max Depth = 8<LI>Call Chain = __rt_lib_shutdown
</UL>
<BR>[Calls]<UL><LI><a href="#[12cabb0]">&gt;&gt;</a>&nbsp;&nbsp;&nbsp;_terminateio (Weak Reference)
<LI><a href="#[12cabf8]">&gt;&gt;</a>&nbsp;&nbsp;&nbsp;_terminate_user_alloc (Weak Reference)
<LI><a href="#[12cb030]">&gt;&gt;</a>&nbsp;&nbsp;&nbsp;__cxa_finalize (Weak Reference)
</UL>
<BR>[Called By]<UL><LI><a href="#[12ce9d0]">&gt;&gt;</a>&nbsp;&nbsp;&nbsp;__rt_exit
</UL>

<P><STRONG><a name="[12ca868]"></a>_platform_post_stackheap_init</STRONG> (Thumb, 10 bytes, Stack size 0 bytes, boardinit2.o(.text))
<BR><BR>[Called By]<UL><LI><a href="#[12cea18]">&gt;&gt;</a>&nbsp;&nbsp;&nbsp;__rt_entry
</UL>

<P><STRONG><a name="[12ca6f8]"></a>_platform_post_lib_init</STRONG> (Thumb, 8 bytes, Stack size 8 bytes, boardinit3.o(.text))
<BR><BR>[Stack]<UL><LI>Max Depth = 8<LI>Call Chain = _platform_post_lib_init
</UL>
<BR>[Called By]<UL><LI><a href="#[12cea18]">&gt;&gt;</a>&nbsp;&nbsp;&nbsp;__rt_entry
</UL>

<P><STRONG><a name="[12c9e60]"></a>__rt_locale</STRONG> (Thumb, 6 bytes, Stack size 0 bytes, rt_locale_intlibspace.o(.text))
<BR><BR>[Called By]<UL><LI><a href="#[12cb270]">&gt;&gt;</a>&nbsp;&nbsp;&nbsp;__rt_lib_init
</UL>

<P><STRONG><a name="[12c97e8]"></a>__ARM_get_argv</STRONG> (Thumb, 2 bytes, Stack size 0 bytes, no_argv.o(.text))
<BR><BR>[Called By]<UL><LI><a href="#[12cb300]">&gt;&gt;</a>&nbsp;&nbsp;&nbsp;__ARM_argv_veneer
</UL>

<P><STRONG><a name="[12c90c0]"></a>__rt_fp_status_addr</STRONG> (Thumb, 6 bytes, Stack size 0 bytes, rt_fp_status_addr_intlibspace.o(.text))
<BR><BR>[Called By]<UL><LI><a href="#[12c9680]">&gt;&gt;</a>&nbsp;&nbsp;&nbsp;_fp_init
</UL>

<P><STRONG><a name="[11188d0]"></a>ADS_Read_AD</STRONG> (Thumb, 102 bytes, Stack size 16 bytes, touch.o(i.ADS_Read_AD))
<BR><BR>[Stack]<UL><LI>Max Depth = 16<LI>Call Chain = ADS_Read_AD
</UL>
<BR>[Calls]<UL><LI><a href="#[f823f8]">&gt;&gt;</a>&nbsp;&nbsp;&nbsp;delay_us
<LI><a href="#[1118840]">&gt;&gt;</a>&nbsp;&nbsp;&nbsp;ADS_Write_Byte
</UL>
<BR>[Called By]<UL><LI><a href="#[1118888]">&gt;&gt;</a>&nbsp;&nbsp;&nbsp;ADS_Read_XY
</UL>

<P><STRONG><a name="[1118888]"></a>ADS_Read_XY</STRONG> (Thumb, 148 bytes, Stack size 48 bytes, touch.o(i.ADS_Read_XY))
<BR><BR>[Stack]<UL><LI>Max Depth = 64<LI>Call Chain = ADS_Read_XY &rArr; ADS_Read_AD
</UL>
<BR>[Calls]<UL><LI><a href="#[11188d0]">&gt;&gt;</a>&nbsp;&nbsp;&nbsp;ADS_Read_AD
</UL>
<BR>[Called By]<UL><LI><a href="#[1118648]">&gt;&gt;</a>&nbsp;&nbsp;&nbsp;Read_ADS
</UL>

<P><STRONG><a name="[1118840]"></a>ADS_Write_Byte</STRONG> (Thumb, 56 bytes, Stack size 0 bytes, touch.o(i.ADS_Write_Byte))
<BR><BR>[Called By]<UL><LI><a href="#[11188d0]">&gt;&gt;</a>&nbsp;&nbsp;&nbsp;ADS_Read_AD
</UL>

<P><STRONG><a name="[1101938]"></a>AI_Drow_Init</STRONG> (Thumb, 262 bytes, Stack size 40 bytes, jpegdecode.o(i.AI_Drow_Init))
<BR><BR>[Stack]<UL><LI>Max Depth = 44<LI>Call Chain = AI_Drow_Init &rArr; __aeabi_fdiv
</UL>
<BR>[Calls]<UL><LI><a href="#[12cf098]">&gt;&gt;</a>&nbsp;&nbsp;&nbsp;__aeabi_cfrcmple
<LI><a href="#[12cf2c8]">&gt;&gt;</a>&nbsp;&nbsp;&nbsp;__aeabi_cfcmple
<LI><a href="#[12cfbd8]">&gt;&gt;</a>&nbsp;&nbsp;&nbsp;__aeabi_fmul
<LI><a href="#[12cfdd8]">&gt;&gt;</a>&nbsp;&nbsp;&nbsp;__aeabi_ui2f
<LI><a href="#[12d0318]">&gt;&gt;</a>&nbsp;&nbsp;&nbsp;__aeabi_f2uiz
<LI><a href="#[12d0a38]">&gt;&gt;</a>&nbsp;&nbsp;&nbsp;__aeabi_fdiv
<LI><a href="#[12d0d98]">&gt;&gt;</a>&nbsp;&nbsp;&nbsp;__aeabi_fsub
<LI><a href="#[12d0f00]">&gt;&gt;</a>&nbsp;&nbsp;&nbsp;__aeabi_fadd
</UL>
<BR>[Called By]<UL><LI><a href="#[11018a8]">&gt;&gt;</a>&nbsp;&nbsp;&nbsp;BmpDecode
<LI><a href="#[11018f0]">&gt;&gt;</a>&nbsp;&nbsp;&nbsp;AI_LoadPicFile
</UL>

<P><STRONG><a name="[11018f0]"></a>AI_LoadPicFile</STRONG> (Thumb, 234 bytes, Stack size 32 bytes, jpegdecode.o(i.AI_LoadPicFile))
<BR><BR>[Stack]<UL><LI>Max Depth = 408<LI>Call Chain = AI_LoadPicFile &rArr; Decode &rArr; IQtIZzMCUComponent &rArr; IQtIZzBlock &rArr; Fast_IDCT &rArr; idctrow
</UL>
<BR>[Calls]<UL><LI><a href="#[11015d8]">&gt;&gt;</a>&nbsp;&nbsp;&nbsp;InitTag
<LI><a href="#[1101620]">&gt;&gt;</a>&nbsp;&nbsp;&nbsp;InitTable
<LI><a href="#[1101860]">&gt;&gt;</a>&nbsp;&nbsp;&nbsp;Decode
<LI><a href="#[11018a8]">&gt;&gt;</a>&nbsp;&nbsp;&nbsp;BmpDecode
<LI><a href="#[1101938]">&gt;&gt;</a>&nbsp;&nbsp;&nbsp;AI_Drow_Init
<LI><a href="#[1112af0]">&gt;&gt;</a>&nbsp;&nbsp;&nbsp;F_Read
<LI><a href="#[1112b38]">&gt;&gt;</a>&nbsp;&nbsp;&nbsp;F_Open
</UL>
<BR>[Called By]<UL><LI><a href="#[f871a0]">&gt;&gt;</a>&nbsp;&nbsp;&nbsp;Pic_Viewer
<LI><a href="#[f872c0]">&gt;&gt;</a>&nbsp;&nbsp;&nbsp;Load_Sys_ICO
<LI><a href="#[1194fb8]">&gt;&gt;</a>&nbsp;&nbsp;&nbsp;Show_File
<LI><a href="#[119bcb8]">&gt;&gt;</a>&nbsp;&nbsp;&nbsp;Move_Pic
<LI><a href="#[119bd00]">&gt;&gt;</a>&nbsp;&nbsp;&nbsp;Load_Game_PIC
</UL>

<P><STRONG><a name="[f87740]"></a>AI_Read_TP</STRONG> (Thumb, 270 bytes, Stack size 16 bytes, touch.o(i.AI_Read_TP))
<BR><BR>[Stack]<UL><LI>Max Depth = 160<LI>Call Chain = AI_Read_TP &rArr; Convert_Pos &rArr; Read_ADS2 &rArr; Read_ADS &rArr; ADS_Read_XY &rArr; ADS_Read_AD
</UL>
<BR>[Calls]<UL><LI><a href="#[f823f8]">&gt;&gt;</a>&nbsp;&nbsp;&nbsp;delay_us
<LI><a href="#[1118528]">&gt;&gt;</a>&nbsp;&nbsp;&nbsp;T_abs
<LI><a href="#[1118690]">&gt;&gt;</a>&nbsp;&nbsp;&nbsp;Pen_Int_Set
<LI><a href="#[11187f8]">&gt;&gt;</a>&nbsp;&nbsp;&nbsp;Convert_Pos
</UL>
<BR>[Called By]<UL><LI><a href="#[f86d20]">&gt;&gt;</a>&nbsp;&nbsp;&nbsp;Wireless_Play
<LI><a href="#[f86db0]">&gt;&gt;</a>&nbsp;&nbsp;&nbsp;USB_Play
<LI><a href="#[f86e40]">&gt;&gt;</a>&nbsp;&nbsp;&nbsp;Touch_Play
<LI><a href="#[f86f18]">&gt;&gt;</a>&nbsp;&nbsp;&nbsp;Time_Viewer
<LI><a href="#[f871a0]">&gt;&gt;</a>&nbsp;&nbsp;&nbsp;Pic_Viewer
<LI><a href="#[f87788]">&gt;&gt;</a>&nbsp;&nbsp;&nbsp;main
<LI><a href="#[1194fb8]">&gt;&gt;</a>&nbsp;&nbsp;&nbsp;Show_File
<LI><a href="#[119b910]">&gt;&gt;</a>&nbsp;&nbsp;&nbsp;Load_Fun_Sel
<LI><a href="#[119bb50]">&gt;&gt;</a>&nbsp;&nbsp;&nbsp;PTGame_Play
<LI><a href="#[119bbe0]">&gt;&gt;</a>&nbsp;&nbsp;&nbsp;PTG_Win_Msg
<LI><a href="#[119bc28]">&gt;&gt;</a>&nbsp;&nbsp;&nbsp;PTG_Best_Show
<LI><a href="#[11e2890]">&gt;&gt;</a>&nbsp;&nbsp;&nbsp;Wireless_Mode_Set
<LI><a href="#[11ee220]">&gt;&gt;</a>&nbsp;&nbsp;&nbsp;Read_Book
</UL>

<P><STRONG><a name="[f876f8]"></a>AT24CXX_Check</STRONG> (Thumb, 46 bytes, Stack size 8 bytes, 24cxx.o(i.AT24CXX_Check))
<BR><BR>[Stack]<UL><LI>Max Depth = 48<LI>Call Chain = AT24CXX_Check &rArr; AT24CXX_ReadOneByte &rArr; IIC_Read_Byte &rArr; IIC_NAck
</UL>
<BR>[Calls]<UL><LI><a href="#[10827b0]">&gt;&gt;</a>&nbsp;&nbsp;&nbsp;AT24CXX_WriteOneByte
<LI><a href="#[1082888]">&gt;&gt;</a>&nbsp;&nbsp;&nbsp;AT24CXX_ReadOneByte
</UL>
<BR>[Called By]<UL><LI><a href="#[f87788]">&gt;&gt;</a>&nbsp;&nbsp;&nbsp;main
</UL>

<P><STRONG><a name="[1082960]"></a>AT24CXX_Init</STRONG> (Thumb, 8 bytes, Stack size 8 bytes, 24cxx.o(i.AT24CXX_Init))
<BR><BR>[Stack]<UL><LI>Max Depth = 8<LI>Call Chain = AT24CXX_Init
</UL>
<BR>[Calls]<UL><LI><a href="#[1082768]">&gt;&gt;</a>&nbsp;&nbsp;&nbsp;IIC_Init
</UL>
<BR>[Called By]<UL><LI><a href="#[f86e88]">&gt;&gt;</a>&nbsp;&nbsp;&nbsp;Touch_Init
</UL>

<P><STRONG><a name="[10828d0]"></a>AT24CXX_ReadLenByte</STRONG> (Thumb, 44 bytes, Stack size 24 bytes, 24cxx.o(i.AT24CXX_ReadLenByte))
<BR><BR>[Stack]<UL><LI>Max Depth = 24<LI>Call Chain = AT24CXX_ReadLenByte
</UL>
<BR>[Called By]<UL><LI><a href="#[1118720]">&gt;&gt;</a>&nbsp;&nbsp;&nbsp;Get_Adjdata
<LI><a href="#[119b9e8]">&gt;&gt;</a>&nbsp;&nbsp;&nbsp;Read_PTG_Info
<LI><a href="#[119ba30]">&gt;&gt;</a>&nbsp;&nbsp;&nbsp;Read_PTG_Best
</UL>

<P><STRONG><a name="[1082888]"></a>AT24CXX_ReadOneByte</STRONG> (Thumb, 92 bytes, Stack size 16 bytes, 24cxx.o(i.AT24CXX_ReadOneByte))
<BR><BR>[Stack]<UL><LI>Max Depth = 40<LI>Call Chain = AT24CXX_ReadOneByte &rArr; IIC_Read_Byte &rArr; IIC_NAck
</UL>
<BR>[Calls]<UL><LI><a href="#[1082600]">&gt;&gt;</a>&nbsp;&nbsp;&nbsp;IIC_Wait_Ack
<LI><a href="#[1082648]">&gt;&gt;</a>&nbsp;&nbsp;&nbsp;IIC_Stop
<LI><a href="#[1082690]">&gt;&gt;</a>&nbsp;&nbsp;&nbsp;IIC_Start
<LI><a href="#[10826d8]">&gt;&gt;</a>&nbsp;&nbsp;&nbsp;IIC_Send_Byte
<LI><a href="#[1082720]">&gt;&gt;</a>&nbsp;&nbsp;&nbsp;IIC_Read_Byte
</UL>
<BR>[Called By]<UL><LI><a href="#[f876f8]">&gt;&gt;</a>&nbsp;&nbsp;&nbsp;AT24CXX_Check
<LI><a href="#[1118570]">&gt;&gt;</a>&nbsp;&nbsp;&nbsp;Save_Adjdata
<LI><a href="#[1118720]">&gt;&gt;</a>&nbsp;&nbsp;&nbsp;Get_Adjdata
<LI><a href="#[119b9e8]">&gt;&gt;</a>&nbsp;&nbsp;&nbsp;Read_PTG_Info
</UL>

<P><STRONG><a name="[10827f8]"></a>AT24CXX_WriteLenByte</STRONG> (Thumb, 42 bytes, Stack size 24 bytes, 24cxx.o(i.AT24CXX_WriteLenByte))
<BR><BR>[Stack]<UL><LI>Max Depth = 24<LI>Call Chain = AT24CXX_WriteLenByte
</UL>
<BR>[Called By]<UL><LI><a href="#[1118570]">&gt;&gt;</a>&nbsp;&nbsp;&nbsp;Save_Adjdata
<LI><a href="#[119b958]">&gt;&gt;</a>&nbsp;&nbsp;&nbsp;Save_PTG_Info
<LI><a href="#[119b9a0]">&gt;&gt;</a>&nbsp;&nbsp;&nbsp;Save_PTG_Best
</UL>

<P><STRONG><a name="[10827b0]"></a>AT24CXX_WriteOneByte</STRONG> (Thumb, 84 bytes, Stack size 16 bytes, 24cxx.o(i.AT24CXX_WriteOneByte))
<BR><BR>[Stack]<UL><LI>Max Depth = 32<LI>Call Chain = AT24CXX_WriteOneByte &rArr; IIC_Wait_Ack &rArr; IIC_Stop
</UL>
<BR>[Calls]<UL><LI><a href="#[f86c90]">&gt;&gt;</a>&nbsp;&nbsp;&nbsp;delay_ms
<LI><a href="#[1082600]">&gt;&gt;</a>&nbsp;&nbsp;&nbsp;IIC_Wait_Ack
<LI><a href="#[1082648]">&gt;&gt;</a>&nbsp;&nbsp;&nbsp;IIC_Stop
<LI><a href="#[1082690]">&gt;&gt;</a>&nbsp;&nbsp;&nbsp;IIC_Start
<LI><a href="#[10826d8]">&gt;&gt;</a>&nbsp;&nbsp;&nbsp;IIC_Send_Byte
</UL>
<BR>[Called By]<UL><LI><a href="#[f876f8]">&gt;&gt;</a>&nbsp;&nbsp;&nbsp;AT24CXX_Check
<LI><a href="#[1118570]">&gt;&gt;</a>&nbsp;&nbsp;&nbsp;Save_Adjdata
<LI><a href="#[119b958]">&gt;&gt;</a>&nbsp;&nbsp;&nbsp;Save_PTG_Info
</UL>

<P><STRONG><a name="[1088f58]"></a>Adc_Init</STRONG> (Thumb, 372 bytes, Stack size 0 bytes, adc.o(i.Adc_Init))
<BR><BR>[Called By]<UL><LI><a href="#[f86f18]">&gt;&gt;</a>&nbsp;&nbsp;&nbsp;Time_Viewer
</UL>

<P><STRONG><a name="[f876b0]"></a>Auto_Time_Set</STRONG> (Thumb, 256 bytes, Stack size 44 bytes, rtc.o(i.Auto_Time_Set))
<BR><BR>[Stack]<UL><LI>Max Depth = 76<LI>Call Chain = Auto_Time_Set &rArr; RTC_Set
</UL>
<BR>[Calls]<UL><LI><a href="#[105f3e8]">&gt;&gt;</a>&nbsp;&nbsp;&nbsp;str_cmpx
<LI><a href="#[105f430]">&gt;&gt;</a>&nbsp;&nbsp;&nbsp;RTC_Set
</UL>
<BR>[Called By]<UL><LI><a href="#[f87158]">&gt;&gt;</a>&nbsp;&nbsp;&nbsp;RTC_Init
<LI><a href="#[f87788]">&gt;&gt;</a>&nbsp;&nbsp;&nbsp;main
</UL>

<P><STRONG><a name="[11018a8]"></a>BmpDecode</STRONG> (Thumb, 614 bytes, Stack size 64 bytes, jpegdecode.o(i.BmpDecode))
<BR><BR>[Stack]<UL><LI>Max Depth = 136<LI>Call Chain = BmpDecode &rArr; F_Read &rArr; FAT_NextCluster &rArr; SD_ReadSingleBlock &rArr; SD_SendCommand
</UL>
<BR>[Calls]<UL><LI><a href="#[10648e8]">&gt;&gt;</a>&nbsp;&nbsp;&nbsp;LCD_DrawPoint
<LI><a href="#[1101548]">&gt;&gt;</a>&nbsp;&nbsp;&nbsp;IsElementOk
<LI><a href="#[1101938]">&gt;&gt;</a>&nbsp;&nbsp;&nbsp;AI_Drow_Init
<LI><a href="#[1112af0]">&gt;&gt;</a>&nbsp;&nbsp;&nbsp;F_Read
<LI><a href="#[1112b38]">&gt;&gt;</a>&nbsp;&nbsp;&nbsp;F_Open
</UL>
<BR>[Called By]<UL><LI><a href="#[11018f0]">&gt;&gt;</a>&nbsp;&nbsp;&nbsp;AI_LoadPicFile
</UL>

<P><STRONG><a name="[fd23d0]"></a>Bot_Abort</STRONG> (Thumb, 64 bytes, Stack size 8 bytes, usb_bot.o(i.Bot_Abort))
<BR><BR>[Stack]<UL><LI>Max Depth = 16<LI>Call Chain = Bot_Abort &rArr; SetEPRxStatus
</UL>
<BR>[Calls]<UL><LI><a href="#[feb2f0]">&gt;&gt;</a>&nbsp;&nbsp;&nbsp;SetEPRxStatus
<LI><a href="#[ff8518]">&gt;&gt;</a>&nbsp;&nbsp;&nbsp;SetEPTxStatus
</UL>
<BR>[Called By]<UL><LI><a href="#[fc9400]">&gt;&gt;</a>&nbsp;&nbsp;&nbsp;Mass_Storage_ClearFeature
<LI><a href="#[fd1ec0]">&gt;&gt;</a>&nbsp;&nbsp;&nbsp;SCSI_Write10_Cmd
<LI><a href="#[fd1f08]">&gt;&gt;</a>&nbsp;&nbsp;&nbsp;SCSI_Verify10_Cmd
<LI><a href="#[fd1f50]">&gt;&gt;</a>&nbsp;&nbsp;&nbsp;SCSI_TestUnitReady_Cmd
<LI><a href="#[fd2028]">&gt;&gt;</a>&nbsp;&nbsp;&nbsp;SCSI_ReadFormatCapacity_Cmd
<LI><a href="#[fd2070]">&gt;&gt;</a>&nbsp;&nbsp;&nbsp;SCSI_ReadCapacity10_Cmd
<LI><a href="#[fd20b8]">&gt;&gt;</a>&nbsp;&nbsp;&nbsp;SCSI_Read10_Cmd
<LI><a href="#[fd2190]">&gt;&gt;</a>&nbsp;&nbsp;&nbsp;SCSI_Invalid_Cmd
<LI><a href="#[fd2220]">&gt;&gt;</a>&nbsp;&nbsp;&nbsp;SCSI_Format_Cmd
<LI><a href="#[fd22f8]">&gt;&gt;</a>&nbsp;&nbsp;&nbsp;Mass_Storage_Out
<LI><a href="#[fd2388]">&gt;&gt;</a>&nbsp;&nbsp;&nbsp;CBW_Decode
<LI><a href="#[12d6d20]">&gt;&gt;</a>&nbsp;&nbsp;&nbsp;SCSI_Address_Management
</UL>

<P><STRONG><a name="[ff8878]"></a>ByteSwap</STRONG> (Thumb, 12 bytes, Stack size 0 bytes, usb_regs.o(i.ByteSwap))
<BR><BR>[Called By]<UL><LI><a href="#[ff8b48]">&gt;&gt;</a>&nbsp;&nbsp;&nbsp;Setup0_Process
</UL>

<P><STRONG><a name="[fd2388]"></a>CBW_Decode</STRONG> (Thumb, 674 bytes, Stack size 8 bytes, usb_bot.o(i.CBW_Decode))
<BR><BR>[Stack]<UL><LI>Max Depth = 136<LI>Call Chain = CBW_Decode &rArr; SCSI_Write10_Cmd &rArr; Write_Memory &rArr; MAL_Write &rArr; MSD_WriteBuffer &rArr; SD_SendCommand_NoDeassert
</UL>
<BR>[Calls]<UL><LI><a href="#[fd1e78]">&gt;&gt;</a>&nbsp;&nbsp;&nbsp;Set_Scsi_Sense_Data
<LI><a href="#[fd1ec0]">&gt;&gt;</a>&nbsp;&nbsp;&nbsp;SCSI_Write10_Cmd
<LI><a href="#[fd1f08]">&gt;&gt;</a>&nbsp;&nbsp;&nbsp;SCSI_Verify10_Cmd
<LI><a href="#[fd1f50]">&gt;&gt;</a>&nbsp;&nbsp;&nbsp;SCSI_TestUnitReady_Cmd
<LI><a href="#[fd1f98]">&gt;&gt;</a>&nbsp;&nbsp;&nbsp;SCSI_Start_Stop_Unit_Cmd
<LI><a href="#[fd1fe0]">&gt;&gt;</a>&nbsp;&nbsp;&nbsp;SCSI_RequestSense_Cmd
<LI><a href="#[fd2028]">&gt;&gt;</a>&nbsp;&nbsp;&nbsp;SCSI_ReadFormatCapacity_Cmd
<LI><a href="#[fd2070]">&gt;&gt;</a>&nbsp;&nbsp;&nbsp;SCSI_ReadCapacity10_Cmd
<LI><a href="#[fd20b8]">&gt;&gt;</a>&nbsp;&nbsp;&nbsp;SCSI_Read10_Cmd
<LI><a href="#[fd2100]">&gt;&gt;</a>&nbsp;&nbsp;&nbsp;SCSI_ModeSense6_Cmd
<LI><a href="#[fd2148]">&gt;&gt;</a>&nbsp;&nbsp;&nbsp;SCSI_ModeSense10_Cmd
<LI><a href="#[fd2190]">&gt;&gt;</a>&nbsp;&nbsp;&nbsp;SCSI_Invalid_Cmd
<LI><a href="#[fd21d8]">&gt;&gt;</a>&nbsp;&nbsp;&nbsp;SCSI_Inquiry_Cmd
<LI><a href="#[fd2220]">&gt;&gt;</a>&nbsp;&nbsp;&nbsp;SCSI_Format_Cmd
<LI><a href="#[fd23d0]">&gt;&gt;</a>&nbsp;&nbsp;&nbsp;Bot_Abort
<LI><a href="#[fdbf70]">&gt;&gt;</a>&nbsp;&nbsp;&nbsp;Set_CSW
</UL>
<BR>[Called By]<UL><LI><a href="#[fd22f8]">&gt;&gt;</a>&nbsp;&nbsp;&nbsp;Mass_Storage_Out
</UL>

<P><STRONG><a name="[ff4778]"></a>CTR_HP</STRONG> (Thumb, 176 bytes, Stack size 8 bytes, usb_int.o(i.CTR_HP))
<BR><BR>[Stack]<UL><LI>Max Depth = 8<LI>Call Chain = CTR_HP
</UL>
<BR>[Called By]<UL><LI><a href="#[f8eb80]">&gt;&gt;</a>&nbsp;&nbsp;&nbsp;USB_HP_CAN_TX_IRQHandler
</UL>

<P><STRONG><a name="[ff4730]"></a>CTR_LP</STRONG> (Thumb, 820 bytes, Stack size 8 bytes, usb_int.o(i.CTR_LP))
<BR><BR>[Stack]<UL><LI>Max Depth = 108<LI>Call Chain = CTR_LP &rArr; Setup0_Process &rArr; Data_Setup0 &rArr; DataStageIn &rArr; UserToPMABufferCopy
</UL>
<BR>[Calls]<UL><LI><a href="#[ff8b48]">&gt;&gt;</a>&nbsp;&nbsp;&nbsp;Setup0_Process
<LI><a href="#[ff8c20]">&gt;&gt;</a>&nbsp;&nbsp;&nbsp;Out0_Process
<LI><a href="#[ff8cb0]">&gt;&gt;</a>&nbsp;&nbsp;&nbsp;In0_Process
</UL>
<BR>[Called By]<UL><LI><a href="#[fd5e68]">&gt;&gt;</a>&nbsp;&nbsp;&nbsp;USB_Istr
</UL>

<P><STRONG><a name="[105be70]"></a>Check_WKUP</STRONG> (Thumb, 70 bytes, Stack size 16 bytes, wkup.o(i.Check_WKUP))
<BR><BR>[Stack]<UL><LI>Max Depth = 16<LI>Call Chain = Check_WKUP
</UL>
<BR>[Calls]<UL><LI><a href="#[f86c90]">&gt;&gt;</a>&nbsp;&nbsp;&nbsp;delay_ms
</UL>
<BR>[Called By]<UL><LI><a href="#[f8f3f0]">&gt;&gt;</a>&nbsp;&nbsp;&nbsp;EXTI0_IRQHandler
</UL>

<P><STRONG><a name="[ff8830]"></a>ClearDTOG_RX</STRONG> (Thumb, 50 bytes, Stack size 0 bytes, usb_regs.o(i.ClearDTOG_RX))
<BR><BR>[Called By]<UL><LI><a href="#[fc93b8]">&gt;&gt;</a>&nbsp;&nbsp;&nbsp;Mass_Storage_SetConfiguration
<LI><a href="#[fc9568]">&gt;&gt;</a>&nbsp;&nbsp;&nbsp;MASS_NoData_Setup
<LI><a href="#[ff8b00]">&gt;&gt;</a>&nbsp;&nbsp;&nbsp;Standard_ClearFeature
</UL>

<P><STRONG><a name="[ff87e8]"></a>ClearDTOG_TX</STRONG> (Thumb, 50 bytes, Stack size 0 bytes, usb_regs.o(i.ClearDTOG_TX))
<BR><BR>[Called By]<UL><LI><a href="#[fc93b8]">&gt;&gt;</a>&nbsp;&nbsp;&nbsp;Mass_Storage_SetConfiguration
<LI><a href="#[fc9568]">&gt;&gt;</a>&nbsp;&nbsp;&nbsp;MASS_NoData_Setup
<LI><a href="#[ff8b00]">&gt;&gt;</a>&nbsp;&nbsp;&nbsp;Standard_ClearFeature
</UL>

<P><STRONG><a name="[11dddc0]"></a>Clear_Cursor</STRONG> (Thumb, 154 bytes, Stack size 40 bytes, cursor.o(i.Clear_Cursor))
<BR><BR>[Stack]<UL><LI>Max Depth = 76<LI>Call Chain = Clear_Cursor &rArr; LCD_DrawPoint &rArr; LCD_SetCursor &rArr; LCD_WriteReg
</UL>
<BR>[Calls]<UL><LI><a href="#[10648e8]">&gt;&gt;</a>&nbsp;&nbsp;&nbsp;LCD_DrawPoint
</UL>
<BR>[Called By]<UL><LI><a href="#[f87278]">&gt;&gt;</a>&nbsp;&nbsp;&nbsp;Mouse_Play
<LI><a href="#[11ddd78]">&gt;&gt;</a>&nbsp;&nbsp;&nbsp;Cursor_Draw
</UL>
<BR>[Address Reference Count : 1]<UL><LI> cursor.o(.data)
</UL>
<P><STRONG><a name="[febd10]"></a>Clear_Status_Out</STRONG> (Thumb, 30 bytes, Stack size 0 bytes, usb_regs.o(i.Clear_Status_Out))
<BR><BR>[Called By]<UL><LI><a href="#[fc9520]">&gt;&gt;</a>&nbsp;&nbsp;&nbsp;MASS_Reset
</UL>

<P><STRONG><a name="[11187f8]"></a>Convert_Pos</STRONG> (Thumb, 130 bytes, Stack size 24 bytes, touch.o(i.Convert_Pos))
<BR><BR>[Stack]<UL><LI>Max Depth = 144<LI>Call Chain = Convert_Pos &rArr; Read_ADS2 &rArr; Read_ADS &rArr; ADS_Read_XY &rArr; ADS_Read_AD
</UL>
<BR>[Calls]<UL><LI><a href="#[1118600]">&gt;&gt;</a>&nbsp;&nbsp;&nbsp;Read_ADS2
<LI><a href="#[12cfbd8]">&gt;&gt;</a>&nbsp;&nbsp;&nbsp;__aeabi_fmul
<LI><a href="#[12cfdd8]">&gt;&gt;</a>&nbsp;&nbsp;&nbsp;__aeabi_ui2f
<LI><a href="#[12cfeb0]">&gt;&gt;</a>&nbsp;&nbsp;&nbsp;__aeabi_i2f
<LI><a href="#[12d0318]">&gt;&gt;</a>&nbsp;&nbsp;&nbsp;__aeabi_f2uiz
<LI><a href="#[12d0f00]">&gt;&gt;</a>&nbsp;&nbsp;&nbsp;__aeabi_fadd
</UL>
<BR>[Called By]<UL><LI><a href="#[f87740]">&gt;&gt;</a>&nbsp;&nbsp;&nbsp;AI_Read_TP
</UL>

<P><STRONG><a name="[1112c10]"></a>CopyDirentruyItem</STRONG> (Thumb, 272 bytes, Stack size 24 bytes, fat.o(i.CopyDirentruyItem))
<BR><BR>[Stack]<UL><LI>Max Depth = 48<LI>Call Chain = CopyDirentruyItem &rArr; UniToGB
</UL>
<BR>[Calls]<UL><LI><a href="#[11128b0]">&gt;&gt;</a>&nbsp;&nbsp;&nbsp;UniToGB
<LI><a href="#[11129d0]">&gt;&gt;</a>&nbsp;&nbsp;&nbsp;FileType_Tell
</UL>
<BR>[Called By]<UL><LI><a href="#[1112988]">&gt;&gt;</a>&nbsp;&nbsp;&nbsp;Get_File_Info
<LI><a href="#[1112aa8]">&gt;&gt;</a>&nbsp;&nbsp;&nbsp;F_Search
</UL>

<P><STRONG><a name="[11ddd78]"></a>Cursor_Draw</STRONG> (Thumb, 26 bytes, Stack size 16 bytes, cursor.o(i.Cursor_Draw))
<BR><BR>[Stack]<UL><LI>Max Depth = 100<LI>Call Chain = Cursor_Draw &rArr; Set_Cursor &rArr; LCD_ReadPoint &rArr; LCD_SetCursor &rArr; LCD_WriteReg
</UL>
<BR>[Calls]<UL><LI><a href="#[11ddd30]">&gt;&gt;</a>&nbsp;&nbsp;&nbsp;Set_Cursor
<LI><a href="#[11dddc0]">&gt;&gt;</a>&nbsp;&nbsp;&nbsp;Clear_Cursor
</UL>
<BR>[Address Reference Count : 1]<UL><LI> cursor.o(.data)
</UL>
<P><STRONG><a name="[10a5928]"></a>DS18B20_Check</STRONG> (Thumb, 98 bytes, Stack size 8 bytes, ds18b20.o(i.DS18B20_Check))
<BR><BR>[Stack]<UL><LI>Max Depth = 8<LI>Call Chain = DS18B20_Check
</UL>
<BR>[Calls]<UL><LI><a href="#[f823f8]">&gt;&gt;</a>&nbsp;&nbsp;&nbsp;delay_us
</UL>
<BR>[Called By]<UL><LI><a href="#[10a5778]">&gt;&gt;</a>&nbsp;&nbsp;&nbsp;DS18B20_Start
<LI><a href="#[10a5898]">&gt;&gt;</a>&nbsp;&nbsp;&nbsp;DS18B20_Init
<LI><a href="#[10a58e0]">&gt;&gt;</a>&nbsp;&nbsp;&nbsp;DS18B20_Get_Temp
</UL>

<P><STRONG><a name="[10a58e0]"></a>DS18B20_Get_Temp</STRONG> (Thumb, 118 bytes, Stack size 40 bytes, ds18b20.o(i.DS18B20_Get_Temp))
<BR><BR>[Stack]<UL><LI>Max Depth = 64<LI>Call Chain = DS18B20_Get_Temp &rArr; DS18B20_Read_Byte &rArr; DS18B20_Read_Bit
</UL>
<BR>[Calls]<UL><LI><a href="#[10a5730]">&gt;&gt;</a>&nbsp;&nbsp;&nbsp;DS18B20_Write_Byte
<LI><a href="#[10a5778]">&gt;&gt;</a>&nbsp;&nbsp;&nbsp;DS18B20_Start
<LI><a href="#[10a57c0]">&gt;&gt;</a>&nbsp;&nbsp;&nbsp;DS18B20_Rst
<LI><a href="#[10a5808]">&gt;&gt;</a>&nbsp;&nbsp;&nbsp;DS18B20_Read_Byte
<LI><a href="#[10a5928]">&gt;&gt;</a>&nbsp;&nbsp;&nbsp;DS18B20_Check
<LI><a href="#[12cfeb0]">&gt;&gt;</a>&nbsp;&nbsp;&nbsp;__aeabi_i2f
<LI><a href="#[12d13a8]">&gt;&gt;</a>&nbsp;&nbsp;&nbsp;__aeabi_f2d
<LI><a href="#[12d1558]">&gt;&gt;</a>&nbsp;&nbsp;&nbsp;__aeabi_dmul
<LI><a href="#[12d1ff8]">&gt;&gt;</a>&nbsp;&nbsp;&nbsp;__aeabi_d2iz
</UL>
<BR>[Called By]<UL><LI><a href="#[f86f18]">&gt;&gt;</a>&nbsp;&nbsp;&nbsp;Time_Viewer
</UL>

<P><STRONG><a name="[10a5898]"></a>DS18B20_Init</STRONG> (Thumb, 66 bytes, Stack size 8 bytes, ds18b20.o(i.DS18B20_Init))
<BR><BR>[Stack]<UL><LI>Max Depth = 16<LI>Call Chain = DS18B20_Init &rArr; DS18B20_Rst
</UL>
<BR>[Calls]<UL><LI><a href="#[10a57c0]">&gt;&gt;</a>&nbsp;&nbsp;&nbsp;DS18B20_Rst
<LI><a href="#[10a5928]">&gt;&gt;</a>&nbsp;&nbsp;&nbsp;DS18B20_Check
</UL>
<BR>[Called By]<UL><LI><a href="#[f86f18]">&gt;&gt;</a>&nbsp;&nbsp;&nbsp;Time_Viewer
</UL>

<P><STRONG><a name="[10a5850]"></a>DS18B20_Read_Bit</STRONG> (Thumb, 110 bytes, Stack size 8 bytes, ds18b20.o(i.DS18B20_Read_Bit))
<BR><BR>[Stack]<UL><LI>Max Depth = 8<LI>Call Chain = DS18B20_Read_Bit
</UL>
<BR>[Calls]<UL><LI><a href="#[f823f8]">&gt;&gt;</a>&nbsp;&nbsp;&nbsp;delay_us
</UL>
<BR>[Called By]<UL><LI><a href="#[10a5808]">&gt;&gt;</a>&nbsp;&nbsp;&nbsp;DS18B20_Read_Byte
</UL>

<P><STRONG><a name="[10a5808]"></a>DS18B20_Read_Byte</STRONG> (Thumb, 34 bytes, Stack size 16 bytes, ds18b20.o(i.DS18B20_Read_Byte))
<BR><BR>[Stack]<UL><LI>Max Depth = 24<LI>Call Chain = DS18B20_Read_Byte &rArr; DS18B20_Read_Bit
</UL>
<BR>[Calls]<UL><LI><a href="#[10a5850]">&gt;&gt;</a>&nbsp;&nbsp;&nbsp;DS18B20_Read_Bit
</UL>
<BR>[Called By]<UL><LI><a href="#[10a58e0]">&gt;&gt;</a>&nbsp;&nbsp;&nbsp;DS18B20_Get_Temp
</UL>

<P><STRONG><a name="[10a57c0]"></a>DS18B20_Rst</STRONG> (Thumb, 60 bytes, Stack size 8 bytes, ds18b20.o(i.DS18B20_Rst))
<BR><BR>[Stack]<UL><LI>Max Depth = 8<LI>Call Chain = DS18B20_Rst
</UL>
<BR>[Calls]<UL><LI><a href="#[f823f8]">&gt;&gt;</a>&nbsp;&nbsp;&nbsp;delay_us
</UL>
<BR>[Called By]<UL><LI><a href="#[10a5778]">&gt;&gt;</a>&nbsp;&nbsp;&nbsp;DS18B20_Start
<LI><a href="#[10a5898]">&gt;&gt;</a>&nbsp;&nbsp;&nbsp;DS18B20_Init
<LI><a href="#[10a58e0]">&gt;&gt;</a>&nbsp;&nbsp;&nbsp;DS18B20_Get_Temp
</UL>

<P><STRONG><a name="[10a5778]"></a>DS18B20_Start</STRONG> (Thumb, 24 bytes, Stack size 8 bytes, ds18b20.o(i.DS18B20_Start))
<BR><BR>[Stack]<UL><LI>Max Depth = 16<LI>Call Chain = DS18B20_Start &rArr; DS18B20_Rst
</UL>
<BR>[Calls]<UL><LI><a href="#[10a57c0]">&gt;&gt;</a>&nbsp;&nbsp;&nbsp;DS18B20_Rst
<LI><a href="#[10a5928]">&gt;&gt;</a>&nbsp;&nbsp;&nbsp;DS18B20_Check
</UL>
<BR>[Called By]<UL><LI><a href="#[10a58e0]">&gt;&gt;</a>&nbsp;&nbsp;&nbsp;DS18B20_Get_Temp
</UL>

<P><STRONG><a name="[10a5730]"></a>DS18B20_Write_Byte</STRONG> (Thumb, 108 bytes, Stack size 16 bytes, ds18b20.o(i.DS18B20_Write_Byte))
<BR><BR>[Stack]<UL><LI>Max Depth = 16<LI>Call Chain = DS18B20_Write_Byte
</UL>
<BR>[Calls]<UL><LI><a href="#[f823f8]">&gt;&gt;</a>&nbsp;&nbsp;&nbsp;delay_us
</UL>
<BR>[Called By]<UL><LI><a href="#[10a58e0]">&gt;&gt;</a>&nbsp;&nbsp;&nbsp;DS18B20_Get_Temp
</UL>

<P><STRONG><a name="[11d21f8]"></a>Date_Refresh</STRONG> (Thumb, 200 bytes, Stack size 24 bytes, timeplay.o(i.Date_Refresh))
<BR><BR>[Stack]<UL><LI>Max Depth = 200<LI>Call Chain = Date_Refresh &rArr; Show_Str &rArr; Show_Font &rArr; Get_HzMat &rArr; SPI_Flash_Read
</UL>
<BR>[Calls]<UL><LI><a href="#[f87350]">&gt;&gt;</a>&nbsp;&nbsp;&nbsp;LCD_ShowString
<LI><a href="#[105f478]">&gt;&gt;</a>&nbsp;&nbsp;&nbsp;RTC_Get_Week
<LI><a href="#[1064738]">&gt;&gt;</a>&nbsp;&nbsp;&nbsp;LCD_Show2Num
<LI><a href="#[110ab28]">&gt;&gt;</a>&nbsp;&nbsp;&nbsp;Show_Str
</UL>
<BR>[Called By]<UL><LI><a href="#[f86f18]">&gt;&gt;</a>&nbsp;&nbsp;&nbsp;Time_Viewer
</UL>

<P><STRONG><a name="[1101860]"></a>Decode</STRONG> (Thumb, 324 bytes, Stack size 8 bytes, jpegdecode.o(i.Decode))
<BR><BR>[Stack]<UL><LI>Max Depth = 376<LI>Call Chain = Decode &rArr; IQtIZzMCUComponent &rArr; IQtIZzBlock &rArr; Fast_IDCT &rArr; idctrow
</UL>
<BR>[Calls]<UL><LI><a href="#[1101470]">&gt;&gt;</a>&nbsp;&nbsp;&nbsp;StoreBuffer
<LI><a href="#[1101590]">&gt;&gt;</a>&nbsp;&nbsp;&nbsp;Initialize_Fast_IDCT
<LI><a href="#[1101668]">&gt;&gt;</a>&nbsp;&nbsp;&nbsp;IQtIZzMCUComponent
<LI><a href="#[1101740]">&gt;&gt;</a>&nbsp;&nbsp;&nbsp;GetYUV
<LI><a href="#[11017d0]">&gt;&gt;</a>&nbsp;&nbsp;&nbsp;DecodeMCUBlock
</UL>
<BR>[Called By]<UL><LI><a href="#[11018f0]">&gt;&gt;</a>&nbsp;&nbsp;&nbsp;AI_LoadPicFile
</UL>

<P><STRONG><a name="[1101818]"></a>DecodeElement</STRONG> (Thumb, 598 bytes, Stack size 48 bytes, jpegdecode.o(i.DecodeElement))
<BR><BR>[Stack]<UL><LI>Max Depth = 160<LI>Call Chain = DecodeElement &rArr; ReadByte &rArr; P_Cal &rArr; F_Read &rArr; FAT_NextCluster &rArr; SD_ReadSingleBlock &rArr; SD_SendCommand
</UL>
<BR>[Calls]<UL><LI><a href="#[11014b8]">&gt;&gt;</a>&nbsp;&nbsp;&nbsp;ReadByte
</UL>
<BR>[Called By]<UL><LI><a href="#[11016f8]">&gt;&gt;</a>&nbsp;&nbsp;&nbsp;HufBlock
</UL>

<P><STRONG><a name="[11017d0]"></a>DecodeMCUBlock</STRONG> (Thumb, 458 bytes, Stack size 24 bytes, jpegdecode.o(i.DecodeMCUBlock))
<BR><BR>[Stack]<UL><LI>Max Depth = 208<LI>Call Chain = DecodeMCUBlock &rArr; HufBlock &rArr; DecodeElement &rArr; ReadByte &rArr; P_Cal &rArr; F_Read &rArr; FAT_NextCluster &rArr; SD_ReadSingleBlock &rArr; SD_SendCommand
</UL>
<BR>[Calls]<UL><LI><a href="#[1101500]">&gt;&gt;</a>&nbsp;&nbsp;&nbsp;P_Cal
<LI><a href="#[11016f8]">&gt;&gt;</a>&nbsp;&nbsp;&nbsp;HufBlock
</UL>
<BR>[Called By]<UL><LI><a href="#[1101860]">&gt;&gt;</a>&nbsp;&nbsp;&nbsp;Decode
</UL>

<P><STRONG><a name="[11187b0]"></a>Draw_Big_Point</STRONG> (Thumb, 58 bytes, Stack size 16 bytes, touch.o(i.Draw_Big_Point))
<BR><BR>[Stack]<UL><LI>Max Depth = 52<LI>Call Chain = Draw_Big_Point &rArr; LCD_DrawPoint &rArr; LCD_SetCursor &rArr; LCD_WriteReg
</UL>
<BR>[Calls]<UL><LI><a href="#[10648e8]">&gt;&gt;</a>&nbsp;&nbsp;&nbsp;LCD_DrawPoint
</UL>
<BR>[Called By]<UL><LI><a href="#[f86d20]">&gt;&gt;</a>&nbsp;&nbsp;&nbsp;Wireless_Play
<LI><a href="#[f86e40]">&gt;&gt;</a>&nbsp;&nbsp;&nbsp;Touch_Play
<LI><a href="#[f87278]">&gt;&gt;</a>&nbsp;&nbsp;&nbsp;Mouse_Play
<LI><a href="#[1195120]">&gt;&gt;</a>&nbsp;&nbsp;&nbsp;LCD_DrawDLine
</UL>

<P><STRONG><a name="[10649c0]"></a>Draw_Circle</STRONG> (Thumb, 200 bytes, Stack size 32 bytes, ili93xx.o(i.Draw_Circle))
<BR><BR>[Stack]<UL><LI>Max Depth = 68<LI>Call Chain = Draw_Circle &rArr; LCD_DrawPoint &rArr; LCD_SetCursor &rArr; LCD_WriteReg
</UL>
<BR>[Calls]<UL><LI><a href="#[10648e8]">&gt;&gt;</a>&nbsp;&nbsp;&nbsp;LCD_DrawPoint
</UL>
<BR>[Called By]<UL><LI><a href="#[1118768]">&gt;&gt;</a>&nbsp;&nbsp;&nbsp;Drow_Touch_Point
</UL>

<P><STRONG><a name="[1195288]"></a>Draw_Color_Table</STRONG> (Thumb, 292 bytes, Stack size 24 bytes, gui.o(i.Draw_Color_Table))
<BR><BR>[Stack]<UL><LI>Max Depth = 96<LI>Call Chain = Draw_Color_Table &rArr; LCD_DrawLine
</UL>
<BR>[Calls]<UL><LI><a href="#[1064930]">&gt;&gt;</a>&nbsp;&nbsp;&nbsp;LCD_DrawLine
</UL>
<BR>[Called By]<UL><LI><a href="#[f86e40]">&gt;&gt;</a>&nbsp;&nbsp;&nbsp;Touch_Play
<LI><a href="#[f87278]">&gt;&gt;</a>&nbsp;&nbsp;&nbsp;Mouse_Play
</UL>

<P><STRONG><a name="[1118768]"></a>Drow_Touch_Point</STRONG> (Thumb, 98 bytes, Stack size 16 bytes, touch.o(i.Drow_Touch_Point))
<BR><BR>[Stack]<UL><LI>Max Depth = 88<LI>Call Chain = Drow_Touch_Point &rArr; LCD_DrawLine
</UL>
<BR>[Calls]<UL><LI><a href="#[10648e8]">&gt;&gt;</a>&nbsp;&nbsp;&nbsp;LCD_DrawPoint
<LI><a href="#[1064930]">&gt;&gt;</a>&nbsp;&nbsp;&nbsp;LCD_DrawLine
<LI><a href="#[10649c0]">&gt;&gt;</a>&nbsp;&nbsp;&nbsp;Draw_Circle
</UL>
<BR>[Called By]<UL><LI><a href="#[f86ed0]">&gt;&gt;</a>&nbsp;&nbsp;&nbsp;Touch_Adjust
</UL>

<P><STRONG><a name="[fcfc98]"></a>EP1_IN_Callback</STRONG> (Thumb, 8 bytes, Stack size 8 bytes, usb_endp.o(i.EP1_IN_Callback))
<BR><BR>[Stack]<UL><LI>Max Depth = 144<LI>Call Chain = EP1_IN_Callback &rArr; Mass_Storage_In &rArr; SCSI_Read10_Cmd &rArr; Read_Memory &rArr; MAL_Read &rArr; MSD_ReadBuffer &rArr; SD_ReceiveData &rArr; SD_GetResponse
</UL>
<BR>[Calls]<UL><LI><a href="#[fd2340]">&gt;&gt;</a>&nbsp;&nbsp;&nbsp;Mass_Storage_In
</UL>
<BR>[Address Reference Count : 1]<UL><LI> usb_istr.o(.data)
</UL>
<P><STRONG><a name="[fcfc50]"></a>EP2_OUT_Callback</STRONG> (Thumb, 8 bytes, Stack size 8 bytes, usb_endp.o(i.EP2_OUT_Callback))
<BR><BR>[Stack]<UL><LI>Max Depth = 152<LI>Call Chain = EP2_OUT_Callback &rArr; Mass_Storage_Out &rArr; CBW_Decode &rArr; SCSI_Write10_Cmd &rArr; Write_Memory &rArr; MAL_Write &rArr; MSD_WriteBuffer &rArr; SD_SendCommand_NoDeassert
</UL>
<BR>[Calls]<UL><LI><a href="#[fd22f8]">&gt;&gt;</a>&nbsp;&nbsp;&nbsp;Mass_Storage_Out
</UL>
<BR>[Address Reference Count : 1]<UL><LI> usb_istr.o(.data)
</UL>
<P><STRONG><a name="[f8f3f0]"></a>EXTI0_IRQHandler</STRONG> (Thumb, 20 bytes, Stack size 8 bytes, wkup.o(i.EXTI0_IRQHandler))
<BR><BR>[Stack]<UL><LI>Max Depth = 24<LI>Call Chain = EXTI0_IRQHandler &rArr; Check_WKUP
</UL>
<BR>[Calls]<UL><LI><a href="#[105be28]">&gt;&gt;</a>&nbsp;&nbsp;&nbsp;Sys_Enter_Standby
<LI><a href="#[105be70]">&gt;&gt;</a>&nbsp;&nbsp;&nbsp;Check_WKUP
</UL>
<BR>[Address Reference Count : 1]<UL><LI> stm32f10x.o(RESET)
</UL>
<P><STRONG><a name="[f8f3a8]"></a>EXTI15_10_IRQHandler</STRONG> (Thumb, 412 bytes, Stack size 4 bytes, ps2.o(i.EXTI15_10_IRQHandler))
<BR><BR>[Stack]<UL><LI>Max Depth = 8<LI>Call Chain = EXTI15_10_IRQHandler &rArr; PS2_Dis_Data_Report
</UL>
<BR>[Calls]<UL><LI><a href="#[109ded0]">&gt;&gt;</a>&nbsp;&nbsp;&nbsp;PS2_Dis_Data_Report
</UL>
<BR>[Address Reference Count : 1]<UL><LI> stm32f10x.o(RESET)
</UL>
<P><STRONG><a name="[f8f360]"></a>EXTI1_IRQHandler</STRONG> (Thumb, 152 bytes, Stack size 24 bytes, remote.o(i.EXTI1_IRQHandler))
<BR><BR>[Stack]<UL><LI>Max Depth = 32<LI>Call Chain = EXTI1_IRQHandler &rArr; Pulse_Width_Check
</UL>
<BR>[Calls]<UL><LI><a href="#[10a9190]">&gt;&gt;</a>&nbsp;&nbsp;&nbsp;Pulse_Width_Check
</UL>
<BR>[Address Reference Count : 1]<UL><LI> stm32f10x.o(RESET)
</UL>
<P><STRONG><a name="[f87668]"></a>Ebook_Play</STRONG> (Thumb, 118 bytes, Stack size 16 bytes, ebookplay.o(i.Ebook_Play))
<BR><BR>[Stack]<UL><LI>Max Depth = 600<LI>Call Chain = Ebook_Play &rArr; File_Browse &rArr; Show_File &rArr; AI_LoadPicFile &rArr; Decode &rArr; IQtIZzMCUComponent &rArr; IQtIZzBlock &rArr; Fast_IDCT &rArr; idctrow
</UL>
<BR>[Calls]<UL><LI><a href="#[110ab28]">&gt;&gt;</a>&nbsp;&nbsp;&nbsp;Show_Str
<LI><a href="#[1112988]">&gt;&gt;</a>&nbsp;&nbsp;&nbsp;Get_File_Info
<LI><a href="#[11950d8]">&gt;&gt;</a>&nbsp;&nbsp;&nbsp;Load_Gui_Bro
<LI><a href="#[1195240]">&gt;&gt;</a>&nbsp;&nbsp;&nbsp;File_Browse
<LI><a href="#[11ee220]">&gt;&gt;</a>&nbsp;&nbsp;&nbsp;Read_Book
</UL>
<BR>[Called By]<UL><LI><a href="#[f87788]">&gt;&gt;</a>&nbsp;&nbsp;&nbsp;main
</UL>

<P><STRONG><a name="[1018ee0]"></a>Ex_NVIC_Config</STRONG> (Thumb, 148 bytes, Stack size 16 bytes, sys.o(i.Ex_NVIC_Config))
<BR><BR>[Stack]<UL><LI>Max Depth = 16<LI>Call Chain = Ex_NVIC_Config
</UL>
<BR>[Called By]<UL><LI><a href="#[f86e88]">&gt;&gt;</a>&nbsp;&nbsp;&nbsp;Touch_Init
<LI><a href="#[f87110]">&gt;&gt;</a>&nbsp;&nbsp;&nbsp;Remote_Play
<LI><a href="#[10a9148]">&gt;&gt;</a>&nbsp;&nbsp;&nbsp;Remote_Init
</UL>

<P><STRONG><a name="[f87620]"></a>FAT_Init</STRONG> (Thumb, 254 bytes, Stack size 24 bytes, fat.o(i.FAT_Init))
<BR><BR>[Stack]<UL><LI>Max Depth = 112<LI>Call Chain = FAT_Init &rArr; SD_GetCapacity &rArr; SD_GetCSD &rArr; SD_ReceiveData &rArr; SD_GetResponse
</UL>
<BR>[Calls]<UL><LI><a href="#[10ad150]">&gt;&gt;</a>&nbsp;&nbsp;&nbsp;SD_ReadSingleBlock
<LI><a href="#[10ad270]">&gt;&gt;</a>&nbsp;&nbsp;&nbsp;SD_GetCapacity
</UL>
<BR>[Called By]<UL><LI><a href="#[f87788]">&gt;&gt;</a>&nbsp;&nbsp;&nbsp;main
</UL>

<P><STRONG><a name="[1112b80]"></a>FAT_NextCluster</STRONG> (Thumb, 74 bytes, Stack size 16 bytes, fat.o(i.FAT_NextCluster))
<BR><BR>[Stack]<UL><LI>Max Depth = 56<LI>Call Chain = FAT_NextCluster &rArr; SD_ReadSingleBlock &rArr; SD_SendCommand
</UL>
<BR>[Calls]<UL><LI><a href="#[10ad150]">&gt;&gt;</a>&nbsp;&nbsp;&nbsp;SD_ReadSingleBlock
</UL>
<BR>[Called By]<UL><LI><a href="#[1112988]">&gt;&gt;</a>&nbsp;&nbsp;&nbsp;Get_File_Info
<LI><a href="#[1112aa8]">&gt;&gt;</a>&nbsp;&nbsp;&nbsp;F_Search
<LI><a href="#[1112af0]">&gt;&gt;</a>&nbsp;&nbsp;&nbsp;F_Read
</UL>

<P><STRONG><a name="[1112b38]"></a>F_Open</STRONG> (Thumb, 10 bytes, Stack size 0 bytes, fat.o(i.F_Open))
<BR><BR>[Called By]<UL><LI><a href="#[f86d68]">&gt;&gt;</a>&nbsp;&nbsp;&nbsp;Update_Font
<LI><a href="#[11018a8]">&gt;&gt;</a>&nbsp;&nbsp;&nbsp;BmpDecode
<LI><a href="#[11018f0]">&gt;&gt;</a>&nbsp;&nbsp;&nbsp;AI_LoadPicFile
<LI><a href="#[11ee220]">&gt;&gt;</a>&nbsp;&nbsp;&nbsp;Read_Book
</UL>

<P><STRONG><a name="[1112af0]"></a>F_Read</STRONG> (Thumb, 100 bytes, Stack size 16 bytes, fat.o(i.F_Read))
<BR><BR>[Stack]<UL><LI>Max Depth = 72<LI>Call Chain = F_Read &rArr; FAT_NextCluster &rArr; SD_ReadSingleBlock &rArr; SD_SendCommand
</UL>
<BR>[Calls]<UL><LI><a href="#[10ad150]">&gt;&gt;</a>&nbsp;&nbsp;&nbsp;SD_ReadSingleBlock
<LI><a href="#[1112940]">&gt;&gt;</a>&nbsp;&nbsp;&nbsp;fatClustToSect
<LI><a href="#[1112b80]">&gt;&gt;</a>&nbsp;&nbsp;&nbsp;FAT_NextCluster
</UL>
<BR>[Called By]<UL><LI><a href="#[f86d68]">&gt;&gt;</a>&nbsp;&nbsp;&nbsp;Update_Font
<LI><a href="#[1101500]">&gt;&gt;</a>&nbsp;&nbsp;&nbsp;P_Cal
<LI><a href="#[11018a8]">&gt;&gt;</a>&nbsp;&nbsp;&nbsp;BmpDecode
<LI><a href="#[11018f0]">&gt;&gt;</a>&nbsp;&nbsp;&nbsp;AI_LoadPicFile
<LI><a href="#[11ee220]">&gt;&gt;</a>&nbsp;&nbsp;&nbsp;Read_Book
</UL>

<P><STRONG><a name="[1112aa8]"></a>F_Search</STRONG> (Thumb, 380 bytes, Stack size 168 bytes, fat.o(i.F_Search))
<BR><BR>[Stack]<UL><LI>Max Depth = 224<LI>Call Chain = F_Search &rArr; FAT_NextCluster &rArr; SD_ReadSingleBlock &rArr; SD_SendCommand
</UL>
<BR>[Calls]<UL><LI><a href="#[10ad150]">&gt;&gt;</a>&nbsp;&nbsp;&nbsp;SD_ReadSingleBlock
<LI><a href="#[11128f8]">&gt;&gt;</a>&nbsp;&nbsp;&nbsp;mystrcmp
<LI><a href="#[1112940]">&gt;&gt;</a>&nbsp;&nbsp;&nbsp;fatClustToSect
<LI><a href="#[1112b80]">&gt;&gt;</a>&nbsp;&nbsp;&nbsp;FAT_NextCluster
<LI><a href="#[1112c10]">&gt;&gt;</a>&nbsp;&nbsp;&nbsp;CopyDirentruyItem
<LI><a href="#[12d3530]">&gt;&gt;</a>&nbsp;&nbsp;&nbsp;__aeabi_memcpy4
</UL>
<BR>[Called By]<UL><LI><a href="#[f86d68]">&gt;&gt;</a>&nbsp;&nbsp;&nbsp;Update_Font
<LI><a href="#[f86f60]">&gt;&gt;</a>&nbsp;&nbsp;&nbsp;SysInfoGet
</UL>

<P><STRONG><a name="[1101788]"></a>Fast_IDCT</STRONG> (Thumb, 46 bytes, Stack size 12 bytes, jpegdecode.o(i.Fast_IDCT))
<BR><BR>[Stack]<UL><LI>Max Depth = 40<LI>Call Chain = Fast_IDCT &rArr; idctrow
</UL>
<BR>[Calls]<UL><LI><a href="#[11013e0]">&gt;&gt;</a>&nbsp;&nbsp;&nbsp;idctrow
<LI><a href="#[1101428]">&gt;&gt;</a>&nbsp;&nbsp;&nbsp;idctcol
</UL>
<BR>[Called By]<UL><LI><a href="#[11016b0]">&gt;&gt;</a>&nbsp;&nbsp;&nbsp;IQtIZzBlock
</UL>

<P><STRONG><a name="[11129d0]"></a>FileType_Tell</STRONG> (Thumb, 60 bytes, Stack size 8 bytes, fat.o(i.FileType_Tell))
<BR><BR>[Stack]<UL><LI>Max Depth = 8<LI>Call Chain = FileType_Tell
</UL>
<BR>[Called By]<UL><LI><a href="#[1112988]">&gt;&gt;</a>&nbsp;&nbsp;&nbsp;Get_File_Info
<LI><a href="#[1112c10]">&gt;&gt;</a>&nbsp;&nbsp;&nbsp;CopyDirentruyItem
</UL>

<P><STRONG><a name="[1195240]"></a>File_Browse</STRONG> (Thumb, 416 bytes, Stack size 40 bytes, gui.o(i.File_Browse))
<BR><BR>[Stack]<UL><LI>Max Depth = 584<LI>Call Chain = File_Browse &rArr; Show_File &rArr; AI_LoadPicFile &rArr; Decode &rArr; IQtIZzMCUComponent &rArr; IQtIZzBlock &rArr; Fast_IDCT &rArr; idctrow
</UL>
<BR>[Calls]<UL><LI><a href="#[1112988]">&gt;&gt;</a>&nbsp;&nbsp;&nbsp;Get_File_Info
<LI><a href="#[1194fb8]">&gt;&gt;</a>&nbsp;&nbsp;&nbsp;Show_File
</UL>
<BR>[Called By]<UL><LI><a href="#[f871a0]">&gt;&gt;</a>&nbsp;&nbsp;&nbsp;Pic_Viewer
<LI><a href="#[f87668]">&gt;&gt;</a>&nbsp;&nbsp;&nbsp;Ebook_Play
</UL>

<P><STRONG><a name="[f875d8]"></a>Font_Init</STRONG> (Thumb, 80 bytes, Stack size 16 bytes, fontupd.o(i.Font_Init))
<BR><BR>[Stack]<UL><LI>Max Depth = 40<LI>Call Chain = Font_Init &rArr; SPI_Flash_Read
</UL>
<BR>[Calls]<UL><LI><a href="#[10b7a78]">&gt;&gt;</a>&nbsp;&nbsp;&nbsp;SPI_Flash_Read
</UL>
<BR>[Called By]<UL><LI><a href="#[f87788]">&gt;&gt;</a>&nbsp;&nbsp;&nbsp;main
</UL>

<P><STRONG><a name="[11951f8]"></a>GUI_DrawLine</STRONG> (Thumb, 52 bytes, Stack size 32 bytes, gui.o(i.GUI_DrawLine))
<BR><BR>[Stack]<UL><LI>Max Depth = 104<LI>Call Chain = GUI_DrawLine &rArr; LCD_DrawLine
</UL>
<BR>[Calls]<UL><LI><a href="#[1064930]">&gt;&gt;</a>&nbsp;&nbsp;&nbsp;LCD_DrawLine
</UL>
<BR>[Called By]<UL><LI><a href="#[11951b0]">&gt;&gt;</a>&nbsp;&nbsp;&nbsp;GUI_Draw_Button
</UL>

<P><STRONG><a name="[11951b0]"></a>GUI_Draw_Button</STRONG> (Thumb, 288 bytes, Stack size 40 bytes, gui.o(i.GUI_Draw_Button))
<BR><BR>[Stack]<UL><LI>Max Depth = 248<LI>Call Chain = GUI_Draw_Button &rArr; Show_Str_Mid &rArr; Show_Str &rArr; Show_Font &rArr; Get_HzMat &rArr; SPI_Flash_Read
</UL>
<BR>[Calls]<UL><LI><a href="#[1064858]">&gt;&gt;</a>&nbsp;&nbsp;&nbsp;LCD_Fill
<LI><a href="#[110aae0]">&gt;&gt;</a>&nbsp;&nbsp;&nbsp;Show_Str_Mid
<LI><a href="#[11951f8]">&gt;&gt;</a>&nbsp;&nbsp;&nbsp;GUI_DrawLine
</UL>
<BR>[Called By]<UL><LI><a href="#[119b8c8]">&gt;&gt;</a>&nbsp;&nbsp;&nbsp;Load_Game_ICO
<LI><a href="#[11e2890]">&gt;&gt;</a>&nbsp;&nbsp;&nbsp;Wireless_Mode_Set
</UL>

<P><STRONG><a name="[f87590]"></a>Game_Play</STRONG> (Thumb, 304 bytes, Stack size 16 bytes, ptgame.o(i.Game_Play))
<BR><BR>[Stack]<UL><LI>Max Depth = 592<LI>Call Chain = Game_Play &rArr; PTGame_Play &rArr; Move_Pic &rArr; AI_LoadPicFile &rArr; Decode &rArr; IQtIZzMCUComponent &rArr; IQtIZzBlock &rArr; Fast_IDCT &rArr; idctrow
</UL>
<BR>[Calls]<UL><LI><a href="#[119b910]">&gt;&gt;</a>&nbsp;&nbsp;&nbsp;Load_Fun_Sel
<LI><a href="#[119b958]">&gt;&gt;</a>&nbsp;&nbsp;&nbsp;Save_PTG_Info
<LI><a href="#[119b9a0]">&gt;&gt;</a>&nbsp;&nbsp;&nbsp;Save_PTG_Best
<LI><a href="#[119b9e8]">&gt;&gt;</a>&nbsp;&nbsp;&nbsp;Read_PTG_Info
<LI><a href="#[119bb50]">&gt;&gt;</a>&nbsp;&nbsp;&nbsp;PTGame_Play
<LI><a href="#[119bc28]">&gt;&gt;</a>&nbsp;&nbsp;&nbsp;PTG_Best_Show
</UL>
<BR>[Called By]<UL><LI><a href="#[f87788]">&gt;&gt;</a>&nbsp;&nbsp;&nbsp;main
</UL>

<P><STRONG><a name="[ff8710]"></a>GetEPRxAddr</STRONG> (Thumb, 24 bytes, Stack size 0 bytes, usb_regs.o(i.GetEPRxAddr))
<BR><BR>[Called By]<UL><LI><a href="#[ff9400]">&gt;&gt;</a>&nbsp;&nbsp;&nbsp;DataStageOut
</UL>

<P><STRONG><a name="[feb9b0]"></a>GetEPRxCount</STRONG> (Thumb, 26 bytes, Stack size 0 bytes, usb_regs.o(i.GetEPRxCount))
<BR><BR>[Called By]<UL><LI><a href="#[fd22f8]">&gt;&gt;</a>&nbsp;&nbsp;&nbsp;Mass_Storage_Out
</UL>

<P><STRONG><a name="[ff86c8]"></a>GetEPTxAddr</STRONG> (Thumb, 22 bytes, Stack size 0 bytes, usb_regs.o(i.GetEPTxAddr))
<BR><BR>[Called By]<UL><LI><a href="#[ff9448]">&gt;&gt;</a>&nbsp;&nbsp;&nbsp;DataStageIn
</UL>

<P><STRONG><a name="[1101740]"></a>GetYUV</STRONG> (Thumb, 226 bytes, Stack size 28 bytes, jpegdecode.o(i.GetYUV))
<BR><BR>[Stack]<UL><LI>Max Depth = 28<LI>Call Chain = GetYUV
</UL>
<BR>[Called By]<UL><LI><a href="#[1101860]">&gt;&gt;</a>&nbsp;&nbsp;&nbsp;Decode
</UL>

<P><STRONG><a name="[1088f10]"></a>Get_Adc</STRONG> (Thumb, 66 bytes, Stack size 0 bytes, adc.o(i.Get_Adc))
<BR><BR>[Called By]<UL><LI><a href="#[1088ec8]">&gt;&gt;</a>&nbsp;&nbsp;&nbsp;Get_Temp
</UL>

<P><STRONG><a name="[1118720]"></a>Get_Adjdata</STRONG> (Thumb, 114 bytes, Stack size 16 bytes, touch.o(i.Get_Adjdata))
<BR><BR>[Stack]<UL><LI>Max Depth = 56<LI>Call Chain = Get_Adjdata &rArr; AT24CXX_ReadOneByte &rArr; IIC_Read_Byte &rArr; IIC_NAck
</UL>
<BR>[Calls]<UL><LI><a href="#[1082888]">&gt;&gt;</a>&nbsp;&nbsp;&nbsp;AT24CXX_ReadOneByte
<LI><a href="#[10828d0]">&gt;&gt;</a>&nbsp;&nbsp;&nbsp;AT24CXX_ReadLenByte
<LI><a href="#[12cfeb0]">&gt;&gt;</a>&nbsp;&nbsp;&nbsp;__aeabi_i2f
<LI><a href="#[12d0a38]">&gt;&gt;</a>&nbsp;&nbsp;&nbsp;__aeabi_fdiv
</UL>
<BR>[Called By]<UL><LI><a href="#[f86e88]">&gt;&gt;</a>&nbsp;&nbsp;&nbsp;Touch_Init
</UL>

<P><STRONG><a name="[1112988]"></a>Get_File_Info</STRONG> (Thumb, 828 bytes, Stack size 72 bytes, fat.o(i.Get_File_Info))
<BR><BR>[Stack]<UL><LI>Max Depth = 128<LI>Call Chain = Get_File_Info &rArr; FAT_NextCluster &rArr; SD_ReadSingleBlock &rArr; SD_SendCommand
</UL>
<BR>[Calls]<UL><LI><a href="#[10ad150]">&gt;&gt;</a>&nbsp;&nbsp;&nbsp;SD_ReadSingleBlock
<LI><a href="#[1112940]">&gt;&gt;</a>&nbsp;&nbsp;&nbsp;fatClustToSect
<LI><a href="#[11129d0]">&gt;&gt;</a>&nbsp;&nbsp;&nbsp;FileType_Tell
<LI><a href="#[1112b80]">&gt;&gt;</a>&nbsp;&nbsp;&nbsp;FAT_NextCluster
<LI><a href="#[1112c10]">&gt;&gt;</a>&nbsp;&nbsp;&nbsp;CopyDirentruyItem
</UL>
<BR>[Called By]<UL><LI><a href="#[f871a0]">&gt;&gt;</a>&nbsp;&nbsp;&nbsp;Pic_Viewer
<LI><a href="#[f87668]">&gt;&gt;</a>&nbsp;&nbsp;&nbsp;Ebook_Play
<LI><a href="#[1195240]">&gt;&gt;</a>&nbsp;&nbsp;&nbsp;File_Browse
</UL>

<P><STRONG><a name="[10fd260]"></a>Get_Game_Pic_Str</STRONG> (Thumb, 88 bytes, Stack size 8 bytes, sysfile.o(i.Get_Game_Pic_Str))
<BR><BR>[Stack]<UL><LI>Max Depth = 8<LI>Call Chain = Get_Game_Pic_Str
</UL>
<BR>[Called By]<UL><LI><a href="#[f86f60]">&gt;&gt;</a>&nbsp;&nbsp;&nbsp;SysInfoGet
</UL>

<P><STRONG><a name="[110abb8]"></a>Get_HzMat</STRONG> (Thumb, 152 bytes, Stack size 32 bytes, text.o(i.Get_HzMat))
<BR><BR>[Stack]<UL><LI>Max Depth = 56<LI>Call Chain = Get_HzMat &rArr; SPI_Flash_Read
</UL>
<BR>[Calls]<UL><LI><a href="#[10b7a78]">&gt;&gt;</a>&nbsp;&nbsp;&nbsp;SPI_Flash_Read
</UL>
<BR>[Called By]<UL><LI><a href="#[110ab70]">&gt;&gt;</a>&nbsp;&nbsp;&nbsp;Show_Font
</UL>

<P><STRONG><a name="[fc9718]"></a>Get_Max_Lun</STRONG> (Thumb, 20 bytes, Stack size 0 bytes, usb_prop.o(i.Get_Max_Lun))
<BR>[Address Reference Count : 1]<UL><LI> usb_prop.o(i.MASS_Data_Setup)
</UL>
<P><STRONG><a name="[119bd90]"></a>Get_PTG_Time</STRONG> (Thumb, 14 bytes, Stack size 0 bytes, ptgame.o(i.Get_PTG_Time))
<BR><BR>[Called By]<UL><LI><a href="#[119bb50]">&gt;&gt;</a>&nbsp;&nbsp;&nbsp;PTGame_Play
</UL>

<P><STRONG><a name="[119bd48]"></a>Get_Ps_Addr</STRONG> (Thumb, 110 bytes, Stack size 16 bytes, ptgame.o(i.Get_Ps_Addr))
<BR><BR>[Stack]<UL><LI>Max Depth = 16<LI>Call Chain = Get_Ps_Addr
</UL>
<BR>[Called By]<UL><LI><a href="#[119bcb8]">&gt;&gt;</a>&nbsp;&nbsp;&nbsp;Move_Pic
<LI><a href="#[119bd00]">&gt;&gt;</a>&nbsp;&nbsp;&nbsp;Load_Game_PIC
</UL>

<P><STRONG><a name="[fe3828]"></a>Get_SerialNum</STRONG> (Thumb, 66 bytes, Stack size 8 bytes, hw_config.o(i.Get_SerialNum))
<BR><BR>[Stack]<UL><LI>Max Depth = 8<LI>Call Chain = Get_SerialNum
</UL>
<BR>[Called By]<UL><LI><a href="#[fc9448]">&gt;&gt;</a>&nbsp;&nbsp;&nbsp;MASS_init
</UL>

<P><STRONG><a name="[1088ec8]"></a>Get_Temp</STRONG> (Thumb, 124 bytes, Stack size 48 bytes, adc.o(i.Get_Temp))
<BR><BR>[Stack]<UL><LI>Max Depth = 64<LI>Call Chain = Get_Temp &rArr; __aeabi_dmul
</UL>
<BR>[Calls]<UL><LI><a href="#[1088f10]">&gt;&gt;</a>&nbsp;&nbsp;&nbsp;Get_Adc
<LI><a href="#[12cfbd8]">&gt;&gt;</a>&nbsp;&nbsp;&nbsp;__aeabi_fmul
<LI><a href="#[12cfdd8]">&gt;&gt;</a>&nbsp;&nbsp;&nbsp;__aeabi_ui2f
<LI><a href="#[12d0720]">&gt;&gt;</a>&nbsp;&nbsp;&nbsp;__aeabi_f2iz
<LI><a href="#[12d13a8]">&gt;&gt;</a>&nbsp;&nbsp;&nbsp;__aeabi_f2d
<LI><a href="#[12d1558]">&gt;&gt;</a>&nbsp;&nbsp;&nbsp;__aeabi_dmul
<LI><a href="#[12d2320]">&gt;&gt;</a>&nbsp;&nbsp;&nbsp;__aeabi_ddiv
<LI><a href="#[12d2760]">&gt;&gt;</a>&nbsp;&nbsp;&nbsp;__aeabi_drsub
<LI><a href="#[12d2838]">&gt;&gt;</a>&nbsp;&nbsp;&nbsp;__aeabi_dadd
<LI><a href="#[12d2d20]">&gt;&gt;</a>&nbsp;&nbsp;&nbsp;__aeabi_d2f
</UL>
<BR>[Called By]<UL><LI><a href="#[f86f18]">&gt;&gt;</a>&nbsp;&nbsp;&nbsp;Time_Viewer
</UL>

<P><STRONG><a name="[11016f8]"></a>HufBlock</STRONG> (Thumb, 166 bytes, Stack size 24 bytes, jpegdecode.o(i.HufBlock))
<BR><BR>[Stack]<UL><LI>Max Depth = 184<LI>Call Chain = HufBlock &rArr; DecodeElement &rArr; ReadByte &rArr; P_Cal &rArr; F_Read &rArr; FAT_NextCluster &rArr; SD_ReadSingleBlock &rArr; SD_SendCommand
</UL>
<BR>[Calls]<UL><LI><a href="#[1101818]">&gt;&gt;</a>&nbsp;&nbsp;&nbsp;DecodeElement
</UL>
<BR>[Called By]<UL><LI><a href="#[11017d0]">&gt;&gt;</a>&nbsp;&nbsp;&nbsp;DecodeMCUBlock
</UL>

<P><STRONG><a name="[107e928]"></a>IIC_Ack</STRONG> (Thumb, 66 bytes, Stack size 8 bytes, myiic.o(i.IIC_Ack))
<BR><BR>[Stack]<UL><LI>Max Depth = 8<LI>Call Chain = IIC_Ack
</UL>
<BR>[Calls]<UL><LI><a href="#[f823f8]">&gt;&gt;</a>&nbsp;&nbsp;&nbsp;delay_us
</UL>
<BR>[Called By]<UL><LI><a href="#[1082720]">&gt;&gt;</a>&nbsp;&nbsp;&nbsp;IIC_Read_Byte
</UL>

<P><STRONG><a name="[1082768]"></a>IIC_Init</STRONG> (Thumb, 46 bytes, Stack size 0 bytes, myiic.o(i.IIC_Init))
<BR><BR>[Called By]<UL><LI><a href="#[1082960]">&gt;&gt;</a>&nbsp;&nbsp;&nbsp;AT24CXX_Init
</UL>

<P><STRONG><a name="[107e8e0]"></a>IIC_NAck</STRONG> (Thumb, 66 bytes, Stack size 8 bytes, myiic.o(i.IIC_NAck))
<BR><BR>[Stack]<UL><LI>Max Depth = 8<LI>Call Chain = IIC_NAck
</UL>
<BR>[Calls]<UL><LI><a href="#[f823f8]">&gt;&gt;</a>&nbsp;&nbsp;&nbsp;delay_us
</UL>
<BR>[Called By]<UL><LI><a href="#[1082720]">&gt;&gt;</a>&nbsp;&nbsp;&nbsp;IIC_Read_Byte
</UL>

<P><STRONG><a name="[1082720]"></a>IIC_Read_Byte</STRONG> (Thumb, 98 bytes, Stack size 16 bytes, myiic.o(i.IIC_Read_Byte))
[...]
</UL>

<P><STRONG><a name="[12d0288]"></a>__fpl_inf_ffixu</STRONG> (Thumb, 0 bytes, Stack size unknown bytes, ffixu.o(x$fpl$ffixu), UNUSED)

<P><STRONG><a name="[12cfeb0]"></a>__aeabi_i2f</STRONG> (Thumb, 0 bytes, Stack size 0 bytes, fflt.o(x$fpl$fflt))
<BR><BR>[Called By]<UL><LI><a href="#[f86ed0]">&gt;&gt;</a>&nbsp;&nbsp;&nbsp;Touch_Adjust
<LI><a href="#[10a58e0]">&gt;&gt;</a>&nbsp;&nbsp;&nbsp;DS18B20_Get_Temp
<LI><a href="#[1118720]">&gt;&gt;</a>&nbsp;&nbsp;&nbsp;Get_Adjdata
<LI><a href="#[11187f8]">&gt;&gt;</a>&nbsp;&nbsp;&nbsp;Convert_Pos
</UL>

<P><STRONG><a name="[12cfe68]"></a>_fflt</STRONG> (Thumb, 50 bytes, Stack size 0 bytes, fflt.o(x$fpl$fflt), UNUSED)

<P><STRONG><a name="[12cfe20]"></a>__fflt_normalise</STRONG> (Thumb, 0 bytes, Stack size unknown bytes, fflt.o(x$fpl$fflt), UNUSED)
<BR><BR>[Called By]<UL><LI><a href="#[12cfd90]">&gt;&gt;</a>&nbsp;&nbsp;&nbsp;_ffltu
</UL>

<P><STRONG><a name="[12cfdd8]"></a>__aeabi_ui2f</STRONG> (Thumb, 0 bytes, Stack size 0 bytes, fflt.o(x$fpl$ffltu))
<BR><BR>[Called By]<UL><LI><a href="#[f86c48]">&gt;&gt;</a>&nbsp;&nbsp;&nbsp;uart_init
<LI><a href="#[f86d68]">&gt;&gt;</a>&nbsp;&nbsp;&nbsp;Update_Font
<LI><a href="#[f86ed0]">&gt;&gt;</a>&nbsp;&nbsp;&nbsp;Touch_Adjust
<LI><a href="#[1088ec8]">&gt;&gt;</a>&nbsp;&nbsp;&nbsp;Get_Temp
<LI><a href="#[1101938]">&gt;&gt;</a>&nbsp;&nbsp;&nbsp;AI_Drow_Init
<LI><a href="#[11187f8]">&gt;&gt;</a>&nbsp;&nbsp;&nbsp;Convert_Pos
</UL>

<P><STRONG><a name="[12cfd90]"></a>_ffltu</STRONG> (Thumb, 8 bytes, Stack size 0 bytes, fflt.o(x$fpl$ffltu), UNUSED)
<BR><BR>[Calls]<UL><LI><a href="#[12cfe20]">&gt;&gt;</a>&nbsp;&nbsp;&nbsp;__fflt_normalise
</UL>

<P><STRONG><a name="[12cf2c8]"></a>__aeabi_cfcmple</STRONG> (Thumb, 0 bytes, Stack size 0 bytes, fleqf.o(x$fpl$fleqf))
<BR><BR>[Called By]<UL><LI><a href="#[1101938]">&gt;&gt;</a>&nbsp;&nbsp;&nbsp;AI_Drow_Init
</UL>

<P><STRONG><a name="[12cf280]"></a>_fcmple</STRONG> (Thumb, 90 bytes, Stack size 0 bytes, fleqf.o(x$fpl$fleqf), UNUSED)
<BR><BR>[Calls]<UL><LI><a href="#[12cc788]">&gt;&gt;</a>&nbsp;&nbsp;&nbsp;__fpl_fcmp_InfNaN
</UL>

<P><STRONG><a name="[12cfbd8]"></a>__aeabi_fmul</STRONG> (Thumb, 0 bytes, Stack size 0 bytes, fmul.o(x$fpl$fmul))
<BR><BR>[Called By]<UL><LI><a href="#[f86c48]">&gt;&gt;</a>&nbsp;&nbsp;&nbsp;uart_init
<LI><a href="#[f86d68]">&gt;&gt;</a>&nbsp;&nbsp;&nbsp;Update_Font
<LI><a href="#[f86ed0]">&gt;&gt;</a>&nbsp;&nbsp;&nbsp;Touch_Adjust
<LI><a href="#[1088ec8]">&gt;&gt;</a>&nbsp;&nbsp;&nbsp;Get_Temp
<LI><a href="#[1101938]">&gt;&gt;</a>&nbsp;&nbsp;&nbsp;AI_Drow_Init
<LI><a href="#[1118570]">&gt;&gt;</a>&nbsp;&nbsp;&nbsp;Save_Adjdata
<LI><a href="#[11187f8]">&gt;&gt;</a>&nbsp;&nbsp;&nbsp;Convert_Pos
</UL>

<P><STRONG><a name="[12cfb90]"></a>_fmul</STRONG> (Thumb, 258 bytes, Stack size 0 bytes, fmul.o(x$fpl$fmul), UNUSED)
<BR><BR>[Calls]<UL><LI><a href="#[12cca58]">&gt;&gt;</a>&nbsp;&nbsp;&nbsp;__fpl_fcheck_NaN2
<LI><a href="#[12d2b70]">&gt;&gt;</a>&nbsp;&nbsp;&nbsp;__fpl_infinity (Weak Reference)
</UL>

<P><STRONG><a name="[12cfb48]"></a>__fpl_inf_fmul</STRONG> (Thumb, 0 bytes, Stack size unknown bytes, fmul.o(x$fpl$fmul), UNUSED)

<P><STRONG><a name="[12cc570]"></a>__fpl_normalise2</STRONG> (Thumb, 74 bytes, Stack size 4 bytes, fnorm2.o(x$fpl$fnorm2), UNUSED)

<P><STRONG><a name="[12c9680]"></a>_fp_init</STRONG> (Thumb, 14 bytes, Stack size 8 bytes, fpinit.o(x$fpl$fpinit))
<BR><BR>[Stack]<UL><LI>Max Depth = 8<LI>Call Chain = _fp_init
</UL>
<BR>[Calls]<UL><LI><a href="#[12c90c0]">&gt;&gt;</a>&nbsp;&nbsp;&nbsp;__rt_fp_status_addr
</UL>
<BR>[Called By]<UL><LI><a href="#[12cb270]">&gt;&gt;</a>&nbsp;&nbsp;&nbsp;__rt_lib_init
</UL>

<P><STRONG><a name="[12c9638]"></a>__fplib_config_pureend_doubles</STRONG> (Thumb, 0 bytes, Stack size unknown bytes, fpinit.o(x$fpl$fpinit), UNUSED)

<P><STRONG><a name="[12cf098]"></a>__aeabi_cfrcmple</STRONG> (Thumb, 0 bytes, Stack size 0 bytes, frleqf.o(x$fpl$frleqf))
<BR><BR>[Called By]<UL><LI><a href="#[1101938]">&gt;&gt;</a>&nbsp;&nbsp;&nbsp;AI_Drow_Init
</UL>

<P><STRONG><a name="[12cf050]"></a>_frcmple</STRONG> (Thumb, 102 bytes, Stack size 0 bytes, frleqf.o(x$fpl$frleqf), UNUSED)
<BR><BR>[Calls]<UL><LI><a href="#[12cc788]">&gt;&gt;</a>&nbsp;&nbsp;&nbsp;__fpl_fcmp_InfNaN
</UL>

<P><STRONG><a name="[12d0e28]"></a>__aeabi_frsub</STRONG> (Thumb, 0 bytes, Stack size 0 bytes, faddsub.o(x$fpl$frsb))
<BR><BR>[Called By]<UL><LI><a href="#[f86c48]">&gt;&gt;</a>&nbsp;&nbsp;&nbsp;uart_init
<LI><a href="#[f86ed0]">&gt;&gt;</a>&nbsp;&nbsp;&nbsp;Touch_Adjust
</UL>

<P><STRONG><a name="[12d0de0]"></a>_frsb</STRONG> (Thumb, 20 bytes, Stack size 0 bytes, faddsub.o(x$fpl$frsb), UNUSED)
<BR><BR>[Calls]<UL><LI><a href="#[12d0f48]">&gt;&gt;</a>&nbsp;&nbsp;&nbsp;_fsub1
<LI><a href="#[12d0f90]">&gt;&gt;</a>&nbsp;&nbsp;&nbsp;_fadd1
</UL>

<P><STRONG><a name="[12d0d98]"></a>__aeabi_fsub</STRONG> (Thumb, 0 bytes, Stack size 0 bytes, faddsub.o(x$fpl$fsub))
<BR><BR>[Called By]<UL><LI><a href="#[1101938]">&gt;&gt;</a>&nbsp;&nbsp;&nbsp;AI_Drow_Init
</UL>

<P><STRONG><a name="[12d0d50]"></a>_fsub</STRONG> (Thumb, 282 bytes, Stack size 0 bytes, faddsub.o(x$fpl$fsub), UNUSED)
<BR><BR>[Calls]<UL><LI><a href="#[12cca58]">&gt;&gt;</a>&nbsp;&nbsp;&nbsp;__fpl_fcheck_NaN2
<LI><a href="#[12d0f90]">&gt;&gt;</a>&nbsp;&nbsp;&nbsp;_fadd1
<LI><a href="#[12d2b70]">&gt;&gt;</a>&nbsp;&nbsp;&nbsp;__fpl_infinity (Weak Reference)
</UL>

<P><STRONG><a name="[12d0d08]"></a>__fpl_inf_fsub</STRONG> (Thumb, 0 bytes, Stack size unknown bytes, faddsub.o(x$fpl$fsub), UNUSED)

<P><STRONG><a name="[12cc3a8]"></a>__funder</STRONG> (Thumb, 128 bytes, Stack size 0 bytes, funder.o(x$fpl$funder), UNUSED)

<P><STRONG><a name="[12cc360]"></a>__funder_d</STRONG> (Thumb, 2 bytes, Stack size 0 bytes, funder.o(x$fpl$funder), UNUSED)

<P><STRONG><a name="[12ca3c8]"></a>__fpl_return_NaN</STRONG> (Thumb, 100 bytes, Stack size 0 bytes, retnan.o(x$fpl$retnan))
<BR><BR>[Called By]<UL><LI><a href="#[12cc8f0]">&gt;&gt;</a>&nbsp;&nbsp;&nbsp;__fpl_fcheck_NaN1
<LI><a href="#[12cca58]">&gt;&gt;</a>&nbsp;&nbsp;&nbsp;__fpl_fcheck_NaN2
<LI><a href="#[12cd1a0]">&gt;&gt;</a>&nbsp;&nbsp;&nbsp;__fpl_dcheck_NaN1
<LI><a href="#[12cd350]">&gt;&gt;</a>&nbsp;&nbsp;&nbsp;__fpl_dcheck_NaN2
</UL>

<P><STRONG><a name="[12ca1d8]"></a>__fpl_cmpreturn</STRONG> (Thumb, 48 bytes, Stack size 0 bytes, trapv.o(x$fpl$trapveneer), UNUSED)
<BR><BR>[Called By]<UL><LI><a href="#[12cc788]">&gt;&gt;</a>&nbsp;&nbsp;&nbsp;__fpl_fcmp_InfNaN
<LI><a href="#[12cd038]">&gt;&gt;</a>&nbsp;&nbsp;&nbsp;__fpl_dcmp_InfNaN
</UL>
<P>
<H3>
Local Symbols
</H3>
<P><STRONG><a name="[ff9448]"></a>DataStageIn</STRONG> (Thumb, 166 bytes, Stack size 32 bytes, usb_core.o(i.DataStageIn))
<BR><BR>[Stack]<UL><LI>Max Depth = 52<LI>Call Chain = DataStageIn &rArr; UserToPMABufferCopy
</UL>
<BR>[Calls]<UL><LI><a href="#[ff84d0]">&gt;&gt;</a>&nbsp;&nbsp;&nbsp;UserToPMABufferCopy
<LI><a href="#[ff8560]">&gt;&gt;</a>&nbsp;&nbsp;&nbsp;SetEPTxCount
<LI><a href="#[ff86c8]">&gt;&gt;</a>&nbsp;&nbsp;&nbsp;GetEPTxAddr
</UL>
<BR>[Called By]<UL><LI><a href="#[ff8cb0]">&gt;&gt;</a>&nbsp;&nbsp;&nbsp;In0_Process
<LI><a href="#[ff93b8]">&gt;&gt;</a>&nbsp;&nbsp;&nbsp;Data_Setup0
</UL>

<P><STRONG><a name="[ff9400]"></a>DataStageOut</STRONG> (Thumb, 166 bytes, Stack size 24 bytes, usb_core.o(i.DataStageOut))
<BR><BR>[Stack]<UL><LI>Max Depth = 44<LI>Call Chain = DataStageOut &rArr; PMAToUserBufferCopy
</UL>
<BR>[Calls]<UL><LI><a href="#[ff8560]">&gt;&gt;</a>&nbsp;&nbsp;&nbsp;SetEPTxCount
<LI><a href="#[ff8680]">&gt;&gt;</a>&nbsp;&nbsp;&nbsp;PMAToUserBufferCopy
<LI><a href="#[ff8710]">&gt;&gt;</a>&nbsp;&nbsp;&nbsp;GetEPRxAddr
</UL>
<BR>[Called By]<UL><LI><a href="#[ff8c20]">&gt;&gt;</a>&nbsp;&nbsp;&nbsp;Out0_Process
</UL>

<P><STRONG><a name="[ff93b8]"></a>Data_Setup0</STRONG> (Thumb, 620 bytes, Stack size 40 bytes, usb_core.o(i.Data_Setup0))
<BR><BR>[Stack]<UL><LI>Max Depth = 92<LI>Call Chain = Data_Setup0 &rArr; DataStageIn &rArr; UserToPMABufferCopy
</UL>
<BR>[Calls]<UL><LI><a href="#[ff9448]">&gt;&gt;</a>&nbsp;&nbsp;&nbsp;DataStageIn
</UL>
<BR>[Called By]<UL><LI><a href="#[ff8b48]">&gt;&gt;</a>&nbsp;&nbsp;&nbsp;Setup0_Process
</UL>

<P><STRONG><a name="[ff9370]"></a>NoData_Setup0</STRONG> (Thumb, 300 bytes, Stack size 16 bytes, usb_core.o(i.NoData_Setup0))
<BR><BR>[Stack]<UL><LI>Max Depth = 56<LI>Call Chain = NoData_Setup0 &rArr; Standard_ClearFeature &rArr; SetEPTxStatus
</UL>
<BR>[Calls]<UL><LI><a href="#[ff88c0]">&gt;&gt;</a>&nbsp;&nbsp;&nbsp;Standard_SetInterface
<LI><a href="#[ff8908]">&gt;&gt;</a>&nbsp;&nbsp;&nbsp;Standard_SetEndPointFeature
<LI><a href="#[ff8950]">&gt;&gt;</a>&nbsp;&nbsp;&nbsp;Standard_SetDeviceFeature
<LI><a href="#[ff8998]">&gt;&gt;</a>&nbsp;&nbsp;&nbsp;Standard_SetConfiguration
<LI><a href="#[ff8b00]">&gt;&gt;</a>&nbsp;&nbsp;&nbsp;Standard_ClearFeature
</UL>
<BR>[Called By]<UL><LI><a href="#[ff8b48]">&gt;&gt;</a>&nbsp;&nbsp;&nbsp;Setup0_Process
</UL>

<P><STRONG><a name="[12d28c8]"></a>_dadd1</STRONG> (Thumb, 0 bytes, Stack size unknown bytes, daddsub.o(x$fpl$dadd), UNUSED)
<BR><BR>[Called By]<UL><LI><a href="#[12d2688]">&gt;&gt;</a>&nbsp;&nbsp;&nbsp;_dsub
<LI><a href="#[12d2718]">&gt;&gt;</a>&nbsp;&nbsp;&nbsp;_drsb
</UL>

<P><STRONG><a name="[12d2880]"></a>_dsub1</STRONG> (Thumb, 0 bytes, Stack size unknown bytes, daddsub.o(x$fpl$dsub), UNUSED)
<BR><BR>[Called By]<UL><LI><a href="#[12d2718]">&gt;&gt;</a>&nbsp;&nbsp;&nbsp;_drsb
<LI><a href="#[12d27f0]">&gt;&gt;</a>&nbsp;&nbsp;&nbsp;_dadd
</UL>

<P><STRONG><a name="[12d0f90]"></a>_fadd1</STRONG> (Thumb, 0 bytes, Stack size unknown bytes, faddsub.o(x$fpl$fadd), UNUSED)
<BR><BR>[Called By]<UL><LI><a href="#[12d0d50]">&gt;&gt;</a>&nbsp;&nbsp;&nbsp;_fsub
<LI><a href="#[12d0de0]">&gt;&gt;</a>&nbsp;&nbsp;&nbsp;_frsb
</UL>

<P><STRONG><a name="[12d0f48]"></a>_fsub1</STRONG> (Thumb, 0 bytes, Stack size unknown bytes, faddsub.o(x$fpl$fsub), UNUSED)
<BR><BR>[Called By]<UL><LI><a href="#[12d0de0]">&gt;&gt;</a>&nbsp;&nbsp;&nbsp;_frsb
<LI><a href="#[12d0eb8]">&gt;&gt;</a>&nbsp;&nbsp;&nbsp;_fadd
</UL>
<P>
<H3>
Undefined Global Symbols
</H3>
<P><STRONG><a name="[12cb150]"></a>__ARM_exceptions_init</STRONG> (Unknown, 0 bytes, Stack size 0 bytes, UNDEFINED)
<BR><BR>[Called By]<UL><LI><a href="#[12cb270]">&gt;&gt;</a>&nbsp;&nbsp;&nbsp;__rt_lib_init (Weak Reference)
</UL>

<P><STRONG><a name="[12cb108]"></a>__Heap_DescSize</STRONG> (Unknown, 0 bytes, Stack size 0 bytes, UNDEFINED)
<BR><BR>[Called By]<UL><LI><a href="#[12cb270]">&gt;&gt;</a>&nbsp;&nbsp;&nbsp;__rt_lib_init (Weak Reference)
</UL>

<P><STRONG><a name="[12cb0c0]"></a>__alloca_initialize</STRONG> (Unknown, 0 bytes, Stack size 0 bytes, UNDEFINED)
<BR><BR>[Called By]<UL><LI><a href="#[12cb270]">&gt;&gt;</a>&nbsp;&nbsp;&nbsp;__rt_lib_init (Weak Reference)
</UL>

<P><STRONG><a name="[12cb078]"></a>__cpp_initialize__aeabi_</STRONG> (Unknown, 0 bytes, Stack size 0 bytes, UNDEFINED)
<BR><BR>[Called By]<UL><LI><a href="#[12cb270]">&gt;&gt;</a>&nbsp;&nbsp;&nbsp;__rt_lib_init (Weak Reference)
</UL>

<P><STRONG><a name="[12cb030]"></a>__cxa_finalize</STRONG> (Unknown, 0 bytes, Stack size 0 bytes, UNDEFINED)
<BR><BR>[Called By]<UL><LI><a href="#[12cb228]">&gt;&gt;</a>&nbsp;&nbsp;&nbsp;__rt_lib_shutdown (Weak Reference)
</UL>

<P><STRONG><a name="[12d2b70]"></a>__fpl_infinity</STRONG> (Unknown, 0 bytes, Stack size 0 bytes, UNDEFINED)
<BR><BR>[Called By]<UL><LI><a href="#[12cc788]">&gt;&gt;</a>&nbsp;&nbsp;&nbsp;__fpl_fcmp_InfNaN (Weak Reference)
<LI><a href="#[12ccda8]">&gt;&gt;</a>&nbsp;&nbsp;&nbsp;_dsqrt (Weak Reference)
<LI><a href="#[12cd038]">&gt;&gt;</a>&nbsp;&nbsp;&nbsp;__fpl_dcmp_InfNaN (Weak Reference)
<LI><a href="#[12cfb90]">&gt;&gt;</a>&nbsp;&nbsp;&nbsp;_fmul (Weak Reference)
<LI><a href="#[12d02d0]">&gt;&gt;</a>&nbsp;&nbsp;&nbsp;_ffixu (Weak Reference)
<LI><a href="#[12d06d8]">&gt;&gt;</a>&nbsp;&nbsp;&nbsp;_ffix (Weak Reference)
<LI><a href="#[12d09f0]">&gt;&gt;</a>&nbsp;&nbsp;&nbsp;_fdiv (Weak Reference)
<LI><a href="#[12d0d50]">&gt;&gt;</a>&nbsp;&nbsp;&nbsp;_fsub (Weak Reference)
<LI><a href="#[12d0eb8]">&gt;&gt;</a>&nbsp;&nbsp;&nbsp;_fadd (Weak Reference)
<LI><a href="#[12d1360]">&gt;&gt;</a>&nbsp;&nbsp;&nbsp;_f2d (Weak Reference)
<LI><a href="#[12d1510]">&gt;&gt;</a>&nbsp;&nbsp;&nbsp;_dmul (Weak Reference)
<LI><a href="#[12d1c08]">&gt;&gt;</a>&nbsp;&nbsp;&nbsp;_dfixu (Weak Reference)
<LI><a href="#[12d1fb0]">&gt;&gt;</a>&nbsp;&nbsp;&nbsp;_dfix (Weak Reference)
<LI><a href="#[12d22d8]">&gt;&gt;</a>&nbsp;&nbsp;&nbsp;_ddiv (Weak Reference)
<LI><a href="#[12d2688]">&gt;&gt;</a>&nbsp;&nbsp;&nbsp;_dsub (Weak Reference)
<LI><a href="#[12d27f0]">&gt;&gt;</a>&nbsp;&nbsp;&nbsp;_dadd (Weak Reference)
<LI><a href="#[12d2cd8]">&gt;&gt;</a>&nbsp;&nbsp;&nbsp;_d2f (Weak Reference)
</UL>

<P><STRONG><a name="[12d3100]"></a>__user_heap_extend</STRONG> (Unknown, 0 bytes, Stack size 0 bytes, UNDEFINED, UNUSED)
<BR><BR>[Called By]<UL><LI><a href="#[12d31d8]">&gt;&gt;</a>&nbsp;&nbsp;&nbsp;__rt_heap_extend (Weak Reference)
</UL>

<P><STRONG><a name="[12cafe8]"></a>_atexit_init</STRONG> (Unknown, 0 bytes, Stack size 0 bytes, UNDEFINED)
<BR><BR>[Called By]<UL><LI><a href="#[12cb270]">&gt;&gt;</a>&nbsp;&nbsp;&nbsp;__rt_lib_init (Weak Reference)
</UL>

<P><STRONG><a name="[12cb790]"></a>_call_atexit_fns</STRONG> (Unknown, 0 bytes, Stack size 0 bytes, UNDEFINED)
<BR><BR>[Called By]<UL><LI><a href="#[12cb820]">&gt;&gt;</a>&nbsp;&nbsp;&nbsp;exit (Weak Reference)
</UL>

<P><STRONG><a name="[12cafa0]"></a>_clock_init</STRONG> (Unknown, 0 bytes, Stack size 0 bytes, UNDEFINED)
<BR><BR>[Called By]<UL><LI><a href="#[12cb270]">&gt;&gt;</a>&nbsp;&nbsp;&nbsp;__rt_lib_init (Weak Reference)
</UL>

<P><STRONG><a name="[12caf58]"></a>_fp_trap_init</STRONG> (Unknown, 0 bytes, Stack size 0 bytes, UNDEFINED)
<BR><BR>[Called By]<UL><LI><a href="#[12cb270]">&gt;&gt;</a>&nbsp;&nbsp;&nbsp;__rt_lib_init (Weak Reference)
</UL>

<P><STRONG><a name="[12caf10]"></a>_get_lc_collate</STRONG> (Unknown, 0 bytes, Stack size 0 bytes, UNDEFINED)
<BR><BR>[Called By]<UL><LI><a href="#[12cb270]">&gt;&gt;</a>&nbsp;&nbsp;&nbsp;__rt_lib_init (Weak Reference)
</UL>

<P><STRONG><a name="[12caec8]"></a>_get_lc_ctype</STRONG> (Unknown, 0 bytes, Stack size 0 bytes, UNDEFINED)
<BR><BR>[Called By]<UL><LI><a href="#[12cb270]">&gt;&gt;</a>&nbsp;&nbsp;&nbsp;__rt_lib_init (Weak Reference)
</UL>

<P><STRONG><a name="[12cae80]"></a>_get_lc_monetary</STRONG> (Unknown, 0 bytes, Stack size 0 bytes, UNDEFINED)
<BR><BR>[Called By]<UL><LI><a href="#[12cb270]">&gt;&gt;</a>&nbsp;&nbsp;&nbsp;__rt_lib_init (Weak Reference)
</UL>

<P><STRONG><a name="[12cae38]"></a>_get_lc_numeric</STRONG> (Unknown, 0 bytes, Stack size 0 bytes, UNDEFINED)
<BR><BR>[Called By]<UL><LI><a href="#[12cb270]">&gt;&gt;</a>&nbsp;&nbsp;&nbsp;__rt_lib_init (Weak Reference)
</UL>

<P><STRONG><a name="[12cadf0]"></a>_get_lc_time</STRONG> (Unknown, 0 bytes, Stack size 0 bytes, UNDEFINED)
<BR><BR>[Called By]<UL><LI><a href="#[12cb270]">&gt;&gt;</a>&nbsp;&nbsp;&nbsp;__rt_lib_init (Weak Reference)
</UL>

<P><STRONG><a name="[12cada8]"></a>_getenv_init</STRONG> (Unknown, 0 bytes, Stack size 0 bytes, UNDEFINED)
<BR><BR>[Called By]<UL><LI><a href="#[12cb270]">&gt;&gt;</a>&nbsp;&nbsp;&nbsp;__rt_lib_init (Weak Reference)
</UL>

<P><STRONG><a name="[12cad60]"></a>_init_alloc</STRONG> (Unknown, 0 bytes, Stack size 0 bytes, UNDEFINED)
<BR><BR>[Called By]<UL><LI><a href="#[12cb270]">&gt;&gt;</a>&nbsp;&nbsp;&nbsp;__rt_lib_init (Weak Reference)
</UL>

<P><STRONG><a name="[12cad18]"></a>_init_user_alloc</STRONG> (Unknown, 0 bytes, Stack size 0 bytes, UNDEFINED)
<BR><BR>[Called By]<UL><LI><a href="#[12cb270]">&gt;&gt;</a>&nbsp;&nbsp;&nbsp;__rt_lib_init (Weak Reference)
</UL>

<P><STRONG><a name="[12cacd0]"></a>_initio</STRONG> (Unknown, 0 bytes, Stack size 0 bytes, UNDEFINED)
<BR><BR>[Called By]<UL><LI><a href="#[12cb270]">&gt;&gt;</a>&nbsp;&nbsp;&nbsp;__rt_lib_init (Weak Reference)
</UL>

<P><STRONG><a name="[12cd5e0]"></a>_mutex_acquire</STRONG> (Unknown, 0 bytes, Stack size 0 bytes, UNDEFINED, UNUSED)
<BR><BR>[Called By]<UL><LI><a href="#[12cd628]">&gt;&gt;</a>&nbsp;&nbsp;&nbsp;ferror (Weak Reference)
</UL>

<P><STRONG><a name="[12cd598]"></a>_mutex_release</STRONG> (Unknown, 0 bytes, Stack size 0 bytes, UNDEFINED, UNUSED)
<BR><BR>[Called By]<UL><LI><a href="#[12cd628]">&gt;&gt;</a>&nbsp;&nbsp;&nbsp;ferror (Weak Reference)
</UL>

<P><STRONG><a name="[12d4350]"></a>_printf_charcount</STRONG> (Unknown, 0 bytes, Stack size 0 bytes, UNDEFINED, UNUSED)
<BR><BR>[Called By]<UL><LI><a href="#[12d4470]">&gt;&gt;</a>&nbsp;&nbsp;&nbsp;__printf (Weak Reference)
</UL>

<P><STRONG><a name="[12d4308]"></a>_printf_fp_dec</STRONG> (Unknown, 0 bytes, Stack size 0 bytes, UNDEFINED, UNUSED)
<BR><BR>[Called By]<UL><LI><a href="#[12d4470]">&gt;&gt;</a>&nbsp;&nbsp;&nbsp;__printf (Weak Reference)
</UL>

<P><STRONG><a name="[12d42c0]"></a>_printf_fp_hex</STRONG> (Unknown, 0 bytes, Stack size 0 bytes, UNDEFINED, UNUSED)
<BR><BR>[Called By]<UL><LI><a href="#[12d4470]">&gt;&gt;</a>&nbsp;&nbsp;&nbsp;__printf (Weak Reference)
</UL>

<P><STRONG><a name="[12d4278]"></a>_printf_int_dec</STRONG> (Unknown, 0 bytes, Stack size 0 bytes, UNDEFINED, UNUSED)
<BR><BR>[Called By]<UL><LI><a href="#[12d4470]">&gt;&gt;</a>&nbsp;&nbsp;&nbsp;__printf (Weak Reference)
</UL>

<P><STRONG><a name="[12d4230]"></a>_printf_longlong_dec</STRONG> (Unknown, 0 bytes, Stack size 0 bytes, UNDEFINED, UNUSED)
<BR><BR>[Called By]<UL><LI><a href="#[12d4470]">&gt;&gt;</a>&nbsp;&nbsp;&nbsp;__printf (Weak Reference)
</UL>

<P><STRONG><a name="[12d41e8]"></a>_printf_longlong_oct</STRONG> (Unknown, 0 bytes, Stack size 0 bytes, UNDEFINED, UNUSED)
<BR><BR>[Called By]<UL><LI><a href="#[12d4470]">&gt;&gt;</a>&nbsp;&nbsp;&nbsp;__printf (Weak Reference)
</UL>

<P><STRONG><a name="[12d41a0]"></a>_printf_mbtowc</STRONG> (Unknown, 0 bytes, Stack size 0 bytes, UNDEFINED, UNUSED)
<BR><BR>[Called By]<UL><LI><a href="#[12d4470]">&gt;&gt;</a>&nbsp;&nbsp;&nbsp;__printf (Weak Reference)
</UL>

<P><STRONG><a name="[12cda30]"></a>_printf_post_padding</STRONG> (Unknown, 0 bytes, Stack size 0 bytes, UNDEFINED, UNUSED)
<BR><BR>[Called By]<UL><LI><a href="#[12cda78]">&gt;&gt;</a>&nbsp;&nbsp;&nbsp;_printf_int_common (Weak Reference)
</UL>

<P><STRONG><a name="[12cd9e8]"></a>_printf_pre_padding</STRONG> (Unknown, 0 bytes, Stack size 0 bytes, UNDEFINED, UNUSED)
<BR><BR>[Called By]<UL><LI><a href="#[12cda78]">&gt;&gt;</a>&nbsp;&nbsp;&nbsp;_printf_int_common (Weak Reference)
</UL>

<P><STRONG><a name="[12d4158]"></a>_printf_str</STRONG> (Unknown, 0 bytes, Stack size 0 bytes, UNDEFINED, UNUSED)
<BR><BR>[Called By]<UL><LI><a href="#[12d4470]">&gt;&gt;</a>&nbsp;&nbsp;&nbsp;__printf (Weak Reference)
</UL>

<P><STRONG><a name="[12d3de0]"></a>_printf_truncate_unsigned</STRONG> (Unknown, 0 bytes, Stack size 0 bytes, UNDEFINED, UNUSED)
<BR><BR>[Called By]<UL><LI><a href="#[12d3e70]">&gt;&gt;</a>&nbsp;&nbsp;&nbsp;_printf_longlong_hex (Weak Reference)
</UL>

<P><STRONG><a name="[12d4110]"></a>_printf_wc</STRONG> (Unknown, 0 bytes, Stack size 0 bytes, UNDEFINED, UNUSED)
<BR><BR>[Called By]<UL><LI><a href="#[12d4470]">&gt;&gt;</a>&nbsp;&nbsp;&nbsp;__printf (Weak Reference)
</UL>

<P><STRONG><a name="[12d40c8]"></a>_printf_wctomb</STRONG> (Unknown, 0 bytes, Stack size 0 bytes, UNDEFINED, UNUSED)
<BR><BR>[Called By]<UL><LI><a href="#[12d4470]">&gt;&gt;</a>&nbsp;&nbsp;&nbsp;__printf (Weak Reference)
</UL>

<P><STRONG><a name="[12cac40]"></a>_signal_init</STRONG> (Unknown, 0 bytes, Stack size 0 bytes, UNDEFINED)
<BR><BR>[Called By]<UL><LI><a href="#[12cb270]">&gt;&gt;</a>&nbsp;&nbsp;&nbsp;__rt_lib_init (Weak Reference)
</UL>

<P><STRONG><a name="[12cabf8]"></a>_terminate_user_alloc</STRONG> (Unknown, 0 bytes, Stack size 0 bytes, UNDEFINED)
<BR><BR>[Called By]<UL><LI><a href="#[12cb228]">&gt;&gt;</a>&nbsp;&nbsp;&nbsp;__rt_lib_shutdown (Weak Reference)
</UL>

<P><STRONG><a name="[12cabb0]"></a>_terminateio</STRONG> (Unknown, 0 bytes, Stack size 0 bytes, UNDEFINED)
<BR><BR>[Called By]<UL><LI><a href="#[12cb228]">&gt;&gt;</a>&nbsp;&nbsp;&nbsp;__rt_lib_shutdown (Weak Reference)
</UL>
<HR></body></html>
