ARM Linker, 4.1 [Build 481] [Standard]

==============================================================================

Section Cross References

    startup_stm32f10x_md.o(RESET) refers to startup_stm32f10x_md.o(STACK) for __initial_sp
    startup_stm32f10x_md.o(RESET) refers to startup_stm32f10x_md.o(.text) for Reset_Handler
    startup_stm32f10x_md.o(RESET) refers to stm32f10x_it.o(.text) for HardFault_Handler
    startup_stm32f10x_md.o(.text) refers to entry.o(.ARM.Collect$$$$00000000) for __main
    stm32f10x_i2c.o(.text) refers to stm32f10x_rcc.o(.text) for RCC_APB1PeriphResetCmd
    stm32f10x_pwr.o(.text) refers to stm32f10x_rcc.o(.text) for RCC_APB1PeriphResetCmd
    stm32f10x_rcc.o(.text) refers to stm32f10x_rcc.o(.data) for APBAHBPrescTable
    stm32f10x_spi.o(.text) refers to stm32f10x_rcc.o(.text) for RCC_APB2PeriphResetCmd
    stm32f10x_tim.o(.text) refers to stm32f10x_rcc.o(.text) for RCC_APB2PeriphResetCmd
    stm32f10x_usart.o(.text) refers to stm32f10x_rcc.o(.text) for RCC_APB2PeriphResetCmd
    stm32f10x_wwdg.o(.text) refers to stm32f10x_rcc.o(.text) for RCC_APB1PeriphResetCmd
    stm32f10x_adc.o(.text) refers to stm32f10x_rcc.o(.text) for RCC_APB2PeriphResetCmd
    stm32f10x_bkp.o(.text) refers to stm32f10x_rcc.o(.text) for RCC_BackupResetCmd
    stm32f10x_can.o(.text) refers to stm32f10x_rcc.o(.text) for RCC_APB1PeriphResetCmd
    stm32f10x_dac.o(.text) refers to stm32f10x_rcc.o(.text) for RCC_APB1PeriphResetCmd
    stm32f10x_gpio.o(.text) refers to stm32f10x_rcc.o(.text) for RCC_APB2PeriphResetCmd
    uip.o(.text) refers to uip.o(.data) for ipid
    uip.o(.text) refers to uip.o(.bss) for uip_buf
    uip.o(.text) refers to memmovea.o(.text) for __aeabi_memcpy
    uip.o(.text) refers to memseta.o(.text) for __aeabi_memclr
    uip.o(.text) refers to main.o(.text) for Uip_Appcall
    uip.o(.text) refers to uip.o(.constdata) for bitmap_bits
    uip_arp.o(.text) refers to memseta.o(.text) for __aeabi_memset
    uip_arp.o(.text) refers to uip_arp.o(.data) for i
    uip_arp.o(.text) refers to uip_arp.o(.bss) for arp_table
    uip_arp.o(.text) refers to uip.o(.data) for uip_len
    uip_arp.o(.text) refers to uip.o(.bss) for uip_buf
    uip_arp.o(.text) refers to uip_arp.o(.constdata) for broadcast_ipaddr
    uip_timer.o(.text) refers to clock-arch.o(.text) for clock_time
    enc28j60.o(.text) refers to spi_enc28j60.o(.text) for SPI1_ReadWrite
    enc28j60.o(.text) refers to delay.o(.text) for delay_ms
    enc28j60.o(.text) refers to enc28j60.o(.data) for Enc28j60Bank
    spi_enc28j60.o(.text) refers to stm32f10x_rcc.o(.text) for RCC_APB2PeriphClockCmd
    spi_enc28j60.o(.text) refers to stm32f10x_gpio.o(.text) for GPIO_Init
    spi_enc28j60.o(.text) refers to stm32f10x_spi.o(.text) for SPI_Init
    delay.o(.text) refers to delay.o(.data) for fac_us
    global.o(.text) refers to memseta.o(.text) for __aeabi_memclr
    global.o(.text) refers to memmovea.o(.text) for __aeabi_memmove
    global.o(.text) refers to strstr.o(.text) for strstr
    global.o(.text) refers to strncpy.o(.text) for strncpy
    global.o(.text) refers to strcat.o(.text) for strcat
    global.o(.text) refers to strlen.o(.text) for strlen
    global.o(.text) refers to strcpy.o(.text) for strcpy
    global.o(.text) refers to global.o(.bss) for HEXStr
    global.o(.text) refers to global.o(.data) for HexTable
    gpio.o(.text) refers to stm32f10x_rcc.o(.text) for RCC_APB2PeriphClockCmd
    gpio.o(.text) refers to stm32f10x_gpio.o(.text) for GPIO_Init
    platform_init.o(.text) refers to misc.o(.text) for NVIC_PriorityGroupConfig
    platform_init.o(.text) refers to system_stm32f10x.o(.text) for SystemInit
    platform_init.o(.text) refers to stm32f10x_rcc.o(.text) for RCC_GetClocksFreq
    platform_init.o(.text) refers to gpio.o(.text) for GPIO_Configuration
    platform_init.o(.text) refers to timer.o(.text) for Timer_Configuration
    platform_init.o(.text) refers to usart.o(.text) for USART_Configuration
    platform_init.o(.text) refers to exti.o(.text) for EXTI_Configuration
    platform_init.o(.text) refers to delay.o(.text) for delay_init
    platform_init.o(.text) refers to stm32f10x_gpio.o(.text) for GPIO_ResetBits
    platform_init.o(.text) refers to stm32f10x_iwdg.o(.text) for IWDG_WriteAccessCmd
    stm32f10x_it.o(.text) refers to stm32f10x_usart.o(.text) for USART_GetITStatus
    stm32f10x_it.o(.text) refers to stm32f10x_tim.o(.text) for TIM_GetITStatus
    stm32f10x_it.o(.text) refers to usart.o(.text) for USART1_Put_String
    stm32f10x_it.o(.text) refers to gpio.o(.text) for LED_Green_FLASH
    stm32f10x_it.o(.text) refers to global.o(.data) for rcv_usart1_str_flag
    stm32f10x_it.o(.text) refers to global.o(.bss) for Rx1Buf
    stm32f10x_it.o(.text) refers to stm32f10x_it.o(.data) for u16SubCounter
    timer.o(.text) refers to stm32f10x_rcc.o(.text) for RCC_APB1PeriphClockCmd
    timer.o(.text) refers to stm32f10x_tim.o(.text) for TIM_TimeBaseInit
[...]
    ..\src\stdlib\stm32f10x_iwdg.c           0x00000000   Number         0  stm32f10x_iwdg.o ABSOLUTE
    ..\src\stdlib\stm32f10x_pwr.c            0x00000000   Number         0  stm32f10x_pwr.o ABSOLUTE
    ..\src\stdlib\stm32f10x_rcc.c            0x00000000   Number         0  stm32f10x_rcc.o ABSOLUTE
    ..\src\stdlib\stm32f10x_rtc.c            0x00000000   Number         0  stm32f10x_rtc.o ABSOLUTE
    ..\src\stdlib\stm32f10x_sdio.c           0x00000000   Number         0  stm32f10x_sdio.o ABSOLUTE
    ..\src\stdlib\stm32f10x_spi.c            0x00000000   Number         0  stm32f10x_spi.o ABSOLUTE
    ..\src\stdlib\stm32f10x_tim.c            0x00000000   Number         0  stm32f10x_tim.o ABSOLUTE
    ..\src\stdlib\stm32f10x_usart.c          0x00000000   Number         0  stm32f10x_usart.o ABSOLUTE
    ..\src\stdlib\stm32f10x_wwdg.c           0x00000000   Number         0  stm32f10x_wwdg.o ABSOLUTE
    ..\src\stdlib\system_stm32f10x.c         0x00000000   Number         0  system_stm32f10x.o ABSOLUTE
    ..\src\stm32f10x_it.c                    0x00000000   Number         0  stm32f10x_it.o ABSOLUTE
    ..\src\timer.c                           0x00000000   Number         0  timer.o ABSOLUTE
    ..\src\uip1.0\apps\dhcpc\dhcpc.c         0x00000000   Number         0  dhcpc.o ABSOLUTE
    ..\src\uip1.0\uip\uip.c                  0x00000000   Number         0  uip.o ABSOLUTE
    ..\src\uip1.0\uip\uip_arp.c              0x00000000   Number         0  uip_arp.o ABSOLUTE
    ..\src\uip1.0\uip\uip_timer.c            0x00000000   Number         0  uip_timer.o ABSOLUTE
    ..\src\uip1.0\unix\clock-arch.c          0x00000000   Number         0  clock-arch.o ABSOLUTE
    ..\src\uip1.0\unix\tapdev.c              0x00000000   Number         0  tapdev.o ABSOLUTE
    ..\src\usart.c                           0x00000000   Number         0  usart.o ABSOLUTE
    ..\src\usart_app.c                       0x00000000   Number         0  usart_app.o ABSOLUTE
    ..\src\webpages\bg.c                     0x00000000   Number         0  bg.o ABSOLUTE
    ..\src\webpages\duplicate.c              0x00000000   Number         0  duplicate.o ABSOLUTE
    ..\src\webpages\get.c                    0x00000000   Number         0  get.o ABSOLUTE
    ..\src\webpages\httpstat.c               0x00000000   Number         0  httpstat.o ABSOLUTE
    ..\src\webpages\index.c                  0x00000000   Number         0  index.o ABSOLUTE
    ..\src\webpages\left.c                   0x00000000   Number         0  left.o ABSOLUTE
    ..\src\webpages\password.c               0x00000000   Number         0  password.o ABSOLUTE
    ..\src\webpages\passwordConfirmation.c   0x00000000   Number         0  passwordconfirmation.o ABSOLUTE
    ..\src\webpages\postdemo.c               0x00000000   Number         0  postdemo.o ABSOLUTE
    ..\src\webpages\sys.c                    0x00000000   Number         0  sys.o ABSOLUTE
    ..\src\webpages\top.c                    0x00000000   Number         0  top.o ABSOLUTE
    ..\src\webpages\upload.c                 0x00000000   Number         0  upload.o ABSOLUTE
    ..\src\webpages\uploaddone.c             0x00000000   Number         0  uploaddone.o ABSOLUTE
    ..\src\webserver\fs.c                    0x00000000   Number         0  fs.o ABSOLUTE
    ..\src\webserver\httpd.c                 0x00000000   Number         0  httpd.o ABSOLUTE
    ..\src\webserver\miscfun.c               0x00000000   Number         0  miscfun.o ABSOLUTE
    ..\src\webserver\webhnd.c                0x00000000   Number         0  webhnd.o ABSOLUTE
    ..\src\webserver\webpost.c               0x00000000   Number         0  webpost.o ABSOLUTE
    ..\src\webserver\webvar.c                0x00000000   Number         0  webvar.o ABSOLUTE
    cdrcmple.s                               0x00000000   Number         0  cdrcmple.o ABSOLUTE
    dc.s                                     0x00000000   Number         0  dc.o ABSOLUTE
    handlers.s                               0x00000000   Number         0  handlers.o ABSOLUTE
    init.s                                   0x00000000   Number         0  init.o ABSOLUTE
    RESET                                    0x08000000   Section      236  startup_stm32f10x_md.o(RESET)
    .ARM.Collect$$$$00000000                 0x080000ec   Section        0  entry.o(.ARM.Collect$$$$00000000)
    .ARM.Collect$$$$00000001                 0x080000ec   Section        4  entry2.o(.ARM.Collect$$$$00000001)
    .ARM.Collect$$$$00000004                 0x080000f0   Section        4  entry5.o(.ARM.Collect$$$$00000004)
    .ARM.Collect$$$$00000007                 0x080000f4   Section        8  entry7.o(.ARM.Collect$$$$00000007)
    .ARM.Collect$$$$00002712                 0x080000fc   Section        4  entry2.o(.ARM.Collect$$$$00002712)
    __lit__00000000                          0x080000fc   Data           4  entry2.o(.ARM.Collect$$$$00002712)
    .text                                    0x08000100   Section       28  startup_stm32f10x_md.o(.text)
    .text                                    0x0800011c   Section        0  stm32f10x_iwdg.o(.text)
    .text                                    0x0800015c   Section        0  stm32f10x_rcc.o(.text)
    .text                                    0x080004fc   Section        0  stm32f10x_spi.o(.text)
    .text                                    0x08000800   Section        0  stm32f10x_tim.o(.text)
    TI4_Config                               0x08000b03   Thumb Code    70  stm32f10x_tim.o(.text)
    TI3_Config                               0x08000b5b   Thumb Code    64  stm32f10x_tim.o(.text)
    TI2_Config                               0x08000bb1   Thumb Code    84  stm32f10x_tim.o(.text)
    TI1_Config                               0x08000c17   Thumb Code    54  stm32f10x_tim.o(.text)
    .text                                    0x08001364   Section        0  stm32f10x_usart.o(.text)
    .text                                    0x080016dc   Section        0  system_stm32f10x.o(.text)
    SetSysClockTo72                          0x080016dd   Thumb Code   198  system_stm32f10x.o(.text)
    SetSysClock                              0x080017a3   Thumb Code     8  system_stm32f10x.o(.text)
    .text                                    0x08001800   Section        0  misc.o(.text)
    .text                                    0x080018f8   Section        0  stm32f10x_gpio.o(.text)
    .text                                    0x08001c24   Section        0  uip.o(.text)
    chksum                                   0x08001c95   Thumb Code    70  uip.o(.text)
    upper_layer_chksum                       0x08001d1f   Thumb Code    70  uip.o(.text)
    uip_reass                                0x08002047   Thumb Code   656  uip.o(.text)
    uip_add_rcv_nxt                          0x080022d7   Thumb Code    58  uip.o(.text)
    .text                                    0x080033c0   Section        0  uip_arp.o(.text)
    uip_arp_update                           0x0800343b   Thumb Code   272  uip_arp.o(.text)
    .text                                    0x080037cc   Section        0  uip_timer.o(.text)
    .text                                    0x0800380c   Section        0  enc28j60.o(.text)
    .text                                    0x08003d7c   Section        0  spi_enc28j60.o(.text)
    .text                                    0x08003e50   Section        0  delay.o(.text)
    .text                                    0x08003ef0   Section        0  exti.o(.text)
    .text                                    0x08003ef4   Section        0  global.o(.text)
    .text                                    0x08004198   Section        0  gpio.o(.text)
    .text                                    0x08004224   Section        0  platform_init.o(.text)
    .text                                    0x080042f0   Section        0  stm32f10x_it.o(.text)
    .text                                    0x08004568   Section        0  timer.o(.text)
    .text                                    0x080045b8   Section        0  usart.o(.text)
    .text                                    0x08004998   Section        0  usart_app.o(.text)
    GetDataToBuf1                            0x08004999   Thumb Code    58  usart_app.o(.text)
    GetDataToBuf2                            0x080049d3   Thumb Code    94  usart_app.o(.text)
    .text                                    0x08004aac   Section        0  main.o(.text)
    .text                                    0x08006080   Section        0  clock-arch.o(.text)
    .text                                    0x0800608c   Section        0  tapdev.o(.text)
    .text                                    0x080060bc   Section        0  dhcpc.o(.text)
    add_msg_type                             0x080060bd   Thumb Code    18  dhcpc.o(.text)
    add_server_id                            0x080060cf   Thumb Code    24  dhcpc.o(.text)
    add_req_ipaddr                           0x080060e7   Thumb Code    24  dhcpc.o(.text)
    add_req_options                          0x080060ff   Thumb Code    32  dhcpc.o(.text)
    add_end                                  0x0800611f   Thumb Code     8  dhcpc.o(.text)
    create_msg                               0x08006127   Thumb Code   114  dhcpc.o(.text)
    send_discover                            0x08006199   Thumb Code    56  dhcpc.o(.text)
    send_request                             0x080061d1   Thumb Code    64  dhcpc.o(.text)
    parse_options                            0x08006211   Thumb Code   118  dhcpc.o(.text)
    parse_msg                                0x08006287   Thumb Code    64  dhcpc.o(.text)
    handle_dhcp                              0x080062c7   Thumb Code   396  dhcpc.o(.text)
    .text                                    0x080064e8   Section        0  webhnd.o(.text)
    .text                                    0x08006748   Section        0  webpost.o(.text)
    find_form_var                            0x08006749   Thumb Code    16  webpost.o(.text)
    password_entered                         0x08006897   Thumb Code    26  webpost.o(.text)
    find_submit_value                        0x080069ef   Thumb Code    28  webpost.o(.text)
    refresh_request                          0x08006a0b   Thumb Code    22  webpost.o(.text)
    find_radio_button_string                 0x08006a21   Thumb Code    28  webpost.o(.text)
    .text                                    0x08006b1c   Section        0  webvar.o(.text)
    print_ip_str                             0x08006b1d   Thumb Code    32  webvar.o(.text)
    type_b_functions                         0x08006b3d   Thumb Code   124  webvar.o(.text)
    type_a_functions                         0x08006bb9   Thumb Code    24  webvar.o(.text)
    format_js_array_element                  0x08006c31   Thumb Code    52  webvar.o(.text)
    .text                                    0x08006cc4   Section        0  fs.o(.text)
    fs_strcmp                                0x08006cc5   Thumb Code    72  fs.o(.text)
    .text                                    0x08006d94   Section        0  miscfun.o(.text)
    .text                                    0x08006e34   Section        0  httpd.o(.text)
    http_process_init                        0x08006e45   Thumb Code   112  httpd.o(.text)
    build_status_code                        0x08006eb5   Thumb Code    70  httpd.o(.text)
    http_process                             0x08006efb   Thumb Code  1304  httpd.o(.text)
    .text                                    0x080077d4   Section        0  memmovea.o(.text)
    .text                                    0x08007814   Section        0  memseta.o(.text)
    .text                                    0x0800783a   Section        0  strcat.o(.text)
    .text                                    0x08007856   Section        0  strstr.o(.text)
    .text                                    0x08007882   Section        0  strncpy.o(.text)
    .text                                    0x0800789a   Section        0  strlen.o(.text)
    .text                                    0x080078aa   Section        0  strcmp.o(.text)
    .text                                    0x080078c6   Section        0  memcmp.o(.text)
    .text                                    0x080078e0   Section        0  strcpy.o(.text)
    .text                                    0x080078f2   Section        0  strncmp.o(.text)
    .text                                    0x08007910   Section        0  uldiv.o(.text)
    .text                                    0x08007978   Section       36  init.o(.text)
    .text                                    0x0800799c   Section        0  llshl.o(.text)
    .text                                    0x080079ba   Section        0  llushr.o(.text)
    .text                                    0x080079da   Section        0  __dczerorl.o(.text)
    i.__0sprintf$8                           0x08007a14   Section        0  printf8.o(i.__0sprintf$8)
    i.__scatterload_copy                     0x08007a3c   Section       14  handlers.o(i.__scatterload_copy)
    i.__scatterload_null                     0x08007a4a   Section        2  handlers.o(i.__scatterload_null)
    i.__scatterload_zeroinit                 0x08007a4c   Section       14  handlers.o(i.__scatterload_zeroinit)
    i._printf_core                           0x08007a5c   Section        0  printf8.o(i._printf_core)
    _printf_core                             0x08007a5d   Thumb Code  1064  printf8.o(i._printf_core)
    i._printf_post_padding                   0x08007e84   Section        0  printf8.o(i._printf_post_padding)
    _printf_post_padding                     0x08007e85   Thumb Code    38  printf8.o(i._printf_post_padding)
    i._printf_pre_padding                    0x08007eaa   Section        0  printf8.o(i._printf_pre_padding)
    _printf_pre_padding                      0x08007eab   Thumb Code    46  printf8.o(i._printf_pre_padding)
    i._sputc                                 0x08007ed8   Section        0  printf8.o(i._sputc)
    _sputc                                   0x08007ed9   Thumb Code    10  printf8.o(i._sputc)
    .constdata                               0x08007ee2   Section       16  uip.o(.constdata)
    all_ones_addr                            0x08007ee2   Data           4  uip.o(.constdata)
    all_zeroes_addr                          0x08007ee6   Data           4  uip.o(.constdata)
    bitmap_bits                              0x08007eea   Data           8  uip.o(.constdata)
    .constdata                               0x08007ef2   Section       10  uip_arp.o(.constdata)
    broadcast_ethaddr                        0x08007ef2   Data           6  uip_arp.o(.constdata)
    broadcast_ipaddr                         0x08007ef8   Data           4  uip_arp.o(.constdata)
    .constdata                               0x08007efc   Section      304  main.o(.constdata)
    .constdata                               0x0800802c   Section        8  dhcpc.o(.constdata)
    xid                                      0x0800802c   Data           4  dhcpc.o(.constdata)
    magic_cookie                             0x08008030   Data           4  dhcpc.o(.constdata)
    .constdata                               0x08008034   Section      256  fs.o(.constdata)
    .constdata                               0x08008134   Section      126  httpd.o(.constdata)
    content_length_text                      0x08008134   Data          17  httpd.o(.constdata)
    content_type_upload_text                 0x08008145   Data          45  httpd.o(.constdata)
    content_type_appl_text                   0x08008172   Data          39  httpd.o(.constdata)
    content_type_text_text                   0x08008199   Data          25  httpd.o(.constdata)
    .constdata                               0x080081b2   Section      822  index.o(.constdata)
    .constdata                               0x080084e8   Section      842  password.o(.constdata)
    .constdata                               0x08008832   Section      181  httpstat.o(.constdata)
    .constdata                               0x080088e7   Section      745  duplicate.o(.constdata)
    .constdata                               0x08008bd0   Section     1378  left.o(.constdata)
    .constdata                               0x08009132   Section      433  passwordconfirmation.o(.constdata)
    .constdata                               0x080092e3   Section     1172  sys.o(.constdata)
    .constdata                               0x08009777   Section      453  top.o(.constdata)
    .constdata                               0x0800993c   Section      710  upload.o(.constdata)
    .constdata                               0x08009c02   Section      471  uploaddone.o(.constdata)
    .constdata                               0x08009dd9   Section    11739  bg.o(.constdata)
    .constdata                               0x0800cbb4   Section     2137  postdemo.o(.constdata)
    .constdata                               0x0800d40d   Section      995  get.o(.constdata)
    .conststring                             0x0800d7f0   Section      178  fs.o(.conststring)
    .data                                    0x20000000   Section       20  stm32f10x_rcc.o(.data)
    APBAHBPrescTable                         0x20000000   Data          16  stm32f10x_rcc.o(.data)
    ADCPrescTable                            0x20000010   Data           4  stm32f10x_rcc.o(.data)
    .data                                    0x20000014   Section       66  uip.o(.data)
    ipid                                     0x20000040   Data           2  uip.o(.data)
    iss                                      0x20000042   Data           4  uip.o(.data)
    lastport                                 0x20000046   Data           2  uip.o(.data)
    c                                        0x2000004c   Data           1  uip.o(.data)
    opt                                      0x2000004d   Data           1  uip.o(.data)
    tmp16                                    0x2000004e   Data           2  uip.o(.data)
    uip_reasslen                             0x20000050   Data           2  uip.o(.data)
    uip_reassflags                           0x20000052   Data           1  uip.o(.data)
    uip_reasstmr                             0x20000054   Data           2  uip.o(.data)
    .data                                    0x20000056   Section        8  uip_arp.o(.data)
    ipaddr                                   0x20000056   Data           4  uip_arp.o(.data)
    i                                        0x2000005a   Data           1  uip_arp.o(.data)
    c                                        0x2000005b   Data           1  uip_arp.o(.data)
    arptime                                  0x2000005c   Data           1  uip_arp.o(.data)
    tmpage                                   0x2000005d   Data           1  uip_arp.o(.data)
    .data                                    0x20000060   Section        8  enc28j60.o(.data)
    Enc28j60Bank                             0x20000060   Data           1  enc28j60.o(.data)
    NextPacketPtr                            0x20000064   Data           4  enc28j60.o(.data)
    .data                                    0x20000068   Section        4  delay.o(.data)
    fac_us                                   0x20000068   Data           1  delay.o(.data)
    fac_ms                                   0x2000006a   Data           2  delay.o(.data)
    .data                                    0x2000006c   Section       80  global.o(.data)
    .data                                    0x200000bc   Section       14  stm32f10x_it.o(.data)
    s_count                                  0x200000c4   Data           1  stm32f10x_it.o(.data)
    u16SubCounter                            0x200000c6   Data           2  stm32f10x_it.o(.data)
    u16Tim_flg_200ms                         0x200000c8   Data           2  stm32f10x_it.o(.data)
    .data                                    0x200000ca   Section       12  usart.o(.data)
    .data                                    0x200000d8   Section      132  main.o(.data)
    addlen                                   0x20000140   Data           4  main.o(.data)
    sTempAddr                                0x20000144   Data           6  main.o(.data)
    .data                                    0x2000015c   Section       16  webhnd.o(.data)
    reboot_pending                           0x2000015c   Data           1  webhnd.o(.data)
    reboot_execute                           0x2000015d   Data           1  webhnd.o(.data)
    reboot_timer                             0x2000015e   Data           1  webhnd.o(.data)
    reboot_hs                                0x20000160   Data           4  webhnd.o(.data)
    .data                                    0x2000016c   Section        8  webpost.o(.data)
    web_upload_case                          0x2000016c   Data           4  webpost.o(.data)
    .data                                    0x20000174   Section        1  miscfun.o(.data)
    upload_busy                              0x20000174   Data           1  miscfun.o(.data)
    .data                                    0x20000178   Section        4  httpd.o(.data)
    .bss                                     0x2000017c   Section     4845  uip.o(.bss)
    uip_reassbuf                             0x20000e84   Data        1486  uip.o(.bss)
    uip_reassbitmap                          0x20001452   Data          23  uip.o(.bss)
    .bss                                     0x2000146a   Section       96  uip_arp.o(.bss)
    arp_table                                0x2000146a   Data          96  uip_arp.o(.bss)
    .bss                                     0x200014ca   Section     4893  global.o(.bss)
    .bss                                     0x200027e8   Section       16  usart.o(.bss)
    .bss                                     0x200027f8   Section      120  main.o(.bss)
    .bss                                     0x20002870   Section       52  dhcpc.o(.bss)
    s                                        0x20002870   Data          52  dhcpc.o(.bss)
    .bss                                     0x200028a4   Section      187  webpost.o(.bss)
    submit_buf                               0x200028a4   Data          15  webpost.o(.bss)
    form_var                                 0x200028b3   Data          40  webpost.o(.bss)
    find_form_buf                            0x200028db   Data          32  webpost.o(.bss)
    cmd                                      0x200028fb   Data         100  webpost.o(.bss)
    .bss                                     0x2000295f   Section     1084  httpd.o(.bss)
    STACK                                    0x20002da0   Section      512  startup_stm32f10x_md.o(STACK)

    Global Symbols

    Symbol Name                              Value     Ov Type        Size  Object(Section)

    BuildAttributes$$THM_ISAv4$P$D$K$B$S$PE$A:L22UL41UL21$X:L11$S22US41US21$IEEE1$IW$USESV6$~STKCKD$USESV7$~SHL$OSPACE$ROPI$EBA8$MICROLIB$REQ8$PRES8$EABIv2 0x00000000   Number         0  anon$$obj.o ABSOLUTE
    __ARM_use_no_argv                        0x00000000   Number         0  main.o ABSOLUTE
    _printf_a                                0x00000000   Number         0  stubs.o ABSOLUTE
    _printf_c                                0x00000000   Number         0  stubs.o ABSOLUTE
    _printf_charcount                        0x00000000   Number         0  stubs.o ABSOLUTE
    _printf_d                                0x00000000   Number         0  stubs.o ABSOLUTE
    _printf_e                                0x00000000   Number         0  stubs.o ABSOLUTE
    _printf_f                                0x00000000   Number         0  stubs.o ABSOLUTE
    _printf_flags                            0x00000000   Number         0  stubs.o ABSOLUTE
    _printf_fp_dec                           0x00000000   Number         0  stubs.o ABSOLUTE
    _printf_fp_hex                           0x00000000   Number         0  stubs.o ABSOLUTE
    _printf_g                                0x00000000   Number         0  stubs.o ABSOLUTE
    _printf_i                                0x00000000   Number         0  stubs.o ABSOLUTE
    _printf_int_dec                          0x00000000   Number         0  stubs.o ABSOLUTE
    _printf_l                                0x00000000   Number         0  stubs.o ABSOLUTE
    _printf_lc                               0x00000000   Number         0  stubs.o ABSOLUTE
    _printf_ll                               0x00000000   Number         0  stubs.o ABSOLUTE
    _printf_lld                              0x00000000   Number         0  stubs.o ABSOLUTE
    _printf_lli                              0x00000000   Number         0  stubs.o ABSOLUTE
    _printf_llo                              0x00000000   Number         0  stubs.o ABSOLUTE
    _printf_llu                              0x00000000   Number         0  stubs.o ABSOLUTE
    _printf_llx                              0x00000000   Number         0  stubs.o ABSOLUTE
    _printf_longlong_dec                     0x00000000   Number         0  stubs.o ABSOLUTE
    _printf_longlong_hex                     0x00000000   Number         0  stubs.o ABSOLUTE
    _printf_longlong_oct                     0x00000000   Number         0  stubs.o ABSOLUTE
    _printf_ls                               0x00000000   Number         0  stubs.o ABSOLUTE
    _printf_mbtowc                           0x00000000   Number         0  stubs.o ABSOLUTE
    _printf_n                                0x00000000   Number         0  stubs.o ABSOLUTE
    _printf_o                                0x00000000   Number         0  stubs.o ABSOLUTE
    _printf_p                                0x00000000   Number         0  stubs.o ABSOLUTE
    _printf_percent                          0x00000000   Number         0  stubs.o ABSOLUTE
    _printf_pre_padding                      0x00000000   Number         0  stubs.o ABSOLUTE
    _printf_return_value                     0x00000000   Number         0  stubs.o ABSOLUTE
    _printf_s                                0x00000000   Number         0  stubs.o ABSOLUTE
    _printf_sizespec                         0x00000000   Number         0  stubs.o ABSOLUTE
    _printf_str                              0x00000000   Number         0  stubs.o ABSOLUTE
    _printf_truncate_signed                  0x00000000   Number         0  stubs.o ABSOLUTE
    _printf_truncate_unsigned                0x00000000   Number         0  stubs.o ABSOLUTE
    _printf_u                                0x00000000   Number         0  stubs.o ABSOLUTE
    _printf_wc                               0x00000000   Number         0  stubs.o ABSOLUTE
    _printf_wctomb                           0x00000000   Number         0  stubs.o ABSOLUTE
    _printf_widthprec                        0x00000000   Number         0  stubs.o ABSOLUTE
    _printf_x                                0x00000000   Number         0  stubs.o ABSOLUTE
    __Vectors_Size                           0x000000ec   Number         0  startup_stm32f10x_md.o ABSOLUTE
    __Vectors                                0x08000000   Data           4  startup_stm32f10x_md.o(RESET)
    __Vectors_End                            0x080000ec   Data           0  startup_stm32f10x_md.o(RESET)
    __main                                   0x080000ed   Thumb Code     0  entry.o(.ARM.Collect$$$$00000000)
    _main_stk                                0x080000ed   Thumb Code     0  entry2.o(.ARM.Collect$$$$00000001)
    _main_scatterload                        0x080000f1   Thumb Code     0  entry5.o(.ARM.Collect$$$$00000004)
    __main_after_scatterload                 0x080000f5   Thumb Code     0  entry5.o(.ARM.Collect$$$$00000004)
    _main_init                               0x080000f5   Thumb Code     0  entry7.o(.ARM.Collect$$$$00000007)
    Reset_Handler                            0x08000101   Thumb Code     4  startup_stm32f10x_md.o(.text)
    NMI_Handler                              0x08000105   Thumb Code     2  startup_stm32f10x_md.o(.text)
    MemManage_Handler                        0x08000109   Thumb Code     2  startup_stm32f10x_md.o(.text)
    SVC_Handler                              0x0800010f   Thumb Code     2  startup_stm32f10x_md.o(.text)
    DebugMon_Handler                         0x08000111   Thumb Code     2  startup_stm32f10x_md.o(.text)
    PendSV_Handler                           0x08000113   Thumb Code     2  startup_stm32f10x_md.o(.text)
    ADC1_2_IRQHandler                        0x08000117   Thumb Code     0  startup_stm32f10x_md.o(.text)
    CAN1_RX1_IRQHandler                      0x08000117   Thumb Code     0  startup_stm32f10x_md.o(.text)
    CAN1_SCE_IRQHandler                      0x08000117   Thumb Code     0  startup_stm32f10x_md.o(.text)
    DMA1_Channel1_IRQHandler                 0x08000117   Thumb Code     0  startup_stm32f10x_md.o(.text)
    DMA1_Channel2_IRQHandler                 0x08000117   Thumb Code     0  startup_stm32f10x_md.o(.text)
    DMA1_Channel3_IRQHandler                 0x08000117   Thumb Code     0  startup_stm32f10x_md.o(.text)
    DMA1_Channel4_IRQHandler                 0x08000117   Thumb Code     0  startup_stm32f10x_md.o(.text)
    DMA1_Channel5_IRQHandler                 0x08000117   Thumb Code     0  startup_stm32f10x_md.o(.text)
    DMA1_Channel6_IRQHandler                 0x08000117   Thumb Code     0  startup_stm32f10x_md.o(.text)
    DMA1_Channel7_IRQHandler                 0x08000117   Thumb Code     0  startup_stm32f10x_md.o(.text)
    EXTI0_IRQHandler                         0x08000117   Thumb Code     0  startup_stm32f10x_md.o(.text)
    EXTI15_10_IRQHandler                     0x08000117   Thumb Code     0  startup_stm32f10x_md.o(.text)
    EXTI1_IRQHandler                         0x08000117   Thumb Code     0  startup_stm32f10x_md.o(.text)
    EXTI2_IRQHandler                         0x08000117   Thumb Code     0  startup_stm32f10x_md.o(.text)
    EXTI3_IRQHandler                         0x08000117   Thumb Code     0  startup_stm32f10x_md.o(.text)
    EXTI4_IRQHandler                         0x08000117   Thumb Code     0  startup_stm32f10x_md.o(.text)
    EXTI9_5_IRQHandler                       0x08000117   Thumb Code     0  startup_stm32f10x_md.o(.text)
    FLASH_IRQHandler                         0x08000117   Thumb Code     0  startup_stm32f10x_md.o(.text)
    I2C1_ER_IRQHandler                       0x08000117   Thumb Code     0  startup_stm32f10x_md.o(.text)
    I2C1_EV_IRQHandler                       0x08000117   Thumb Code     0  startup_stm32f10x_md.o(.text)
    I2C2_ER_IRQHandler                       0x08000117   Thumb Code     0  startup_stm32f10x_md.o(.text)
    I2C2_EV_IRQHandler                       0x08000117   Thumb Code     0  startup_stm32f10x_md.o(.text)
    PVD_IRQHandler                           0x08000117   Thumb Code     0  startup_stm32f10x_md.o(.text)
    RCC_IRQHandler                           0x08000117   Thumb Code     0  startup_stm32f10x_md.o(.text)
    RTCAlarm_IRQHandler                      0x08000117   Thumb Code     0  startup_stm32f10x_md.o(.text)
    RTC_IRQHandler                           0x08000117   Thumb Code     0  startup_stm32f10x_md.o(.text)
    SPI1_IRQHandler                          0x08000117   Thumb Code     0  startup_stm32f10x_md.o(.text)
    SPI2_IRQHandler                          0x08000117   Thumb Code     0  startup_stm32f10x_md.o(.text)
    TAMPER_IRQHandler                        0x08000117   Thumb Code     0  startup_stm32f10x_md.o(.text)
    TIM1_BRK_IRQHandler                      0x08000117   Thumb Code     0  startup_stm32f10x_md.o(.text)
    TIM1_CC_IRQHandler                       0x08000117   Thumb Code     0  startup_stm32f10x_md.o(.text)
    TIM1_TRG_COM_IRQHandler                  0x08000117   Thumb Code     0  startup_stm32f10x_md.o(.text)
    TIM1_UP_IRQHandler                       0x08000117   Thumb Code     0  startup_stm32f10x_md.o(.text)
    TIM3_IRQHandler                          0x08000117   Thumb Code     0  startup_stm32f10x_md.o(.text)
    TIM4_IRQHandler                          0x08000117   Thumb Code     0  startup_stm32f10x_md.o(.text)
    USART3_IRQHandler                        0x08000117   Thumb Code     0  startup_stm32f10x_md.o(.text)
    USBWakeUp_IRQHandler                     0x08000117   Thumb Code     0  startup_stm32f10x_md.o(.text)
    USB_HP_CAN1_TX_IRQHandler                0x08000117   Thumb Code     0  startup_stm32f10x_md.o(.text)
    USB_LP_CAN1_RX0_IRQHandler               0x08000117   Thumb Code     0  startup_stm32f10x_md.o(.text)
    WWDG_IRQHandler                          0x08000117   Thumb Code     0  startup_stm32f10x_md.o(.text)
    IWDG_WriteAccessCmd                      0x0800011d   Thumb Code     6  stm32f10x_iwdg.o(.text)
    IWDG_SetPrescaler                        0x08000123   Thumb Code     6  stm32f10x_iwdg.o(.text)
    IWDG_SetReload                           0x08000129   Thumb Code     6  stm32f10x_iwdg.o(.text)
    IWDG_ReloadCounter                       0x0800012f   Thumb Code    10  stm32f10x_iwdg.o(.text)
    IWDG_Enable                              0x08000139   Thumb Code    10  stm32f10x_iwdg.o(.text)
    IWDG_GetFlagStatus                       0x08000143   Thumb Code    20  stm32f10x_iwdg.o(.text)
    RCC_DeInit                               0x0800015d   Thumb Code    62  stm32f10x_rcc.o(.text)
    RCC_HSEConfig                            0x0800019b   Thumb Code    70  stm32f10x_rcc.o(.text)
    RCC_GetFlagStatus                        0x080001e1   Thumb Code    56  stm32f10x_rcc.o(.text)
    RCC_WaitForHSEStartUp                    0x08000219   Thumb Code    46  stm32f10x_rcc.o(.text)
    RCC_AdjustHSICalibrationValue            0x08000247   Thumb Code    20  stm32f10x_rcc.o(.text)
    RCC_HSICmd                               0x0800025b   Thumb Code     6  stm32f10x_rcc.o(.text)
    RCC_PLLConfig                            0x08000261   Thumb Code    24  stm32f10x_rcc.o(.text)
    RCC_PLLCmd                               0x08000279   Thumb Code     6  stm32f10x_rcc.o(.text)
    RCC_SYSCLKConfig                         0x0800027f   Thumb Code    18  stm32f10x_rcc.o(.text)
    RCC_GetSYSCLKSource                      0x08000291   Thumb Code    10  stm32f10x_rcc.o(.text)
    RCC_HCLKConfig                           0x0800029b   Thumb Code    18  stm32f10x_rcc.o(.text)
    RCC_PCLK1Config                          0x080002ad   Thumb Code    18  stm32f10x_rcc.o(.text)
    RCC_PCLK2Config                          0x080002bf   Thumb Code    20  stm32f10x_rcc.o(.text)
    RCC_ITConfig                             0x080002d3   Thumb Code    30  stm32f10x_rcc.o(.text)
    RCC_USBCLKConfig                         0x080002f1   Thumb Code     6  stm32f10x_rcc.o(.text)
    RCC_ADCCLKConfig                         0x080002f7   Thumb Code    18  stm32f10x_rcc.o(.text)
    RCC_LSEConfig                            0x08000309   Thumb Code    44  stm32f10x_rcc.o(.text)
    RCC_LSICmd                               0x08000335   Thumb Code     6  stm32f10x_rcc.o(.text)
    RCC_RTCCLKConfig                         0x0800033b   Thumb Code    12  stm32f10x_rcc.o(.text)
    RCC_RTCCLKCmd                            0x08000347   Thumb Code     6  stm32f10x_rcc.o(.text)
    RCC_GetClocksFreq                        0x0800034d   Thumb Code   192  stm32f10x_rcc.o(.text)
    RCC_AHBPeriphClockCmd                    0x0800040d   Thumb Code    26  stm32f10x_rcc.o(.text)
    RCC_APB2PeriphClockCmd                   0x08000427   Thumb Code    26  stm32f10x_rcc.o(.text)
    RCC_APB1PeriphClockCmd                   0x08000441   Thumb Code    26  stm32f10x_rcc.o(.text)
    RCC_APB2PeriphResetCmd                   0x0800045b   Thumb Code    26  stm32f10x_rcc.o(.text)
    RCC_APB1PeriphResetCmd                   0x08000475   Thumb Code    26  stm32f10x_rcc.o(.text)
    RCC_BackupResetCmd                       0x0800048f   Thumb Code     6  stm32f10x_rcc.o(.text)
    RCC_ClockSecuritySystemCmd               0x08000495   Thumb Code     6  stm32f10x_rcc.o(.text)
    RCC_MCOConfig                            0x0800049b   Thumb Code     6  stm32f10x_rcc.o(.text)
    RCC_ClearFlag                            0x080004a1   Thumb Code    14  stm32f10x_rcc.o(.text)
    RCC_GetITStatus                          0x080004af   Thumb Code    20  stm32f10x_rcc.o(.text)
    RCC_ClearITPendingBit                    0x080004c3   Thumb Code     6  stm32f10x_rcc.o(.text)
    SPI_I2S_DeInit                           0x080004fd   Thumb Code    88  stm32f10x_spi.o(.text)
    SPI_Init                                 0x08000555   Thumb Code    60  stm32f10x_spi.o(.text)
    I2S_Init                                 0x08000591   Thumb Code   206  stm32f10x_spi.o(.text)
    SPI_StructInit                           0x0800065f   Thumb Code    24  stm32f10x_spi.o(.text)
    I2S_StructInit                           0x08000677   Thumb Code    20  stm32f10x_spi.o(.text)
    SPI_Cmd                                  0x0800068b   Thumb Code    24  stm32f10x_spi.o(.text)
    I2S_Cmd                                  0x080006a3   Thumb Code    24  stm32f10x_spi.o(.text)
    SPI_I2S_ITConfig                         0x080006bb   Thumb Code    36  stm32f10x_spi.o(.text)
    SPI_I2S_DMACmd                           0x080006df   Thumb Code    24  stm32f10x_spi.o(.text)
    SPI_I2S_SendData                         0x080006f7   Thumb Code     4  stm32f10x_spi.o(.text)
    SPI_I2S_ReceiveData                      0x080006fb   Thumb Code     6  stm32f10x_spi.o(.text)
    SPI_NSSInternalSoftwareConfig            0x08000701   Thumb Code    30  stm32f10x_spi.o(.text)
    SPI_SSOutputCmd                          0x0800071f   Thumb Code    24  stm32f10x_spi.o(.text)
    SPI_DataSizeConfig                       0x08000737   Thumb Code    18  stm32f10x_spi.o(.text)
    SPI_TransmitCRC                          0x08000749   Thumb Code    10  stm32f10x_spi.o(.text)
    SPI_CalculateCRC                         0x08000753   Thumb Code    24  stm32f10x_spi.o(.text)
    SPI_GetCRC                               0x0800076b   Thumb Code    16  stm32f10x_spi.o(.text)
    SPI_GetCRCPolynomial                     0x0800077b   Thumb Code     6  stm32f10x_spi.o(.text)
    SPI_BiDirectionalLineConfig              0x08000781   Thumb Code    28  stm32f10x_spi.o(.text)
    SPI_I2S_GetFlagStatus                    0x0800079d   Thumb Code    18  stm32f10x_spi.o(.text)
    SPI_I2S_ClearFlag                        0x080007af   Thumb Code     6  stm32f10x_spi.o(.text)
    SPI_I2S_GetITStatus                      0x080007b5   Thumb Code    52  stm32f10x_spi.o(.text)
    SPI_I2S_ClearITPendingBit                0x080007e9   Thumb Code    20  stm32f10x_spi.o(.text)
    TIM_DeInit                               0x08000801   Thumb Code   214  stm32f10x_tim.o(.text)
    TIM_TimeBaseInit                         0x080008d7   Thumb Code    50  stm32f10x_tim.o(.text)
    TIM_OC1Init                              0x08000909   Thumb Code   110  stm32f10x_tim.o(.text)
    TIM_OC2Init                              0x08000977   Thumb Code   140  stm32f10x_tim.o(.text)
    TIM_OC3Init                              0x08000a03   Thumb Code   136  stm32f10x_tim.o(.text)
    TIM_OC4Init                              0x08000a8b   Thumb Code    98  stm32f10x_tim.o(.text)
    TIM_SetIC4Prescaler                      0x08000aed   Thumb Code    22  stm32f10x_tim.o(.text)
    TIM_SetIC3Prescaler                      0x08000b49   Thumb Code    18  stm32f10x_tim.o(.text)
    TIM_SetIC2Prescaler                      0x08000b9b   Thumb Code    22  stm32f10x_tim.o(.text)
    TIM_SetIC1Prescaler                      0x08000c05   Thumb Code    18  stm32f10x_tim.o(.text)
    TIM_ICInit                               0x08000c4d   Thumb Code   110  stm32f10x_tim.o(.text)
    TIM_PWMIConfig                           0x08000cbb   Thumb Code   124  stm32f10x_tim.o(.text)
    TIM_BDTRConfig                           0x08000d37   Thumb Code    32  stm32f10x_tim.o(.text)
    TIM_TimeBaseStructInit                   0x08000d57   Thumb Code    18  stm32f10x_tim.o(.text)
    TIM_OCStructInit                         0x08000d69   Thumb Code    20  stm32f10x_tim.o(.text)
    TIM_ICStructInit                         0x08000d7d   Thumb Code    18  stm32f10x_tim.o(.text)
    TIM_BDTRStructInit                       0x08000d8f   Thumb Code    18  stm32f10x_tim.o(.text)
    TIM_Cmd                                  0x08000da1   Thumb Code    24  stm32f10x_tim.o(.text)
    TIM_CtrlPWMOutputs                       0x08000db9   Thumb Code    30  stm32f10x_tim.o(.text)
    TIM_ITConfig                             0x08000dd7   Thumb Code    24  stm32f10x_tim.o(.text)
    TIM_GenerateEvent                        0x08000def   Thumb Code     4  stm32f10x_tim.o(.text)
    TIM_DMAConfig                            0x08000df3   Thumb Code    10  stm32f10x_tim.o(.text)
    TIM_DMACmd                               0x08000dfd   Thumb Code    24  stm32f10x_tim.o(.text)
    TIM_InternalClockConfig                  0x08000e15   Thumb Code    12  stm32f10x_tim.o(.text)
    TIM_SelectInputTrigger                   0x08000e21   Thumb Code    18  stm32f10x_tim.o(.text)
    TIM_ITRxExternalClockConfig              0x08000e33   Thumb Code    24  stm32f10x_tim.o(.text)
    TIM_TIxExternalClockConfig               0x08000e4b   Thumb Code    62  stm32f10x_tim.o(.text)
    TIM_ETRConfig                            0x08000e89   Thumb Code    26  stm32f10x_tim.o(.text)
    TIM_ETRClockMode1Config                  0x08000ea3   Thumb Code    54  stm32f10x_tim.o(.text)
    TIM_ETRClockMode2Config                  0x08000ed9   Thumb Code    32  stm32f10x_tim.o(.text)
    TIM_PrescalerConfig                      0x08000ef9   Thumb Code     6  stm32f10x_tim.o(.text)
    TIM_CounterModeConfig                    0x08000eff   Thumb Code    18  stm32f10x_tim.o(.text)
    TIM_EncoderInterfaceConfig               0x08000f11   Thumb Code    62  stm32f10x_tim.o(.text)
    TIM_ForcedOC1Config                      0x08000f4f   Thumb Code    18  stm32f10x_tim.o(.text)
    TIM_ForcedOC2Config                      0x08000f61   Thumb Code    22  stm32f10x_tim.o(.text)
    TIM_ForcedOC3Config                      0x08000f77   Thumb Code    18  stm32f10x_tim.o(.text)
    TIM_ForcedOC4Config                      0x08000f89   Thumb Code    22  stm32f10x_tim.o(.text)
    TIM_ARRPreloadConfig                     0x08000f9f   Thumb Code    24  stm32f10x_tim.o(.text)
    TIM_SelectCOM                            0x08000fb7   Thumb Code    24  stm32f10x_tim.o(.text)
    TIM_SelectCCDMA                          0x08000fcf   Thumb Code    24  stm32f10x_tim.o(.text)
    TIM_CCPreloadControl                     0x08000fe7   Thumb Code    24  stm32f10x_tim.o(.text)
    TIM_OC1PreloadConfig                     0x08000fff   Thumb Code    18  stm32f10x_tim.o(.text)
    TIM_OC2PreloadConfig                     0x08001011   Thumb Code    22  stm32f10x_tim.o(.text)
    TIM_OC3PreloadConfig                     0x08001027   Thumb Code    18  stm32f10x_tim.o(.text)
    TIM_OC4PreloadConfig                     0x08001039   Thumb Code    22  stm32f10x_tim.o(.text)
    TIM_OC1FastConfig                        0x0800104f   Thumb Code    18  stm32f10x_tim.o(.text)
    TIM_OC2FastConfig                        0x08001061   Thumb Code    22  stm32f10x_tim.o(.text)
    TIM_OC3FastConfig                        0x08001077   Thumb Code    18  stm32f10x_tim.o(.text)
    TIM_OC4FastConfig                        0x08001089   Thumb Code    22  stm32f10x_tim.o(.text)
    TIM_ClearOC1Ref                          0x0800109f   Thumb Code    18  stm32f10x_tim.o(.text)
    TIM_ClearOC2Ref                          0x080010b1   Thumb Code    20  stm32f10x_tim.o(.text)
    TIM_ClearOC3Ref                          0x080010c5   Thumb Code    18  stm32f10x_tim.o(.text)
    TIM_ClearOC4Ref                          0x080010d7   Thumb Code    20  stm32f10x_tim.o(.text)
    TIM_OC1PolarityConfig                    0x080010eb   Thumb Code    18  stm32f10x_tim.o(.text)
    TIM_OC1NPolarityConfig                   0x080010fd   Thumb Code    18  stm32f10x_tim.o(.text)
    TIM_OC2PolarityConfig                    0x0800110f   Thumb Code    22  stm32f10x_tim.o(.text)
    TIM_OC2NPolarityConfig                   0x08001125   Thumb Code    22  stm32f10x_tim.o(.text)
    TIM_OC3PolarityConfig                    0x0800113b   Thumb Code    22  stm32f10x_tim.o(.text)
    TIM_OC3NPolarityConfig                   0x08001151   Thumb Code    22  stm32f10x_tim.o(.text)
    TIM_OC4PolarityConfig                    0x08001167   Thumb Code    22  stm32f10x_tim.o(.text)
    TIM_CCxCmd                               0x0800117d   Thumb Code    30  stm32f10x_tim.o(.text)
    TIM_CCxNCmd                              0x0800119b   Thumb Code    30  stm32f10x_tim.o(.text)
    TIM_SelectOCxM                           0x080011b9   Thumb Code   142  stm32f10x_tim.o(.text)
    TIM_UpdateDisableConfig                  0x08001247   Thumb Code    24  stm32f10x_tim.o(.text)
    TIM_UpdateRequestConfig                  0x0800125f   Thumb Code    24  stm32f10x_tim.o(.text)
    TIM_SelectHallSensor                     0x08001277   Thumb Code    24  stm32f10x_tim.o(.text)
    TIM_SelectOnePulseMode                   0x0800128f   Thumb Code    18  stm32f10x_tim.o(.text)
    TIM_SelectOutputTrigger                  0x080012a1   Thumb Code    18  stm32f10x_tim.o(.text)
    TIM_SelectSlaveMode                      0x080012b3   Thumb Code    18  stm32f10x_tim.o(.text)
    TIM_SelectMasterSlaveMode                0x080012c5   Thumb Code    18  stm32f10x_tim.o(.text)
    TIM_SetCounter                           0x080012d7   Thumb Code     4  stm32f10x_tim.o(.text)
    TIM_SetAutoreload                        0x080012db   Thumb Code     4  stm32f10x_tim.o(.text)
    TIM_SetCompare1                          0x080012df   Thumb Code     4  stm32f10x_tim.o(.text)
    TIM_SetCompare2                          0x080012e3   Thumb Code     4  stm32f10x_tim.o(.text)
    TIM_SetCompare3                          0x080012e7   Thumb Code     4  stm32f10x_tim.o(.text)
    TIM_SetCompare4                          0x080012eb   Thumb Code     6  stm32f10x_tim.o(.text)
    TIM_SetClockDivision                     0x080012f1   Thumb Code    14  stm32f10x_tim.o(.text)
    TIM_GetCapture1                          0x080012ff   Thumb Code     6  stm32f10x_tim.o(.text)
    TIM_GetCapture2                          0x08001305   Thumb Code     6  stm32f10x_tim.o(.text)
    TIM_GetCapture3                          0x0800130b   Thumb Code     6  stm32f10x_tim.o(.text)
    TIM_GetCapture4                          0x08001311   Thumb Code     8  stm32f10x_tim.o(.text)
    TIM_GetCounter                           0x08001319   Thumb Code     6  stm32f10x_tim.o(.text)
    TIM_GetPrescaler                         0x0800131f   Thumb Code     6  stm32f10x_tim.o(.text)
    TIM_GetFlagStatus                        0x08001325   Thumb Code    18  stm32f10x_tim.o(.text)
    TIM_ClearFlag                            0x08001337   Thumb Code     6  stm32f10x_tim.o(.text)
    TIM_GetITStatus                          0x0800133d   Thumb Code    34  stm32f10x_tim.o(.text)
    TIM_ClearITPendingBit                    0x0800135f   Thumb Code     6  stm32f10x_tim.o(.text)
    USART_DeInit                             0x08001365   Thumb Code   146  stm32f10x_usart.o(.text)
    USART_Init                               0x080013f7   Thumb Code   150  stm32f10x_usart.o(.text)
    USART_StructInit                         0x0800148d   Thumb Code    24  stm32f10x_usart.o(.text)
    USART_ClockInit                          0x080014a5   Thumb Code    34  stm32f10x_usart.o(.text)
    USART_ClockStructInit                    0x080014c7   Thumb Code    12  stm32f10x_usart.o(.text)
    USART_Cmd                                0x080014d3   Thumb Code    24  stm32f10x_usart.o(.text)
    USART_ITConfig                           0x080014eb   Thumb Code    64  stm32f10x_usart.o(.text)
    USART_DMACmd                             0x0800152b   Thumb Code    24  stm32f10x_usart.o(.text)
    USART_SetAddress                         0x08001543   Thumb Code    18  stm32f10x_usart.o(.text)
    USART_WakeUpConfig                       0x08001555   Thumb Code    18  stm32f10x_usart.o(.text)
    USART_ReceiverWakeUpCmd                  0x08001567   Thumb Code    24  stm32f10x_usart.o(.text)
    USART_LINBreakDetectLengthConfig         0x0800157f   Thumb Code    18  stm32f10x_usart.o(.text)
    USART_LINCmd                             0x08001591   Thumb Code    24  stm32f10x_usart.o(.text)
    USART_SendData                           0x080015a9   Thumb Code     8  stm32f10x_usart.o(.text)
    USART_ReceiveData                        0x080015b1   Thumb Code    10  stm32f10x_usart.o(.text)
    USART_SendBreak                          0x080015bb   Thumb Code    10  stm32f10x_usart.o(.text)
    USART_SetGuardTime                       0x080015c5   Thumb Code    16  stm32f10x_usart.o(.text)
    USART_SetPrescaler                       0x080015d5   Thumb Code    16  stm32f10x_usart.o(.text)
    USART_SmartCardCmd                       0x080015e5   Thumb Code    24  stm32f10x_usart.o(.text)
    USART_SmartCardNACKCmd                   0x080015fd   Thumb Code    24  stm32f10x_usart.o(.text)
    USART_HalfDuplexCmd                      0x08001615   Thumb Code    24  stm32f10x_usart.o(.text)
    USART_IrDAConfig                         0x0800162d   Thumb Code    18  stm32f10x_usart.o(.text)
    USART_IrDACmd                            0x0800163f   Thumb Code    24  stm32f10x_usart.o(.text)
    USART_GetFlagStatus                      0x08001657   Thumb Code    18  stm32f10x_usart.o(.text)
    USART_ClearFlag                          0x08001669   Thumb Code     6  stm32f10x_usart.o(.text)
    USART_GetITStatus                        0x0800166f   Thumb Code    76  stm32f10x_usart.o(.text)
    USART_ClearITPendingBit                  0x080016bb   Thumb Code    20  stm32f10x_usart.o(.text)
    SystemInit                               0x080017ab   Thumb Code    68  system_stm32f10x.o(.text)
    NVIC_PriorityGroupConfig                 0x08001801   Thumb Code    10  misc.o(.text)
    NVIC_Init                                0x0800180b   Thumb Code   118  misc.o(.text)
    NVIC_SetVectorTable                      0x08001881   Thumb Code    12  misc.o(.text)
    NVIC_SystemLPConfig                      0x0800188d   Thumb Code    38  misc.o(.text)
    SysTick_CLKSourceConfig                  0x080018b3   Thumb Code    40  misc.o(.text)
    GPIO_DeInit                              0x080018f9   Thumb Code   188  stm32f10x_gpio.o(.text)
    GPIO_AFIODeInit                          0x080019b5   Thumb Code    20  stm32f10x_gpio.o(.text)
    GPIO_Init                                0x080019c9   Thumb Code   274  stm32f10x_gpio.o(.text)
    GPIO_StructInit                          0x08001adb   Thumb Code    16  stm32f10x_gpio.o(.text)
    GPIO_ReadInputDataBit                    0x08001aeb   Thumb Code    18  stm32f10x_gpio.o(.text)
    GPIO_ReadInputData                       0x08001afd   Thumb Code     8  stm32f10x_gpio.o(.text)
    GPIO_ReadOutputDataBit                   0x08001b05   Thumb Code    18  stm32f10x_gpio.o(.text)
    GPIO_ReadOutputData                      0x08001b17   Thumb Code     8  stm32f10x_gpio.o(.text)
    GPIO_SetBits                             0x08001b1f   Thumb Code     4  stm32f10x_gpio.o(.text)
    GPIO_ResetBits                           0x08001b23   Thumb Code     4  stm32f10x_gpio.o(.text)
    GPIO_WriteBit                            0x08001b27   Thumb Code    10  stm32f10x_gpio.o(.text)
    GPIO_Write                               0x08001b31   Thumb Code     4  stm32f10x_gpio.o(.text)
    GPIO_PinLockConfig                       0x08001b35   Thumb Code    18  stm32f10x_gpio.o(.text)
    GPIO_EventOutputConfig                   0x08001b47   Thumb Code    26  stm32f10x_gpio.o(.text)
    GPIO_EventOutputCmd                      0x08001b61   Thumb Code     6  stm32f10x_gpio.o(.text)
    GPIO_PinRemapConfig                      0x08001b67   Thumb Code   106  stm32f10x_gpio.o(.text)
    GPIO_EXTILineConfig                      0x08001bd1   Thumb Code    66  stm32f10x_gpio.o(.text)
    uip_setipid                              0x08001c25   Thumb Code     6  uip.o(.text)
    uip_add32                                0x08001c2b   Thumb Code   106  uip.o(.text)
    htons                                    0x08001cdb   Thumb Code    12  uip.o(.text)
    uip_chksum                               0x08001ce7   Thumb Code    24  uip.o(.text)
    uip_ipchksum                             0x08001cff   Thumb Code    32  uip.o(.text)
    uip_tcpchksum                            0x08001d65   Thumb Code    10  uip.o(.text)
    uip_init                                 0x08001d6f   Thumb Code   132  uip.o(.text)
    uip_connect                              0x08001df3   Thumb Code   254  uip.o(.text)
    uip_udp_new                              0x08001ef1   Thumb Code   194  uip.o(.text)
    uip_unlisten                             0x08001fb3   Thumb Code    58  uip.o(.text)
    uip_listen                               0x08001fed   Thumb Code    90  uip.o(.text)
    uip_process                              0x08002311   Thumb Code  4180  uip.o(.text)
    uip_send                                 0x08003365   Thumb Code    56  uip.o(.text)
    uip_arp_init                             0x080033c1   Thumb Code    46  uip_arp.o(.text)
    uip_arp_timer                            0x080033ef   Thumb Code    76  uip_arp.o(.text)
    uip_arp_arpin                            0x0800354b   Thumb Code   216  uip_arp.o(.text)
    uip_arp_out                              0x08003623   Thumb Code   366  uip_arp.o(.text)
    timer_set                                0x080037cd   Thumb Code    16  uip_timer.o(.text)
    timer_reset                              0x080037dd   Thumb Code    10  uip_timer.o(.text)
    timer_restart                            0x080037e7   Thumb Code    12  uip_timer.o(.text)
    timer_expired                            0x080037f3   Thumb Code    26  uip_timer.o(.text)
    enc28j60ReadOp                           0x0800380d   Thumb Code    60  enc28j60.o(.text)
    enc28j60WriteOp                          0x08003849   Thumb Code    50  enc28j60.o(.text)
    enc28j60ReadBuffer                       0x0800387b   Thumb Code    48  enc28j60.o(.text)
    enc28j60WriteBuffer                      0x080038ab   Thumb Code    42  enc28j60.o(.text)
    enc28j60SetBank                          0x080038d5   Thumb Code    48  enc28j60.o(.text)
    enc28j60Read                             0x08003905   Thumb Code    20  enc28j60.o(.text)
    enc28j60Write                            0x08003919   Thumb Code    24  enc28j60.o(.text)
    enc28j60PhyWrite                         0x08003931   Thumb Code    48  enc28j60.o(.text)
    enc28j60clkout                           0x08003961   Thumb Code    16  enc28j60.o(.text)
    enc28j60Init                             0x08003971   Thumb Code   314  enc28j60.o(.text)
    enc28j60getrev                           0x08003aab   Thumb Code    10  enc28j60.o(.text)
    enc28j60PacketSend                       0x08003ab5   Thumb Code   430  enc28j60.o(.text)
    enc28j60PacketReceive                    0x08003c63   Thumb Code   190  enc28j60.o(.text)
    enc28j60_read_phyreg                     0x08003d21   Thumb Code    64  enc28j60.o(.text)
    enc28j60_mac_is_linked                   0x08003d61   Thumb Code    22  enc28j60.o(.text)
    SPI_Enc28j60_Init                        0x08003d7d   Thumb Code   148  spi_enc28j60.o(.text)
    SPI1_ReadWrite                           0x08003e11   Thumb Code    50  spi_enc28j60.o(.text)
    delay_init                               0x08003e51   Thumb Code    44  delay.o(.text)
    delay_ms                                 0x08003e7d   Thumb Code    54  delay.o(.text)
    delay_us                                 0x08003eb3   Thumb Code    54  delay.o(.text)
    EXTI_Configuration                       0x08003ef1   Thumb Code     2  exti.o(.text)
    Hex2HexStr                               0x08003ef5   Thumb Code    38  global.o(.text)
    Hex2Str                                  0x08003f1b   Thumb Code   190  global.o(.text)
    U16_2Str                                 0x08003fd9   Thumb Code   320  global.o(.text)
    ReplaceStr                               0x08004119   Thumb Code   110  global.o(.text)
    GPIO_Configuration                       0x08004199   Thumb Code   100  gpio.o(.text)
    LED_Green_ON                             0x080041fd   Thumb Code    14  gpio.o(.text)
    LED_Green_OFF                            0x0800420b   Thumb Code    14  gpio.o(.text)
    LED_Green_FLASH                          0x08004219   Thumb Code     2  gpio.o(.text)
    NVIC_Configuration                       0x08004225   Thumb Code    98  platform_init.o(.text)
    RCC_Configuration                        0x08004287   Thumb Code    18  platform_init.o(.text)
    Platform_Init                            0x08004299   Thumb Code    50  platform_init.o(.text)
    IWDG_Configuration                       0x080042cb   Thumb Code    34  platform_init.o(.text)
    SysTick_Handler                          0x080042f1   Thumb Code     2  stm32f10x_it.o(.text)
    USART1_IRQHandler                        0x080042f3   Thumb Code    98  stm32f10x_it.o(.text)
    USART2_IRQHandler                        0x08004355   Thumb Code   132  stm32f10x_it.o(.text)
    TIM2_IRQHandler                          0x080043d9   Thumb Code   242  stm32f10x_it.o(.text)
    HardFault_Handler                        0x080044cb   Thumb Code     8  stm32f10x_it.o(.text)
    BusFault_Handler                         0x080044d3   Thumb Code     8  stm32f10x_it.o(.text)
    UsageFault_Handler                       0x080044db   Thumb Code     8  stm32f10x_it.o(.text)
    Timer_Configuration                      0x08004569   Thumb Code    80  timer.o(.text)
    USART2_Configuration                     0x080045b9   Thumb Code   122  usart.o(.text)
    USART1_Configuration                     0x08004633   Thumb Code   128  usart.o(.text)
    USART_Configuration                      0x080046b3   Thumb Code    52  usart.o(.text)
    USART3_Configuration                     0x080046e7   Thumb Code   134  usart.o(.text)
    USART1_Put_Char                          0x0800476d   Thumb Code    56  usart.o(.text)
    USART1_Put_Data                          0x080047a5   Thumb Code    68  usart.o(.text)
    USART1_Put_String                        0x080047e9   Thumb Code    66  usart.o(.text)
    USART2_Put_Char                          0x0800482b   Thumb Code    56  usart.o(.text)
    USART2_Put_String                        0x08004863   Thumb Code    66  usart.o(.text)
    USART2_Put_Data                          0x080048a5   Thumb Code    68  usart.o(.text)
    USART3_Put_Char                          0x080048e9   Thumb Code    40  usart.o(.text)
    USART3_Put_Data                          0x08004911   Thumb Code    52  usart.o(.text)
    Rcv_Usart1_To_Array                      0x08004a31   Thumb Code    44  usart_app.o(.text)
    Rcv_Usart2_To_Array                      0x08004a5d   Thumb Code    44  usart_app.o(.text)
    Get_SerialNum                            0x08004aad   Thumb Code    38  main.o(.text)
    loop_feed_softdog                        0x08004ad3   Thumb Code     8  main.o(.text)
    LedPwrUp                                 0x08004adb   Thumb Code    28  main.o(.text)
    loop_process_uart2                       0x08004af7   Thumb Code    36  main.o(.text)
    loop_process_uart1                       0x08004b1b   Thumb Code    38  main.o(.text)
    sys_time_poll                            0x08004b41   Thumb Code   146  main.o(.text)
    uip_main                                 0x08004bd3   Thumb Code   220  main.o(.text)
    Init_Enc28j60_Chip                       0x08004caf   Thumb Code    10  main.o(.text)
    loop_process_tcpip                       0x08004cb9   Thumb Code    70  main.o(.text)
    Init_uip                                 0x08004cff   Thumb Code   894  main.o(.text)
    main                                     0x0800507d   Thumb Code   312  main.o(.text)
    app_aborted                              0x080051b5   Thumb Code  1090  main.o(.text)
    app_timedout                             0x080055f7   Thumb Code   102  main.o(.text)
    app_closed                               0x0800565d   Thumb Code    96  main.o(.text)
    app_connected                            0x080056bd   Thumb Code   176  main.o(.text)
    app_stop                                 0x0800576d   Thumb Code   102  main.o(.text)
    app_rexmit                               0x080057d3   Thumb Code    10  main.o(.text)
    Uip_Appcall                              0x080057dd   Thumb Code  1030  main.o(.text)
    Udp_Appcall                              0x08005be3   Thumb Code    36  main.o(.text)
    dhcpc_configured                         0x08005c07   Thumb Code  1134  main.o(.text)
    clock_time                               0x08006081   Thumb Code     6  clock-arch.o(.text)
    etherdev_init                            0x0800608d   Thumb Code    12  tapdev.o(.text)
    etherdev_read                            0x08006099   Thumb Code    14  tapdev.o(.text)
    etherdev_send                            0x080060a7   Thumb Code    14  tapdev.o(.text)
    dhcpc_init                               0x08006453   Thumb Code    70  dhcpc.o(.text)
    dhcpc_appcall                            0x08006499   Thumb Code     8  dhcpc.o(.text)
    dhcpc_request                            0x080064a1   Thumb Code    72  dhcpc.o(.text)
    web_copy                                 0x080064e9   Thumb Code    40  webhnd.o(.text)
    web_init                                 0x08006511   Thumb Code     2  webhnd.o(.text)
    web_send_complete                        0x08006513   Thumb Code    28  webhnd.o(.text)
    web_build_dyn                            0x0800652f   Thumb Code   266  webhnd.o(.text)
    web_select_page                          0x08006639   Thumb Code   172  webhnd.o(.text)
    web_timer_1                              0x080066e5   Thumb Code    34  webhnd.o(.text)
    web_password_func                        0x08006759   Thumb Code   158  webpost.o(.text)
    web_upload_init                          0x080067f7   Thumb Code    64  webpost.o(.text)
    web_upload_continue                      0x08006837   Thumb Code    36  webpost.o(.text)
    web_upload_func_done                     0x0800685b   Thumb Code    32  webpost.o(.text)
    web_logout_func                          0x0800687b   Thumb Code    28  webpost.o(.text)
    web_led_func                             0x080068b1   Thumb Code    70  webpost.o(.text)
    web_select_func                          0x080068f7   Thumb Code    70  webpost.o(.text)
    web_text_func                            0x0800693d   Thumb Code    70  webpost.o(.text)
    web_check_func                           0x08006983   Thumb Code    44  webpost.o(.text)
    web_radio_func                           0x080069af   Thumb Code    64  webpost.o(.text)
    web_get_var                              0x08006bd1   Thumb Code    96  webvar.o(.text)
    fs_open                                  0x08006d0d   Thumb Code    82  fs.o(.text)
    fs_post_func                             0x08006d5f   Thumb Code    44  fs.o(.text)
    fs_init                                  0x08006d8b   Thumb Code     2  fs.o(.text)
    password_ok                              0x08006d95   Thumb Code     6  miscfun.o(.text)
    conv_to_upper_case                       0x08006d9b   Thumb Code    22  miscfun.o(.text)
    ascii_to_hex_nib                         0x08006db1   Thumb Code    48  miscfun.o(.text)
    hex_to_ascii_nib                         0x08006de1   Thumb Code    22  miscfun.o(.text)
    str_conv_to_upper_case                   0x08006df7   Thumb Code    30  miscfun.o(.text)
    reserve_updown_load                      0x08006e15   Thumb Code    20  miscfun.o(.text)
    release_updown_load                      0x08006e29   Thumb Code     8  miscfun.o(.text)
    httpd_init                               0x08006e35   Thumb Code    16  httpd.o(.text)
    httpd_appcall                            0x08007413   Thumb Code   736  httpd.o(.text)
    http_search_body                         0x080076f3   Thumb Code   214  httpd.o(.text)
    ___aeabi_memcpy4$move                    0x080077d5   Thumb Code     0  memmovea.o(.text)
    ___aeabi_memcpy8$move                    0x080077d5   Thumb Code     0  memmovea.o(.text)
    __aeabi_memcpy                           0x080077d5   Thumb Code    64  memmovea.o(.text)
    __aeabi_memmove                          0x080077d5   Thumb Code     0  memmovea.o(.text)
    __aeabi_memmove4                         0x080077d5   Thumb Code     0  memmovea.o(.text)
    __aeabi_memmove8                         0x080077d5   Thumb Code     0  memmovea.o(.text)
    __aeabi_memset                           0x08007815   Thumb Code    14  memseta.o(.text)
    __aeabi_memset4                          0x08007815   Thumb Code     0  memseta.o(.text)
    __aeabi_memset8                          0x08007815   Thumb Code     0  memseta.o(.text)
    __aeabi_memclr                           0x08007823   Thumb Code     4  memseta.o(.text)
    __aeabi_memclr4                          0x08007823   Thumb Code     0  memseta.o(.text)
    __aeabi_memclr8                          0x08007823   Thumb Code     0  memseta.o(.text)
    _memset$wrapper                          0x08007827   Thumb Code    20  memseta.o(.text)
    strcat                                   0x0800783b   Thumb Code    28  strcat.o(.text)
    strstr                                   0x08007857   Thumb Code    44  strstr.o(.text)
    strncpy                                  0x08007883   Thumb Code    24  strncpy.o(.text)
    strlen                                   0x0800789b   Thumb Code    16  strlen.o(.text)
    strcmp                                   0x080078ab   Thumb Code    28  strcmp.o(.text)
    memcmp                                   0x080078c7   Thumb Code    26  memcmp.o(.text)
    strcpy                                   0x080078e1   Thumb Code    18  strcpy.o(.text)
    strncmp                                  0x080078f3   Thumb Code    30  strncmp.o(.text)
    __aeabi_uldivmod                         0x08007911   Thumb Code   102  uldiv.o(.text)
    __scatterload                            0x08007979   Thumb Code    28  init.o(.text)
    __scatterload_rt2                        0x08007979   Thumb Code     0  init.o(.text)
    __aeabi_llsl                             0x0800799d   Thumb Code    30  llshl.o(.text)
    _ll_shift_l                              0x0800799d   Thumb Code     0  llshl.o(.text)
    __aeabi_llsr                             0x080079bb   Thumb Code    32  llushr.o(.text)
    _ll_ushift_r                             0x080079bb   Thumb Code     0  llushr.o(.text)
    __decompress                             0x080079db   Thumb Code     0  __dczerorl.o(.text)
    __decompress0                            0x080079db   Thumb Code    58  __dczerorl.o(.text)
    __0sprintf$8                             0x08007a15   Thumb Code    34  printf8.o(i.__0sprintf$8)
    __1sprintf$8                             0x08007a15   Thumb Code     0  printf8.o(i.__0sprintf$8)
    __2sprintf                               0x08007a15   Thumb Code     0  printf8.o(i.__0sprintf$8)
    __scatterload_copy                       0x08007a3d   Thumb Code    14  handlers.o(i.__scatterload_copy)
    __scatterload_null                       0x08007a4b   Thumb Code     2  handlers.o(i.__scatterload_null)
    __scatterload_zeroinit                   0x08007a4d   Thumb Code    14  handlers.o(i.__scatterload_zeroinit)
    file_dir                                 0x08008034   Data         192  fs.o(.constdata)
    func_dir                                 0x080080f4   Data          64  fs.o(.constdata)
    index_htm                                0x080081b2   Data         822  index.o(.constdata)
    password_htm                             0x080084e8   Data         842  password.o(.constdata)
    http_status_400                          0x08008832   Data          41  httpstat.o(.constdata)
    http_status_404                          0x0800885b   Data          36  httpstat.o(.constdata)
    http_status_501                          0x0800887f   Data          48  httpstat.o(.constdata)
    http_status_503                          0x080088af   Data          56  httpstat.o(.constdata)
    duplicate_htm                            0x080088e7   Data         745  duplicate.o(.constdata)
    left_htm                                 0x08008bd0   Data        1378  left.o(.constdata)
    passwordConfirmation_htm                 0x08009132   Data         433  passwordconfirmation.o(.constdata)
    sys_htm                                  0x080092e3   Data        1172  sys.o(.constdata)
    top_htm                                  0x08009777   Data         453  top.o(.constdata)
    upload_htm                               0x0800993c   Data         710  upload.o(.constdata)
    uploaddone_htm                           0x08009c02   Data         471  uploaddone.o(.constdata)
    bg_gif                                   0x08009dd9   Data       11739  bg.o(.constdata)
    postdemo_htm                             0x0800cbb4   Data        2137  postdemo.o(.constdata)
    get_htm                                  0x0800d40d   Data         995  get.o(.constdata)
    Region$$Table$$Base                      0x0800d8a4   Number         0  anon$$obj.o(Region$$Table)
    Region$$Table$$Limit                     0x0800d8c4   Number         0  anon$$obj.o(Region$$Table)
    uip_ethaddr                              0x20000014   Data           6  uip.o(.data)
    uip_hostaddr                             0x2000001a   Data           4  uip.o(.data)
    uip_draddr                               0x2000001e   Data           4  uip.o(.data)
    uip_netmask                              0x20000022   Data           4  uip.o(.data)
    uip_appdata                              0x20000028   Data           4  uip.o(.data)
    uip_sappdata                             0x2000002c   Data           4  uip.o(.data)
    uip_len                                  0x20000030   Data           2  uip.o(.data)
    uip_slen                                 0x20000032   Data           2  uip.o(.data)
    uip_flags                                0x20000034   Data           1  uip.o(.data)
    uip_conn                                 0x20000038   Data           4  uip.o(.data)
    uip_udp_conn                             0x2000003c   Data           4  uip.o(.data)
    uip_acc32                                0x20000048   Data           4  uip.o(.data)
    Sys_Dog_start                            0x2000006c   Data           4  global.o(.data)
    Sys_Dog_Count                            0x20000070   Data           4  global.o(.data)
    HexTable                                 0x20000074   Data          17  global.o(.data)
    rcv_usart1_str_flag                      0x20000085   Data           1  global.o(.data)
    rcv_usart1_end_flag                      0x20000086   Data           1  global.o(.data)
    rcv_usart1_over_count                    0x20000087   Data           1  global.o(.data)
    rcv_usart1_data_flg                      0x20000088   Data           1  global.o(.data)
    rcv_usart1_data_len                      0x2000008a   Data           2  global.o(.data)
    rcv_usart2_str_flag                      0x2000008c   Data           1  global.o(.data)
    rcv_usart2_end_flag                      0x2000008d   Data           1  global.o(.data)
    rcv_usart2_over_count                    0x2000008e   Data           1  global.o(.data)
    rcv_usart2_data_flg                      0x2000008f   Data           1  global.o(.data)
    rcv_usart2_data_len                      0x20000090   Data           2  global.o(.data)
    led_red_sel                              0x20000092   Data           1  global.o(.data)
    led_blue_sel                             0x20000093   Data           1  global.o(.data)
    sssStr                                   0x20000094   Data           5  global.o(.data)
    inTx1Buf                                 0x2000009c   Data           4  global.o(.data)
    outTx1Buf                                0x200000a0   Data           4  global.o(.data)
    inRx1Buf                                 0x200000a4   Data           4  global.o(.data)
    outRx1Buf                                0x200000a8   Data           4  global.o(.data)
    inTx2Buf                                 0x200000ac   Data           4  global.o(.data)
    outTx2Buf                                0x200000b0   Data           4  global.o(.data)
    inRx2Buf                                 0x200000b4   Data           4  global.o(.data)
    outRx2Buf                                0x200000b8   Data           4  global.o(.data)
    g_RunTime                                0x200000bc   Data           4  stm32f10x_it.o(.data)
    time_1000ms                              0x200000c0   Data           4  stm32f10x_it.o(.data)
    GPIO_InitStructure                       0x200000ca   Data           4  usart.o(.data)
    USART_ClockInitStructure                 0x200000ce   Data           8  usart.o(.data)
    Vxy                                      0x200000d8   Data          10  main.o(.data)
    fw_version                               0x200000e2   Data          44  main.o(.data)
    lasted_compiled_system_date              0x2000010e   Data          12  main.o(.data)
    lasted_compiled_system_time              0x2000011a   Data           9  main.o(.data)
    mymac                                    0x20000123   Data           6  main.o(.data)
    myip                                     0x20000129   Data           4  main.o(.data)
    mysm                                     0x2000012d   Data           4  main.o(.data)
    mygw                                     0x20000131   Data           4  main.o(.data)
    myserverport                             0x20000138   Data           4  main.o(.data)
    uip_poll_ack_static                      0x2000013c   Data           1  main.o(.data)
    periodic_timer                           0x2000014c   Data           8  main.o(.data)
    arp_timer                                0x20000154   Data           8  main.o(.data)
    web_logged_in                            0x20000164   Data           1  webhnd.o(.data)
    web_failed_login                         0x20000165   Data           1  webhnd.o(.data)
    web_login_to                             0x20000166   Data           2  webhnd.o(.data)
    adminIp                                  0x20000168   Data           4  webhnd.o(.data)
    upload_file_length                       0x20000170   Data           4  webpost.o(.data)
    hs                                       0x20000178   Data           4  httpd.o(.data)
    uip_buf                                  0x2000017c   Data        1502  uip.o(.bss)
    uip_conns                                0x2000075a   Data        1600  uip.o(.bss)
    uip_listenports                          0x20000d9a   Data          20  uip.o(.bss)
    uip_udp_conns                            0x20000db0   Data         160  uip.o(.bss)
    uip_stat                                 0x20000e50   Data          52  uip.o(.bss)
    caNewString                              0x200014ca   Data        1024  global.o(.bss)
    HEXStr                                   0x200018ca   Data          32  global.o(.bss)
    rcv_usart1_array                         0x200018ea   Data        1024  global.o(.bss)
    rcv_usart2_array                         0x20001cea   Data         255  global.o(.bss)
    Tx1Buf                                   0x20001de9   Data        1024  global.o(.bss)
    Rx1Buf                                   0x200021e9   Data        1024  global.o(.bss)
    Tx2Buf                                   0x200025e9   Data         255  global.o(.bss)
    Rx2Buf                                   0x200026e8   Data         255  global.o(.bss)
    USART_InitStructure                      0x200027e8   Data          16  usart.o(.bss)
    socket_keepalive                         0x200027f8   Data         120  main.o(.bss)
    boundary_buf                             0x2000295f   Data          80  httpd.o(.bss)
    body_buf                                 0x200029af   Data        1004  httpd.o(.bss)
    __initial_sp                             0x20002fa0   Data           0  startup_stm32f10x_md.o(STACK)



==============================================================================

Memory Map of the image

  Image Entry point : 0x080000ed

  Load Region LR_IROM1 (Base: 0x08000000, Size: 0x0000da40, Max: 0x00040000, ABSOLUTE, COMPRESSED[0x0000d950])

    Execution Region ER_IROM1 (Base: 0x08000000, Size: 0x0000d8c4, Max: 0x00040000, ABSOLUTE)

    Base Addr    Size         Type   Attr      Idx    E Section Name        Object

    0x08000000   0x000000ec   Data   RO            3    RESET               startup_stm32f10x_md.o
    0x080000ec   0x00000000   Code   RO         1323  * .ARM.Collect$$$$00000000  mc_w.l(entry.o)(mc_w.l)
    0x080000ec   0x00000004   Code   RO         1613    .ARM.Collect$$$$00000001  mc_w.l(entry2.o)(mc_w.l)
    0x080000f0   0x00000004   Code   RO         1616    .ARM.Collect$$$$00000004  mc_w.l(entry5.o)(mc_w.l)
    0x080000f4   0x00000008   Code   RO         1617    .ARM.Collect$$$$00000007  mc_w.l(entry7.o)(mc_w.l)
    0x080000fc   0x00000004   Code   RO         1614    .ARM.Collect$$$$00002712  mc_w.l(entry2.o)(mc_w.l)
    0x08000100   0x0000001c   Code   RO            4    .text               startup_stm32f10x_md.o
    0x0800011c   0x00000040   Code   RO           72    .text               stm32f10x_iwdg.o
    0x0800015c   0x000003a0   Code   RO           99    .text               stm32f10x_rcc.o
    0x080004fc   0x00000304   Code   RO          143    .text               stm32f10x_spi.o
    0x08000800   0x00000b64   Code   RO          155    .text               stm32f10x_tim.o
    0x08001364   0x00000378   Code   RO          167    .text               stm32f10x_usart.o
    0x080016dc   0x00000124   Code   RO          194    .text               system_stm32f10x.o
    0x08001800   0x000000f8   Code   RO          222    .text               misc.o
    0x080018f8   0x0000032c   Code   RO          375    .text               stm32f10x_gpio.o
    0x08001c24   0x0000179c   Code   RO          387    .text               uip.o
    0x080033c0   0x0000040c   Code   RO          449    .text               uip_arp.o
    0x080037cc   0x00000040   Code   RO          476    .text               uip_timer.o
    0x0800380c   0x00000570   Code   RO          488    .text               enc28j60.o
    0x08003d7c   0x000000d4   Code   RO          544    .text               spi_enc28j60.o
    0x08003e50   0x000000a0   Code   RO          556    .text               delay.o
    0x08003ef0   0x00000002   Code   RO          647    .text               exti.o
    0x08003ef2   0x00000002   PAD
    0x08003ef4   0x000002a4   Code   RO          659    .text               global.o
    0x08004198   0x0000008c   Code   RO          679    .text               gpio.o
    0x08004224   0x000000cc   Code   RO          691    .text               platform_init.o
    0x080042f0   0x00000278   Code   RO          703    .text               stm32f10x_it.o
    0x08004568   0x00000050   Code   RO          722    .text               timer.o
    0x080045b8   0x000003e0   Code   RO          734    .text               usart.o
    0x08004998   0x00000114   Code   RO          750    .text               usart_app.o
    0x08004aac   0x000015d4   Code   RO          762    .text               main.o
    0x08006080   0x0000000c   Code   RO          907    .text               clock-arch.o
    0x0800608c   0x00000030   Code   RO          920    .text               tapdev.o
    0x080060bc   0x0000042c   Code   RO          935    .text               dhcpc.o
    0x080064e8   0x00000260   Code   RO          957    .text               webhnd.o
    0x08006748   0x000003d4   Code   RO          981    .text               webpost.o
    0x08006b1c   0x000001a8   Code   RO         1008    .text               webvar.o
    0x08006cc4   0x000000d0   Code   RO         1021    .text               fs.o
    0x08006d94   0x000000a0   Code   RO         1133    .text               miscfun.o
    0x08006e34   0x000009a0   Code   RO         1147    .text               httpd.o
    0x080077d4   0x00000040   Code   RO         1328    .text               mc_w.l(memmovea.o)(mc_w.l)
    0x08007814   0x00000026   Code   RO         1330    .text               mc_w.l(memseta.o)(mc_w.l)
    0x0800783a   0x0000001c   Code   RO         1332    .text               mc_w.l(strcat.o)(mc_w.l)
    0x08007856   0x0000002c   Code   RO         1334    .text               mc_w.l(strstr.o)(mc_w.l)
    0x08007882   0x00000018   Code   RO         1336    .text               mc_w.l(strncpy.o)(mc_w.l)
    0x0800789a   0x00000010   Code   RO         1338    .text               mc_w.l(strlen.o)(mc_w.l)
    0x080078aa   0x0000001c   Code   RO         1340    .text               mc_w.l(strcmp.o)(mc_w.l)
    0x080078c6   0x0000001a   Code   RO         1342    .text               mc_w.l(memcmp.o)(mc_w.l)
    0x080078e0   0x00000012   Code   RO         1344    .text               mc_w.l(strcpy.o)(mc_w.l)
    0x080078f2   0x0000001e   Code   RO         1346    .text               mc_w.l(strncmp.o)(mc_w.l)
    0x08007910   0x00000066   Code   RO         1623    .text               mc_w.l(uldiv.o)(mc_w.l)
    0x08007976   0x00000002   PAD
    0x08007978   0x00000024   Code   RO         1636    .text               mc_w.l(init.o)(mc_w.l)
    0x0800799c   0x0000001e   Code   RO         1638    .text               mc_w.l(llshl.o)(mc_w.l)
    0x080079ba   0x00000020   Code   RO         1640    .text               mc_w.l(llushr.o)(mc_w.l)
    0x080079da   0x0000003a   Code   RO         1655    .text               mc_w.l(__dczerorl.o)(mc_w.l)
    0x08007a14   0x00000028   Code   RO         1561    i.__0sprintf$8      mc_w.l(printf8.o)(mc_w.l)
    0x08007a3c   0x0000000e   Code   RO         1649    i.__scatterload_copy  mc_w.l(handlers.o)(mc_w.l)
    0x08007a4a   0x00000002   Code   RO         1650    i.__scatterload_null  mc_w.l(handlers.o)(mc_w.l)
    0x08007a4c   0x0000000e   Code   RO         1651    i.__scatterload_zeroinit  mc_w.l(handlers.o)(mc_w.l)
    0x08007a5a   0x00000002   PAD
    0x08007a5c   0x00000428   Code   RO         1566    i._printf_core      mc_w.l(printf8.o)(mc_w.l)
    0x08007e84   0x00000026   Code   RO         1567    i._printf_post_padding  mc_w.l(printf8.o)(mc_w.l)
    0x08007eaa   0x0000002e   Code   RO         1568    i._printf_pre_padding  mc_w.l(printf8.o)(mc_w.l)
    0x08007ed8   0x0000000a   Code   RO         1570    i._sputc            mc_w.l(printf8.o)(mc_w.l)
    0x08007ee2   0x00000010   Data   RO          389    .constdata          uip.o
    0x08007ef2   0x0000000a   Data   RO          451    .constdata          uip_arp.o
    0x08007efc   0x00000130   Data   RO          764    .constdata          main.o
    0x0800802c   0x00000008   Data   RO          937    .constdata          dhcpc.o
    0x08008034   0x00000100   Data   RO         1022    .constdata          fs.o
    0x08008134   0x0000007e   Data   RO         1149    .constdata          httpd.o
    0x080081b2   0x00000336   Data   RO         1170    .constdata          index.o
    0x080084e8   0x0000034a   Data   RO         1182    .constdata          password.o
    0x08008832   0x000000b5   Data   RO         1194    .constdata          httpstat.o
    0x080088e7   0x000002e9   Data   RO         1203    .constdata          duplicate.o
    0x08008bd0   0x00000562   Data   RO         1215    .constdata          left.o
    0x08009132   0x000001b1   Data   RO         1227    .constdata          passwordconfirmation.o
    0x080092e3   0x00000494   Data   RO         1239    .constdata          sys.o
    0x08009777   0x000001c5   Data   RO         1251    .constdata          top.o
    0x0800993c   0x000002c6   Data   RO         1263    .constdata          upload.o
    0x08009c02   0x000001d7   Data   RO         1275    .constdata          uploaddone.o
    0x08009dd9   0x00002ddb   Data   RO         1287    .constdata          bg.o
    0x0800cbb4   0x00000859   Data   RO         1299    .constdata          postdemo.o
    0x0800d40d   0x000003e3   Data   RO         1311    .constdata          get.o
    0x0800d7f0   0x000000b2   Data   RO         1023    .conststring        fs.o
    0x0800d8a2   0x00000002   PAD
    0x0800d8a4   0x00000020   Data   RO         1647    Region$$Table       anon$$obj.o


    Execution Region RW_IRAM1 (Base: 0x20000000, Size: 0x00002fa0, Max: 0x0000c000, ABSOLUTE, COMPRESSED[0x0000008c])

    Base Addr    Size         Type   Attr      Idx    E Section Name        Object

    0x20000000   0x00000014   Data   RW          100    .data               stm32f10x_rcc.o
    0x20000014   0x00000042   Data   RW          390    .data               uip.o
    0x20000056   0x00000008   Data   RW          452    .data               uip_arp.o
    0x2000005e   0x00000002   PAD
    0x20000060   0x00000008   Data   RW          489    .data               enc28j60.o
    0x20000068   0x00000004   Data   RW          557    .data               delay.o
    0x2000006c   0x00000050   Data   RW          661    .data               global.o
    0x200000bc   0x0000000e   Data   RW          704    .data               stm32f10x_it.o
    0x200000ca   0x0000000c   Data   RW          736    .data               usart.o
    0x200000d6   0x00000002   PAD
    0x200000d8   0x00000084   Data   RW          765    .data               main.o
    0x2000015c   0x00000010   Data   RW          958    .data               webhnd.o
    0x2000016c   0x00000008   Data   RW          983    .data               webpost.o
    0x20000174   0x00000001   Data   RW         1134    .data               miscfun.o
    0x20000175   0x00000003   PAD
    0x20000178   0x00000004   Data   RW         1150    .data               httpd.o
    0x2000017c   0x000012ed   Zero   RW          388    .bss                uip.o
    0x20001469   0x00000001   PAD
    0x2000146a   0x00000060   Zero   RW          450    .bss                uip_arp.o
    0x200014ca   0x0000131d   Zero   RW          660    .bss                global.o
    0x200027e7   0x00000001   PAD
    0x200027e8   0x00000010   Zero   RW          735    .bss                usart.o
    0x200027f8   0x00000078   Zero   RW          763    .bss                main.o
    0x20002870   0x00000034   Zero   RW          936    .bss                dhcpc.o
    0x200028a4   0x000000bb   Zero   RW          982    .bss                webpost.o
    0x2000295f   0x0000043c   Zero   RW         1148    .bss                httpd.o
    0x20002d9b   0x00000005   PAD
    0x20002da0   0x00000200   Zero   RW            1    STACK               startup_stm32f10x_md.o


==============================================================================

Image component sizes


      Code (inc. data)   RO Data    RW Data    ZI Data      Debug   Object Name

         0          0      11739          0          0          0   bg.o
        12          6          0          0          0          0   clock-arch.o
       160          8          0          4          0          0   delay.o
      1068         30          8          0         52          0   dhcpc.o
         0          0        745          0          0          0   duplicate.o
      1392         18          0          8          0          0   enc28j60.o
         2          0          0          0          0          0   exti.o
       208          8        434          0          0          0   fs.o
         0          0        995          0          0          0   get.o
       676         18          0         80       4893          0   global.o
       140         10          0          0          0          0   gpio.o
      2464         94        126          4       1084          0   httpd.o
         0          0        181          0          0          0   httpstat.o
         0          0        822          0          0          0   index.o
         0          0       1378          0          0          0   left.o
      5588       1922        304        132        120          0   main.o
       248         30          0          0          0          0   misc.o
       160          4          0          1          0          0   miscfun.o
         0          0        842          0          0          0   password.o
         0          0        433          0          0          0   passwordconfirmation.o
       204          4          0          0          0          0   platform_init.o
         0          0       2137          0          0          0   postdemo.o
       212         14          0          0          0          0   spi_enc28j60.o
        28          4        236          0        512          0   startup_stm32f10x_md.o
       812         18          0          0          0          0   stm32f10x_gpio.o
         0          0          0          0          0          0   stm32f10x_i2c.o
       632        134          0         14          0          0   stm32f10x_it.o
        64          6          0          0          0          0   stm32f10x_iwdg.o
       928         52          0         20          0          0   stm32f10x_rcc.o
       772          4          0          0          0          0   stm32f10x_spi.o
      2916         16          0          0          0          0   stm32f10x_tim.o
       888         14          0          0          0          0   stm32f10x_usart.o
         0          0       1172          0          0          0   sys.o
       292         18          0          0          0          0   system_stm32f10x.o
        48          8          0          0          0          0   tapdev.o
        80          0          0          0          0          0   timer.o
         0          0        453          0          0          0   top.o
      6044        310         16         66       4845          0   uip.o
      1036         60         10          8         96          0   uip_arp.o
        64          0          0          0          0          0   uip_timer.o
         0          0        710          0          0          0   upload.o
         0          0        471          0          0          0   uploaddone.o
       992         84          0         12         16          0   usart.o
       276         36          0          0          0          0   usart_app.o
       608         66          0         16          0          0   webhnd.o
       980        224          0          8        187          0   webpost.o
       424        102          0          0          0          0   webvar.o

    ----------------------------------------------------------------------
     30420       3322      23246        380      11812          0   Object Totals
         0          0         32          0          0          0   (incl. Generated)
         2          0          2          7          7          1   (incl. Padding)

    ----------------------------------------------------------------------

      Code (inc. data)   RO Data    RW Data    ZI Data      Debug   Library Member Name

        58          0          0          0          0          0   __dczerorl.o
         0          0          0          0          0          0   entry.o
         8          4          0          0          0          0   entry2.o
         4          0          0          0          0          0   entry5.o
         8          4          0          0          0          0   entry7.o
        30          0          0          0          0          0   handlers.o
        36          8          0          0          0          0   init.o
        30          0          0          0          0          0   llshl.o
        32          0          0          0          0          0   llushr.o
        26          0          0          0          0          0   memcmp.o
        64          0          0          0          0          0   memmovea.o
        38          0          0          0          0          0   memseta.o
      1198         50          0          0          0          0   printf8.o
        28          0          0          0          0          0   strcat.o
        28          0          0          0          0          0   strcmp.o
        18          0          0          0          0          0   strcpy.o
        16          0          0          0          0          0   strlen.o
        30          0          0          0          0          0   strncmp.o
        24          0          0          0          0          0   strncpy.o
        44          0          0          0          0          0   strstr.o
       102          0          0          0          0          0   uldiv.o

    ----------------------------------------------------------------------
      1826         66          0          0          0          0   Library Totals
         4          0          0          0          0          0   (incl. Padding)

    ----------------------------------------------------------------------

      Code (inc. data)   RO Data    RW Data    ZI Data      Debug   Library Name

      1822         66          0          0          0       1496   mc_w.l

    ----------------------------------------------------------------------
      1826         66          0          0          0          0   Library Totals

    ----------------------------------------------------------------------

==============================================================================


      Code (inc. data)   RO Data    RW Data    ZI Data      Debug   

     32246       3388      23246        380      11812    1066200   Grand Totals
     32246       3388      23246        140      11812    1066200   ELF Image Totals (compressed)
     32246       3388      23246        140          0          0   ROM Totals

==============================================================================

    Total RO  Size (Code + RO Data)                55492 (  54.19kB)
    Total RW  Size (RW Data + ZI Data)             12192 (  11.91kB)
    Total ROM Size (Code + RO Data + RW Data)      55632 (  54.33kB)

==============================================================================

