<html>
<body>
<pre>
<h1>礦ision Build Log</h1>
<h2>Project:</h2>
G:\青风stm32f030开发板\030工程代码\实验一：点亮led灯\user\LED.uvprojx
Project File Date:  11/13/2013

<h2>Output:</h2>
Rebuild target 'Target 1'
compiling main.c...
compiling led.c...
compiling stm32f0xx_gpio.c...
compiling stm32f0xx_rcc.c...
assembling startup_stm32f030x8.s...
compiling system_stm32f0xx.c...
linking...
Program Size: Code=3356 RO-data=224 RW-data=36 ZI-data=1636  
".\LED.axf" - 0 Error(s), 0 Warning(s).

<h2>Software Packages used:</h2>

Package Vendor: ARM
                http://www.keil.com/pack/ARM.CMSIS.3.20.3.pack
                ARM::CMSIS:CORE:3.20.0
                Cortex Microcontroller Software Interface Standard (CMSIS) CORE, DSP, RTOS, Driver
   * Component: CORE Version: 3.20.0

Package Vendor: Keil
                http://www.keil.com/pack/Keil.STM32F0xx_DFP.1.0.0.pack
                Keil::Device:Startup:1.0.0
                STMicroelectronics STM32F0 Series Device Support
   * Component: Startup Version: 1.0.0

<h2>Collection of Component include folders:</h2>
  G:\青风stm32f030开发板\030工程代码\实验一：点亮led灯\user\RTE
  e:\Keil\ARM\PACK\ARM\CMSIS\3.20.3\CMSIS\Include\
  e:\Keil\ARM\PACK\Keil\STM32F0xx_DFP\1.0.0\Device\Include

<h2>Collection of Component Files used:</h2>

   * Component: ARM::CMSIS:CORE:3.20.0

   * Component: Keil::Device:Startup:1.0.0
      Source file:   Device\Source\ARM\startup_stm32f030x8.s
      Source file:   Device\Source\system_stm32f0xx.c
Load "G:\\青风stm32f030开发板\\030工程代码\\实验一：点亮led灯\\user\\LED.axf" 
Error: Flash Download failed  -  Target DLL has been cancelled
Load "G:\\青风stm32f030开发板\\030工程代码\\实验一：点亮led灯\\user\\LED.axf" 
Erase Done.
Programming Done.
Verify OK.
</pre>
</body>
</html>
